------------------------------------------------------------
Timing Analyzer Summary
------------------------------------------------------------

Type  : Slow 1200mV 85C Model Setup 'plldvi_inst|altpll_component|auto_generated|pll1|clk[0]'
Slack : -4.690
TNS   : -61.349

Type  : Slow 1200mV 85C Model Setup 'pllmain_inst|altpll_component|auto_generated|pll1|clk[3]'
Slack : -4.619
TNS   : -954.049

Type  : Slow 1200mV 85C Model Setup 'pllmain_inst|altpll_component|auto_generated|pll1|clk[2]'
Slack : -1.162
TNS   : -7.675

Type  : Slow 1200mV 85C Model Setup 'pllpcm48k_inst|altpll_component|auto_generated|pll1|clk[1]'
Slack : -0.803
TNS   : -31.509

Type  : Slow 1200mV 85C Model Setup 'plldvi_inst|altpll_component|auto_generated|pll1|clk[1]'
Slack : 4.571
TNS   : 0.000

Type  : Slow 1200mV 85C Model Setup 'pllmain_inst|altpll_component|auto_generated|pll1|clk[0]'
Slack : 9.147
TNS   : 0.000

Type  : Slow 1200mV 85C Model Setup 'altera_reserved_tck'
Slack : 45.755
TNS   : 0.000

Type  : Slow 1200mV 85C Model Setup 'pGPIO1_IN[0]'
Slack : 77.277
TNS   : 0.000

Type  : Slow 1200mV 85C Model Setup 'pllmain_inst|altpll_component|auto_generated|pll1|clk[4]'
Slack : 123.099
TNS   : 0.000

Type  : Slow 1200mV 85C Model Setup 'pllpcm48k_inst|altpll_component|auto_generated|pll1|clk[0]'
Slack : 158.311
TNS   : 0.000

Type  : Slow 1200mV 85C Model Setup 'pllpcm44k1_inst|altpll_component|auto_generated|pll1|clk[0]'
Slack : 172.423
TNS   : 0.000

Type  : Slow 1200mV 85C Model Hold 'pllmain_inst|altpll_component|auto_generated|pll1|clk[3]'
Slack : -0.226
TNS   : -0.226

Type  : Slow 1200mV 85C Model Hold 'pllmain_inst|altpll_component|auto_generated|pll1|clk[2]'
Slack : 0.230
TNS   : 0.000

Type  : Slow 1200mV 85C Model Hold 'altera_reserved_tck'
Slack : 0.356
TNS   : 0.000

Type  : Slow 1200mV 85C Model Hold 'pllpcm48k_inst|altpll_component|auto_generated|pll1|clk[1]'
Slack : 0.357
TNS   : 0.000

Type  : Slow 1200mV 85C Model Hold 'plldvi_inst|altpll_component|auto_generated|pll1|clk[0]'
Slack : 0.358
TNS   : 0.000

Type  : Slow 1200mV 85C Model Hold 'pllmain_inst|altpll_component|auto_generated|pll1|clk[0]'
Slack : 0.358
TNS   : 0.000

Type  : Slow 1200mV 85C Model Hold 'pllpcm44k1_inst|altpll_component|auto_generated|pll1|clk[0]'
Slack : 0.358
TNS   : 0.000

Type  : Slow 1200mV 85C Model Hold 'pllmain_inst|altpll_component|auto_generated|pll1|clk[4]'
Slack : 0.359
TNS   : 0.000

Type  : Slow 1200mV 85C Model Hold 'pllpcm48k_inst|altpll_component|auto_generated|pll1|clk[0]'
Slack : 0.359
TNS   : 0.000

Type  : Slow 1200mV 85C Model Hold 'pGPIO1_IN[0]'
Slack : 0.360
TNS   : 0.000

Type  : Slow 1200mV 85C Model Hold 'plldvi_inst|altpll_component|auto_generated|pll1|clk[1]'
Slack : 0.373
TNS   : 0.000

Type  : Slow 1200mV 85C Model Recovery 'pllmain_inst|altpll_component|auto_generated|pll1|clk[3]'
Slack : 27.032
TNS   : 0.000

Type  : Slow 1200mV 85C Model Recovery 'pllmain_inst|altpll_component|auto_generated|pll1|clk[2]'
Slack : 35.746
TNS   : 0.000

Type  : Slow 1200mV 85C Model Recovery 'altera_reserved_tck'
Slack : 95.218
TNS   : 0.000

Type  : Slow 1200mV 85C Model Removal 'altera_reserved_tck'
Slack : 1.024
TNS   : 0.000

Type  : Slow 1200mV 85C Model Removal 'pllmain_inst|altpll_component|auto_generated|pll1|clk[3]'
Slack : 1.244
TNS   : 0.000

Type  : Slow 1200mV 85C Model Removal 'pllmain_inst|altpll_component|auto_generated|pll1|clk[2]'
Slack : 3.026
TNS   : 0.000

Type  : Slow 1200mV 85C Model Minimum Pulse Width 'plldvi_inst|altpll_component|auto_generated|pll1|clk[1]'
Slack : 3.450
TNS   : 0.000

Type  : Slow 1200mV 85C Model Minimum Pulse Width 'pllmain_inst|altpll_component|auto_generated|pll1|clk[0]'
Slack : 6.419
TNS   : 0.000

Type  : Slow 1200mV 85C Model Minimum Pulse Width 'pClk50M'
Slack : 9.747
TNS   : 0.000

Type  : Slow 1200mV 85C Model Minimum Pulse Width 'plldvi_inst|altpll_component|auto_generated|pll1|clk[0]'
Slack : 18.263
TNS   : 0.000

Type  : Slow 1200mV 85C Model Minimum Pulse Width 'pllmain_inst|altpll_component|auto_generated|pll1|clk[2]'
Slack : 19.729
TNS   : 0.000

Type  : Slow 1200mV 85C Model Minimum Pulse Width 'pGPIO1_IN[1]'
Slack : 19.731
TNS   : 0.000

Type  : Slow 1200mV 85C Model Minimum Pulse Width 'pllmain_inst|altpll_component|auto_generated|pll1|clk[3]'
Slack : 30.938
TNS   : 0.000

Type  : Slow 1200mV 85C Model Minimum Pulse Width 'pGPIO1_IN[0]'
Slack : 39.597
TNS   : 0.000

Type  : Slow 1200mV 85C Model Minimum Pulse Width 'altera_reserved_tck'
Slack : 49.579
TNS   : 0.000

Type  : Slow 1200mV 85C Model Minimum Pulse Width 'pllmain_inst|altpll_component|auto_generated|pll1|clk[4]'
Slack : 62.253
TNS   : 0.000

Type  : Slow 1200mV 85C Model Minimum Pulse Width 'pllpcm48k_inst|altpll_component|auto_generated|pll1|clk[0]'
Slack : 79.748
TNS   : 0.000

Type  : Slow 1200mV 85C Model Minimum Pulse Width 'pllpcm44k1_inst|altpll_component|auto_generated|pll1|clk[0]'
Slack : 86.809
TNS   : 0.000

Type  : Slow 1200mV 85C Model Minimum Pulse Width 'pllpcm48k_inst|altpll_component|auto_generated|pll1|clk[1]'
Slack : 159.794
TNS   : 0.000

Type  : Slow 1200mV 0C Model Setup 'plldvi_inst|altpll_component|auto_generated|pll1|clk[0]'
Slack : -3.961
TNS   : -51.302

Type  : Slow 1200mV 0C Model Setup 'pllmain_inst|altpll_component|auto_generated|pll1|clk[3]'
Slack : -3.883
TNS   : -691.515

Type  : Slow 1200mV 0C Model Setup 'pllmain_inst|altpll_component|auto_generated|pll1|clk[2]'
Slack : -0.760
TNS   : -4.179

Type  : Slow 1200mV 0C Model Setup 'pllpcm48k_inst|altpll_component|auto_generated|pll1|clk[1]'
Slack : -0.500
TNS   : -15.640

Type  : Slow 1200mV 0C Model Setup 'plldvi_inst|altpll_component|auto_generated|pll1|clk[1]'
Slack : 4.892
TNS   : 0.000

Type  : Slow 1200mV 0C Model Setup 'pllmain_inst|altpll_component|auto_generated|pll1|clk[0]'
Slack : 9.577
TNS   : 0.000

Type  : Slow 1200mV 0C Model Setup 'altera_reserved_tck'
Slack : 46.262
TNS   : 0.000

Type  : Slow 1200mV 0C Model Setup 'pGPIO1_IN[0]'
Slack : 77.612
TNS   : 0.000

Type  : Slow 1200mV 0C Model Setup 'pllmain_inst|altpll_component|auto_generated|pll1|clk[4]'
Slack : 123.311
TNS   : 0.000

Type  : Slow 1200mV 0C Model Setup 'pllpcm48k_inst|altpll_component|auto_generated|pll1|clk[0]'
Slack : 158.504
TNS   : 0.000

Type  : Slow 1200mV 0C Model Setup 'pllpcm44k1_inst|altpll_component|auto_generated|pll1|clk[0]'
Slack : 172.616
TNS   : 0.000

Type  : Slow 1200mV 0C Model Hold 'pllmain_inst|altpll_component|auto_generated|pll1|clk[3]'
Slack : -0.275
TNS   : -0.275

Type  : Slow 1200mV 0C Model Hold 'pllmain_inst|altpll_component|auto_generated|pll1|clk[2]'
Slack : 0.230
TNS   : 0.000

Type  : Slow 1200mV 0C Model Hold 'altera_reserved_tck'
Slack : 0.311
TNS   : 0.000

Type  : Slow 1200mV 0C Model Hold 'plldvi_inst|altpll_component|auto_generated|pll1|clk[0]'
Slack : 0.311
TNS   : 0.000

Type  : Slow 1200mV 0C Model Hold 'pllmain_inst|altpll_component|auto_generated|pll1|clk[0]'
Slack : 0.312
TNS   : 0.000

Type  : Slow 1200mV 0C Model Hold 'pllpcm44k1_inst|altpll_component|auto_generated|pll1|clk[0]'
Slack : 0.312
TNS   : 0.000

Type  : Slow 1200mV 0C Model Hold 'pllpcm48k_inst|altpll_component|auto_generated|pll1|clk[1]'
Slack : 0.312
TNS   : 0.000

Type  : Slow 1200mV 0C Model Hold 'pllmain_inst|altpll_component|auto_generated|pll1|clk[4]'
Slack : 0.313
TNS   : 0.000

Type  : Slow 1200mV 0C Model Hold 'pllpcm48k_inst|altpll_component|auto_generated|pll1|clk[0]'
Slack : 0.313
TNS   : 0.000

Type  : Slow 1200mV 0C Model Hold 'pGPIO1_IN[0]'
Slack : 0.319
TNS   : 0.000

Type  : Slow 1200mV 0C Model Hold 'plldvi_inst|altpll_component|auto_generated|pll1|clk[1]'
Slack : 0.337
TNS   : 0.000

Type  : Slow 1200mV 0C Model Recovery 'pllmain_inst|altpll_component|auto_generated|pll1|clk[3]'
Slack : 27.488
TNS   : 0.000

Type  : Slow 1200mV 0C Model Recovery 'pllmain_inst|altpll_component|auto_generated|pll1|clk[2]'
Slack : 36.218
TNS   : 0.000

Type  : Slow 1200mV 0C Model Recovery 'altera_reserved_tck'
Slack : 95.725
TNS   : 0.000

Type  : Slow 1200mV 0C Model Removal 'altera_reserved_tck'
Slack : 0.923
TNS   : 0.000

Type  : Slow 1200mV 0C Model Removal 'pllmain_inst|altpll_component|auto_generated|pll1|clk[3]'
Slack : 1.106
TNS   : 0.000

Type  : Slow 1200mV 0C Model Removal 'pllmain_inst|altpll_component|auto_generated|pll1|clk[2]'
Slack : 2.733
TNS   : 0.000

Type  : Slow 1200mV 0C Model Minimum Pulse Width 'plldvi_inst|altpll_component|auto_generated|pll1|clk[1]'
Slack : 3.447
TNS   : 0.000

Type  : Slow 1200mV 0C Model Minimum Pulse Width 'pllmain_inst|altpll_component|auto_generated|pll1|clk[0]'
Slack : 6.413
TNS   : 0.000

Type  : Slow 1200mV 0C Model Minimum Pulse Width 'pClk50M'
Slack : 9.708
TNS   : 0.000

Type  : Slow 1200mV 0C Model Minimum Pulse Width 'plldvi_inst|altpll_component|auto_generated|pll1|clk[0]'
Slack : 18.261
TNS   : 0.000

Type  : Slow 1200mV 0C Model Minimum Pulse Width 'pGPIO1_IN[1]'
Slack : 19.716
TNS   : 0.000

Type  : Slow 1200mV 0C Model Minimum Pulse Width 'pllmain_inst|altpll_component|auto_generated|pll1|clk[2]'
Slack : 19.740
TNS   : 0.000

Type  : Slow 1200mV 0C Model Minimum Pulse Width 'pllmain_inst|altpll_component|auto_generated|pll1|clk[3]'
Slack : 30.962
TNS   : 0.000

Type  : Slow 1200mV 0C Model Minimum Pulse Width 'pGPIO1_IN[0]'
Slack : 39.597
TNS   : 0.000

Type  : Slow 1200mV 0C Model Minimum Pulse Width 'altera_reserved_tck'
Slack : 49.521
TNS   : 0.000

Type  : Slow 1200mV 0C Model Minimum Pulse Width 'pllmain_inst|altpll_component|auto_generated|pll1|clk[4]'
Slack : 62.247
TNS   : 0.000

Type  : Slow 1200mV 0C Model Minimum Pulse Width 'pllpcm48k_inst|altpll_component|auto_generated|pll1|clk[0]'
Slack : 79.746
TNS   : 0.000

Type  : Slow 1200mV 0C Model Minimum Pulse Width 'pllpcm44k1_inst|altpll_component|auto_generated|pll1|clk[0]'
Slack : 86.805
TNS   : 0.000

Type  : Slow 1200mV 0C Model Minimum Pulse Width 'pllpcm48k_inst|altpll_component|auto_generated|pll1|clk[1]'
Slack : 159.784
TNS   : 0.000

Type  : Fast 1200mV 0C Model Setup 'plldvi_inst|altpll_component|auto_generated|pll1|clk[0]'
Slack : -1.783
TNS   : -22.164

Type  : Fast 1200mV 0C Model Setup 'pllmain_inst|altpll_component|auto_generated|pll1|clk[3]'
Slack : -1.505
TNS   : -56.077

Type  : Fast 1200mV 0C Model Setup 'pllmain_inst|altpll_component|auto_generated|pll1|clk[2]'
Slack : 0.377
TNS   : 0.000

Type  : Fast 1200mV 0C Model Setup 'pllpcm48k_inst|altpll_component|auto_generated|pll1|clk[1]'
Slack : 0.414
TNS   : 0.000

Type  : Fast 1200mV 0C Model Setup 'plldvi_inst|altpll_component|auto_generated|pll1|clk[1]'
Slack : 5.799
TNS   : 0.000

Type  : Fast 1200mV 0C Model Setup 'pllmain_inst|altpll_component|auto_generated|pll1|clk[0]'
Slack : 10.840
TNS   : 0.000

Type  : Fast 1200mV 0C Model Setup 'altera_reserved_tck'
Slack : 47.824
TNS   : 0.000

Type  : Fast 1200mV 0C Model Setup 'pGPIO1_IN[0]'
Slack : 78.451
TNS   : 0.000

Type  : Fast 1200mV 0C Model Setup 'pllmain_inst|altpll_component|auto_generated|pll1|clk[4]'
Slack : 123.951
TNS   : 0.000

Type  : Fast 1200mV 0C Model Setup 'pllpcm48k_inst|altpll_component|auto_generated|pll1|clk[0]'
Slack : 159.051
TNS   : 0.000

Type  : Fast 1200mV 0C Model Setup 'pllpcm44k1_inst|altpll_component|auto_generated|pll1|clk[0]'
Slack : 173.165
TNS   : 0.000

Type  : Fast 1200mV 0C Model Hold 'pllmain_inst|altpll_component|auto_generated|pll1|clk[3]'
Slack : -0.189
TNS   : -0.189

Type  : Fast 1200mV 0C Model Hold 'pllmain_inst|altpll_component|auto_generated|pll1|clk[2]'
Slack : 0.100
TNS   : 0.000

Type  : Fast 1200mV 0C Model Hold 'plldvi_inst|altpll_component|auto_generated|pll1|clk[0]'
Slack : 0.186
TNS   : 0.000

Type  : Fast 1200mV 0C Model Hold 'pllmain_inst|altpll_component|auto_generated|pll1|clk[0]'
Slack : 0.186
TNS   : 0.000

Type  : Fast 1200mV 0C Model Hold 'pllpcm44k1_inst|altpll_component|auto_generated|pll1|clk[0]'
Slack : 0.186
TNS   : 0.000

Type  : Fast 1200mV 0C Model Hold 'pllpcm48k_inst|altpll_component|auto_generated|pll1|clk[1]'
Slack : 0.186
TNS   : 0.000

Type  : Fast 1200mV 0C Model Hold 'altera_reserved_tck'
Slack : 0.187
TNS   : 0.000

Type  : Fast 1200mV 0C Model Hold 'pllmain_inst|altpll_component|auto_generated|pll1|clk[4]'
Slack : 0.187
TNS   : 0.000

Type  : Fast 1200mV 0C Model Hold 'pllpcm48k_inst|altpll_component|auto_generated|pll1|clk[0]'
Slack : 0.187
TNS   : 0.000

Type  : Fast 1200mV 0C Model Hold 'plldvi_inst|altpll_component|auto_generated|pll1|clk[1]'
Slack : 0.192
TNS   : 0.000

Type  : Fast 1200mV 0C Model Hold 'pGPIO1_IN[0]'
Slack : 0.193
TNS   : 0.000

Type  : Fast 1200mV 0C Model Recovery 'pllmain_inst|altpll_component|auto_generated|pll1|clk[3]'
Slack : 28.643
TNS   : 0.000

Type  : Fast 1200mV 0C Model Recovery 'pllmain_inst|altpll_component|auto_generated|pll1|clk[2]'
Slack : 37.475
TNS   : 0.000

Type  : Fast 1200mV 0C Model Recovery 'altera_reserved_tck'
Slack : 97.109
TNS   : 0.000

Type  : Fast 1200mV 0C Model Removal 'altera_reserved_tck'
Slack : 0.565
TNS   : 0.000

Type  : Fast 1200mV 0C Model Removal 'pllmain_inst|altpll_component|auto_generated|pll1|clk[3]'
Slack : 0.682
TNS   : 0.000

Type  : Fast 1200mV 0C Model Removal 'pllmain_inst|altpll_component|auto_generated|pll1|clk[2]'
Slack : 1.744
TNS   : 0.000

Type  : Fast 1200mV 0C Model Minimum Pulse Width 'plldvi_inst|altpll_component|auto_generated|pll1|clk[1]'
Slack : 3.484
TNS   : 0.000

Type  : Fast 1200mV 0C Model Minimum Pulse Width 'pllmain_inst|altpll_component|auto_generated|pll1|clk[0]'
Slack : 6.449
TNS   : 0.000

Type  : Fast 1200mV 0C Model Minimum Pulse Width 'pClk50M'
Slack : 9.416
TNS   : 0.000

Type  : Fast 1200mV 0C Model Minimum Pulse Width 'plldvi_inst|altpll_component|auto_generated|pll1|clk[0]'
Slack : 18.299
TNS   : 0.000

Type  : Fast 1200mV 0C Model Minimum Pulse Width 'pGPIO1_IN[1]'
Slack : 19.435
TNS   : 0.000

Type  : Fast 1200mV 0C Model Minimum Pulse Width 'pllmain_inst|altpll_component|auto_generated|pll1|clk[2]'
Slack : 19.747
TNS   : 0.000

Type  : Fast 1200mV 0C Model Minimum Pulse Width 'pllmain_inst|altpll_component|auto_generated|pll1|clk[3]'
Slack : 30.996
TNS   : 0.000

Type  : Fast 1200mV 0C Model Minimum Pulse Width 'pGPIO1_IN[0]'
Slack : 39.274
TNS   : 0.000

Type  : Fast 1200mV 0C Model Minimum Pulse Width 'altera_reserved_tck'
Slack : 49.348
TNS   : 0.000

Type  : Fast 1200mV 0C Model Minimum Pulse Width 'pllmain_inst|altpll_component|auto_generated|pll1|clk[4]'
Slack : 62.283
TNS   : 0.000

Type  : Fast 1200mV 0C Model Minimum Pulse Width 'pllpcm48k_inst|altpll_component|auto_generated|pll1|clk[0]'
Slack : 79.781
TNS   : 0.000

Type  : Fast 1200mV 0C Model Minimum Pulse Width 'pllpcm44k1_inst|altpll_component|auto_generated|pll1|clk[0]'
Slack : 86.842
TNS   : 0.000

Type  : Fast 1200mV 0C Model Minimum Pulse Width 'pllpcm48k_inst|altpll_component|auto_generated|pll1|clk[1]'
Slack : 159.771
TNS   : 0.000

------------------------------------------------------------
