------------------------------------------------------------
Timing Analyzer Summary
------------------------------------------------------------

Type  : Slow 1200mV 85C Model Setup 'pllmain_inst|altpll_component|auto_generated|pll1|clk[3]'
Slack : -4.733
TNS   : -975.750

Type  : Slow 1200mV 85C Model Setup 'plldvi_inst|altpll_component|auto_generated|pll1|clk[0]'
Slack : -4.702
TNS   : -60.462

Type  : Slow 1200mV 85C Model Setup 'pllmain_inst|altpll_component|auto_generated|pll1|clk[2]'
Slack : -0.888
TNS   : -4.855

Type  : Slow 1200mV 85C Model Setup 'pllpcm48k_inst|altpll_component|auto_generated|pll1|clk[1]'
Slack : -0.784
TNS   : -29.063

Type  : Slow 1200mV 85C Model Setup 'plldvi_inst|altpll_component|auto_generated|pll1|clk[1]'
Slack : 4.451
TNS   : 0.000

Type  : Slow 1200mV 85C Model Setup 'pllmain_inst|altpll_component|auto_generated|pll1|clk[0]'
Slack : 8.820
TNS   : 0.000

Type  : Slow 1200mV 85C Model Setup 'altera_reserved_tck'
Slack : 45.652
TNS   : 0.000

Type  : Slow 1200mV 85C Model Setup 'pGPIO1_IN[0]'
Slack : 77.277
TNS   : 0.000

Type  : Slow 1200mV 85C Model Setup 'pllmain_inst|altpll_component|auto_generated|pll1|clk[4]'
Slack : 122.721
TNS   : 0.000

Type  : Slow 1200mV 85C Model Setup 'pllpcm48k_inst|altpll_component|auto_generated|pll1|clk[0]'
Slack : 158.311
TNS   : 0.000

Type  : Slow 1200mV 85C Model Setup 'pllpcm44k1_inst|altpll_component|auto_generated|pll1|clk[0]'
Slack : 172.379
TNS   : 0.000

Type  : Slow 1200mV 85C Model Hold 'pllmain_inst|altpll_component|auto_generated|pll1|clk[3]'
Slack : -0.239
TNS   : -0.239

Type  : Slow 1200mV 85C Model Hold 'pllmain_inst|altpll_component|auto_generated|pll1|clk[2]'
Slack : 0.290
TNS   : 0.000

Type  : Slow 1200mV 85C Model Hold 'plldvi_inst|altpll_component|auto_generated|pll1|clk[0]'
Slack : 0.357
TNS   : 0.000

Type  : Slow 1200mV 85C Model Hold 'pllpcm48k_inst|altpll_component|auto_generated|pll1|clk[1]'
Slack : 0.357
TNS   : 0.000

Type  : Slow 1200mV 85C Model Hold 'altera_reserved_tck'
Slack : 0.358
TNS   : 0.000

Type  : Slow 1200mV 85C Model Hold 'pllmain_inst|altpll_component|auto_generated|pll1|clk[0]'
Slack : 0.358
TNS   : 0.000

Type  : Slow 1200mV 85C Model Hold 'pllpcm44k1_inst|altpll_component|auto_generated|pll1|clk[0]'
Slack : 0.358
TNS   : 0.000

Type  : Slow 1200mV 85C Model Hold 'pllpcm48k_inst|altpll_component|auto_generated|pll1|clk[0]'
Slack : 0.358
TNS   : 0.000

Type  : Slow 1200mV 85C Model Hold 'pllmain_inst|altpll_component|auto_generated|pll1|clk[4]'
Slack : 0.359
TNS   : 0.000

Type  : Slow 1200mV 85C Model Hold 'pGPIO1_IN[0]'
Slack : 0.360
TNS   : 0.000

Type  : Slow 1200mV 85C Model Hold 'plldvi_inst|altpll_component|auto_generated|pll1|clk[1]'
Slack : 0.373
TNS   : 0.000

Type  : Slow 1200mV 85C Model Recovery 'pllmain_inst|altpll_component|auto_generated|pll1|clk[3]'
Slack : 25.859
TNS   : 0.000

Type  : Slow 1200mV 85C Model Recovery 'pllmain_inst|altpll_component|auto_generated|pll1|clk[2]'
Slack : 34.516
TNS   : 0.000

Type  : Slow 1200mV 85C Model Recovery 'altera_reserved_tck'
Slack : 95.809
TNS   : 0.000

Type  : Slow 1200mV 85C Model Removal 'altera_reserved_tck'
Slack : 0.884
TNS   : 0.000

Type  : Slow 1200mV 85C Model Removal 'pllmain_inst|altpll_component|auto_generated|pll1|clk[3]'
Slack : 1.213
TNS   : 0.000

Type  : Slow 1200mV 85C Model Removal 'pllmain_inst|altpll_component|auto_generated|pll1|clk[2]'
Slack : 4.503
TNS   : 0.000

Type  : Slow 1200mV 85C Model Minimum Pulse Width 'plldvi_inst|altpll_component|auto_generated|pll1|clk[1]'
Slack : 3.449
TNS   : 0.000

Type  : Slow 1200mV 85C Model Minimum Pulse Width 'pllmain_inst|altpll_component|auto_generated|pll1|clk[0]'
Slack : 6.419
TNS   : 0.000

Type  : Slow 1200mV 85C Model Minimum Pulse Width 'pClk50M'
Slack : 9.747
TNS   : 0.000

Type  : Slow 1200mV 85C Model Minimum Pulse Width 'plldvi_inst|altpll_component|auto_generated|pll1|clk[0]'
Slack : 18.263
TNS   : 0.000

Type  : Slow 1200mV 85C Model Minimum Pulse Width 'pGPIO1_IN[1]'
Slack : 19.731
TNS   : 0.000

Type  : Slow 1200mV 85C Model Minimum Pulse Width 'pllmain_inst|altpll_component|auto_generated|pll1|clk[2]'
Slack : 19.732
TNS   : 0.000

Type  : Slow 1200mV 85C Model Minimum Pulse Width 'pllmain_inst|altpll_component|auto_generated|pll1|clk[3]'
Slack : 30.940
TNS   : 0.000

Type  : Slow 1200mV 85C Model Minimum Pulse Width 'pGPIO1_IN[0]'
Slack : 39.597
TNS   : 0.000

Type  : Slow 1200mV 85C Model Minimum Pulse Width 'altera_reserved_tck'
Slack : 49.491
TNS   : 0.000

Type  : Slow 1200mV 85C Model Minimum Pulse Width 'pllmain_inst|altpll_component|auto_generated|pll1|clk[4]'
Slack : 62.253
TNS   : 0.000

Type  : Slow 1200mV 85C Model Minimum Pulse Width 'pllpcm48k_inst|altpll_component|auto_generated|pll1|clk[0]'
Slack : 79.748
TNS   : 0.000

Type  : Slow 1200mV 85C Model Minimum Pulse Width 'pllpcm44k1_inst|altpll_component|auto_generated|pll1|clk[0]'
Slack : 86.808
TNS   : 0.000

Type  : Slow 1200mV 85C Model Minimum Pulse Width 'pllpcm48k_inst|altpll_component|auto_generated|pll1|clk[1]'
Slack : 159.793
TNS   : 0.000

Type  : Slow 1200mV 0C Model Setup 'pllmain_inst|altpll_component|auto_generated|pll1|clk[3]'
Slack : -3.985
TNS   : -701.888

Type  : Slow 1200mV 0C Model Setup 'plldvi_inst|altpll_component|auto_generated|pll1|clk[0]'
Slack : -3.964
TNS   : -50.514

Type  : Slow 1200mV 0C Model Setup 'pllmain_inst|altpll_component|auto_generated|pll1|clk[2]'
Slack : -0.527
TNS   : -2.276

Type  : Slow 1200mV 0C Model Setup 'pllpcm48k_inst|altpll_component|auto_generated|pll1|clk[1]'
Slack : -0.476
TNS   : -12.427

Type  : Slow 1200mV 0C Model Setup 'plldvi_inst|altpll_component|auto_generated|pll1|clk[1]'
Slack : 4.766
TNS   : 0.000

Type  : Slow 1200mV 0C Model Setup 'pllmain_inst|altpll_component|auto_generated|pll1|clk[0]'
Slack : 9.218
TNS   : 0.000

Type  : Slow 1200mV 0C Model Setup 'altera_reserved_tck'
Slack : 46.168
TNS   : 0.000

Type  : Slow 1200mV 0C Model Setup 'pGPIO1_IN[0]'
Slack : 77.612
TNS   : 0.000

Type  : Slow 1200mV 0C Model Setup 'pllmain_inst|altpll_component|auto_generated|pll1|clk[4]'
Slack : 122.947
TNS   : 0.000

Type  : Slow 1200mV 0C Model Setup 'pllpcm48k_inst|altpll_component|auto_generated|pll1|clk[0]'
Slack : 158.502
TNS   : 0.000

Type  : Slow 1200mV 0C Model Setup 'pllpcm44k1_inst|altpll_component|auto_generated|pll1|clk[0]'
Slack : 172.550
TNS   : 0.000

Type  : Slow 1200mV 0C Model Hold 'pllmain_inst|altpll_component|auto_generated|pll1|clk[3]'
Slack : -0.285
TNS   : -0.285

Type  : Slow 1200mV 0C Model Hold 'pllmain_inst|altpll_component|auto_generated|pll1|clk[2]'
Slack : 0.289
TNS   : 0.000

Type  : Slow 1200mV 0C Model Hold 'altera_reserved_tck'
Slack : 0.311
TNS   : 0.000

Type  : Slow 1200mV 0C Model Hold 'plldvi_inst|altpll_component|auto_generated|pll1|clk[0]'
Slack : 0.311
TNS   : 0.000

Type  : Slow 1200mV 0C Model Hold 'pllmain_inst|altpll_component|auto_generated|pll1|clk[0]'
Slack : 0.312
TNS   : 0.000

Type  : Slow 1200mV 0C Model Hold 'pllmain_inst|altpll_component|auto_generated|pll1|clk[4]'
Slack : 0.312
TNS   : 0.000

Type  : Slow 1200mV 0C Model Hold 'pllpcm44k1_inst|altpll_component|auto_generated|pll1|clk[0]'
Slack : 0.312
TNS   : 0.000

Type  : Slow 1200mV 0C Model Hold 'pllpcm48k_inst|altpll_component|auto_generated|pll1|clk[0]'
Slack : 0.312
TNS   : 0.000

Type  : Slow 1200mV 0C Model Hold 'pllpcm48k_inst|altpll_component|auto_generated|pll1|clk[1]'
Slack : 0.312
TNS   : 0.000

Type  : Slow 1200mV 0C Model Hold 'pGPIO1_IN[0]'
Slack : 0.319
TNS   : 0.000

Type  : Slow 1200mV 0C Model Hold 'plldvi_inst|altpll_component|auto_generated|pll1|clk[1]'
Slack : 0.338
TNS   : 0.000

Type  : Slow 1200mV 0C Model Recovery 'pllmain_inst|altpll_component|auto_generated|pll1|clk[3]'
Slack : 26.477
TNS   : 0.000

Type  : Slow 1200mV 0C Model Recovery 'pllmain_inst|altpll_component|auto_generated|pll1|clk[2]'
Slack : 35.124
TNS   : 0.000

Type  : Slow 1200mV 0C Model Recovery 'altera_reserved_tck'
Slack : 96.268
TNS   : 0.000

Type  : Slow 1200mV 0C Model Removal 'altera_reserved_tck'
Slack : 0.789
TNS   : 0.000

Type  : Slow 1200mV 0C Model Removal 'pllmain_inst|altpll_component|auto_generated|pll1|clk[3]'
Slack : 1.090
TNS   : 0.000

Type  : Slow 1200mV 0C Model Removal 'pllmain_inst|altpll_component|auto_generated|pll1|clk[2]'
Slack : 4.100
TNS   : 0.000

Type  : Slow 1200mV 0C Model Minimum Pulse Width 'plldvi_inst|altpll_component|auto_generated|pll1|clk[1]'
Slack : 3.446
TNS   : 0.000

Type  : Slow 1200mV 0C Model Minimum Pulse Width 'pllmain_inst|altpll_component|auto_generated|pll1|clk[0]'
Slack : 6.413
TNS   : 0.000

Type  : Slow 1200mV 0C Model Minimum Pulse Width 'pClk50M'
Slack : 9.708
TNS   : 0.000

Type  : Slow 1200mV 0C Model Minimum Pulse Width 'plldvi_inst|altpll_component|auto_generated|pll1|clk[0]'
Slack : 18.260
TNS   : 0.000

Type  : Slow 1200mV 0C Model Minimum Pulse Width 'pGPIO1_IN[1]'
Slack : 19.716
TNS   : 0.000

Type  : Slow 1200mV 0C Model Minimum Pulse Width 'pllmain_inst|altpll_component|auto_generated|pll1|clk[2]'
Slack : 19.741
TNS   : 0.000

Type  : Slow 1200mV 0C Model Minimum Pulse Width 'pllmain_inst|altpll_component|auto_generated|pll1|clk[3]'
Slack : 30.963
TNS   : 0.000

Type  : Slow 1200mV 0C Model Minimum Pulse Width 'pGPIO1_IN[0]'
Slack : 39.598
TNS   : 0.000

Type  : Slow 1200mV 0C Model Minimum Pulse Width 'altera_reserved_tck'
Slack : 49.443
TNS   : 0.000

Type  : Slow 1200mV 0C Model Minimum Pulse Width 'pllmain_inst|altpll_component|auto_generated|pll1|clk[4]'
Slack : 62.247
TNS   : 0.000

Type  : Slow 1200mV 0C Model Minimum Pulse Width 'pllpcm48k_inst|altpll_component|auto_generated|pll1|clk[0]'
Slack : 79.744
TNS   : 0.000

Type  : Slow 1200mV 0C Model Minimum Pulse Width 'pllpcm44k1_inst|altpll_component|auto_generated|pll1|clk[0]'
Slack : 86.804
TNS   : 0.000

Type  : Slow 1200mV 0C Model Minimum Pulse Width 'pllpcm48k_inst|altpll_component|auto_generated|pll1|clk[1]'
Slack : 159.785
TNS   : 0.000

Type  : Fast 1200mV 0C Model Setup 'plldvi_inst|altpll_component|auto_generated|pll1|clk[0]'
Slack : -1.889
TNS   : -23.947

Type  : Fast 1200mV 0C Model Setup 'pllmain_inst|altpll_component|auto_generated|pll1|clk[3]'
Slack : -1.610
TNS   : -58.976

Type  : Fast 1200mV 0C Model Setup 'pllpcm48k_inst|altpll_component|auto_generated|pll1|clk[1]'
Slack : 0.481
TNS   : 0.000

Type  : Fast 1200mV 0C Model Setup 'pllmain_inst|altpll_component|auto_generated|pll1|clk[2]'
Slack : 0.554
TNS   : 0.000

Type  : Fast 1200mV 0C Model Setup 'plldvi_inst|altpll_component|auto_generated|pll1|clk[1]'
Slack : 5.663
TNS   : 0.000

Type  : Fast 1200mV 0C Model Setup 'pllmain_inst|altpll_component|auto_generated|pll1|clk[0]'
Slack : 10.701
TNS   : 0.000

Type  : Fast 1200mV 0C Model Setup 'altera_reserved_tck'
Slack : 47.786
TNS   : 0.000

Type  : Fast 1200mV 0C Model Setup 'pGPIO1_IN[0]'
Slack : 78.451
TNS   : 0.000

Type  : Fast 1200mV 0C Model Setup 'pllmain_inst|altpll_component|auto_generated|pll1|clk[4]'
Slack : 123.738
TNS   : 0.000

Type  : Fast 1200mV 0C Model Setup 'pllpcm48k_inst|altpll_component|auto_generated|pll1|clk[0]'
Slack : 159.052
TNS   : 0.000

Type  : Fast 1200mV 0C Model Setup 'pllpcm44k1_inst|altpll_component|auto_generated|pll1|clk[0]'
Slack : 173.160
TNS   : 0.000

Type  : Fast 1200mV 0C Model Hold 'pllmain_inst|altpll_component|auto_generated|pll1|clk[3]'
Slack : -0.195
TNS   : -0.195

Type  : Fast 1200mV 0C Model Hold 'pllmain_inst|altpll_component|auto_generated|pll1|clk[2]'
Slack : 0.135
TNS   : 0.000

Type  : Fast 1200mV 0C Model Hold 'altera_reserved_tck'
Slack : 0.186
TNS   : 0.000

Type  : Fast 1200mV 0C Model Hold 'plldvi_inst|altpll_component|auto_generated|pll1|clk[0]'
Slack : 0.186
TNS   : 0.000

Type  : Fast 1200mV 0C Model Hold 'pllpcm44k1_inst|altpll_component|auto_generated|pll1|clk[0]'
Slack : 0.186
TNS   : 0.000

Type  : Fast 1200mV 0C Model Hold 'pllpcm48k_inst|altpll_component|auto_generated|pll1|clk[1]'
Slack : 0.186
TNS   : 0.000

Type  : Fast 1200mV 0C Model Hold 'pllmain_inst|altpll_component|auto_generated|pll1|clk[0]'
Slack : 0.187
TNS   : 0.000

Type  : Fast 1200mV 0C Model Hold 'pllmain_inst|altpll_component|auto_generated|pll1|clk[4]'
Slack : 0.187
TNS   : 0.000

Type  : Fast 1200mV 0C Model Hold 'pllpcm48k_inst|altpll_component|auto_generated|pll1|clk[0]'
Slack : 0.187
TNS   : 0.000

Type  : Fast 1200mV 0C Model Hold 'pGPIO1_IN[0]'
Slack : 0.193
TNS   : 0.000

Type  : Fast 1200mV 0C Model Hold 'plldvi_inst|altpll_component|auto_generated|pll1|clk[1]'
Slack : 0.193
TNS   : 0.000

Type  : Fast 1200mV 0C Model Recovery 'pllmain_inst|altpll_component|auto_generated|pll1|clk[3]'
Slack : 27.951
TNS   : 0.000

Type  : Fast 1200mV 0C Model Recovery 'pllmain_inst|altpll_component|auto_generated|pll1|clk[2]'
Slack : 36.704
TNS   : 0.000

Type  : Fast 1200mV 0C Model Recovery 'altera_reserved_tck'
Slack : 97.464
TNS   : 0.000

Type  : Fast 1200mV 0C Model Removal 'altera_reserved_tck'
Slack : 0.492
TNS   : 0.000

Type  : Fast 1200mV 0C Model Removal 'pllmain_inst|altpll_component|auto_generated|pll1|clk[3]'
Slack : 0.680
TNS   : 0.000

Type  : Fast 1200mV 0C Model Removal 'pllmain_inst|altpll_component|auto_generated|pll1|clk[2]'
Slack : 2.590
TNS   : 0.000

Type  : Fast 1200mV 0C Model Minimum Pulse Width 'plldvi_inst|altpll_component|auto_generated|pll1|clk[1]'
Slack : 3.484
TNS   : 0.000

Type  : Fast 1200mV 0C Model Minimum Pulse Width 'pllmain_inst|altpll_component|auto_generated|pll1|clk[0]'
Slack : 6.449
TNS   : 0.000

Type  : Fast 1200mV 0C Model Minimum Pulse Width 'pClk50M'
Slack : 9.416
TNS   : 0.000

Type  : Fast 1200mV 0C Model Minimum Pulse Width 'plldvi_inst|altpll_component|auto_generated|pll1|clk[0]'
Slack : 18.299
TNS   : 0.000

Type  : Fast 1200mV 0C Model Minimum Pulse Width 'pGPIO1_IN[1]'
Slack : 19.435
TNS   : 0.000

Type  : Fast 1200mV 0C Model Minimum Pulse Width 'pllmain_inst|altpll_component|auto_generated|pll1|clk[2]'
Slack : 19.747
TNS   : 0.000

Type  : Fast 1200mV 0C Model Minimum Pulse Width 'pllmain_inst|altpll_component|auto_generated|pll1|clk[3]'
Slack : 30.996
TNS   : 0.000

Type  : Fast 1200mV 0C Model Minimum Pulse Width 'pGPIO1_IN[0]'
Slack : 39.274
TNS   : 0.000

Type  : Fast 1200mV 0C Model Minimum Pulse Width 'altera_reserved_tck'
Slack : 49.294
TNS   : 0.000

Type  : Fast 1200mV 0C Model Minimum Pulse Width 'pllmain_inst|altpll_component|auto_generated|pll1|clk[4]'
Slack : 62.283
TNS   : 0.000

Type  : Fast 1200mV 0C Model Minimum Pulse Width 'pllpcm48k_inst|altpll_component|auto_generated|pll1|clk[0]'
Slack : 79.781
TNS   : 0.000

Type  : Fast 1200mV 0C Model Minimum Pulse Width 'pllpcm44k1_inst|altpll_component|auto_generated|pll1|clk[0]'
Slack : 86.841
TNS   : 0.000

Type  : Fast 1200mV 0C Model Minimum Pulse Width 'pllpcm48k_inst|altpll_component|auto_generated|pll1|clk[1]'
Slack : 159.772
TNS   : 0.000

------------------------------------------------------------
