------------------------------------------------------------
Timing Analyzer Summary
------------------------------------------------------------

Type  : Slow 1200mV 85C Model Setup 'pllmain_inst|altpll_component|auto_generated|pll1|clk[3]'
Slack : -4.696
TNS   : -825.622

Type  : Slow 1200mV 85C Model Setup 'plldvi_inst|altpll_component|auto_generated|pll1|clk[0]'
Slack : -3.418
TNS   : -47.887

Type  : Slow 1200mV 85C Model Setup 'pllpcm48k_inst|altpll_component|auto_generated|pll1|clk[1]'
Slack : -0.876
TNS   : -39.668

Type  : Slow 1200mV 85C Model Setup 'pllmain_inst|altpll_component|auto_generated|pll1|clk[0]'
Slack : -0.601
TNS   : -2.892

Type  : Slow 1200mV 85C Model Setup 'plldvi_inst|altpll_component|auto_generated|pll1|clk[1]'
Slack : 3.599
TNS   : 0.000

Type  : Slow 1200mV 85C Model Setup 'pClk50M'
Slack : 15.810
TNS   : 0.000

Type  : Slow 1200mV 85C Model Setup 'altera_reserved_tck'
Slack : 45.576
TNS   : 0.000

Type  : Slow 1200mV 85C Model Setup 'pGPIO1_IN[0]'
Slack : 77.309
TNS   : 0.000

Type  : Slow 1200mV 85C Model Setup 'pllmain_inst|altpll_component|auto_generated|pll1|clk[4]'
Slack : 122.788
TNS   : 0.000

Type  : Slow 1200mV 85C Model Setup 'pllpcm48k_inst|altpll_component|auto_generated|pll1|clk[0]'
Slack : 158.306
TNS   : 0.000

Type  : Slow 1200mV 85C Model Setup 'pllpcm44k1_inst|altpll_component|auto_generated|pll1|clk[0]'
Slack : 172.429
TNS   : 0.000

Type  : Slow 1200mV 85C Model Hold 'pllmain_inst|altpll_component|auto_generated|pll1|clk[3]'
Slack : 0.226
TNS   : 0.000

Type  : Slow 1200mV 85C Model Hold 'pllmain_inst|altpll_component|auto_generated|pll1|clk[0]'
Slack : 0.254
TNS   : 0.000

Type  : Slow 1200mV 85C Model Hold 'pllpcm48k_inst|altpll_component|auto_generated|pll1|clk[1]'
Slack : 0.356
TNS   : 0.000

Type  : Slow 1200mV 85C Model Hold 'plldvi_inst|altpll_component|auto_generated|pll1|clk[0]'
Slack : 0.357
TNS   : 0.000

Type  : Slow 1200mV 85C Model Hold 'altera_reserved_tck'
Slack : 0.358
TNS   : 0.000

Type  : Slow 1200mV 85C Model Hold 'pllmain_inst|altpll_component|auto_generated|pll1|clk[4]'
Slack : 0.358
TNS   : 0.000

Type  : Slow 1200mV 85C Model Hold 'pllpcm44k1_inst|altpll_component|auto_generated|pll1|clk[0]'
Slack : 0.358
TNS   : 0.000

Type  : Slow 1200mV 85C Model Hold 'pllpcm48k_inst|altpll_component|auto_generated|pll1|clk[0]'
Slack : 0.358
TNS   : 0.000

Type  : Slow 1200mV 85C Model Hold 'plldvi_inst|altpll_component|auto_generated|pll1|clk[1]'
Slack : 0.372
TNS   : 0.000

Type  : Slow 1200mV 85C Model Hold 'pClk50M'
Slack : 0.382
TNS   : 0.000

Type  : Slow 1200mV 85C Model Hold 'pGPIO1_IN[0]'
Slack : 0.385
TNS   : 0.000

Type  : Slow 1200mV 85C Model Recovery 'pllmain_inst|altpll_component|auto_generated|pll1|clk[0]'
Slack : 5.542
TNS   : 0.000

Type  : Slow 1200mV 85C Model Recovery 'pllmain_inst|altpll_component|auto_generated|pll1|clk[3]'
Slack : 27.807
TNS   : 0.000

Type  : Slow 1200mV 85C Model Recovery 'altera_reserved_tck'
Slack : 96.344
TNS   : 0.000

Type  : Slow 1200mV 85C Model Removal 'altera_reserved_tck'
Slack : 1.050
TNS   : 0.000

Type  : Slow 1200mV 85C Model Removal 'pllmain_inst|altpll_component|auto_generated|pll1|clk[3]'
Slack : 1.230
TNS   : 0.000

Type  : Slow 1200mV 85C Model Removal 'pllmain_inst|altpll_component|auto_generated|pll1|clk[0]'
Slack : 1.794
TNS   : 0.000

Type  : Slow 1200mV 85C Model Minimum Pulse Width 'plldvi_inst|altpll_component|auto_generated|pll1|clk[1]'
Slack : 3.454
TNS   : 0.000

Type  : Slow 1200mV 85C Model Minimum Pulse Width 'pllmain_inst|altpll_component|auto_generated|pll1|clk[0]'
Slack : 4.738
TNS   : 0.000

Type  : Slow 1200mV 85C Model Minimum Pulse Width 'pClk50M'
Slack : 9.557
TNS   : 0.000

Type  : Slow 1200mV 85C Model Minimum Pulse Width 'plldvi_inst|altpll_component|auto_generated|pll1|clk[0]'
Slack : 18.270
TNS   : 0.000

Type  : Slow 1200mV 85C Model Minimum Pulse Width 'pGPIO1_IN[1]'
Slack : 19.731
TNS   : 0.000

Type  : Slow 1200mV 85C Model Minimum Pulse Width 'pllmain_inst|altpll_component|auto_generated|pll1|clk[3]'
Slack : 30.943
TNS   : 0.000

Type  : Slow 1200mV 85C Model Minimum Pulse Width 'pGPIO1_IN[0]'
Slack : 39.568
TNS   : 0.000

Type  : Slow 1200mV 85C Model Minimum Pulse Width 'altera_reserved_tck'
Slack : 49.501
TNS   : 0.000

Type  : Slow 1200mV 85C Model Minimum Pulse Width 'pllmain_inst|altpll_component|auto_generated|pll1|clk[4]'
Slack : 62.247
TNS   : 0.000

Type  : Slow 1200mV 85C Model Minimum Pulse Width 'pllpcm48k_inst|altpll_component|auto_generated|pll1|clk[0]'
Slack : 79.748
TNS   : 0.000

Type  : Slow 1200mV 85C Model Minimum Pulse Width 'pllpcm44k1_inst|altpll_component|auto_generated|pll1|clk[0]'
Slack : 86.808
TNS   : 0.000

Type  : Slow 1200mV 85C Model Minimum Pulse Width 'pllpcm48k_inst|altpll_component|auto_generated|pll1|clk[1]'
Slack : 159.793
TNS   : 0.000

Type  : Slow 1200mV 0C Model Setup 'pllmain_inst|altpll_component|auto_generated|pll1|clk[3]'
Slack : -3.955
TNS   : -586.669

Type  : Slow 1200mV 0C Model Setup 'plldvi_inst|altpll_component|auto_generated|pll1|clk[0]'
Slack : -3.082
TNS   : -42.763

Type  : Slow 1200mV 0C Model Setup 'pllpcm48k_inst|altpll_component|auto_generated|pll1|clk[1]'
Slack : -0.597
TNS   : -22.695

Type  : Slow 1200mV 0C Model Setup 'pllmain_inst|altpll_component|auto_generated|pll1|clk[0]'
Slack : -0.306
TNS   : -0.751

Type  : Slow 1200mV 0C Model Setup 'plldvi_inst|altpll_component|auto_generated|pll1|clk[1]'
Slack : 3.986
TNS   : 0.000

Type  : Slow 1200mV 0C Model Setup 'pClk50M'
Slack : 16.274
TNS   : 0.000

Type  : Slow 1200mV 0C Model Setup 'altera_reserved_tck'
Slack : 46.176
TNS   : 0.000

Type  : Slow 1200mV 0C Model Setup 'pGPIO1_IN[0]'
Slack : 77.641
TNS   : 0.000

Type  : Slow 1200mV 0C Model Setup 'pllmain_inst|altpll_component|auto_generated|pll1|clk[4]'
Slack : 123.011
TNS   : 0.000

Type  : Slow 1200mV 0C Model Setup 'pllpcm48k_inst|altpll_component|auto_generated|pll1|clk[0]'
Slack : 158.499
TNS   : 0.000

Type  : Slow 1200mV 0C Model Setup 'pllpcm44k1_inst|altpll_component|auto_generated|pll1|clk[0]'
Slack : 172.620
TNS   : 0.000

Type  : Slow 1200mV 0C Model Hold 'pllmain_inst|altpll_component|auto_generated|pll1|clk[3]'
Slack : 0.222
TNS   : 0.000

Type  : Slow 1200mV 0C Model Hold 'pllmain_inst|altpll_component|auto_generated|pll1|clk[0]'
Slack : 0.251
TNS   : 0.000

Type  : Slow 1200mV 0C Model Hold 'altera_reserved_tck'
Slack : 0.311
TNS   : 0.000

Type  : Slow 1200mV 0C Model Hold 'plldvi_inst|altpll_component|auto_generated|pll1|clk[0]'
Slack : 0.311
TNS   : 0.000

Type  : Slow 1200mV 0C Model Hold 'pllpcm44k1_inst|altpll_component|auto_generated|pll1|clk[0]'
Slack : 0.311
TNS   : 0.000

Type  : Slow 1200mV 0C Model Hold 'pllpcm48k_inst|altpll_component|auto_generated|pll1|clk[0]'
Slack : 0.312
TNS   : 0.000

Type  : Slow 1200mV 0C Model Hold 'pllpcm48k_inst|altpll_component|auto_generated|pll1|clk[1]'
Slack : 0.312
TNS   : 0.000

Type  : Slow 1200mV 0C Model Hold 'pllmain_inst|altpll_component|auto_generated|pll1|clk[4]'
Slack : 0.313
TNS   : 0.000

Type  : Slow 1200mV 0C Model Hold 'pClk50M'
Slack : 0.333
TNS   : 0.000

Type  : Slow 1200mV 0C Model Hold 'plldvi_inst|altpll_component|auto_generated|pll1|clk[1]'
Slack : 0.338
TNS   : 0.000

Type  : Slow 1200mV 0C Model Hold 'pGPIO1_IN[0]'
Slack : 0.341
TNS   : 0.000

Type  : Slow 1200mV 0C Model Recovery 'pllmain_inst|altpll_component|auto_generated|pll1|clk[0]'
Slack : 6.038
TNS   : 0.000

Type  : Slow 1200mV 0C Model Recovery 'pllmain_inst|altpll_component|auto_generated|pll1|clk[3]'
Slack : 28.207
TNS   : 0.000

Type  : Slow 1200mV 0C Model Recovery 'altera_reserved_tck'
Slack : 96.755
TNS   : 0.000

Type  : Slow 1200mV 0C Model Removal 'altera_reserved_tck'
Slack : 0.958
TNS   : 0.000

Type  : Slow 1200mV 0C Model Removal 'pllmain_inst|altpll_component|auto_generated|pll1|clk[3]'
Slack : 1.106
TNS   : 0.000

Type  : Slow 1200mV 0C Model Removal 'pllmain_inst|altpll_component|auto_generated|pll1|clk[0]'
Slack : 1.619
TNS   : 0.000

Type  : Slow 1200mV 0C Model Minimum Pulse Width 'plldvi_inst|altpll_component|auto_generated|pll1|clk[1]'
Slack : 3.449
TNS   : 0.000

Type  : Slow 1200mV 0C Model Minimum Pulse Width 'pllmain_inst|altpll_component|auto_generated|pll1|clk[0]'
Slack : 4.737
TNS   : 0.000

Type  : Slow 1200mV 0C Model Minimum Pulse Width 'pClk50M'
Slack : 9.555
TNS   : 0.000

Type  : Slow 1200mV 0C Model Minimum Pulse Width 'plldvi_inst|altpll_component|auto_generated|pll1|clk[0]'
Slack : 18.264
TNS   : 0.000

Type  : Slow 1200mV 0C Model Minimum Pulse Width 'pGPIO1_IN[1]'
Slack : 19.716
TNS   : 0.000

Type  : Slow 1200mV 0C Model Minimum Pulse Width 'pllmain_inst|altpll_component|auto_generated|pll1|clk[3]'
Slack : 30.965
TNS   : 0.000

Type  : Slow 1200mV 0C Model Minimum Pulse Width 'pGPIO1_IN[0]'
Slack : 39.563
TNS   : 0.000

Type  : Slow 1200mV 0C Model Minimum Pulse Width 'altera_reserved_tck'
Slack : 49.445
TNS   : 0.000

Type  : Slow 1200mV 0C Model Minimum Pulse Width 'pllmain_inst|altpll_component|auto_generated|pll1|clk[4]'
Slack : 62.245
TNS   : 0.000

Type  : Slow 1200mV 0C Model Minimum Pulse Width 'pllpcm48k_inst|altpll_component|auto_generated|pll1|clk[0]'
Slack : 79.746
TNS   : 0.000

Type  : Slow 1200mV 0C Model Minimum Pulse Width 'pllpcm44k1_inst|altpll_component|auto_generated|pll1|clk[0]'
Slack : 86.804
TNS   : 0.000

Type  : Slow 1200mV 0C Model Minimum Pulse Width 'pllpcm48k_inst|altpll_component|auto_generated|pll1|clk[1]'
Slack : 159.785
TNS   : 0.000

Type  : Fast 1200mV 0C Model Setup 'plldvi_inst|altpll_component|auto_generated|pll1|clk[0]'
Slack : -1.856
TNS   : -25.699

Type  : Fast 1200mV 0C Model Setup 'pllmain_inst|altpll_component|auto_generated|pll1|clk[3]'
Slack : -1.587
TNS   : -58.616

Type  : Fast 1200mV 0C Model Setup 'pllpcm48k_inst|altpll_component|auto_generated|pll1|clk[1]'
Slack : 0.402
TNS   : 0.000

Type  : Fast 1200mV 0C Model Setup 'pllmain_inst|altpll_component|auto_generated|pll1|clk[0]'
Slack : 0.719
TNS   : 0.000

Type  : Fast 1200mV 0C Model Setup 'plldvi_inst|altpll_component|auto_generated|pll1|clk[1]'
Slack : 5.076
TNS   : 0.000

Type  : Fast 1200mV 0C Model Setup 'pClk50M'
Slack : 17.602
TNS   : 0.000

Type  : Fast 1200mV 0C Model Setup 'altera_reserved_tck'
Slack : 47.779
TNS   : 0.000

Type  : Fast 1200mV 0C Model Setup 'pGPIO1_IN[0]'
Slack : 78.475
TNS   : 0.000

Type  : Fast 1200mV 0C Model Setup 'pllmain_inst|altpll_component|auto_generated|pll1|clk[4]'
Slack : 123.783
TNS   : 0.000

Type  : Fast 1200mV 0C Model Setup 'pllpcm48k_inst|altpll_component|auto_generated|pll1|clk[0]'
Slack : 159.047
TNS   : 0.000

Type  : Fast 1200mV 0C Model Setup 'pllpcm44k1_inst|altpll_component|auto_generated|pll1|clk[0]'
Slack : 173.169
TNS   : 0.000

Type  : Fast 1200mV 0C Model Hold 'pllmain_inst|altpll_component|auto_generated|pll1|clk[3]'
Slack : 0.097
TNS   : 0.000

Type  : Fast 1200mV 0C Model Hold 'pllmain_inst|altpll_component|auto_generated|pll1|clk[0]'
Slack : 0.112
TNS   : 0.000

Type  : Fast 1200mV 0C Model Hold 'pllpcm48k_inst|altpll_component|auto_generated|pll1|clk[1]'
Slack : 0.185
TNS   : 0.000

Type  : Fast 1200mV 0C Model Hold 'altera_reserved_tck'
Slack : 0.186
TNS   : 0.000

Type  : Fast 1200mV 0C Model Hold 'pllmain_inst|altpll_component|auto_generated|pll1|clk[4]'
Slack : 0.186
TNS   : 0.000

Type  : Fast 1200mV 0C Model Hold 'pllpcm44k1_inst|altpll_component|auto_generated|pll1|clk[0]'
Slack : 0.186
TNS   : 0.000

Type  : Fast 1200mV 0C Model Hold 'plldvi_inst|altpll_component|auto_generated|pll1|clk[0]'
Slack : 0.187
TNS   : 0.000

Type  : Fast 1200mV 0C Model Hold 'pllpcm48k_inst|altpll_component|auto_generated|pll1|clk[0]'
Slack : 0.187
TNS   : 0.000

Type  : Fast 1200mV 0C Model Hold 'plldvi_inst|altpll_component|auto_generated|pll1|clk[1]'
Slack : 0.191
TNS   : 0.000

Type  : Fast 1200mV 0C Model Hold 'pClk50M'
Slack : 0.201
TNS   : 0.000

Type  : Fast 1200mV 0C Model Hold 'pGPIO1_IN[0]'
Slack : 0.208
TNS   : 0.000

Type  : Fast 1200mV 0C Model Recovery 'pllmain_inst|altpll_component|auto_generated|pll1|clk[0]'
Slack : 7.317
TNS   : 0.000

Type  : Fast 1200mV 0C Model Recovery 'pllmain_inst|altpll_component|auto_generated|pll1|clk[3]'
Slack : 29.169
TNS   : 0.000

Type  : Fast 1200mV 0C Model Recovery 'altera_reserved_tck'
Slack : 97.811
TNS   : 0.000

Type  : Fast 1200mV 0C Model Removal 'altera_reserved_tck'
Slack : 0.569
TNS   : 0.000

Type  : Fast 1200mV 0C Model Removal 'pllmain_inst|altpll_component|auto_generated|pll1|clk[3]'
Slack : 0.680
TNS   : 0.000

Type  : Fast 1200mV 0C Model Removal 'pllmain_inst|altpll_component|auto_generated|pll1|clk[0]'
Slack : 0.993
TNS   : 0.000

Type  : Fast 1200mV 0C Model Minimum Pulse Width 'plldvi_inst|altpll_component|auto_generated|pll1|clk[1]'
Slack : 3.486
TNS   : 0.000

Type  : Fast 1200mV 0C Model Minimum Pulse Width 'pllmain_inst|altpll_component|auto_generated|pll1|clk[0]'
Slack : 4.748
TNS   : 0.000

Type  : Fast 1200mV 0C Model Minimum Pulse Width 'pClk50M'
Slack : 9.292
TNS   : 0.000

Type  : Fast 1200mV 0C Model Minimum Pulse Width 'plldvi_inst|altpll_component|auto_generated|pll1|clk[0]'
Slack : 18.300
TNS   : 0.000

Type  : Fast 1200mV 0C Model Minimum Pulse Width 'pGPIO1_IN[1]'
Slack : 19.435
TNS   : 0.000

Type  : Fast 1200mV 0C Model Minimum Pulse Width 'pllmain_inst|altpll_component|auto_generated|pll1|clk[3]'
Slack : 30.999
TNS   : 0.000

Type  : Fast 1200mV 0C Model Minimum Pulse Width 'pGPIO1_IN[0]'
Slack : 39.299
TNS   : 0.000

Type  : Fast 1200mV 0C Model Minimum Pulse Width 'altera_reserved_tck'
Slack : 49.294
TNS   : 0.000

Type  : Fast 1200mV 0C Model Minimum Pulse Width 'pllmain_inst|altpll_component|auto_generated|pll1|clk[4]'
Slack : 62.283
TNS   : 0.000

Type  : Fast 1200mV 0C Model Minimum Pulse Width 'pllpcm48k_inst|altpll_component|auto_generated|pll1|clk[0]'
Slack : 79.781
TNS   : 0.000

Type  : Fast 1200mV 0C Model Minimum Pulse Width 'pllpcm44k1_inst|altpll_component|auto_generated|pll1|clk[0]'
Slack : 86.841
TNS   : 0.000

Type  : Fast 1200mV 0C Model Minimum Pulse Width 'pllpcm48k_inst|altpll_component|auto_generated|pll1|clk[1]'
Slack : 159.772
TNS   : 0.000

------------------------------------------------------------
