Archive member included to satisfy reference by file (symbol)

c:/intelfpga_lite/21.1/nios2eds/bin/gnu/h-x86_64-mingw32/bin/../lib/gcc/nios2-elf/10.3.1/../../../../../H-x86_64-mingw32/nios2-elf/lib/mno-hw-mul\libsmallc.a(lib_a-memcpy.o)
                              obj/default/main.o (memcpy)
c:/intelfpga_lite/21.1/nios2eds/bin/gnu/h-x86_64-mingw32/bin/../lib/gcc/nios2-elf/10.3.1/../../../../../H-x86_64-mingw32/nios2-elf/lib/mno-hw-mul\libsmallc.a(lib_a-vsnprintf.o)
                              obj/default/main.o (vsnprintf)
c:/intelfpga_lite/21.1/nios2eds/bin/gnu/h-x86_64-mingw32/bin/../lib/gcc/nios2-elf/10.3.1/../../../../../H-x86_64-mingw32/nios2-elf/lib/mno-hw-mul\libsmallc.a(lib_a-fvwrite_small_str.o)
                              c:/intelfpga_lite/21.1/nios2eds/bin/gnu/h-x86_64-mingw32/bin/../lib/gcc/nios2-elf/10.3.1/../../../../../H-x86_64-mingw32/nios2-elf/lib/mno-hw-mul\libsmallc.a(lib_a-vsnprintf.o) (__sfvwrite_small_str)
c:/intelfpga_lite/21.1/nios2eds/bin/gnu/h-x86_64-mingw32/bin/../lib/gcc/nios2-elf/10.3.1/../../../../../H-x86_64-mingw32/nios2-elf/lib/mno-hw-mul\libsmallc.a(lib_a-impure.o)
                              c:/intelfpga_lite/21.1/nios2eds/bin/gnu/h-x86_64-mingw32/bin/../lib/gcc/nios2-elf/10.3.1/../../../../../H-x86_64-mingw32/nios2-elf/lib/mno-hw-mul\libsmallc.a(lib_a-vsnprintf.o) (_impure_ptr)
c:/intelfpga_lite/21.1/nios2eds/bin/gnu/h-x86_64-mingw32/bin/../lib/gcc/nios2-elf/10.3.1/../../../../../H-x86_64-mingw32/nios2-elf/lib/mno-hw-mul\libsmallc.a(lib_a-memmove.o)
                              c:/intelfpga_lite/21.1/nios2eds/bin/gnu/h-x86_64-mingw32/bin/../lib/gcc/nios2-elf/10.3.1/../../../../../H-x86_64-mingw32/nios2-elf/lib/mno-hw-mul\libsmallc.a(lib_a-fvwrite_small_str.o) (memmove)
c:/intelfpga_lite/21.1/nios2eds/bin/gnu/h-x86_64-mingw32/bin/../lib/gcc/nios2-elf/10.3.1/../../../../../H-x86_64-mingw32/nios2-elf/lib/mno-hw-mul\libsmallc.a(lib_a-svfprintf.o)
                              c:/intelfpga_lite/21.1/nios2eds/bin/gnu/h-x86_64-mingw32/bin/../lib/gcc/nios2-elf/10.3.1/../../../../../H-x86_64-mingw32/nios2-elf/lib/mno-hw-mul\libsmallc.a(lib_a-vsnprintf.o) (___svfprintf_internal_r)
c:/intelfpga_lite/21.1/nios2eds/bin/gnu/h-x86_64-mingw32/bin/../lib/gcc/nios2-elf/10.3.1/../../../../../H-x86_64-mingw32/nios2-elf/lib/mno-hw-mul\libsmallc.a(lib_a-strlen.o)
                              c:/intelfpga_lite/21.1/nios2eds/bin/gnu/h-x86_64-mingw32/bin/../lib/gcc/nios2-elf/10.3.1/../../../../../H-x86_64-mingw32/nios2-elf/lib/mno-hw-mul\libsmallc.a(lib_a-svfprintf.o) (strlen)
c:/intelfpga_lite/21.1/nios2eds/bin/gnu/h-x86_64-mingw32/bin/../lib/gcc/nios2-elf/10.3.1/mno-hw-mul\libgcc.a(lib2-divmod.o)
                              c:/intelfpga_lite/21.1/nios2eds/bin/gnu/h-x86_64-mingw32/bin/../lib/gcc/nios2-elf/10.3.1/../../../../../H-x86_64-mingw32/nios2-elf/lib/mno-hw-mul\libsmallc.a(lib_a-svfprintf.o) (__udivsi3)
c:/intelfpga_lite/21.1/nios2eds/bin/gnu/h-x86_64-mingw32/bin/../lib/gcc/nios2-elf/10.3.1/mno-hw-mul\libgcc.a(lib2-mul.o)
                              c:/intelfpga_lite/21.1/nios2eds/bin/gnu/h-x86_64-mingw32/bin/../lib/gcc/nios2-elf/10.3.1/../../../../../H-x86_64-mingw32/nios2-elf/lib/mno-hw-mul\libsmallc.a(lib_a-svfprintf.o) (__mulsi3)
c:/Users/ohnaka/work/github/X68k-KeplerX-RTL/GreenPAK/fpga-writer/Eclipse/GreenPAKWriter_BSP\libhal_bsp.a(alt_dcache_flush_all.o)
                              obj/default/main.o (alt_dcache_flush_all)
c:/Users/ohnaka/work/github/X68k-KeplerX-RTL/GreenPAK/fpga-writer/Eclipse/GreenPAKWriter_BSP\libhal_bsp.a(alt_iic.o)
                              obj/default/main.o (alt_ic_isr_register)
c:/Users/ohnaka/work/github/X68k-KeplerX-RTL/GreenPAK/fpga-writer/Eclipse/GreenPAKWriter_BSP\libhal_bsp.a(alt_iic_isr_register.o)
                              c:/Users/ohnaka/work/github/X68k-KeplerX-RTL/GreenPAK/fpga-writer/Eclipse/GreenPAKWriter_BSP\libhal_bsp.a(alt_iic.o) (alt_iic_isr_register)
c:/Users/ohnaka/work/github/X68k-KeplerX-RTL/GreenPAK/fpga-writer/Eclipse/GreenPAKWriter_BSP\libhal_bsp.a(alt_irq_entry.o)
                              c:/Users/ohnaka/work/github/X68k-KeplerX-RTL/GreenPAK/fpga-writer/Eclipse/GreenPAKWriter_BSP\libhal_bsp.a(alt_iic_isr_register.o) (alt_irq_entry)
c:/Users/ohnaka/work/github/X68k-KeplerX-RTL/GreenPAK/fpga-writer/Eclipse/GreenPAKWriter_BSP\libhal_bsp.a(alt_irq_handler.o)
                              c:/Users/ohnaka/work/github/X68k-KeplerX-RTL/GreenPAK/fpga-writer/Eclipse/GreenPAKWriter_BSP\libhal_bsp.a(alt_iic_isr_register.o) (alt_irq)
c:/Users/ohnaka/work/github/X68k-KeplerX-RTL/GreenPAK/fpga-writer/Eclipse/GreenPAKWriter_BSP\libhal_bsp.a(alt_irq_vars.o)
                              c:/Users/ohnaka/work/github/X68k-KeplerX-RTL/GreenPAK/fpga-writer/Eclipse/GreenPAKWriter_BSP\libhal_bsp.a(alt_iic.o) (alt_irq_active)
c:/Users/ohnaka/work/github/X68k-KeplerX-RTL/GreenPAK/fpga-writer/Eclipse/GreenPAKWriter_BSP\libhal_bsp.a(alt_load.o)
[...]
Memory Configuration

Name             Origin             Length             Attributes
reset            0x0000000000020000 0x0000000000000020
onchip_memory    0x0000000000020020 0x0000000000007fe0
slave_mem        0x0000000000048000 0x0000000000000100
textram          0x0000000000050000 0x0000000000002000
*default*        0x0000000000000000 0xffffffffffffffff

Linker script and memory map

LOAD c:/Users/ohnaka/work/github/X68k-KeplerX-RTL/GreenPAK/fpga-writer/Eclipse/GreenPAKWriter_BSP/obj/HAL/src/crt0.o
LOAD obj/default/main.o
LOAD c:/intelfpga_lite/21.1/nios2eds/bin/gnu/h-x86_64-mingw32/bin/../lib/gcc/nios2-elf/10.3.1/../../../../../H-x86_64-mingw32/nios2-elf/lib/mno-hw-mul\libstdc++.a
LOAD c:/intelfpga_lite/21.1/nios2eds/bin/gnu/h-x86_64-mingw32/bin/../lib/gcc/nios2-elf/10.3.1/../../../../../H-x86_64-mingw32/nios2-elf/lib/mno-hw-mul\libm.a
LOAD c:/intelfpga_lite/21.1/nios2eds/bin/gnu/h-x86_64-mingw32/bin/../lib/gcc/nios2-elf/10.3.1/mno-hw-mul\libgcc.a
START GROUP
LOAD c:/intelfpga_lite/21.1/nios2eds/bin/gnu/h-x86_64-mingw32/bin/../lib/gcc/nios2-elf/10.3.1/../../../../../H-x86_64-mingw32/nios2-elf/lib/mno-hw-mul\libsmallc.a
LOAD c:/intelfpga_lite/21.1/nios2eds/bin/gnu/h-x86_64-mingw32/bin/../lib/gcc/nios2-elf/10.3.1/mno-hw-mul\libgcc.a
LOAD c:/Users/ohnaka/work/github/X68k-KeplerX-RTL/GreenPAK/fpga-writer/Eclipse/GreenPAKWriter_BSP\libhal_bsp.a
LOAD c:/intelfpga_lite/21.1/nios2eds/bin/gnu/h-x86_64-mingw32/bin/../lib/gcc/nios2-elf/10.3.1/../../../../../H-x86_64-mingw32/nios2-elf/lib/mno-hw-mul\libm.a
END GROUP
LOAD c:/intelfpga_lite/21.1/nios2eds/bin/gnu/h-x86_64-mingw32/bin/../lib/gcc/nios2-elf/10.3.1/mno-hw-mul\libgcc.a
                0x0000000000020000                __alt_mem_onchip_memory = 0x20000
                0x0000000000048000                __alt_mem_slave_mem = 0x48000
                0x0000000000050000                __alt_mem_textram = 0x50000

.entry          0x0000000000020000       0x20
 *(.entry)
 .entry         0x0000000000020000       0x20 c:/Users/ohnaka/work/github/X68k-KeplerX-RTL/GreenPAK/fpga-writer/Eclipse/GreenPAKWriter_BSP/obj/HAL/src/crt0.o
                0x0000000000020000                __reset

.exceptions     0x0000000000020020      0x204
                0x0000000000020020                PROVIDE (__ram_exceptions_start = ABSOLUTE (.))
                0x0000000000020020                . = ALIGN (0x20)
 *(.irq)
 *(.exceptions.entry.label)
 .exceptions.entry.label
                0x0000000000020020        0x0 c:/Users/ohnaka/work/github/X68k-KeplerX-RTL/GreenPAK/fpga-writer/Eclipse/GreenPAKWriter_BSP\libhal_bsp.a(alt_irq_entry.o)
                0x0000000000020020                alt_irq_entry
 .exceptions.entry.label
                0x0000000000020020        0x0 c:/Users/ohnaka/work/github/X68k-KeplerX-RTL/GreenPAK/fpga-writer/Eclipse/GreenPAKWriter_BSP\libhal_bsp.a(alt_exception_entry.o)
                0x0000000000020020                alt_exception
 *(.exceptions.entry.user)
 *(.exceptions.entry.ecc_fatal)
 *(.exceptions.entry)
 .exceptions.entry
                0x0000000000020020       0x54 c:/Users/ohnaka/work/github/X68k-KeplerX-RTL/GreenPAK/fpga-writer/Eclipse/GreenPAKWriter_BSP\libhal_bsp.a(alt_exception_entry.o)
 *(.exceptions.irqtest.user)
 *(.exceptions.irqtest)
 .exceptions.irqtest
                0x0000000000020074       0x10 c:/Users/ohnaka/work/github/X68k-KeplerX-RTL/GreenPAK/fpga-writer/Eclipse/GreenPAKWriter_BSP\libhal_bsp.a(alt_irq_entry.o)
 *(.exceptions.irqhandler.user)
 *(.exceptions.irqhandler)
 .exceptions.irqhandler
                0x0000000000020084        0x4 c:/Users/ohnaka/work/github/X68k-KeplerX-RTL/GreenPAK/fpga-writer/Eclipse/GreenPAKWriter_BSP\libhal_bsp.a(alt_irq_entry.o)
 *(.exceptions.irqreturn.user)
 *(.exceptions.irqreturn)
 .exceptions.irqreturn
                0x0000000000020088        0x4 c:/Users/ohnaka/work/github/X68k-KeplerX-RTL/GreenPAK/fpga-writer/Eclipse/GreenPAKWriter_BSP\libhal_bsp.a(alt_irq_entry.o)
 *(.exceptions.notirq.label)
 .exceptions.notirq.label
                0x000000000002008c        0x0 c:/Users/ohnaka/work/github/X68k-KeplerX-RTL/GreenPAK/fpga-writer/Eclipse/GreenPAKWriter_BSP\libhal_bsp.a(alt_irq_entry.o)
 *(.exceptions.notirq.user)
 *(.exceptions.notirq)
 .exceptions.notirq
                0x000000000002008c        0x8 c:/Users/ohnaka/work/github/X68k-KeplerX-RTL/GreenPAK/fpga-writer/Eclipse/GreenPAKWriter_BSP\libhal_bsp.a(alt_exception_entry.o)
 *(.exceptions.soft.user)
 *(.exceptions.soft)
 *(.exceptions.unknown.user)
 *(.exceptions.unknown)
 .exceptions.unknown
                0x0000000000020094       0x14 c:/Users/ohnaka/work/github/X68k-KeplerX-RTL/GreenPAK/fpga-writer/Eclipse/GreenPAKWriter_BSP\libhal_bsp.a(alt_exception_entry.o)
 *(.exceptions.exit.label)
 .exceptions.exit.label
                0x00000000000200a8        0x0 c:/Users/ohnaka/work/github/X68k-KeplerX-RTL/GreenPAK/fpga-writer/Eclipse/GreenPAKWriter_BSP\libhal_bsp.a(alt_irq_entry.o)
 .exceptions.exit.label
                0x00000000000200a8        0x0 c:/Users/ohnaka/work/github/X68k-KeplerX-RTL/GreenPAK/fpga-writer/Eclipse/GreenPAKWriter_BSP\libhal_bsp.a(alt_exception_entry.o)
 *(.exceptions.exit.user)
 *(.exceptions.exit)
 .exceptions.exit
                0x00000000000200a8       0x54 c:/Users/ohnaka/work/github/X68k-KeplerX-RTL/GreenPAK/fpga-writer/Eclipse/GreenPAKWriter_BSP\libhal_bsp.a(alt_exception_entry.o)
 *(.exceptions)
 .exceptions    0x00000000000200fc       0xc8 c:/Users/ohnaka/work/github/X68k-KeplerX-RTL/GreenPAK/fpga-writer/Eclipse/GreenPAKWriter_BSP\libhal_bsp.a(alt_irq_handler.o)
                0x00000000000200fc                alt_irq_handler
 .exceptions    0x00000000000201c4       0x60 c:/Users/ohnaka/work/github/X68k-KeplerX-RTL/GreenPAK/fpga-writer/Eclipse/GreenPAKWriter_BSP\libhal_bsp.a(alt_instruction_exception_entry.o)
                0x00000000000201c4                alt_instruction_exception_entry
                0x0000000000020224                PROVIDE (__ram_exceptions_end = ABSOLUTE (.))
                0x0000000000020020                PROVIDE (__flash_exceptions_start = LOADADDR (.exceptions))

.text           0x0000000000020224     0x6e50
                [!provide]                        PROVIDE (stext = ABSOLUTE (.))
 *(.interp)
 *(.hash)
 *(.dynsym)
 *(.dynstr)
 *(.gnu.version)
 *(.gnu.version_d)
 *(.gnu.version_r)
 *(.rel.init)
 *(.rela.init)
 *(.rel.text .rel.text.* .rel.gnu.linkonce.t.*)
 *(.rela.text .rela.text.* .rela.gnu.linkonce.t.*)
 *(.rel.fini)
 *(.rela.fini)
 *(.rel.rodata .rel.rodata.* .rel.gnu.linkonce.r.*)
 *(.rela.rodata .rela.rodata.* .rela.gnu.linkonce.r.*)
 *(.rel.data .rel.data.* .rel.gnu.linkonce.d.*)
 *(.rela.data .rela.data.* .rela.gnu.linkonce.d.*)
 *(.rel.tdata .rel.tdata.* .rel.gnu.linkonce.td.*)
 *(.rela.tdata .rela.tdata.* .rela.gnu.linkonce.td.*)
 *(.rel.tbss .rel.tbss.* .rel.gnu.linkonce.tb.*)
 *(.rela.tbss .rela.tbss.* .rela.gnu.linkonce.tb.*)
 *(.rel.ctors)
 *(.rela.ctors)
 *(.rel.dtors)
 *(.rela.dtors)
 *(.rel.got)
 *(.rela.got)
 *(.rel.sdata .rel.sdata.* .rel.gnu.linkonce.s.*)
 *(.rela.sdata .rela.sdata.* .rela.gnu.linkonce.s.*)
 *(.rel.sbss .rel.sbss.* .rel.gnu.linkonce.sb.*)
 *(.rela.sbss .rela.sbss.* .rela.gnu.linkonce.sb.*)
 *(.rel.sdata2 .rel.sdata2.* .rel.gnu.linkonce.s2.*)
 *(.rela.sdata2 .rela.sdata2.* .rela.gnu.linkonce.s2.*)
 *(.rel.sbss2 .rel.sbss2.* .rel.gnu.linkonce.sb2.*)
 *(.rela.sbss2 .rela.sbss2.* .rela.gnu.linkonce.sb2.*)
 *(.rel.bss .rel.bss.* .rel.gnu.linkonce.b.*)
 *(.rela.bss .rela.bss.* .rela.gnu.linkonce.b.*)
 *(.rel.plt)
 *(.rela.plt)
 *(.rel.dyn)
 *(.init)
 *(.plt)
 *(.text .stub .text.* .gnu.linkonce.t.*)
 .text          0x0000000000020224       0x3c c:/Users/ohnaka/work/github/X68k-KeplerX-RTL/GreenPAK/fpga-writer/Eclipse/GreenPAKWriter_BSP/obj/HAL/src/crt0.o
                0x0000000000020224                _start
 .text          0x0000000000020260      0x840 obj/default/main.o
                0x0000000000020260                kxlog
                0x00000000000205a4                init
                0x0000000000020758                read_gp_nvm
                0x0000000000020918                dump
                0x0000000000020a0c                main
 .text          0x0000000000020aa0        0x0 c:/intelfpga_lite/21.1/nios2eds/bin/gnu/h-x86_64-mingw32/bin/../lib/gcc/nios2-elf/10.3.1/../../../../../H-x86_64-mingw32/nios2-elf/lib/mno-hw-mul\libsmallc.a(lib_a-memcpy.o)
 .text.memcpy   0x0000000000020aa0       0x28 c:/intelfpga_lite/21.1/nios2eds/bin/gnu/h-x86_64-mingw32/bin/../lib/gcc/nios2-elf/10.3.1/../../../../../H-x86_64-mingw32/nios2-elf/lib/mno-hw-mul\libsmallc.a(lib_a-memcpy.o)
                0x0000000000020aa0                memcpy
 .text          0x0000000000020ac8        0x0 c:/intelfpga_lite/21.1/nios2eds/bin/gnu/h-x86_64-mingw32/bin/../lib/gcc/nios2-elf/10.3.1/../../../../../H-x86_64-mingw32/nios2-elf/lib/mno-hw-mul\libsmallc.a(lib_a-vsnprintf.o)
 .text._vsnprintf_r
                0x0000000000020ac8       0xb4 c:/intelfpga_lite/21.1/nios2eds/bin/gnu/h-x86_64-mingw32/bin/../lib/gcc/nios2-elf/10.3.1/../../../../../H-x86_64-mingw32/nios2-elf/lib/mno-hw-mul\libsmallc.a(lib_a-vsnprintf.o)
                0x0000000000020ac8                _vsnprintf_r
 .text.vsnprintf
                0x0000000000020b7c       0x30 c:/intelfpga_lite/21.1/nios2eds/bin/gnu/h-x86_64-mingw32/bin/../lib/gcc/nios2-elf/10.3.1/../../../../../H-x86_64-mingw32/nios2-elf/lib/mno-hw-mul\libsmallc.a(lib_a-vsnprintf.o)
                0x0000000000020b7c                vsnprintf
 .text          0x0000000000020bac        0x0 c:/intelfpga_lite/21.1/nios2eds/bin/gnu/h-x86_64-mingw32/bin/../lib/gcc/nios2-elf/10.3.1/../../../../../H-x86_64-mingw32/nios2-elf/lib/mno-hw-mul\libsmallc.a(lib_a-fvwrite_small_str.o)
 .text.__sfvwrite_small_str
                0x0000000000020bac       0x98 c:/intelfpga_lite/21.1/nios2eds/bin/gnu/h-x86_64-mingw32/bin/../lib/gcc/nios2-elf/10.3.1/../../../../../H-x86_64-mingw32/nios2-elf/lib/mno-hw-mul\libsmallc.a(lib_a-fvwrite_small_str.o)
                0x0000000000020bac                __sfvwrite_small_str
 .text          0x0000000000020c44        0x0 c:/intelfpga_lite/21.1/nios2eds/bin/gnu/h-x86_64-mingw32/bin/../lib/gcc/nios2-elf/10.3.1/../../../../../H-x86_64-mingw32/nios2-elf/lib/mno-hw-mul\libsmallc.a(lib_a-impure.o)
 .text          0x0000000000020c44        0x0 c:/intelfpga_lite/21.1/nios2eds/bin/gnu/h-x86_64-mingw32/bin/../lib/gcc/nios2-elf/10.3.1/../../../../../H-x86_64-mingw32/nios2-elf/lib/mno-hw-mul\libsmallc.a(lib_a-memmove.o)
 .text.memmove  0x0000000000020c44       0x60 c:/intelfpga_lite/21.1/nios2eds/bin/gnu/h-x86_64-mingw32/bin/../lib/gcc/nios2-elf/10.3.1/../../../../../H-x86_64-mingw32/nios2-elf/lib/mno-hw-mul\libsmallc.a(lib_a-memmove.o)
                0x0000000000020c44                memmove
 .text          0x0000000000020ca4        0x0 c:/intelfpga_lite/21.1/nios2eds/bin/gnu/h-x86_64-mingw32/bin/../lib/gcc/nios2-elf/10.3.1/../../../../../H-x86_64-mingw32/nios2-elf/lib/mno-hw-mul\libsmallc.a(lib_a-svfprintf.o)
 .text.print_repeat
                0x0000000000020ca4       0x6c c:/intelfpga_lite/21.1/nios2eds/bin/gnu/h-x86_64-mingw32/bin/../lib/gcc/nios2-elf/10.3.1/../../../../../H-x86_64-mingw32/nios2-elf/lib/mno-hw-mul\libsmallc.a(lib_a-svfprintf.o)
 .text.___svfprintf_internal_r
                0x0000000000020d10      0x50c c:/intelfpga_lite/21.1/nios2eds/bin/gnu/h-x86_64-mingw32/bin/../lib/gcc/nios2-elf/10.3.1/../../../../../H-x86_64-mingw32/nios2-elf/lib/mno-hw-mul\libsmallc.a(lib_a-svfprintf.o)
                0x0000000000020d10                ___svfprintf_internal_r
 .text.__vfprintf_internal_unused
                0x000000000002121c       0x18 c:/intelfpga_lite/21.1/nios2eds/bin/gnu/h-x86_64-mingw32/bin/../lib/gcc/nios2-elf/10.3.1/../../../../../H-x86_64-mingw32/nios2-elf/lib/mno-hw-mul\libsmallc.a(lib_a-svfprintf.o)
                0x000000000002121c                __vfprintf_internal_unused
 .text          0x0000000000021234        0x0 c:/intelfpga_lite/21.1/nios2eds/bin/gnu/h-x86_64-mingw32/bin/../lib/gcc/nios2-elf/10.3.1/../../../../../H-x86_64-mingw32/nios2-elf/lib/mno-hw-mul\libsmallc.a(lib_a-strlen.o)
 .text.strlen   0x0000000000021234       0x1c c:/intelfpga_lite/21.1/nios2eds/bin/gnu/h-x86_64-mingw32/bin/../lib/gcc/nios2-elf/10.3.1/../../../../../H-x86_64-mingw32/nios2-elf/lib/mno-hw-mul\libsmallc.a(lib_a-strlen.o)
                0x0000000000021234                strlen
 .text          0x0000000000021250      0x1b4 c:/intelfpga_lite/21.1/nios2eds/bin/gnu/h-x86_64-mingw32/bin/../lib/gcc/nios2-elf/10.3.1/mno-hw-mul\libgcc.a(lib2-divmod.o)
                0x0000000000021250                __divsi3
                0x00000000000212d0                __modsi3
                0x0000000000021344                __udivsi3
                0x00000000000213a8                __umodsi3
 .text          0x0000000000021404       0x28 c:/intelfpga_lite/21.1/nios2eds/bin/gnu/h-x86_64-mingw32/bin/../lib/gcc/nios2-elf/10.3.1/mno-hw-mul\libgcc.a(lib2-mul.o)
                0x0000000000021404                __mulsi3
 .text          0x000000000002142c       0x20 c:/Users/ohnaka/work/github/X68k-KeplerX-RTL/GreenPAK/fpga-writer/Eclipse/GreenPAKWriter_BSP\libhal_bsp.a(alt_dcache_flush_all.o)
                0x000000000002142c                alt_dcache_flush_all
 .text          0x000000000002144c      0x1b0 c:/Users/ohnaka/work/github/X68k-KeplerX-RTL/GreenPAK/fpga-writer/Eclipse/GreenPAKWriter_BSP\libhal_bsp.a(alt_iic.o)
                0x000000000002144c                alt_ic_isr_register
                0x000000000002149c                alt_ic_irq_enable
                0x0000000000021524                alt_ic_irq_disable
                0x00000000000215b0                alt_ic_irq_enabled
 .text          0x00000000000215fc       0xe8 c:/Users/ohnaka/work/github/X68k-KeplerX-RTL/GreenPAK/fpga-writer/Eclipse/GreenPAKWriter_BSP\libhal_bsp.a(alt_iic_isr_register.o)
                0x00000000000215fc                alt_iic_isr_register
 .text          0x00000000000216e4        0x0 c:/Users/ohnaka/work/github/X68k-KeplerX-RTL/GreenPAK/fpga-writer/Eclipse/GreenPAKWriter_BSP\libhal_bsp.a(alt_irq_entry.o)
 .text          0x00000000000216e4        0x0 c:/Users/ohnaka/work/github/X68k-KeplerX-RTL/GreenPAK/fpga-writer/Eclipse/GreenPAKWriter_BSP\libhal_bsp.a(alt_irq_handler.o)
 .text          0x00000000000216e4        0x0 c:/Users/ohnaka/work/github/X68k-KeplerX-RTL/GreenPAK/fpga-writer/Eclipse/GreenPAKWriter_BSP\libhal_bsp.a(alt_irq_vars.o)
 .text          0x00000000000216e4       0xec c:/Users/ohnaka/work/github/X68k-KeplerX-RTL/GreenPAK/fpga-writer/Eclipse/GreenPAKWriter_BSP\libhal_bsp.a(alt_load.o)
                0x000000000002174c                alt_load
 .text          0x00000000000217d0       0x7c c:/Users/ohnaka/work/github/X68k-KeplerX-RTL/GreenPAK/fpga-writer/Eclipse/GreenPAKWriter_BSP\libhal_bsp.a(alt_main.o)
                0x00000000000217d0                alt_main
 .text          0x000000000002184c      0x22c c:/Users/ohnaka/work/github/X68k-KeplerX-RTL/GreenPAK/fpga-writer/Eclipse/GreenPAKWriter_BSP\libhal_bsp.a(alt_printf.o)
                0x000000000002184c                alt_printf
 .text          0x0000000000021a78       0x30 c:/Users/ohnaka/work/github/X68k-KeplerX-RTL/GreenPAK/fpga-writer/Eclipse/GreenPAKWriter_BSP\libhal_bsp.a(alt_putchar.o)
                0x0000000000021a78                alt_putchar
 .text          0x0000000000021aa8       0xdc c:/Users/ohnaka/work/github/X68k-KeplerX-RTL/GreenPAK/fpga-writer/Eclipse/GreenPAKWriter_BSP\libhal_bsp.a(alt_sys_init.o)
                0x0000000000021adc                alt_irq_init
                0x0000000000021b18                alt_sys_init
 .text          0x0000000000021b84      0x4f8 c:/Users/ohnaka/work/github/X68k-KeplerX-RTL/GreenPAK/fpga-writer/Eclipse/GreenPAKWriter_BSP\libhal_bsp.a(altera_avalon_fifo_util.o)
                0x0000000000021b84                altera_avalon_fifo_init
                0x0000000000021c1c                altera_avalon_fifo_read_status
                0x0000000000021c58                altera_avalon_fifo_read_ienable
                0x0000000000021c94                altera_avalon_fifo_read_almostfull
                0x0000000000021cc0                altera_avalon_fifo_read_almostempty
                0x0000000000021cec                altera_avalon_fifo_read_event
                0x0000000000021d28                altera_avalon_fifo_read_level
                0x0000000000021d50                altera_avalon_fifo_clear_event
                0x0000000000021db0                altera_avalon_fifo_write_ienable
                0x0000000000021e08                altera_avalon_fifo_write_almostfull
                0x0000000000021e60                altera_avalon_fifo_write_almostempty
                0x0000000000021eb8                altera_avalon_fifo_write_fifo
                0x0000000000021f10                altera_avalon_read_fifo
                0x0000000000021f7c                altera_avalon_fifo_read_fifo
                0x0000000000021fc8                altera_avalon_fifo_write_other_info
                0x0000000000022028                altera_avalon_fifo_read_other_info
                0x0000000000022054                altera_avalon_fifo_read_backpressure
 .text          0x000000000002207c     0x1c2c c:/Users/ohnaka/work/github/X68k-KeplerX-RTL/GreenPAK/fpga-writer/Eclipse/GreenPAKWriter_BSP\libhal_bsp.a(altera_avalon_i2c.o)
                0x000000000002218c                alt_avalon_i2c_register_optional_irq_handler
                0x000000000002227c                alt_avalon_i2c_register_callback
                0x00000000000222d0                alt_avalon_i2c_init
                0x00000000000223bc                alt_avalon_i2c_open
                0x00000000000223fc                alt_avalon_i2c_enable
                0x0000000000022494                alt_avalon_i2c_disable
                0x00000000000224e0                alt_avalon_i2c_master_config_get
                0x0000000000022590                alt_avalon_i2c_master_config_set
                0x000000000002265c                alt_avalon_i2c_master_config_speed_get
                0x00000000000226f0                alt_avalon_i2c_master_config_speed_set
                0x00000000000227ec                alt_avalon_i2c_is_busy
                0x0000000000022830                alt_avalon_i2c_rx_read_available
                0x00000000000228dc                alt_avalon_i2c_rx_read
                0x0000000000022984                alt_avalon_i2c_cmd_write
                0x0000000000022a70                alt_avalon_i2c_send_address
                0x0000000000022b60                alt_avalon_i2c_master_target_get
                0x0000000000022b98                alt_avalon_i2c_master_target_set
                0x0000000000022bcc                alt_avalon_i2c_check_nack
                0x0000000000022c18                alt_avalon_i2c_check_arblost
                0x0000000000022c64                alt_avalon_i2c_interrupt_transaction_status
                0x0000000000022da0                alt_avalon_i2c_master_tx
                0x0000000000022e88                alt_avalon_i2c_master_rx
                0x0000000000022fc4                alt_avalon_i2c_master_tx_rx
                0x000000000002318c                alt_avalon_i2c_master_transmit
                0x000000000002334c                alt_avalon_i2c_master_transmit_using_interrupts
                0x0000000000023558                alt_avalon_i2c_master_receive
                0x0000000000023768                alt_avalon_i2c_master_receive_using_interrupts
                0x0000000000023958                alt_avalon_i2c_int_status_get
                0x00000000000239b0                alt_avalon_i2c_int_raw_status_get
                0x00000000000239f4                alt_avalon_i2c_int_clear
                0x0000000000023a30                alt_avalon_i2c_int_disable
                0x0000000000023a9c                alt_avalon_i2c_int_enable
                0x0000000000023b04                alt_avalon_i2c_enabled_ints_get
                0x0000000000023b48                alt_avalon_i2c_rx_fifo_threshold_get
                0x0000000000023b94                alt_avalon_i2c_rx_fifo_threshold_set
                0x0000000000023bf8                alt_avalon_i2c_tfr_cmd_fifo_threshold_get
                0x0000000000023c44                alt_avalon_i2c_tfr_cmd_fifo_threshold_set
 .text          0x0000000000023ca8       0xc0 c:/Users/ohnaka/work/github/X68k-KeplerX-RTL/GreenPAK/fpga-writer/Eclipse/GreenPAKWriter_BSP\libhal_bsp.a(altera_avalon_jtag_uart_fd.o)
                0x0000000000023ca8                altera_avalon_jtag_uart_read_fd
                0x0000000000023d08                altera_avalon_jtag_uart_write_fd
 .text          0x0000000000023d68       0xec c:/Users/ohnaka/work/github/X68k-KeplerX-RTL/GreenPAK/fpga-writer/Eclipse/GreenPAKWriter_BSP\libhal_bsp.a(altera_avalon_jtag_uart_read.o)
                0x0000000000023d68                altera_avalon_jtag_uart_read
 .text          0x0000000000023e54       0x94 c:/Users/ohnaka/work/github/X68k-KeplerX-RTL/GreenPAK/fpga-writer/Eclipse/GreenPAKWriter_BSP\libhal_bsp.a(altera_avalon_jtag_uart_write.o)
                0x0000000000023e54                altera_avalon_jtag_uart_write
 .text          0x0000000000023ee8     0x1fd8 c:/Users/ohnaka/work/github/X68k-KeplerX-RTL/GreenPAK/fpga-writer/Eclipse/GreenPAKWriter_BSP\libhal_bsp.a(altera_msgdma.o)
                0x0000000000024ab0                alt_msgdma_construct_standard_st_to_mm_descriptor
                0x0000000000024b08                alt_msgdma_construct_standard_mm_to_st_descriptor
                0x0000000000024b60                alt_msgdma_construct_standard_mm_to_mm_descriptor
                0x0000000000024bb8                alt_msgdma_construct_extended_st_to_mm_descriptor
                0x0000000000024c48                alt_msgdma_construct_extended_mm_to_st_descriptor
                0x0000000000024cd8                alt_msgdma_construct_extended_mm_to_mm_descriptor
                0x0000000000024fb8                alt_msgdma_construct_prefetcher_standard_mm_to_mm_descriptor
                0x0000000000025010                alt_msgdma_construct_prefetcher_standard_st_to_mm_descriptor
                0x0000000000025068                alt_msgdma_construct_prefetcher_standard_mm_to_st_descriptor
                0x00000000000250c0                alt_msgdma_construct_prefetcher_extended_st_to_mm_descriptor
                0x0000000000025160                alt_msgdma_construct_prefetcher_extended_mm_to_st_descriptor
                0x00000000000251f8                alt_msgdma_construct_prefetcher_extended_mm_to_mm_descriptor
                0x00000000000252b0                alt_msgdma_prefetcher_add_standard_desc_to_list
                0x00000000000253a0                alt_msgdma_prefetcher_add_extended_desc_to_list
                0x0000000000025538                alt_msgdma_prefetcher_set_std_list_own_by_hw_bits
                0x0000000000025648                alt_msgdma_prefetcher_set_extd_list_own_by_hw_bits
                0x0000000000025794                alt_msgdma_start_prefetcher_with_list_addr
                0x0000000000025a5c                alt_msgdma_start_prefetcher_with_std_desc_list
                0x0000000000025b0c                alt_msgdma_start_prefetcher_with_extd_desc_list
                0x0000000000025bbc                alt_msgdma_open
                0x0000000000025c14                alt_msgdma_init
                0x0000000000025d7c                alt_msgdma_register_callback
                0x0000000000025dd0                alt_msgdma_standard_descriptor_async_transfer
                0x0000000000025e0c                alt_msgdma_extended_descriptor_async_transfer
                0x0000000000025e48                alt_msgdma_standard_descriptor_sync_transfer
                0x0000000000025e84                alt_msgdma_extended_descriptor_sync_transfer
 .text          0x0000000000025ec0      0x158 c:/Users/ohnaka/work/github/X68k-KeplerX-RTL/GreenPAK/fpga-writer/Eclipse/GreenPAKWriter_BSP\libhal_bsp.a(alt_busy_sleep.o)
                0x0000000000025ec0                alt_busy_sleep
 .text          0x0000000000026018      0x118 c:/Users/ohnaka/work/github/X68k-KeplerX-RTL/GreenPAK/fpga-writer/Eclipse/GreenPAKWriter_BSP\libhal_bsp.a(alt_close.o)
                0x0000000000026054                close
 .text          0x0000000000026130       0x28 c:/Users/ohnaka/work/github/X68k-KeplerX-RTL/GreenPAK/fpga-writer/Eclipse/GreenPAKWriter_BSP\libhal_bsp.a(alt_dcache_flush.o)
                0x0000000000026130                alt_dcache_flush
 .text          0x0000000000026158       0x2c c:/Users/ohnaka/work/github/X68k-KeplerX-RTL/GreenPAK/fpga-writer/Eclipse/GreenPAKWriter_BSP\libhal_bsp.a(alt_dev.o)
 .text          0x0000000000026184       0xe4 c:/Users/ohnaka/work/github/X68k-KeplerX-RTL/GreenPAK/fpga-writer/Eclipse/GreenPAKWriter_BSP\libhal_bsp.a(alt_dev_llist_insert.o)
                0x00000000000261c0                alt_dev_llist_insert
 .text          0x0000000000026268       0x64 c:/Users/ohnaka/work/github/X68k-KeplerX-RTL/GreenPAK/fpga-writer/Eclipse/GreenPAKWriter_BSP\libhal_bsp.a(alt_do_ctors.o)
                0x0000000000026268                _do_ctors
 .text          0x00000000000262cc       0x64 c:/Users/ohnaka/work/github/X68k-KeplerX-RTL/GreenPAK/fpga-writer/Eclipse/GreenPAKWriter_BSP\libhal_bsp.a(alt_do_dtors.o)
                0x00000000000262cc                _do_dtors
 .text          0x0000000000026330        0x0 c:/Users/ohnaka/work/github/X68k-KeplerX-RTL/GreenPAK/fpga-writer/Eclipse/GreenPAKWriter_BSP\libhal_bsp.a(alt_errno.o)
 .text          0x0000000000026330        0x0 c:/Users/ohnaka/work/github/X68k-KeplerX-RTL/GreenPAK/fpga-writer/Eclipse/GreenPAKWriter_BSP\libhal_bsp.a(alt_exception_entry.o)
 .text          0x0000000000026330       0x90 c:/Users/ohnaka/work/github/X68k-KeplerX-RTL/GreenPAK/fpga-writer/Eclipse/GreenPAKWriter_BSP\libhal_bsp.a(alt_find_dev.o)
                0x0000000000026330                alt_find_dev
 .text          0x00000000000263c0       0x20 c:/Users/ohnaka/work/github/X68k-KeplerX-RTL/GreenPAK/fpga-writer/Eclipse/GreenPAKWriter_BSP\libhal_bsp.a(alt_icache_flush_all.o)
                0x00000000000263c0                alt_icache_flush_all
 .text          0x00000000000263e0       0x98 c:/Users/ohnaka/work/github/X68k-KeplerX-RTL/GreenPAK/fpga-writer/Eclipse/GreenPAKWriter_BSP\libhal_bsp.a(alt_instruction_exception_entry.o)
                0x00000000000263e0                alt_exception_cause_generated_bad_addr
 .text          0x0000000000026478      0x150 c:/Users/ohnaka/work/github/X68k-KeplerX-RTL/GreenPAK/fpga-writer/Eclipse/GreenPAKWriter_BSP\libhal_bsp.a(alt_io_redirect.o)
                0x000000000002654c                alt_io_redirect
 .text          0x00000000000265c8      0x278 c:/Users/ohnaka/work/github/X68k-KeplerX-RTL/GreenPAK/fpga-writer/Eclipse/GreenPAKWriter_BSP\libhal_bsp.a(alt_open.o)
                0x00000000000266e0                open
 .text          0x0000000000026840       0x70 c:/Users/ohnaka/work/github/X68k-KeplerX-RTL/GreenPAK/fpga-writer/Eclipse/GreenPAKWriter_BSP\libhal_bsp.a(alt_release_fd.o)
                0x0000000000026840                alt_release_fd
 .text          0x00000000000268b0       0x24 c:/Users/ohnaka/work/github/X68k-KeplerX-RTL/GreenPAK/fpga-writer/Eclipse/GreenPAKWriter_BSP\libhal_bsp.a(altera_nios2_gen2_irq.o)
                0x00000000000268b0                altera_nios2_gen2_irq_init
 .text          0x00000000000268d4      0x108 c:/Users/ohnaka/work/github/X68k-KeplerX-RTL/GreenPAK/fpga-writer/Eclipse/GreenPAKWriter_BSP\libhal_bsp.a(alt_find_file.o)
                0x00000000000268d4                alt_find_file
 .text          0x00000000000269dc       0xb8 c:/Users/ohnaka/work/github/X68k-KeplerX-RTL/GreenPAK/fpga-writer/Eclipse/GreenPAKWriter_BSP\libhal_bsp.a(alt_get_fd.o)
                0x00000000000269dc                alt_get_fd
 .text          0x0000000000026a94        0x0 c:/intelfpga_lite/21.1/nios2eds/bin/gnu/h-x86_64-mingw32/bin/../lib/gcc/nios2-elf/10.3.1/../../../../../H-x86_64-mingw32/nios2-elf/lib/mno-hw-mul\libsmallc.a(lib_a-atexit.o)
 .text.atexit   0x0000000000026a94       0x14 c:/intelfpga_lite/21.1/nios2eds/bin/gnu/h-x86_64-mingw32/bin/../lib/gcc/nios2-elf/10.3.1/../../../../../H-x86_64-mingw32/nios2-elf/lib/mno-hw-mul\libsmallc.a(lib_a-atexit.o)
                0x0000000000026a94                atexit
 .text          0x0000000000026aa8        0x0 c:/intelfpga_lite/21.1/nios2eds/bin/gnu/h-x86_64-mingw32/bin/../lib/gcc/nios2-elf/10.3.1/../../../../../H-x86_64-mingw32/nios2-elf/lib/mno-hw-mul\libsmallc.a(lib_a-exit.o)
 .text.exit     0x0000000000026aa8       0x20 c:/intelfpga_lite/21.1/nios2eds/bin/gnu/h-x86_64-mingw32/bin/../lib/gcc/nios2-elf/10.3.1/../../../../../H-x86_64-mingw32/nios2-elf/lib/mno-hw-mul\libsmallc.a(lib_a-exit.o)
                0x0000000000026aa8                exit
 .text          0x0000000000026ac8        0x0 c:/intelfpga_lite/21.1/nios2eds/bin/gnu/h-x86_64-mingw32/bin/../lib/gcc/nios2-elf/10.3.1/../../../../../H-x86_64-mingw32/nios2-elf/lib/mno-hw-mul\libsmallc.a(lib_a-int_errno.o)
 .text          0x0000000000026ac8        0x0 c:/intelfpga_lite/21.1/nios2eds/bin/gnu/h-x86_64-mingw32/bin/../lib/gcc/nios2-elf/10.3.1/../../../../../H-x86_64-mingw32/nios2-elf/lib/mno-hw-mul\libsmallc.a(lib_a-memcmp.o)
 .text.memcmp   0x0000000000026ac8       0x30 c:/intelfpga_lite/21.1/nios2eds/bin/gnu/h-x86_64-mingw32/bin/../lib/gcc/nios2-elf/10.3.1/../../../../../H-x86_64-mingw32/nios2-elf/lib/mno-hw-mul\libsmallc.a(lib_a-memcmp.o)
                0x0000000000026ac8                memcmp
 .text          0x0000000000026af8        0x0 c:/intelfpga_lite/21.1/nios2eds/bin/gnu/h-x86_64-mingw32/bin/../lib/gcc/nios2-elf/10.3.1/../../../../../H-x86_64-mingw32/nios2-elf/lib/mno-hw-mul\libsmallc.a(lib_a-putchar.o)
 .text._putchar_r
                0x0000000000026af8        0x8 c:/intelfpga_lite/21.1/nios2eds/bin/gnu/h-x86_64-mingw32/bin/../lib/gcc/nios2-elf/10.3.1/../../../../../H-x86_64-mingw32/nios2-elf/lib/mno-hw-mul\libsmallc.a(lib_a-putchar.o)
                0x0000000000026af8                _putchar_r
 .text.putchar  0x0000000000026b00       0x18 c:/intelfpga_lite/21.1/nios2eds/bin/gnu/h-x86_64-mingw32/bin/../lib/gcc/nios2-elf/10.3.1/../../../../../H-x86_64-mingw32/nios2-elf/lib/mno-hw-mul\libsmallc.a(lib_a-putchar.o)
                0x0000000000026b00                putchar
 .text          0x0000000000026b18        0x0 c:/intelfpga_lite/21.1/nios2eds/bin/gnu/h-x86_64-mingw32/bin/../lib/gcc/nios2-elf/10.3.1/../../../../../H-x86_64-mingw32/nios2-elf/lib/mno-hw-mul\libsmallc.a(lib_a-__atexit.o)
 .text.__register_exitproc
                0x0000000000026b18      0x11c c:/intelfpga_lite/21.1/nios2eds/bin/gnu/h-x86_64-mingw32/bin/../lib/gcc/nios2-elf/10.3.1/../../../../../H-x86_64-mingw32/nios2-elf/lib/mno-hw-mul\libsmallc.a(lib_a-__atexit.o)
                0x0000000000026b18                __register_exitproc
 .text          0x0000000000026c34        0x0 c:/intelfpga_lite/21.1/nios2eds/bin/gnu/h-x86_64-mingw32/bin/../lib/gcc/nios2-elf/10.3.1/../../../../../H-x86_64-mingw32/nios2-elf/lib/mno-hw-mul\libsmallc.a(lib_a-__call_atexit.o)
 .text.__call_exitprocs
                0x0000000000026c34      0x12c c:/intelfpga_lite/21.1/nios2eds/bin/gnu/h-x86_64-mingw32/bin/../lib/gcc/nios2-elf/10.3.1/../../../../../H-x86_64-mingw32/nios2-elf/lib/mno-hw-mul\libsmallc.a(lib_a-__call_atexit.o)
                0x0000000000026c34                __call_exitprocs
 .text          0x0000000000026d60        0x0 c:/intelfpga_lite/21.1/nios2eds/bin/gnu/h-x86_64-mingw32/bin/../lib/gcc/nios2-elf/10.3.1/../../../../../H-x86_64-mingw32/nios2-elf/lib/mno-hw-mul\libsmallc.a(lib_a-putc.o)
 .text.putc     0x0000000000026d60       0x50 c:/intelfpga_lite/21.1/nios2eds/bin/gnu/h-x86_64-mingw32/bin/../lib/gcc/nios2-elf/10.3.1/../../../../../H-x86_64-mingw32/nios2-elf/lib/mno-hw-mul\libsmallc.a(lib_a-putc.o)
                0x0000000000026d60                putc
 .text._putc_r  0x0000000000026db0       0x54 c:/intelfpga_lite/21.1/nios2eds/bin/gnu/h-x86_64-mingw32/bin/../lib/gcc/nios2-elf/10.3.1/../../../../../H-x86_64-mingw32/nios2-elf/lib/mno-hw-mul\libsmallc.a(lib_a-putc.o)
                0x0000000000026db0                _putc_r
 .text          0x0000000000026e04        0x0 c:/intelfpga_lite/21.1/nios2eds/bin/gnu/h-x86_64-mingw32/bin/../lib/gcc/nios2-elf/10.3.1/../../../../../H-x86_64-mingw32/nios2-elf/lib/mno-hw-mul\libsmallc.a(lib_a-fvwrite_small_dev.o)
 .text.__sfvwrite_small_dev
                0x0000000000026e04       0xa8 c:/intelfpga_lite/21.1/nios2eds/bin/gnu/h-x86_64-mingw32/bin/../lib/gcc/nios2-elf/10.3.1/../../../../../H-x86_64-mingw32/nios2-elf/lib/mno-hw-mul\libsmallc.a(lib_a-fvwrite_small_dev.o)
                0x0000000000026e04                __sfvwrite_small_dev
 .text          0x0000000000026eac        0x0 c:/intelfpga_lite/21.1/nios2eds/bin/gnu/h-x86_64-mingw32/bin/../lib/gcc/nios2-elf/10.3.1/../../../../../H-x86_64-mingw32/nios2-elf/lib/mno-hw-mul\libsmallc.a(lib_a-writer.o)
 .text._write_r
                0x0000000000026eac       0x50 c:/intelfpga_lite/21.1/nios2eds/bin/gnu/h-x86_64-mingw32/bin/../lib/gcc/nios2-elf/10.3.1/../../../../../H-x86_64-mingw32/nios2-elf/lib/mno-hw-mul\libsmallc.a(lib_a-writer.o)
                0x0000000000026eac                _write_r
 .text          0x0000000000026efc       0x38 c:/Users/ohnaka/work/github/X68k-KeplerX-RTL/GreenPAK/fpga-writer/Eclipse/GreenPAKWriter_BSP\libhal_bsp.a(alt_exit.o)
                0x0000000000026efc                _exit
 .text          0x0000000000026f34      0x140 c:/Users/ohnaka/work/github/X68k-KeplerX-RTL/GreenPAK/fpga-writer/Eclipse/GreenPAKWriter_BSP\libhal_bsp.a(alt_write.o)
                0x0000000000026f70                write
 *(.gnu.warning.*)
 *(.fini)
                [!provide]                        PROVIDE (__etext = ABSOLUTE (.))
                [!provide]                        PROVIDE (_etext = ABSOLUTE (.))
                [!provide]                        PROVIDE (etext = ABSOLUTE (.))
 *(.eh_frame_hdr)
                0x0000000000027074                . = ALIGN (0x4)
                [!provide]                        PROVIDE (__preinit_array_start = ABSOLUTE (.))
 *(.preinit_array)
                [!provide]                        PROVIDE (__preinit_array_end = ABSOLUTE (.))
                [!provide]                        PROVIDE (__init_array_start = ABSOLUTE (.))
 *(.init_array)
                [!provide]                        PROVIDE (__init_array_end = ABSOLUTE (.))
                [!provide]                        PROVIDE (__fini_array_start = ABSOLUTE (.))
 *(.fini_array)
                [!provide]                        PROVIDE (__fini_array_end = ABSOLUTE (.))
 *(.eh_frame)
 *(.gcc_except_table .gcc_except_table.*)
 *(.dynamic)
                0x0000000000027074                PROVIDE (__CTOR_LIST__ = ABSOLUTE (.))
 *(.ctors)
 *(SORT_BY_NAME(.ctors.*))
                0x0000000000027074                PROVIDE (__CTOR_END__ = ABSOLUTE (.))
                0x0000000000027074                PROVIDE (__DTOR_LIST__ = ABSOLUTE (.))
 *(.dtors)
 *(SORT_BY_NAME(.dtors.*))
                0x0000000000027074                PROVIDE (__DTOR_END__ = ABSOLUTE (.))
 *(.jcr)
                0x0000000000027074                . = ALIGN (0x4)

.rodata         0x0000000000027074      0x3d0
                0x0000000000027074                PROVIDE (__ram_rodata_start = ABSOLUTE (.))
                0x0000000000027074                . = ALIGN (0x4)
 *(.rodata .rodata.* .gnu.linkonce.r.*)
 .rodata        0x0000000000027074      0x15c obj/default/main.o
 .rodata        0x00000000000271d0        0xf c:/Users/ohnaka/work/github/X68k-KeplerX-RTL/GreenPAK/fpga-writer/Eclipse/GreenPAKWriter_BSP\libhal_bsp.a(alt_main.o)
 *fill*         0x00000000000271df        0x1 
 .rodata        0x00000000000271e0       0x48 c:/Users/ohnaka/work/github/X68k-KeplerX-RTL/GreenPAK/fpga-writer/Eclipse/GreenPAKWriter_BSP\libhal_bsp.a(alt_sys_init.o)
 .rodata        0x0000000000027228       0x1d c:/Users/ohnaka/work/github/X68k-KeplerX-RTL/GreenPAK/fpga-writer/Eclipse/GreenPAKWriter_BSP\libhal_bsp.a(altera_avalon_i2c.o)
 *fill*         0x0000000000027245        0x3 
 .rodata        0x0000000000027248      0x1ed c:/Users/ohnaka/work/github/X68k-KeplerX-RTL/GreenPAK/fpga-writer/Eclipse/GreenPAKWriter_BSP\libhal_bsp.a(altera_msgdma.o)
 *fill*         0x0000000000027435        0x3 
 .rodata        0x0000000000027438        0xa c:/Users/ohnaka/work/github/X68k-KeplerX-RTL/GreenPAK/fpga-writer/Eclipse/GreenPAKWriter_BSP\libhal_bsp.a(alt_dev.o)
 *(.rodata1)
                0x0000000000027444                . = ALIGN (0x4)
 *fill*         0x0000000000027442        0x2 
                0x0000000000027444                PROVIDE (__ram_rodata_end = ABSOLUTE (.))
                0x0000000000027074                PROVIDE (__flash_rodata_start = LOADADDR (.rodata))

.rwdata         0x0000000000027444      0x39c load address 0x00000000000277e0
                0x0000000000027444                PROVIDE (__ram_rwdata_start = ABSOLUTE (.))
                0x0000000000027444                . = ALIGN (0x4)
 *(.got.plt)
 *(.got)
 *(.data1)
 *(.data .data.* .gnu.linkonce.d.*)
 .data          0x0000000000027444        0x0 c:/Users/ohnaka/work/github/X68k-KeplerX-RTL/GreenPAK/fpga-writer/Eclipse/GreenPAKWriter_BSP/obj/HAL/src/crt0.o
 .data          0x0000000000027444        0x0 obj/default/main.o
 .data          0x0000000000027444        0x0 c:/intelfpga_lite/21.1/nios2eds/bin/gnu/h-x86_64-mingw32/bin/../lib/gcc/nios2-elf/10.3.1/../../../../../H-x86_64-mingw32/nios2-elf/lib/mno-hw-mul\libsmallc.a(lib_a-memcpy.o)
 .data          0x0000000000027444        0x0 c:/intelfpga_lite/21.1/nios2eds/bin/gnu/h-x86_64-mingw32/bin/../lib/gcc/nios2-elf/10.3.1/../../../../../H-x86_64-mingw32/nios2-elf/lib/mno-hw-mul\libsmallc.a(lib_a-vsnprintf.o)
 .data          0x0000000000027444        0x0 c:/intelfpga_lite/21.1/nios2eds/bin/gnu/h-x86_64-mingw32/bin/../lib/gcc/nios2-elf/10.3.1/../../../../../H-x86_64-mingw32/nios2-elf/lib/mno-hw-mul\libsmallc.a(lib_a-fvwrite_small_str.o)
 .data          0x0000000000027444        0x0 c:/intelfpga_lite/21.1/nios2eds/bin/gnu/h-x86_64-mingw32/bin/../lib/gcc/nios2-elf/10.3.1/../../../../../H-x86_64-mingw32/nios2-elf/lib/mno-hw-mul\libsmallc.a(lib_a-impure.o)
 .data.impure_data
                0x0000000000027444       0xe4 c:/intelfpga_lite/21.1/nios2eds/bin/gnu/h-x86_64-mingw32/bin/../lib/gcc/nios2-elf/10.3.1/../../../../../H-x86_64-mingw32/nios2-elf/lib/mno-hw-mul\libsmallc.a(lib_a-impure.o)
 .data          0x0000000000027528        0x0 c:/intelfpga_lite/21.1/nios2eds/bin/gnu/h-x86_64-mingw32/bin/../lib/gcc/nios2-elf/10.3.1/../../../../../H-x86_64-mingw32/nios2-elf/lib/mno-hw-mul\libsmallc.a(lib_a-memmove.o)
 .data          0x0000000000027528        0x0 c:/intelfpga_lite/21.1/nios2eds/bin/gnu/h-x86_64-mingw32/bin/../lib/gcc/nios2-elf/10.3.1/../../../../../H-x86_64-mingw32/nios2-elf/lib/mno-hw-mul\libsmallc.a(lib_a-svfprintf.o)
 .data          0x0000000000027528        0x0 c:/intelfpga_lite/21.1/nios2eds/bin/gnu/h-x86_64-mingw32/bin/../lib/gcc/nios2-elf/10.3.1/../../../../../H-x86_64-mingw32/nios2-elf/lib/mno-hw-mul\libsmallc.a(lib_a-strlen.o)
 .data          0x0000000000027528        0x0 c:/intelfpga_lite/21.1/nios2eds/bin/gnu/h-x86_64-mingw32/bin/../lib/gcc/nios2-elf/10.3.1/mno-hw-mul\libgcc.a(lib2-divmod.o)
 .data          0x0000000000027528        0x0 c:/intelfpga_lite/21.1/nios2eds/bin/gnu/h-x86_64-mingw32/bin/../lib/gcc/nios2-elf/10.3.1/mno-hw-mul\libgcc.a(lib2-mul.o)
 .data          0x0000000000027528        0x0 c:/Users/ohnaka/work/github/X68k-KeplerX-RTL/GreenPAK/fpga-writer/Eclipse/GreenPAKWriter_BSP\libhal_bsp.a(alt_dcache_flush_all.o)
 .data          0x0000000000027528        0x0 c:/Users/ohnaka/work/github/X68k-KeplerX-RTL/GreenPAK/fpga-writer/Eclipse/GreenPAKWriter_BSP\libhal_bsp.a(alt_iic.o)
 .data          0x0000000000027528        0x0 c:/Users/ohnaka/work/github/X68k-KeplerX-RTL/GreenPAK/fpga-writer/Eclipse/GreenPAKWriter_BSP\libhal_bsp.a(alt_iic_isr_register.o)
 .data          0x0000000000027528        0x0 c:/Users/ohnaka/work/github/X68k-KeplerX-RTL/GreenPAK/fpga-writer/Eclipse/GreenPAKWriter_BSP\libhal_bsp.a(alt_irq_entry.o)
 .data          0x0000000000027528        0x0 c:/Users/ohnaka/work/github/X68k-KeplerX-RTL/GreenPAK/fpga-writer/Eclipse/GreenPAKWriter_BSP\libhal_bsp.a(alt_irq_handler.o)
 .data          0x0000000000027528        0x0 c:/Users/ohnaka/work/github/X68k-KeplerX-RTL/GreenPAK/fpga-writer/Eclipse/GreenPAKWriter_BSP\libhal_bsp.a(alt_irq_vars.o)
 .data          0x0000000000027528        0x0 c:/Users/ohnaka/work/github/X68k-KeplerX-RTL/GreenPAK/fpga-writer/Eclipse/GreenPAKWriter_BSP\libhal_bsp.a(alt_load.o)
 .data          0x0000000000027528        0x0 c:/Users/ohnaka/work/github/X68k-KeplerX-RTL/GreenPAK/fpga-writer/Eclipse/GreenPAKWriter_BSP\libhal_bsp.a(alt_main.o)
 .data          0x0000000000027528        0x0 c:/Users/ohnaka/work/github/X68k-KeplerX-RTL/GreenPAK/fpga-writer/Eclipse/GreenPAKWriter_BSP\libhal_bsp.a(alt_printf.o)
 .data          0x0000000000027528        0x0 c:/Users/ohnaka/work/github/X68k-KeplerX-RTL/GreenPAK/fpga-writer/Eclipse/GreenPAKWriter_BSP\libhal_bsp.a(alt_putchar.o)
 *fill*         0x0000000000027528        0x8 
 .data          0x0000000000027530       0xd0 c:/Users/ohnaka/work/github/X68k-KeplerX-RTL/GreenPAK/fpga-writer/Eclipse/GreenPAKWriter_BSP\libhal_bsp.a(alt_sys_init.o)
 .data          0x0000000000027600        0x0 c:/Users/ohnaka/work/github/X68k-KeplerX-RTL/GreenPAK/fpga-writer/Eclipse/GreenPAKWriter_BSP\libhal_bsp.a(altera_avalon_fifo_util.o)
 .data          0x0000000000027600        0x0 c:/Users/ohnaka/work/github/X68k-KeplerX-RTL/GreenPAK/fpga-writer/Eclipse/GreenPAKWriter_BSP\libhal_bsp.a(altera_avalon_i2c.o)
 .data          0x0000000000027600        0x0 c:/Users/ohnaka/work/github/X68k-KeplerX-RTL/GreenPAK/fpga-writer/Eclipse/GreenPAKWriter_BSP\libhal_bsp.a(altera_avalon_jtag_uart_fd.o)
 .data          0x0000000000027600        0x0 c:/Users/ohnaka/work/github/X68k-KeplerX-RTL/GreenPAK/fpga-writer/Eclipse/GreenPAKWriter_BSP\libhal_bsp.a(altera_avalon_jtag_uart_read.o)
 .data          0x0000000000027600        0x0 c:/Users/ohnaka/work/github/X68k-KeplerX-RTL/GreenPAK/fpga-writer/Eclipse/GreenPAKWriter_BSP\libhal_bsp.a(altera_avalon_jtag_uart_write.o)
 .data          0x0000000000027600        0x0 c:/Users/ohnaka/work/github/X68k-KeplerX-RTL/GreenPAK/fpga-writer/Eclipse/GreenPAKWriter_BSP\libhal_bsp.a(altera_msgdma.o)
 .data          0x0000000000027600        0x0 c:/Users/ohnaka/work/github/X68k-KeplerX-RTL/GreenPAK/fpga-writer/Eclipse/GreenPAKWriter_BSP\libhal_bsp.a(alt_busy_sleep.o)
 .data          0x0000000000027600        0x0 c:/Users/ohnaka/work/github/X68k-KeplerX-RTL/GreenPAK/fpga-writer/Eclipse/GreenPAKWriter_BSP\libhal_bsp.a(alt_close.o)
 .data          0x0000000000027600        0x0 c:/Users/ohnaka/work/github/X68k-KeplerX-RTL/GreenPAK/fpga-writer/Eclipse/GreenPAKWriter_BSP\libhal_bsp.a(alt_dcache_flush.o)
 .data          0x0000000000027600      0x1a8 c:/Users/ohnaka/work/github/X68k-KeplerX-RTL/GreenPAK/fpga-writer/Eclipse/GreenPAKWriter_BSP\libhal_bsp.a(alt_dev.o)
                0x0000000000027600                alt_dev_null
                0x0000000000027628                alt_fd_list
 .data          0x00000000000277a8        0x0 c:/Users/ohnaka/work/github/X68k-KeplerX-RTL/GreenPAK/fpga-writer/Eclipse/GreenPAKWriter_BSP\libhal_bsp.a(alt_dev_llist_insert.o)
 .data          0x00000000000277a8        0x0 c:/Users/ohnaka/work/github/X68k-KeplerX-RTL/GreenPAK/fpga-writer/Eclipse/GreenPAKWriter_BSP\libhal_bsp.a(alt_do_ctors.o)
 .data          0x00000000000277a8        0x0 c:/Users/ohnaka/work/github/X68k-KeplerX-RTL/GreenPAK/fpga-writer/Eclipse/GreenPAKWriter_BSP\libhal_bsp.a(alt_do_dtors.o)
 .data          0x00000000000277a8        0x0 c:/Users/ohnaka/work/github/X68k-KeplerX-RTL/GreenPAK/fpga-writer/Eclipse/GreenPAKWriter_BSP\libhal_bsp.a(alt_errno.o)
 .data          0x00000000000277a8        0x0 c:/Users/ohnaka/work/github/X68k-KeplerX-RTL/GreenPAK/fpga-writer/Eclipse/GreenPAKWriter_BSP\libhal_bsp.a(alt_exception_entry.o)
 .data          0x00000000000277a8        0x0 c:/Users/ohnaka/work/github/X68k-KeplerX-RTL/GreenPAK/fpga-writer/Eclipse/GreenPAKWriter_BSP\libhal_bsp.a(alt_find_dev.o)
 .data          0x00000000000277a8        0x0 c:/Users/ohnaka/work/github/X68k-KeplerX-RTL/GreenPAK/fpga-writer/Eclipse/GreenPAKWriter_BSP\libhal_bsp.a(alt_icache_flush_all.o)
 .data          0x00000000000277a8        0x0 c:/Users/ohnaka/work/github/X68k-KeplerX-RTL/GreenPAK/fpga-writer/Eclipse/GreenPAKWriter_BSP\libhal_bsp.a(alt_instruction_exception_entry.o)
 .data          0x00000000000277a8        0x0 c:/Users/ohnaka/work/github/X68k-KeplerX-RTL/GreenPAK/fpga-writer/Eclipse/GreenPAKWriter_BSP\libhal_bsp.a(alt_io_redirect.o)
 .data          0x00000000000277a8        0x0 c:/Users/ohnaka/work/github/X68k-KeplerX-RTL/GreenPAK/fpga-writer/Eclipse/GreenPAKWriter_BSP\libhal_bsp.a(alt_open.o)
 .data          0x00000000000277a8        0x0 c:/Users/ohnaka/work/github/X68k-KeplerX-RTL/GreenPAK/fpga-writer/Eclipse/GreenPAKWriter_BSP\libhal_bsp.a(alt_release_fd.o)
 .data          0x00000000000277a8        0x0 c:/Users/ohnaka/work/github/X68k-KeplerX-RTL/GreenPAK/fpga-writer/Eclipse/GreenPAKWriter_BSP\libhal_bsp.a(altera_nios2_gen2_irq.o)
 .data          0x00000000000277a8        0x0 c:/Users/ohnaka/work/github/X68k-KeplerX-RTL/GreenPAK/fpga-writer/Eclipse/GreenPAKWriter_BSP\libhal_bsp.a(alt_find_file.o)
 .data          0x00000000000277a8        0x0 c:/Users/ohnaka/work/github/X68k-KeplerX-RTL/GreenPAK/fpga-writer/Eclipse/GreenPAKWriter_BSP\libhal_bsp.a(alt_get_fd.o)
 .data          0x00000000000277a8        0x0 c:/intelfpga_lite/21.1/nios2eds/bin/gnu/h-x86_64-mingw32/bin/../lib/gcc/nios2-elf/10.3.1/../../../../../H-x86_64-mingw32/nios2-elf/lib/mno-hw-mul\libsmallc.a(lib_a-atexit.o)
 .data          0x00000000000277a8        0x0 c:/intelfpga_lite/21.1/nios2eds/bin/gnu/h-x86_64-mingw32/bin/../lib/gcc/nios2-elf/10.3.1/../../../../../H-x86_64-mingw32/nios2-elf/lib/mno-hw-mul\libsmallc.a(lib_a-exit.o)
 .data          0x00000000000277a8        0x0 c:/intelfpga_lite/21.1/nios2eds/bin/gnu/h-x86_64-mingw32/bin/../lib/gcc/nios2-elf/10.3.1/../../../../../H-x86_64-mingw32/nios2-elf/lib/mno-hw-mul\libsmallc.a(lib_a-int_errno.o)
 .data          0x00000000000277a8        0x0 c:/intelfpga_lite/21.1/nios2eds/bin/gnu/h-x86_64-mingw32/bin/../lib/gcc/nios2-elf/10.3.1/../../../../../H-x86_64-mingw32/nios2-elf/lib/mno-hw-mul\libsmallc.a(lib_a-memcmp.o)
 .data          0x00000000000277a8        0x0 c:/intelfpga_lite/21.1/nios2eds/bin/gnu/h-x86_64-mingw32/bin/../lib/gcc/nios2-elf/10.3.1/../../../../../H-x86_64-mingw32/nios2-elf/lib/mno-hw-mul\libsmallc.a(lib_a-putchar.o)
 .data          0x00000000000277a8        0x0 c:/intelfpga_lite/21.1/nios2eds/bin/gnu/h-x86_64-mingw32/bin/../lib/gcc/nios2-elf/10.3.1/../../../../../H-x86_64-mingw32/nios2-elf/lib/mno-hw-mul\libsmallc.a(lib_a-__atexit.o)
 .data          0x00000000000277a8        0x0 c:/intelfpga_lite/21.1/nios2eds/bin/gnu/h-x86_64-mingw32/bin/../lib/gcc/nios2-elf/10.3.1/../../../../../H-x86_64-mingw32/nios2-elf/lib/mno-hw-mul\libsmallc.a(lib_a-__call_atexit.o)
 .data          0x00000000000277a8        0x0 c:/intelfpga_lite/21.1/nios2eds/bin/gnu/h-x86_64-mingw32/bin/../lib/gcc/nios2-elf/10.3.1/../../../../../H-x86_64-mingw32/nios2-elf/lib/mno-hw-mul\libsmallc.a(lib_a-putc.o)
 .data          0x00000000000277a8        0x0 c:/intelfpga_lite/21.1/nios2eds/bin/gnu/h-x86_64-mingw32/bin/../lib/gcc/nios2-elf/10.3.1/../../../../../H-x86_64-mingw32/nios2-elf/lib/mno-hw-mul\libsmallc.a(lib_a-fvwrite_small_dev.o)
 .data          0x00000000000277a8        0x0 c:/intelfpga_lite/21.1/nios2eds/bin/gnu/h-x86_64-mingw32/bin/../lib/gcc/nios2-elf/10.3.1/../../../../../H-x86_64-mingw32/nios2-elf/lib/mno-hw-mul\libsmallc.a(lib_a-writer.o)
 .data          0x00000000000277a8        0x0 c:/Users/ohnaka/work/github/X68k-KeplerX-RTL/GreenPAK/fpga-writer/Eclipse/GreenPAKWriter_BSP\libhal_bsp.a(alt_exit.o)
 .data          0x00000000000277a8        0x0 c:/Users/ohnaka/work/github/X68k-KeplerX-RTL/GreenPAK/fpga-writer/Eclipse/GreenPAKWriter_BSP\libhal_bsp.a(alt_write.o)
                0x000000000002f7a8                _gp = ABSOLUTE ((. + 0x8000))
                [!provide]                        PROVIDE (gp = _gp)
 *(.rwdata .rwdata.*)
 *(.sdata .sdata.* .gnu.linkonce.s.*)
 .sdata         0x00000000000277a8        0x4 obj/default/main.o
                0x00000000000277a8                textram
 .sdata._global_impure_ptr
                0x00000000000277ac        0x4 c:/intelfpga_lite/21.1/nios2eds/bin/gnu/h-x86_64-mingw32/bin/../lib/gcc/nios2-elf/10.3.1/../../../../../H-x86_64-mingw32/nios2-elf/lib/mno-hw-mul\libsmallc.a(lib_a-impure.o)
                0x00000000000277ac                _global_impure_ptr
 .sdata._impure_ptr
                0x00000000000277b0        0x4 c:/intelfpga_lite/21.1/nios2eds/bin/gnu/h-x86_64-mingw32/bin/../lib/gcc/nios2-elf/10.3.1/../../../../../H-x86_64-mingw32/nios2-elf/lib/mno-hw-mul\libsmallc.a(lib_a-impure.o)
                0x00000000000277b0                _impure_ptr
 .sdata         0x00000000000277b4        0x4 c:/Users/ohnaka/work/github/X68k-KeplerX-RTL/GreenPAK/fpga-writer/Eclipse/GreenPAKWriter_BSP\libhal_bsp.a(alt_irq_vars.o)
                0x00000000000277b4                alt_priority_mask
 .sdata         0x00000000000277b8        0x8 c:/Users/ohnaka/work/github/X68k-KeplerX-RTL/GreenPAK/fpga-writer/Eclipse/GreenPAKWriter_BSP\libhal_bsp.a(altera_avalon_i2c.o)
                0x00000000000277b8                alt_avalon_i2c_list
 .sdata         0x00000000000277c0        0x8 c:/Users/ohnaka/work/github/X68k-KeplerX-RTL/GreenPAK/fpga-writer/Eclipse/GreenPAKWriter_BSP\libhal_bsp.a(altera_msgdma.o)
                0x00000000000277c0                alt_msgdma_list
 .sdata         0x00000000000277c8       0x14 c:/Users/ohnaka/work/github/X68k-KeplerX-RTL/GreenPAK/fpga-writer/Eclipse/GreenPAKWriter_BSP\libhal_bsp.a(alt_dev.o)
                0x00000000000277c8                alt_fs_list
                0x00000000000277d0                alt_dev_list
                0x00000000000277d8                alt_max_fd
 .sdata         0x00000000000277dc        0x4 c:/Users/ohnaka/work/github/X68k-KeplerX-RTL/GreenPAK/fpga-writer/Eclipse/GreenPAKWriter_BSP\libhal_bsp.a(alt_errno.o)
                0x00000000000277dc                alt_errno
 *(.sdata2 .sdata2.* .gnu.linkonce.s2.*)
                0x00000000000277e0                . = ALIGN (0x4)
                0x00000000000277e0                _edata = ABSOLUTE (.)
                [!provide]                        PROVIDE (edata = ABSOLUTE (.))
                0x00000000000277e0                PROVIDE (__ram_rwdata_end = ABSOLUTE (.))
                0x00000000000277e0                PROVIDE (__flash_rwdata_start = LOADADDR (.rwdata))

.bss            0x0000000000027b7c      0x164
                0x0000000000027b7c                __bss_start = ABSOLUTE (.)
                [!provide]                        PROVIDE (__sbss_start = ABSOLUTE (.))
                [!provide]                        PROVIDE (___sbss_start = ABSOLUTE (.))
 *(.dynsbss)
 *(.sbss .sbss.* .gnu.linkonce.sb.*)
 .sbss          0x0000000000027b7c       0x20 obj/default/main.o
                0x0000000000027b7c                stop
                0x0000000000027b80                vgatext_cur_x
                0x0000000000027b84                vgatext_cur_y
                0x0000000000027b88                tx_dma
                0x0000000000027b8c                dma_status
                0x0000000000027b90                i2c_dev
                0x0000000000027b94                i2c_status
                0x0000000000027b98                fifo_status
 .sbss          0x0000000000027b9c        0x4 c:/Users/ohnaka/work/github/X68k-KeplerX-RTL/GreenPAK/fpga-writer/Eclipse/GreenPAKWriter_BSP\libhal_bsp.a(alt_irq_vars.o)
                0x0000000000027b9c                alt_irq_active
 .sbss          0x0000000000027ba0        0xc c:/Users/ohnaka/work/github/X68k-KeplerX-RTL/GreenPAK/fpga-writer/Eclipse/GreenPAKWriter_BSP\libhal_bsp.a(alt_main.o)
                0x0000000000027ba0                alt_argc
                0x0000000000027ba4                alt_argv
                0x0000000000027ba8                alt_envp
 .sbss          0x0000000000027bac        0x4 c:/Users/ohnaka/work/github/X68k-KeplerX-RTL/GreenPAK/fpga-writer/Eclipse/GreenPAKWriter_BSP\libhal_bsp.a(alt_instruction_exception_entry.o)
                0x0000000000027bac                alt_instruction_exception_handler
 .sbss.errno    0x0000000000027bb0        0x4 c:/intelfpga_lite/21.1/nios2eds/bin/gnu/h-x86_64-mingw32/bin/../lib/gcc/nios2-elf/10.3.1/../../../../../H-x86_64-mingw32/nios2-elf/lib/mno-hw-mul\libsmallc.a(lib_a-int_errno.o)
                0x0000000000027bb0                errno
 *(.sbss2 .sbss2.* .gnu.linkonce.sb2.*)
 *(.scommon)
                [!provide]                        PROVIDE (__sbss_end = ABSOLUTE (.))
                [!provide]                        PROVIDE (___sbss_end = ABSOLUTE (.))
 *(.dynbss)
 *(.bss .bss.* .gnu.linkonce.b.*)
 .bss           0x0000000000027bb4        0x0 c:/Users/ohnaka/work/github/X68k-KeplerX-RTL/GreenPAK/fpga-writer/Eclipse/GreenPAKWriter_BSP/obj/HAL/src/crt0.o
 *fill*         0x0000000000027bb4        0xc 
 .bss           0x0000000000027bc0       0x20 obj/default/main.o
                0x0000000000027bc0                wr_desc
                0x0000000000027bd0                rd_desc
 .bss           0x0000000000027be0        0x0 c:/intelfpga_lite/21.1/nios2eds/bin/gnu/h-x86_64-mingw32/bin/../lib/gcc/nios2-elf/10.3.1/../../../../../H-x86_64-mingw32/nios2-elf/lib/mno-hw-mul\libsmallc.a(lib_a-memcpy.o)
 .bss           0x0000000000027be0        0x0 c:/intelfpga_lite/21.1/nios2eds/bin/gnu/h-x86_64-mingw32/bin/../lib/gcc/nios2-elf/10.3.1/../../../../../H-x86_64-mingw32/nios2-elf/lib/mno-hw-mul\libsmallc.a(lib_a-vsnprintf.o)
 .bss           0x0000000000027be0        0x0 c:/intelfpga_lite/21.1/nios2eds/bin/gnu/h-x86_64-mingw32/bin/../lib/gcc/nios2-elf/10.3.1/../../../../../H-x86_64-mingw32/nios2-elf/lib/mno-hw-mul\libsmallc.a(lib_a-fvwrite_small_str.o)
 .bss           0x0000000000027be0        0x0 c:/intelfpga_lite/21.1/nios2eds/bin/gnu/h-x86_64-mingw32/bin/../lib/gcc/nios2-elf/10.3.1/../../../../../H-x86_64-mingw32/nios2-elf/lib/mno-hw-mul\libsmallc.a(lib_a-impure.o)
 .bss           0x0000000000027be0        0x0 c:/intelfpga_lite/21.1/nios2eds/bin/gnu/h-x86_64-mingw32/bin/../lib/gcc/nios2-elf/10.3.1/../../../../../H-x86_64-mingw32/nios2-elf/lib/mno-hw-mul\libsmallc.a(lib_a-memmove.o)
 .bss           0x0000000000027be0        0x0 c:/intelfpga_lite/21.1/nios2eds/bin/gnu/h-x86_64-mingw32/bin/../lib/gcc/nios2-elf/10.3.1/../../../../../H-x86_64-mingw32/nios2-elf/lib/mno-hw-mul\libsmallc.a(lib_a-svfprintf.o)
 .bss           0x0000000000027be0        0x0 c:/intelfpga_lite/21.1/nios2eds/bin/gnu/h-x86_64-mingw32/bin/../lib/gcc/nios2-elf/10.3.1/../../../../../H-x86_64-mingw32/nios2-elf/lib/mno-hw-mul\libsmallc.a(lib_a-strlen.o)
 .bss           0x0000000000027be0        0x0 c:/intelfpga_lite/21.1/nios2eds/bin/gnu/h-x86_64-mingw32/bin/../lib/gcc/nios2-elf/10.3.1/mno-hw-mul\libgcc.a(lib2-divmod.o)
 .bss           0x0000000000027be0        0x0 c:/intelfpga_lite/21.1/nios2eds/bin/gnu/h-x86_64-mingw32/bin/../lib/gcc/nios2-elf/10.3.1/mno-hw-mul\libgcc.a(lib2-mul.o)
 .bss           0x0000000000027be0        0x0 c:/Users/ohnaka/work/github/X68k-KeplerX-RTL/GreenPAK/fpga-writer/Eclipse/GreenPAKWriter_BSP\libhal_bsp.a(alt_dcache_flush_all.o)
 .bss           0x0000000000027be0        0x0 c:/Users/ohnaka/work/github/X68k-KeplerX-RTL/GreenPAK/fpga-writer/Eclipse/GreenPAKWriter_BSP\libhal_bsp.a(alt_iic.o)
 .bss           0x0000000000027be0        0x0 c:/Users/ohnaka/work/github/X68k-KeplerX-RTL/GreenPAK/fpga-writer/Eclipse/GreenPAKWriter_BSP\libhal_bsp.a(alt_iic_isr_register.o)
 .bss           0x0000000000027be0        0x0 c:/Users/ohnaka/work/github/X68k-KeplerX-RTL/GreenPAK/fpga-writer/Eclipse/GreenPAKWriter_BSP\libhal_bsp.a(alt_irq_entry.o)
 .bss           0x0000000000027be0      0x100 c:/Users/ohnaka/work/github/X68k-KeplerX-RTL/GreenPAK/fpga-writer/Eclipse/GreenPAKWriter_BSP\libhal_bsp.a(alt_irq_handler.o)
                0x0000000000027be0                alt_irq
 .bss           0x0000000000027ce0        0x0 c:/Users/ohnaka/work/github/X68k-KeplerX-RTL/GreenPAK/fpga-writer/Eclipse/GreenPAKWriter_BSP\libhal_bsp.a(alt_irq_vars.o)
 .bss           0x0000000000027ce0        0x0 c:/Users/ohnaka/work/github/X68k-KeplerX-RTL/GreenPAK/fpga-writer/Eclipse/GreenPAKWriter_BSP\libhal_bsp.a(alt_load.o)
 .bss           0x0000000000027ce0        0x0 c:/Users/ohnaka/work/github/X68k-KeplerX-RTL/GreenPAK/fpga-writer/Eclipse/GreenPAKWriter_BSP\libhal_bsp.a(alt_main.o)
 .bss           0x0000000000027ce0        0x0 c:/Users/ohnaka/work/github/X68k-KeplerX-RTL/GreenPAK/fpga-writer/Eclipse/GreenPAKWriter_BSP\libhal_bsp.a(alt_printf.o)
 .bss           0x0000000000027ce0        0x0 c:/Users/ohnaka/work/github/X68k-KeplerX-RTL/GreenPAK/fpga-writer/Eclipse/GreenPAKWriter_BSP\libhal_bsp.a(alt_putchar.o)
 .bss           0x0000000000027ce0        0x0 c:/Users/ohnaka/work/github/X68k-KeplerX-RTL/GreenPAK/fpga-writer/Eclipse/GreenPAKWriter_BSP\libhal_bsp.a(alt_sys_init.o)
 .bss           0x0000000000027ce0        0x0 c:/Users/ohnaka/work/github/X68k-KeplerX-RTL/GreenPAK/fpga-writer/Eclipse/GreenPAKWriter_BSP\libhal_bsp.a(altera_avalon_fifo_util.o)
 .bss           0x0000000000027ce0        0x0 c:/Users/ohnaka/work/github/X68k-KeplerX-RTL/GreenPAK/fpga-writer/Eclipse/GreenPAKWriter_BSP\libhal_bsp.a(altera_avalon_i2c.o)
 .bss           0x0000000000027ce0        0x0 c:/Users/ohnaka/work/github/X68k-KeplerX-RTL/GreenPAK/fpga-writer/Eclipse/GreenPAKWriter_BSP\libhal_bsp.a(altera_avalon_jtag_uart_fd.o)
 .bss           0x0000000000027ce0        0x0 c:/Users/ohnaka/work/github/X68k-KeplerX-RTL/GreenPAK/fpga-writer/Eclipse/GreenPAKWriter_BSP\libhal_bsp.a(altera_avalon_jtag_uart_read.o)
 .bss           0x0000000000027ce0        0x0 c:/Users/ohnaka/work/github/X68k-KeplerX-RTL/GreenPAK/fpga-writer/Eclipse/GreenPAKWriter_BSP\libhal_bsp.a(altera_avalon_jtag_uart_write.o)
 .bss           0x0000000000027ce0        0x0 c:/Users/ohnaka/work/github/X68k-KeplerX-RTL/GreenPAK/fpga-writer/Eclipse/GreenPAKWriter_BSP\libhal_bsp.a(altera_msgdma.o)
 .bss           0x0000000000027ce0        0x0 c:/Users/ohnaka/work/github/X68k-KeplerX-RTL/GreenPAK/fpga-writer/Eclipse/GreenPAKWriter_BSP\libhal_bsp.a(alt_busy_sleep.o)
 .bss           0x0000000000027ce0        0x0 c:/Users/ohnaka/work/github/X68k-KeplerX-RTL/GreenPAK/fpga-writer/Eclipse/GreenPAKWriter_BSP\libhal_bsp.a(alt_close.o)
 .bss           0x0000000000027ce0        0x0 c:/Users/ohnaka/work/github/X68k-KeplerX-RTL/GreenPAK/fpga-writer/Eclipse/GreenPAKWriter_BSP\libhal_bsp.a(alt_dcache_flush.o)
 .bss           0x0000000000027ce0        0x0 c:/Users/ohnaka/work/github/X68k-KeplerX-RTL/GreenPAK/fpga-writer/Eclipse/GreenPAKWriter_BSP\libhal_bsp.a(alt_dev.o)
 .bss           0x0000000000027ce0        0x0 c:/Users/ohnaka/work/github/X68k-KeplerX-RTL/GreenPAK/fpga-writer/Eclipse/GreenPAKWriter_BSP\libhal_bsp.a(alt_dev_llist_insert.o)
 .bss           0x0000000000027ce0        0x0 c:/Users/ohnaka/work/github/X68k-KeplerX-RTL/GreenPAK/fpga-writer/Eclipse/GreenPAKWriter_BSP\libhal_bsp.a(alt_do_ctors.o)
 .bss           0x0000000000027ce0        0x0 c:/Users/ohnaka/work/github/X68k-KeplerX-RTL/GreenPAK/fpga-writer/Eclipse/GreenPAKWriter_BSP\libhal_bsp.a(alt_do_dtors.o)
 .bss           0x0000000000027ce0        0x0 c:/Users/ohnaka/work/github/X68k-KeplerX-RTL/GreenPAK/fpga-writer/Eclipse/GreenPAKWriter_BSP\libhal_bsp.a(alt_errno.o)
 .bss           0x0000000000027ce0        0x0 c:/Users/ohnaka/work/github/X68k-KeplerX-RTL/GreenPAK/fpga-writer/Eclipse/GreenPAKWriter_BSP\libhal_bsp.a(alt_exception_entry.o)
 .bss           0x0000000000027ce0        0x0 c:/Users/ohnaka/work/github/X68k-KeplerX-RTL/GreenPAK/fpga-writer/Eclipse/GreenPAKWriter_BSP\libhal_bsp.a(alt_find_dev.o)
 .bss           0x0000000000027ce0        0x0 c:/Users/ohnaka/work/github/X68k-KeplerX-RTL/GreenPAK/fpga-writer/Eclipse/GreenPAKWriter_BSP\libhal_bsp.a(alt_icache_flush_all.o)
 .bss           0x0000000000027ce0        0x0 c:/Users/ohnaka/work/github/X68k-KeplerX-RTL/GreenPAK/fpga-writer/Eclipse/GreenPAKWriter_BSP\libhal_bsp.a(alt_instruction_exception_entry.o)
 .bss           0x0000000000027ce0        0x0 c:/Users/ohnaka/work/github/X68k-KeplerX-RTL/GreenPAK/fpga-writer/Eclipse/GreenPAKWriter_BSP\libhal_bsp.a(alt_io_redirect.o)
 .bss           0x0000000000027ce0        0x0 c:/Users/ohnaka/work/github/X68k-KeplerX-RTL/GreenPAK/fpga-writer/Eclipse/GreenPAKWriter_BSP\libhal_bsp.a(alt_open.o)
 .bss           0x0000000000027ce0        0x0 c:/Users/ohnaka/work/github/X68k-KeplerX-RTL/GreenPAK/fpga-writer/Eclipse/GreenPAKWriter_BSP\libhal_bsp.a(alt_release_fd.o)
 .bss           0x0000000000027ce0        0x0 c:/Users/ohnaka/work/github/X68k-KeplerX-RTL/GreenPAK/fpga-writer/Eclipse/GreenPAKWriter_BSP\libhal_bsp.a(altera_nios2_gen2_irq.o)
 .bss           0x0000000000027ce0        0x0 c:/Users/ohnaka/work/github/X68k-KeplerX-RTL/GreenPAK/fpga-writer/Eclipse/GreenPAKWriter_BSP\libhal_bsp.a(alt_find_file.o)
 .bss           0x0000000000027ce0        0x0 c:/Users/ohnaka/work/github/X68k-KeplerX-RTL/GreenPAK/fpga-writer/Eclipse/GreenPAKWriter_BSP\libhal_bsp.a(alt_get_fd.o)
 .bss           0x0000000000027ce0        0x0 c:/intelfpga_lite/21.1/nios2eds/bin/gnu/h-x86_64-mingw32/bin/../lib/gcc/nios2-elf/10.3.1/../../../../../H-x86_64-mingw32/nios2-elf/lib/mno-hw-mul\libsmallc.a(lib_a-atexit.o)
 .bss           0x0000000000027ce0        0x0 c:/intelfpga_lite/21.1/nios2eds/bin/gnu/h-x86_64-mingw32/bin/../lib/gcc/nios2-elf/10.3.1/../../../../../H-x86_64-mingw32/nios2-elf/lib/mno-hw-mul\libsmallc.a(lib_a-exit.o)
 .bss           0x0000000000027ce0        0x0 c:/intelfpga_lite/21.1/nios2eds/bin/gnu/h-x86_64-mingw32/bin/../lib/gcc/nios2-elf/10.3.1/../../../../../H-x86_64-mingw32/nios2-elf/lib/mno-hw-mul\libsmallc.a(lib_a-int_errno.o)
 .bss           0x0000000000027ce0        0x0 c:/intelfpga_lite/21.1/nios2eds/bin/gnu/h-x86_64-mingw32/bin/../lib/gcc/nios2-elf/10.3.1/../../../../../H-x86_64-mingw32/nios2-elf/lib/mno-hw-mul\libsmallc.a(lib_a-memcmp.o)
 .bss           0x0000000000027ce0        0x0 c:/intelfpga_lite/21.1/nios2eds/bin/gnu/h-x86_64-mingw32/bin/../lib/gcc/nios2-elf/10.3.1/../../../../../H-x86_64-mingw32/nios2-elf/lib/mno-hw-mul\libsmallc.a(lib_a-putchar.o)
 .bss           0x0000000000027ce0        0x0 c:/intelfpga_lite/21.1/nios2eds/bin/gnu/h-x86_64-mingw32/bin/../lib/gcc/nios2-elf/10.3.1/../../../../../H-x86_64-mingw32/nios2-elf/lib/mno-hw-mul\libsmallc.a(lib_a-__atexit.o)
 .bss           0x0000000000027ce0        0x0 c:/intelfpga_lite/21.1/nios2eds/bin/gnu/h-x86_64-mingw32/bin/../lib/gcc/nios2-elf/10.3.1/../../../../../H-x86_64-mingw32/nios2-elf/lib/mno-hw-mul\libsmallc.a(lib_a-__call_atexit.o)
 .bss           0x0000000000027ce0        0x0 c:/intelfpga_lite/21.1/nios2eds/bin/gnu/h-x86_64-mingw32/bin/../lib/gcc/nios2-elf/10.3.1/../../../../../H-x86_64-mingw32/nios2-elf/lib/mno-hw-mul\libsmallc.a(lib_a-putc.o)
 .bss           0x0000000000027ce0        0x0 c:/intelfpga_lite/21.1/nios2eds/bin/gnu/h-x86_64-mingw32/bin/../lib/gcc/nios2-elf/10.3.1/../../../../../H-x86_64-mingw32/nios2-elf/lib/mno-hw-mul\libsmallc.a(lib_a-fvwrite_small_dev.o)
 .bss           0x0000000000027ce0        0x0 c:/intelfpga_lite/21.1/nios2eds/bin/gnu/h-x86_64-mingw32/bin/../lib/gcc/nios2-elf/10.3.1/../../../../../H-x86_64-mingw32/nios2-elf/lib/mno-hw-mul\libsmallc.a(lib_a-writer.o)
 .bss           0x0000000000027ce0        0x0 c:/Users/ohnaka/work/github/X68k-KeplerX-RTL/GreenPAK/fpga-writer/Eclipse/GreenPAKWriter_BSP\libhal_bsp.a(alt_exit.o)
 .bss           0x0000000000027ce0        0x0 c:/Users/ohnaka/work/github/X68k-KeplerX-RTL/GreenPAK/fpga-writer/Eclipse/GreenPAKWriter_BSP\libhal_bsp.a(alt_write.o)
 *(COMMON)
                0x0000000000027ce0                . = ALIGN (0x4)
                0x0000000000027ce0                __bss_end = ABSOLUTE (.)

.onchip_memory  0x0000000000027ce0        0x0
                [!provide]                        PROVIDE (_alt_partition_onchip_memory_start = ABSOLUTE (.))
 *(.onchip_memory .onchip_memory. onchip_memory.*)
                0x0000000000027ce0                . = ALIGN (0x4)
                [!provide]                        PROVIDE (_alt_partition_onchip_memory_end = ABSOLUTE (.))
                0x0000000000027ce0                _end = ABSOLUTE (.)
                0x0000000000027ce0                end = ABSOLUTE (.)
                0x0000000000027ce0                __alt_stack_base = ABSOLUTE (.)
                [!provide]                        PROVIDE (_alt_partition_onchip_memory_load_addr = LOADADDR (.onchip_memory))

.slave_mem      0x0000000000048000        0x0 load address 0x0000000000027ce0
                [!provide]                        PROVIDE (_alt_partition_slave_mem_start = ABSOLUTE (.))
 *(.slave_mem .slave_mem. slave_mem.*)
                0x0000000000048000                . = ALIGN (0x4)
                [!provide]                        PROVIDE (_alt_partition_slave_mem_end = ABSOLUTE (.))
                [!provide]                        PROVIDE (_alt_partition_slave_mem_load_addr = LOADADDR (.slave_mem))

.textram        0x0000000000050000        0x0 load address 0x0000000000027ce0
                [!provide]                        PROVIDE (_alt_partition_textram_start = ABSOLUTE (.))
 *(.textram .textram. textram.*)
                0x0000000000050000                . = ALIGN (0x4)
                [!provide]                        PROVIDE (_alt_partition_textram_end = ABSOLUTE (.))
                [!provide]                        PROVIDE (_alt_partition_textram_load_addr = LOADADDR (.textram))

.stab
 *(.stab)

.stabstr
 *(.stabstr)

.stab.excl
 *(.stab.excl)

.stab.exclstr
 *(.stab.exclstr)

.stab.index
 *(.stab.index)

.stab.indexstr
 *(.stab.indexstr)

.comment        0x0000000000000000       0x2d
 *(.comment)
 .comment       0x0000000000000000       0x2d obj/default/main.o
                                         0x2e (size before relaxing)
 .comment       0x000000000000002d       0x2e c:/intelfpga_lite/21.1/nios2eds/bin/gnu/h-x86_64-mingw32/bin/../lib/gcc/nios2-elf/10.3.1/../../../../../H-x86_64-mingw32/nios2-elf/lib/mno-hw-mul\libsmallc.a(lib_a-memcpy.o)
 .comment       0x000000000000002d       0x2e c:/intelfpga_lite/21.1/nios2eds/bin/gnu/h-x86_64-mingw32/bin/../lib/gcc/nios2-elf/10.3.1/../../../../../H-x86_64-mingw32/nios2-elf/lib/mno-hw-mul\libsmallc.a(lib_a-vsnprintf.o)
 .comment       0x000000000000002d       0x2e c:/intelfpga_lite/21.1/nios2eds/bin/gnu/h-x86_64-mingw32/bin/../lib/gcc/nios2-elf/10.3.1/../../../../../H-x86_64-mingw32/nios2-elf/lib/mno-hw-mul\libsmallc.a(lib_a-fvwrite_small_str.o)
 .comment       0x000000000000002d       0x2e c:/intelfpga_lite/21.1/nios2eds/bin/gnu/h-x86_64-mingw32/bin/../lib/gcc/nios2-elf/10.3.1/../../../../../H-x86_64-mingw32/nios2-elf/lib/mno-hw-mul\libsmallc.a(lib_a-impure.o)
 .comment       0x000000000000002d       0x2e c:/intelfpga_lite/21.1/nios2eds/bin/gnu/h-x86_64-mingw32/bin/../lib/gcc/nios2-elf/10.3.1/../../../../../H-x86_64-mingw32/nios2-elf/lib/mno-hw-mul\libsmallc.a(lib_a-memmove.o)
 .comment       0x000000000000002d       0x2e c:/intelfpga_lite/21.1/nios2eds/bin/gnu/h-x86_64-mingw32/bin/../lib/gcc/nios2-elf/10.3.1/../../../../../H-x86_64-mingw32/nios2-elf/lib/mno-hw-mul\libsmallc.a(lib_a-svfprintf.o)
 .comment       0x000000000000002d       0x2e c:/intelfpga_lite/21.1/nios2eds/bin/gnu/h-x86_64-mingw32/bin/../lib/gcc/nios2-elf/10.3.1/../../../../../H-x86_64-mingw32/nios2-elf/lib/mno-hw-mul\libsmallc.a(lib_a-strlen.o)
 .comment       0x000000000000002d       0x2e c:/intelfpga_lite/21.1/nios2eds/bin/gnu/h-x86_64-mingw32/bin/../lib/gcc/nios2-elf/10.3.1/mno-hw-mul\libgcc.a(lib2-divmod.o)
 .comment       0x000000000000002d       0x2e c:/intelfpga_lite/21.1/nios2eds/bin/gnu/h-x86_64-mingw32/bin/../lib/gcc/nios2-elf/10.3.1/mno-hw-mul\libgcc.a(lib2-mul.o)
 .comment       0x000000000000002d       0x2e c:/Users/ohnaka/work/github/X68k-KeplerX-RTL/GreenPAK/fpga-writer/Eclipse/GreenPAKWriter_BSP\libhal_bsp.a(alt_dcache_flush_all.o)
 .comment       0x000000000000002d       0x2e c:/Users/ohnaka/work/github/X68k-KeplerX-RTL/GreenPAK/fpga-writer/Eclipse/GreenPAKWriter_BSP\libhal_bsp.a(alt_iic.o)
 .comment       0x000000000000002d       0x2e c:/Users/ohnaka/work/github/X68k-KeplerX-RTL/GreenPAK/fpga-writer/Eclipse/GreenPAKWriter_BSP\libhal_bsp.a(alt_iic_isr_register.o)
 .comment       0x000000000000002d       0x2e c:/Users/ohnaka/work/github/X68k-KeplerX-RTL/GreenPAK/fpga-writer/Eclipse/GreenPAKWriter_BSP\libhal_bsp.a(alt_irq_handler.o)
 .comment       0x000000000000002d       0x2e c:/Users/ohnaka/work/github/X68k-KeplerX-RTL/GreenPAK/fpga-writer/Eclipse/GreenPAKWriter_BSP\libhal_bsp.a(alt_irq_vars.o)
 .comment       0x000000000000002d       0x2e c:/Users/ohnaka/work/github/X68k-KeplerX-RTL/GreenPAK/fpga-writer/Eclipse/GreenPAKWriter_BSP\libhal_bsp.a(alt_load.o)
 .comment       0x000000000000002d       0x2e c:/Users/ohnaka/work/github/X68k-KeplerX-RTL/GreenPAK/fpga-writer/Eclipse/GreenPAKWriter_BSP\libhal_bsp.a(alt_main.o)
 .comment       0x000000000000002d       0x2e c:/Users/ohnaka/work/github/X68k-KeplerX-RTL/GreenPAK/fpga-writer/Eclipse/GreenPAKWriter_BSP\libhal_bsp.a(alt_printf.o)
 .comment       0x000000000000002d       0x2e c:/Users/ohnaka/work/github/X68k-KeplerX-RTL/GreenPAK/fpga-writer/Eclipse/GreenPAKWriter_BSP\libhal_bsp.a(alt_putchar.o)
 .comment       0x000000000000002d       0x2e c:/Users/ohnaka/work/github/X68k-KeplerX-RTL/GreenPAK/fpga-writer/Eclipse/GreenPAKWriter_BSP\libhal_bsp.a(alt_sys_init.o)
 .comment       0x000000000000002d       0x2e c:/Users/ohnaka/work/github/X68k-KeplerX-RTL/GreenPAK/fpga-writer/Eclipse/GreenPAKWriter_BSP\libhal_bsp.a(altera_avalon_fifo_util.o)
 .comment       0x000000000000002d       0x2e c:/Users/ohnaka/work/github/X68k-KeplerX-RTL/GreenPAK/fpga-writer/Eclipse/GreenPAKWriter_BSP\libhal_bsp.a(altera_avalon_i2c.o)
 .comment       0x000000000000002d       0x2e c:/Users/ohnaka/work/github/X68k-KeplerX-RTL/GreenPAK/fpga-writer/Eclipse/GreenPAKWriter_BSP\libhal_bsp.a(altera_avalon_jtag_uart_fd.o)
 .comment       0x000000000000002d       0x2e c:/Users/ohnaka/work/github/X68k-KeplerX-RTL/GreenPAK/fpga-writer/Eclipse/GreenPAKWriter_BSP\libhal_bsp.a(altera_avalon_jtag_uart_read.o)
 .comment       0x000000000000002d       0x2e c:/Users/ohnaka/work/github/X68k-KeplerX-RTL/GreenPAK/fpga-writer/Eclipse/GreenPAKWriter_BSP\libhal_bsp.a(altera_avalon_jtag_uart_write.o)
 .comment       0x000000000000002d       0x2e c:/Users/ohnaka/work/github/X68k-KeplerX-RTL/GreenPAK/fpga-writer/Eclipse/GreenPAKWriter_BSP\libhal_bsp.a(altera_msgdma.o)
 .comment       0x000000000000002d       0x2e c:/Users/ohnaka/work/github/X68k-KeplerX-RTL/GreenPAK/fpga-writer/Eclipse/GreenPAKWriter_BSP\libhal_bsp.a(alt_busy_sleep.o)
 .comment       0x000000000000002d       0x2e c:/Users/ohnaka/work/github/X68k-KeplerX-RTL/GreenPAK/fpga-writer/Eclipse/GreenPAKWriter_BSP\libhal_bsp.a(alt_close.o)
 .comment       0x000000000000002d       0x2e c:/Users/ohnaka/work/github/X68k-KeplerX-RTL/GreenPAK/fpga-writer/Eclipse/GreenPAKWriter_BSP\libhal_bsp.a(alt_dcache_flush.o)
 .comment       0x000000000000002d       0x2e c:/Users/ohnaka/work/github/X68k-KeplerX-RTL/GreenPAK/fpga-writer/Eclipse/GreenPAKWriter_BSP\libhal_bsp.a(alt_dev.o)
 .comment       0x000000000000002d       0x2e c:/Users/ohnaka/work/github/X68k-KeplerX-RTL/GreenPAK/fpga-writer/Eclipse/GreenPAKWriter_BSP\libhal_bsp.a(alt_dev_llist_insert.o)
 .comment       0x000000000000002d       0x2e c:/Users/ohnaka/work/github/X68k-KeplerX-RTL/GreenPAK/fpga-writer/Eclipse/GreenPAKWriter_BSP\libhal_bsp.a(alt_do_ctors.o)
 .comment       0x000000000000002d       0x2e c:/Users/ohnaka/work/github/X68k-KeplerX-RTL/GreenPAK/fpga-writer/Eclipse/GreenPAKWriter_BSP\libhal_bsp.a(alt_do_dtors.o)
 .comment       0x000000000000002d       0x2e c:/Users/ohnaka/work/github/X68k-KeplerX-RTL/GreenPAK/fpga-writer/Eclipse/GreenPAKWriter_BSP\libhal_bsp.a(alt_errno.o)
 .comment       0x000000000000002d       0x2e c:/Users/ohnaka/work/github/X68k-KeplerX-RTL/GreenPAK/fpga-writer/Eclipse/GreenPAKWriter_BSP\libhal_bsp.a(alt_find_dev.o)
 .comment       0x000000000000002d       0x2e c:/Users/ohnaka/work/github/X68k-KeplerX-RTL/GreenPAK/fpga-writer/Eclipse/GreenPAKWriter_BSP\libhal_bsp.a(alt_icache_flush_all.o)
 .comment       0x000000000000002d       0x2e c:/Users/ohnaka/work/github/X68k-KeplerX-RTL/GreenPAK/fpga-writer/Eclipse/GreenPAKWriter_BSP\libhal_bsp.a(alt_instruction_exception_entry.o)
 .comment       0x000000000000002d       0x2e c:/Users/ohnaka/work/github/X68k-KeplerX-RTL/GreenPAK/fpga-writer/Eclipse/GreenPAKWriter_BSP\libhal_bsp.a(alt_io_redirect.o)
 .comment       0x000000000000002d       0x2e c:/Users/ohnaka/work/github/X68k-KeplerX-RTL/GreenPAK/fpga-writer/Eclipse/GreenPAKWriter_BSP\libhal_bsp.a(alt_open.o)
 .comment       0x000000000000002d       0x2e c:/Users/ohnaka/work/github/X68k-KeplerX-RTL/GreenPAK/fpga-writer/Eclipse/GreenPAKWriter_BSP\libhal_bsp.a(alt_release_fd.o)
 .comment       0x000000000000002d       0x2e c:/Users/ohnaka/work/github/X68k-KeplerX-RTL/GreenPAK/fpga-writer/Eclipse/GreenPAKWriter_BSP\libhal_bsp.a(altera_nios2_gen2_irq.o)
 .comment       0x000000000000002d       0x2e c:/Users/ohnaka/work/github/X68k-KeplerX-RTL/GreenPAK/fpga-writer/Eclipse/GreenPAKWriter_BSP\libhal_bsp.a(alt_find_file.o)
 .comment       0x000000000000002d       0x2e c:/Users/ohnaka/work/github/X68k-KeplerX-RTL/GreenPAK/fpga-writer/Eclipse/GreenPAKWriter_BSP\libhal_bsp.a(alt_get_fd.o)
 .comment       0x000000000000002d       0x2e c:/intelfpga_lite/21.1/nios2eds/bin/gnu/h-x86_64-mingw32/bin/../lib/gcc/nios2-elf/10.3.1/../../../../../H-x86_64-mingw32/nios2-elf/lib/mno-hw-mul\libsmallc.a(lib_a-atexit.o)
 .comment       0x000000000000002d       0x2e c:/intelfpga_lite/21.1/nios2eds/bin/gnu/h-x86_64-mingw32/bin/../lib/gcc/nios2-elf/10.3.1/../../../../../H-x86_64-mingw32/nios2-elf/lib/mno-hw-mul\libsmallc.a(lib_a-exit.o)
 .comment       0x000000000000002d       0x2e c:/intelfpga_lite/21.1/nios2eds/bin/gnu/h-x86_64-mingw32/bin/../lib/gcc/nios2-elf/10.3.1/../../../../../H-x86_64-mingw32/nios2-elf/lib/mno-hw-mul\libsmallc.a(lib_a-int_errno.o)
 .comment       0x000000000000002d       0x2e c:/intelfpga_lite/21.1/nios2eds/bin/gnu/h-x86_64-mingw32/bin/../lib/gcc/nios2-elf/10.3.1/../../../../../H-x86_64-mingw32/nios2-elf/lib/mno-hw-mul\libsmallc.a(lib_a-memcmp.o)
 .comment       0x000000000000002d       0x2e c:/intelfpga_lite/21.1/nios2eds/bin/gnu/h-x86_64-mingw32/bin/../lib/gcc/nios2-elf/10.3.1/../../../../../H-x86_64-mingw32/nios2-elf/lib/mno-hw-mul\libsmallc.a(lib_a-putchar.o)
 .comment       0x000000000000002d       0x2e c:/intelfpga_lite/21.1/nios2eds/bin/gnu/h-x86_64-mingw32/bin/../lib/gcc/nios2-elf/10.3.1/../../../../../H-x86_64-mingw32/nios2-elf/lib/mno-hw-mul\libsmallc.a(lib_a-__atexit.o)
 .comment       0x000000000000002d       0x2e c:/intelfpga_lite/21.1/nios2eds/bin/gnu/h-x86_64-mingw32/bin/../lib/gcc/nios2-elf/10.3.1/../../../../../H-x86_64-mingw32/nios2-elf/lib/mno-hw-mul\libsmallc.a(lib_a-__call_atexit.o)
 .comment       0x000000000000002d       0x2e c:/intelfpga_lite/21.1/nios2eds/bin/gnu/h-x86_64-mingw32/bin/../lib/gcc/nios2-elf/10.3.1/../../../../../H-x86_64-mingw32/nios2-elf/lib/mno-hw-mul\libsmallc.a(lib_a-putc.o)
 .comment       0x000000000000002d       0x2e c:/intelfpga_lite/21.1/nios2eds/bin/gnu/h-x86_64-mingw32/bin/../lib/gcc/nios2-elf/10.3.1/../../../../../H-x86_64-mingw32/nios2-elf/lib/mno-hw-mul\libsmallc.a(lib_a-fvwrite_small_dev.o)
 .comment       0x000000000000002d       0x2e c:/intelfpga_lite/21.1/nios2eds/bin/gnu/h-x86_64-mingw32/bin/../lib/gcc/nios2-elf/10.3.1/../../../../../H-x86_64-mingw32/nios2-elf/lib/mno-hw-mul\libsmallc.a(lib_a-writer.o)
 .comment       0x000000000000002d       0x2e c:/Users/ohnaka/work/github/X68k-KeplerX-RTL/GreenPAK/fpga-writer/Eclipse/GreenPAKWriter_BSP\libhal_bsp.a(alt_exit.o)
 .comment       0x000000000000002d       0x2e c:/Users/ohnaka/work/github/X68k-KeplerX-RTL/GreenPAK/fpga-writer/Eclipse/GreenPAKWriter_BSP\libhal_bsp.a(alt_write.o)

.debug
 *(.debug)

.line
 *(.line)

.debug_srcinfo
 *(.debug_srcinfo)

.debug_sfnames
 *(.debug_sfnames)

.debug_aranges  0x0000000000000000      0x780
 *(.debug_aranges)
 .debug_aranges
                0x0000000000000000       0x28 c:/Users/ohnaka/work/github/X68k-KeplerX-RTL/GreenPAK/fpga-writer/Eclipse/GreenPAKWriter_BSP/obj/HAL/src/crt0.o
 .debug_aranges
                0x0000000000000028       0x20 obj/default/main.o
 .debug_aranges
                0x0000000000000048       0x20 c:/intelfpga_lite/21.1/nios2eds/bin/gnu/h-x86_64-mingw32/bin/../lib/gcc/nios2-elf/10.3.1/../../../../../H-x86_64-mingw32/nios2-elf/lib/mno-hw-mul\libsmallc.a(lib_a-memcpy.o)
 .debug_aranges
                0x0000000000000068       0x28 c:/intelfpga_lite/21.1/nios2eds/bin/gnu/h-x86_64-mingw32/bin/../lib/gcc/nios2-elf/10.3.1/../../../../../H-x86_64-mingw32/nios2-elf/lib/mno-hw-mul\libsmallc.a(lib_a-vsnprintf.o)
 .debug_aranges
                0x0000000000000090       0x20 c:/intelfpga_lite/21.1/nios2eds/bin/gnu/h-x86_64-mingw32/bin/../lib/gcc/nios2-elf/10.3.1/../../../../../H-x86_64-mingw32/nios2-elf/lib/mno-hw-mul\libsmallc.a(lib_a-fvwrite_small_str.o)
 .debug_aranges
                0x00000000000000b0       0x18 c:/intelfpga_lite/21.1/nios2eds/bin/gnu/h-x86_64-mingw32/bin/../lib/gcc/nios2-elf/10.3.1/../../../../../H-x86_64-mingw32/nios2-elf/lib/mno-hw-mul\libsmallc.a(lib_a-impure.o)
 .debug_aranges
                0x00000000000000c8       0x20 c:/intelfpga_lite/21.1/nios2eds/bin/gnu/h-x86_64-mingw32/bin/../lib/gcc/nios2-elf/10.3.1/../../../../../H-x86_64-mingw32/nios2-elf/lib/mno-hw-mul\libsmallc.a(lib_a-memmove.o)
 .debug_aranges
                0x00000000000000e8       0x30 c:/intelfpga_lite/21.1/nios2eds/bin/gnu/h-x86_64-mingw32/bin/../lib/gcc/nios2-elf/10.3.1/../../../../../H-x86_64-mingw32/nios2-elf/lib/mno-hw-mul\libsmallc.a(lib_a-svfprintf.o)
 .debug_aranges
                0x0000000000000118       0x20 c:/intelfpga_lite/21.1/nios2eds/bin/gnu/h-x86_64-mingw32/bin/../lib/gcc/nios2-elf/10.3.1/../../../../../H-x86_64-mingw32/nios2-elf/lib/mno-hw-mul\libsmallc.a(lib_a-strlen.o)
 .debug_aranges
                0x0000000000000138       0x20 c:/intelfpga_lite/21.1/nios2eds/bin/gnu/h-x86_64-mingw32/bin/../lib/gcc/nios2-elf/10.3.1/mno-hw-mul\libgcc.a(lib2-divmod.o)
 .debug_aranges
                0x0000000000000158       0x20 c:/intelfpga_lite/21.1/nios2eds/bin/gnu/h-x86_64-mingw32/bin/../lib/gcc/nios2-elf/10.3.1/mno-hw-mul\libgcc.a(lib2-mul.o)
 .debug_aranges
                0x0000000000000178       0x20 c:/Users/ohnaka/work/github/X68k-KeplerX-RTL/GreenPAK/fpga-writer/Eclipse/GreenPAKWriter_BSP\libhal_bsp.a(alt_dcache_flush_all.o)
 .debug_aranges
                0x0000000000000198       0x20 c:/Users/ohnaka/work/github/X68k-KeplerX-RTL/GreenPAK/fpga-writer/Eclipse/GreenPAKWriter_BSP\libhal_bsp.a(alt_iic.o)
 .debug_aranges
                0x00000000000001b8       0x20 c:/Users/ohnaka/work/github/X68k-KeplerX-RTL/GreenPAK/fpga-writer/Eclipse/GreenPAKWriter_BSP\libhal_bsp.a(alt_iic_isr_register.o)
 .debug_aranges
                0x00000000000001d8       0x30 c:/Users/ohnaka/work/github/X68k-KeplerX-RTL/GreenPAK/fpga-writer/Eclipse/GreenPAKWriter_BSP\libhal_bsp.a(alt_irq_entry.o)
 .debug_aranges
                0x0000000000000208       0x20 c:/Users/ohnaka/work/github/X68k-KeplerX-RTL/GreenPAK/fpga-writer/Eclipse/GreenPAKWriter_BSP\libhal_bsp.a(alt_irq_handler.o)
 .debug_aranges
                0x0000000000000228       0x18 c:/Users/ohnaka/work/github/X68k-KeplerX-RTL/GreenPAK/fpga-writer/Eclipse/GreenPAKWriter_BSP\libhal_bsp.a(alt_irq_vars.o)
 .debug_aranges
                0x0000000000000240       0x20 c:/Users/ohnaka/work/github/X68k-KeplerX-RTL/GreenPAK/fpga-writer/Eclipse/GreenPAKWriter_BSP\libhal_bsp.a(alt_load.o)
 .debug_aranges
                0x0000000000000260       0x20 c:/Users/ohnaka/work/github/X68k-KeplerX-RTL/GreenPAK/fpga-writer/Eclipse/GreenPAKWriter_BSP\libhal_bsp.a(alt_main.o)
 .debug_aranges
                0x0000000000000280       0x20 c:/Users/ohnaka/work/github/X68k-KeplerX-RTL/GreenPAK/fpga-writer/Eclipse/GreenPAKWriter_BSP\libhal_bsp.a(alt_printf.o)
 .debug_aranges
                0x00000000000002a0       0x20 c:/Users/ohnaka/work/github/X68k-KeplerX-RTL/GreenPAK/fpga-writer/Eclipse/GreenPAKWriter_BSP\libhal_bsp.a(alt_putchar.o)
 .debug_aranges
                0x00000000000002c0       0x20 c:/Users/ohnaka/work/github/X68k-KeplerX-RTL/GreenPAK/fpga-writer/Eclipse/GreenPAKWriter_BSP\libhal_bsp.a(alt_sys_init.o)
 .debug_aranges
                0x00000000000002e0       0x20 c:/Users/ohnaka/work/github/X68k-KeplerX-RTL/GreenPAK/fpga-writer/Eclipse/GreenPAKWriter_BSP\libhal_bsp.a(altera_avalon_fifo_util.o)
 .debug_aranges
                0x0000000000000300       0x20 c:/Users/ohnaka/work/github/X68k-KeplerX-RTL/GreenPAK/fpga-writer/Eclipse/GreenPAKWriter_BSP\libhal_bsp.a(altera_avalon_i2c.o)
 .debug_aranges
                0x0000000000000320       0x20 c:/Users/ohnaka/work/github/X68k-KeplerX-RTL/GreenPAK/fpga-writer/Eclipse/GreenPAKWriter_BSP\libhal_bsp.a(altera_avalon_jtag_uart_fd.o)
 .debug_aranges
                0x0000000000000340       0x20 c:/Users/ohnaka/work/github/X68k-KeplerX-RTL/GreenPAK/fpga-writer/Eclipse/GreenPAKWriter_BSP\libhal_bsp.a(altera_avalon_jtag_uart_read.o)
 .debug_aranges
                0x0000000000000360       0x20 c:/Users/ohnaka/work/github/X68k-KeplerX-RTL/GreenPAK/fpga-writer/Eclipse/GreenPAKWriter_BSP\libhal_bsp.a(altera_avalon_jtag_uart_write.o)
 .debug_aranges
                0x0000000000000380       0x20 c:/Users/ohnaka/work/github/X68k-KeplerX-RTL/GreenPAK/fpga-writer/Eclipse/GreenPAKWriter_BSP\libhal_bsp.a(altera_msgdma.o)
 .debug_aranges
                0x00000000000003a0       0x20 c:/Users/ohnaka/work/github/X68k-KeplerX-RTL/GreenPAK/fpga-writer/Eclipse/GreenPAKWriter_BSP\libhal_bsp.a(alt_busy_sleep.o)
 .debug_aranges
                0x00000000000003c0       0x20 c:/Users/ohnaka/work/github/X68k-KeplerX-RTL/GreenPAK/fpga-writer/Eclipse/GreenPAKWriter_BSP\libhal_bsp.a(alt_close.o)
 .debug_aranges
                0x00000000000003e0       0x20 c:/Users/ohnaka/work/github/X68k-KeplerX-RTL/GreenPAK/fpga-writer/Eclipse/GreenPAKWriter_BSP\libhal_bsp.a(alt_dcache_flush.o)
 .debug_aranges
                0x0000000000000400       0x20 c:/Users/ohnaka/work/github/X68k-KeplerX-RTL/GreenPAK/fpga-writer/Eclipse/GreenPAKWriter_BSP\libhal_bsp.a(alt_dev.o)
 .debug_aranges
                0x0000000000000420       0x20 c:/Users/ohnaka/work/github/X68k-KeplerX-RTL/GreenPAK/fpga-writer/Eclipse/GreenPAKWriter_BSP\libhal_bsp.a(alt_dev_llist_insert.o)
 .debug_aranges
                0x0000000000000440       0x20 c:/Users/ohnaka/work/github/X68k-KeplerX-RTL/GreenPAK/fpga-writer/Eclipse/GreenPAKWriter_BSP\libhal_bsp.a(alt_do_ctors.o)
 .debug_aranges
                0x0000000000000460       0x20 c:/Users/ohnaka/work/github/X68k-KeplerX-RTL/GreenPAK/fpga-writer/Eclipse/GreenPAKWriter_BSP\libhal_bsp.a(alt_do_dtors.o)
 .debug_aranges
                0x0000000000000480       0x18 c:/Users/ohnaka/work/github/X68k-KeplerX-RTL/GreenPAK/fpga-writer/Eclipse/GreenPAKWriter_BSP\libhal_bsp.a(alt_errno.o)
 .debug_aranges
                0x0000000000000498       0x38 c:/Users/ohnaka/work/github/X68k-KeplerX-RTL/GreenPAK/fpga-writer/Eclipse/GreenPAKWriter_BSP\libhal_bsp.a(alt_exception_entry.o)
 .debug_aranges
                0x00000000000004d0       0x20 c:/Users/ohnaka/work/github/X68k-KeplerX-RTL/GreenPAK/fpga-writer/Eclipse/GreenPAKWriter_BSP\libhal_bsp.a(alt_find_dev.o)
 .debug_aranges
                0x00000000000004f0       0x20 c:/Users/ohnaka/work/github/X68k-KeplerX-RTL/GreenPAK/fpga-writer/Eclipse/GreenPAKWriter_BSP\libhal_bsp.a(alt_icache_flush_all.o)
 .debug_aranges
                0x0000000000000510       0x28 c:/Users/ohnaka/work/github/X68k-KeplerX-RTL/GreenPAK/fpga-writer/Eclipse/GreenPAKWriter_BSP\libhal_bsp.a(alt_instruction_exception_entry.o)
 .debug_aranges
                0x0000000000000538       0x20 c:/Users/ohnaka/work/github/X68k-KeplerX-RTL/GreenPAK/fpga-writer/Eclipse/GreenPAKWriter_BSP\libhal_bsp.a(alt_io_redirect.o)
 .debug_aranges
                0x0000000000000558       0x20 c:/Users/ohnaka/work/github/X68k-KeplerX-RTL/GreenPAK/fpga-writer/Eclipse/GreenPAKWriter_BSP\libhal_bsp.a(alt_open.o)
 .debug_aranges
                0x0000000000000578       0x20 c:/Users/ohnaka/work/github/X68k-KeplerX-RTL/GreenPAK/fpga-writer/Eclipse/GreenPAKWriter_BSP\libhal_bsp.a(alt_release_fd.o)
 .debug_aranges
                0x0000000000000598       0x20 c:/Users/ohnaka/work/github/X68k-KeplerX-RTL/GreenPAK/fpga-writer/Eclipse/GreenPAKWriter_BSP\libhal_bsp.a(altera_nios2_gen2_irq.o)
 .debug_aranges
                0x00000000000005b8       0x20 c:/Users/ohnaka/work/github/X68k-KeplerX-RTL/GreenPAK/fpga-writer/Eclipse/GreenPAKWriter_BSP\libhal_bsp.a(alt_find_file.o)
 .debug_aranges
                0x00000000000005d8       0x20 c:/Users/ohnaka/work/github/X68k-KeplerX-RTL/GreenPAK/fpga-writer/Eclipse/GreenPAKWriter_BSP\libhal_bsp.a(alt_get_fd.o)
 .debug_aranges
                0x00000000000005f8       0x20 c:/intelfpga_lite/21.1/nios2eds/bin/gnu/h-x86_64-mingw32/bin/../lib/gcc/nios2-elf/10.3.1/../../../../../H-x86_64-mingw32/nios2-elf/lib/mno-hw-mul\libsmallc.a(lib_a-atexit.o)
 .debug_aranges
                0x0000000000000618       0x20 c:/intelfpga_lite/21.1/nios2eds/bin/gnu/h-x86_64-mingw32/bin/../lib/gcc/nios2-elf/10.3.1/../../../../../H-x86_64-mingw32/nios2-elf/lib/mno-hw-mul\libsmallc.a(lib_a-exit.o)
 .debug_aranges
                0x0000000000000638       0x18 c:/intelfpga_lite/21.1/nios2eds/bin/gnu/h-x86_64-mingw32/bin/../lib/gcc/nios2-elf/10.3.1/../../../../../H-x86_64-mingw32/nios2-elf/lib/mno-hw-mul\libsmallc.a(lib_a-int_errno.o)
 .debug_aranges
                0x0000000000000650       0x20 c:/intelfpga_lite/21.1/nios2eds/bin/gnu/h-x86_64-mingw32/bin/../lib/gcc/nios2-elf/10.3.1/../../../../../H-x86_64-mingw32/nios2-elf/lib/mno-hw-mul\libsmallc.a(lib_a-memcmp.o)
 .debug_aranges
                0x0000000000000670       0x28 c:/intelfpga_lite/21.1/nios2eds/bin/gnu/h-x86_64-mingw32/bin/../lib/gcc/nios2-elf/10.3.1/../../../../../H-x86_64-mingw32/nios2-elf/lib/mno-hw-mul\libsmallc.a(lib_a-putchar.o)
 .debug_aranges
                0x0000000000000698       0x20 c:/intelfpga_lite/21.1/nios2eds/bin/gnu/h-x86_64-mingw32/bin/../lib/gcc/nios2-elf/10.3.1/../../../../../H-x86_64-mingw32/nios2-elf/lib/mno-hw-mul\libsmallc.a(lib_a-__atexit.o)
 .debug_aranges
                0x00000000000006b8       0x20 c:/intelfpga_lite/21.1/nios2eds/bin/gnu/h-x86_64-mingw32/bin/../lib/gcc/nios2-elf/10.3.1/../../../../../H-x86_64-mingw32/nios2-elf/lib/mno-hw-mul\libsmallc.a(lib_a-__call_atexit.o)
 .debug_aranges
                0x00000000000006d8       0x28 c:/intelfpga_lite/21.1/nios2eds/bin/gnu/h-x86_64-mingw32/bin/../lib/gcc/nios2-elf/10.3.1/../../../../../H-x86_64-mingw32/nios2-elf/lib/mno-hw-mul\libsmallc.a(lib_a-putc.o)
 .debug_aranges
                0x0000000000000700       0x20 c:/intelfpga_lite/21.1/nios2eds/bin/gnu/h-x86_64-mingw32/bin/../lib/gcc/nios2-elf/10.3.1/../../../../../H-x86_64-mingw32/nios2-elf/lib/mno-hw-mul\libsmallc.a(lib_a-fvwrite_small_dev.o)
 .debug_aranges
                0x0000000000000720       0x20 c:/intelfpga_lite/21.1/nios2eds/bin/gnu/h-x86_64-mingw32/bin/../lib/gcc/nios2-elf/10.3.1/../../../../../H-x86_64-mingw32/nios2-elf/lib/mno-hw-mul\libsmallc.a(lib_a-writer.o)
 .debug_aranges
                0x0000000000000740       0x20 c:/Users/ohnaka/work/github/X68k-KeplerX-RTL/GreenPAK/fpga-writer/Eclipse/GreenPAKWriter_BSP\libhal_bsp.a(alt_exit.o)
 .debug_aranges
                0x0000000000000760       0x20 c:/Users/ohnaka/work/github/X68k-KeplerX-RTL/GreenPAK/fpga-writer/Eclipse/GreenPAKWriter_BSP\libhal_bsp.a(alt_write.o)

.debug_pubnames
 *(.debug_pubnames)

.debug_info     0x0000000000000000     0xd497
 *(.debug_info .gnu.linkonce.wi.*)
 .debug_info    0x0000000000000000       0x22 c:/Users/ohnaka/work/github/X68k-KeplerX-RTL/GreenPAK/fpga-writer/Eclipse/GreenPAKWriter_BSP/obj/HAL/src/crt0.o
 .debug_info    0x0000000000000022      0x85e obj/default/main.o
 .debug_info    0x0000000000000880      0x128 c:/intelfpga_lite/21.1/nios2eds/bin/gnu/h-x86_64-mingw32/bin/../lib/gcc/nios2-elf/10.3.1/../../../../../H-x86_64-mingw32/nios2-elf/lib/mno-hw-mul\libsmallc.a(lib_a-memcpy.o)
 .debug_info    0x00000000000009a8      0x871 c:/intelfpga_lite/21.1/nios2eds/bin/gnu/h-x86_64-mingw32/bin/../lib/gcc/nios2-elf/10.3.1/../../../../../H-x86_64-mingw32/nios2-elf/lib/mno-hw-mul\libsmallc.a(lib_a-vsnprintf.o)
 .debug_info    0x0000000000001219      0x789 c:/intelfpga_lite/21.1/nios2eds/bin/gnu/h-x86_64-mingw32/bin/../lib/gcc/nios2-elf/10.3.1/../../../../../H-x86_64-mingw32/nios2-elf/lib/mno-hw-mul\libsmallc.a(lib_a-fvwrite_small_str.o)
 .debug_info    0x00000000000019a2      0x61e c:/intelfpga_lite/21.1/nios2eds/bin/gnu/h-x86_64-mingw32/bin/../lib/gcc/nios2-elf/10.3.1/../../../../../H-x86_64-mingw32/nios2-elf/lib/mno-hw-mul\libsmallc.a(lib_a-impure.o)
 .debug_info    0x0000000000001fc0      0x11b c:/intelfpga_lite/21.1/nios2eds/bin/gnu/h-x86_64-mingw32/bin/../lib/gcc/nios2-elf/10.3.1/../../../../../H-x86_64-mingw32/nios2-elf/lib/mno-hw-mul\libsmallc.a(lib_a-memmove.o)
 .debug_info    0x00000000000020db      0xeb5 c:/intelfpga_lite/21.1/nios2eds/bin/gnu/h-x86_64-mingw32/bin/../lib/gcc/nios2-elf/10.3.1/../../../../../H-x86_64-mingw32/nios2-elf/lib/mno-hw-mul\libsmallc.a(lib_a-svfprintf.o)
 .debug_info    0x0000000000002f90       0xd0 c:/intelfpga_lite/21.1/nios2eds/bin/gnu/h-x86_64-mingw32/bin/../lib/gcc/nios2-elf/10.3.1/../../../../../H-x86_64-mingw32/nios2-elf/lib/mno-hw-mul\libsmallc.a(lib_a-strlen.o)
 .debug_info    0x0000000000003060      0x368 c:/intelfpga_lite/21.1/nios2eds/bin/gnu/h-x86_64-mingw32/bin/../lib/gcc/nios2-elf/10.3.1/mno-hw-mul\libgcc.a(lib2-divmod.o)
 .debug_info    0x00000000000033c8       0xcb c:/intelfpga_lite/21.1/nios2eds/bin/gnu/h-x86_64-mingw32/bin/../lib/gcc/nios2-elf/10.3.1/mno-hw-mul\libgcc.a(lib2-mul.o)
 .debug_info    0x0000000000003493       0x8c c:/Users/ohnaka/work/github/X68k-KeplerX-RTL/GreenPAK/fpga-writer/Eclipse/GreenPAKWriter_BSP\libhal_bsp.a(alt_dcache_flush_all.o)
 .debug_info    0x000000000000351f      0x32c c:/Users/ohnaka/work/github/X68k-KeplerX-RTL/GreenPAK/fpga-writer/Eclipse/GreenPAKWriter_BSP\libhal_bsp.a(alt_iic.o)
 .debug_info    0x000000000000384b      0x1f0 c:/Users/ohnaka/work/github/X68k-KeplerX-RTL/GreenPAK/fpga-writer/Eclipse/GreenPAKWriter_BSP\libhal_bsp.a(alt_iic_isr_register.o)
 .debug_info    0x0000000000003a3b       0x22 c:/Users/ohnaka/work/github/X68k-KeplerX-RTL/GreenPAK/fpga-writer/Eclipse/GreenPAKWriter_BSP\libhal_bsp.a(alt_irq_entry.o)
 .debug_info    0x0000000000003a5d      0x175 c:/Users/ohnaka/work/github/X68k-KeplerX-RTL/GreenPAK/fpga-writer/Eclipse/GreenPAKWriter_BSP\libhal_bsp.a(alt_irq_handler.o)
 .debug_info    0x0000000000003bd2       0x8b c:/Users/ohnaka/work/github/X68k-KeplerX-RTL/GreenPAK/fpga-writer/Eclipse/GreenPAKWriter_BSP\libhal_bsp.a(alt_irq_vars.o)
 .debug_info    0x0000000000003c5d      0x14d c:/Users/ohnaka/work/github/X68k-KeplerX-RTL/GreenPAK/fpga-writer/Eclipse/GreenPAKWriter_BSP\libhal_bsp.a(alt_load.o)
 .debug_info    0x0000000000003daa       0xef c:/Users/ohnaka/work/github/X68k-KeplerX-RTL/GreenPAK/fpga-writer/Eclipse/GreenPAKWriter_BSP\libhal_bsp.a(alt_main.o)
 .debug_info    0x0000000000003e99      0x125 c:/Users/ohnaka/work/github/X68k-KeplerX-RTL/GreenPAK/fpga-writer/Eclipse/GreenPAKWriter_BSP\libhal_bsp.a(alt_printf.o)
 .debug_info    0x0000000000003fbe       0x9e c:/Users/ohnaka/work/github/X68k-KeplerX-RTL/GreenPAK/fpga-writer/Eclipse/GreenPAKWriter_BSP\libhal_bsp.a(alt_putchar.o)
 .debug_info    0x000000000000405c      0x681 c:/Users/ohnaka/work/github/X68k-KeplerX-RTL/GreenPAK/fpga-writer/Eclipse/GreenPAKWriter_BSP\libhal_bsp.a(alt_sys_init.o)
 .debug_info    0x00000000000046dd      0x46c c:/Users/ohnaka/work/github/X68k-KeplerX-RTL/GreenPAK/fpga-writer/Eclipse/GreenPAKWriter_BSP\libhal_bsp.a(altera_avalon_fifo_util.o)
 .debug_info    0x0000000000004b49     0x1174 c:/Users/ohnaka/work/github/X68k-KeplerX-RTL/GreenPAK/fpga-writer/Eclipse/GreenPAKWriter_BSP\libhal_bsp.a(altera_avalon_i2c.o)
 .debug_info    0x0000000000005cbd      0x398 c:/Users/ohnaka/work/github/X68k-KeplerX-RTL/GreenPAK/fpga-writer/Eclipse/GreenPAKWriter_BSP\libhal_bsp.a(altera_avalon_jtag_uart_fd.o)
 .debug_info    0x0000000000006055      0x151 c:/Users/ohnaka/work/github/X68k-KeplerX-RTL/GreenPAK/fpga-writer/Eclipse/GreenPAKWriter_BSP\libhal_bsp.a(altera_avalon_jtag_uart_read.o)
 .debug_info    0x00000000000061a6      0x132 c:/Users/ohnaka/work/github/X68k-KeplerX-RTL/GreenPAK/fpga-writer/Eclipse/GreenPAKWriter_BSP\libhal_bsp.a(altera_avalon_jtag_uart_write.o)
 .debug_info    0x00000000000062d8     0x19c7 c:/Users/ohnaka/work/github/X68k-KeplerX-RTL/GreenPAK/fpga-writer/Eclipse/GreenPAKWriter_BSP\libhal_bsp.a(altera_msgdma.o)
 .debug_info    0x0000000000007c9f       0xd6 c:/Users/ohnaka/work/github/X68k-KeplerX-RTL/GreenPAK/fpga-writer/Eclipse/GreenPAKWriter_BSP\libhal_bsp.a(alt_busy_sleep.o)
 .debug_info    0x0000000000007d75      0x32c c:/Users/ohnaka/work/github/X68k-KeplerX-RTL/GreenPAK/fpga-writer/Eclipse/GreenPAKWriter_BSP\libhal_bsp.a(alt_close.o)
 .debug_info    0x00000000000080a1       0xb9 c:/Users/ohnaka/work/github/X68k-KeplerX-RTL/GreenPAK/fpga-writer/Eclipse/GreenPAKWriter_BSP\libhal_bsp.a(alt_dcache_flush.o)
 .debug_info    0x000000000000815a      0x57d c:/Users/ohnaka/work/github/X68k-KeplerX-RTL/GreenPAK/fpga-writer/Eclipse/GreenPAKWriter_BSP\libhal_bsp.a(alt_dev.o)
 .debug_info    0x00000000000086d7      0x1b0 c:/Users/ohnaka/work/github/X68k-KeplerX-RTL/GreenPAK/fpga-writer/Eclipse/GreenPAKWriter_BSP\libhal_bsp.a(alt_dev_llist_insert.o)
 .debug_info    0x0000000000008887       0x88 c:/Users/ohnaka/work/github/X68k-KeplerX-RTL/GreenPAK/fpga-writer/Eclipse/GreenPAKWriter_BSP\libhal_bsp.a(alt_do_ctors.o)
 .debug_info    0x000000000000890f       0x88 c:/Users/ohnaka/work/github/X68k-KeplerX-RTL/GreenPAK/fpga-writer/Eclipse/GreenPAKWriter_BSP\libhal_bsp.a(alt_do_dtors.o)
 .debug_info    0x0000000000008997       0x9d c:/Users/ohnaka/work/github/X68k-KeplerX-RTL/GreenPAK/fpga-writer/Eclipse/GreenPAKWriter_BSP\libhal_bsp.a(alt_errno.o)