Archive member included to satisfy reference by file (symbol)

c:/intelfpga_lite/22.1std/nios2eds/bin/gnu/h-x86_64-mingw32/bin/../lib/gcc/nios2-elf/12.2.1/mno-hw-mul\libgcc.a(lib2-mul.o)
                              obj/default/main.o (__mulsi3)
c:/intelfpga_lite/22.1std/nios2eds/bin/gnu/h-x86_64-mingw32/bin/../lib/gcc/nios2-elf/12.2.1/../../../../../H-x86_64-mingw32/nios2-elf/lib/mno-hw-mul\libsmallc.a(lib_a-vsnprintf.o)
                              obj/default/main.o (vsnprintf)
c:/intelfpga_lite/22.1std/nios2eds/bin/gnu/h-x86_64-mingw32/bin/../lib/gcc/nios2-elf/12.2.1/../../../../../H-x86_64-mingw32/nios2-elf/lib/mno-hw-mul\libsmallc.a(lib_a-fvwrite_small_str.o)
                              c:/intelfpga_lite/22.1std/nios2eds/bin/gnu/h-x86_64-mingw32/bin/../lib/gcc/nios2-elf/12.2.1/../../../../../H-x86_64-mingw32/nios2-elf/lib/mno-hw-mul\libsmallc.a(lib_a-vsnprintf.o) (__sfvwrite_small_str)
c:/intelfpga_lite/22.1std/nios2eds/bin/gnu/h-x86_64-mingw32/bin/../lib/gcc/nios2-elf/12.2.1/../../../../../H-x86_64-mingw32/nios2-elf/lib/mno-hw-mul\libsmallc.a(lib_a-impure.o)
                              c:/intelfpga_lite/22.1std/nios2eds/bin/gnu/h-x86_64-mingw32/bin/../lib/gcc/nios2-elf/12.2.1/../../../../../H-x86_64-mingw32/nios2-elf/lib/mno-hw-mul\libsmallc.a(lib_a-vsnprintf.o) (_impure_ptr)
c:/intelfpga_lite/22.1std/nios2eds/bin/gnu/h-x86_64-mingw32/bin/../lib/gcc/nios2-elf/12.2.1/../../../../../H-x86_64-mingw32/nios2-elf/lib/mno-hw-mul\libsmallc.a(lib_a-memmove.o)
                              c:/intelfpga_lite/22.1std/nios2eds/bin/gnu/h-x86_64-mingw32/bin/../lib/gcc/nios2-elf/12.2.1/../../../../../H-x86_64-mingw32/nios2-elf/lib/mno-hw-mul\libsmallc.a(lib_a-fvwrite_small_str.o) (memmove)
c:/intelfpga_lite/22.1std/nios2eds/bin/gnu/h-x86_64-mingw32/bin/../lib/gcc/nios2-elf/12.2.1/../../../../../H-x86_64-mingw32/nios2-elf/lib/mno-hw-mul\libsmallc.a(lib_a-svfprintf.o)
                              c:/intelfpga_lite/22.1std/nios2eds/bin/gnu/h-x86_64-mingw32/bin/../lib/gcc/nios2-elf/12.2.1/../../../../../H-x86_64-mingw32/nios2-elf/lib/mno-hw-mul\libsmallc.a(lib_a-vsnprintf.o) (___svfprintf_internal_r)
c:/intelfpga_lite/22.1std/nios2eds/bin/gnu/h-x86_64-mingw32/bin/../lib/gcc/nios2-elf/12.2.1/../../../../../H-x86_64-mingw32/nios2-elf/lib/mno-hw-mul\libsmallc.a(lib_a-strlen.o)
                              c:/intelfpga_lite/22.1std/nios2eds/bin/gnu/h-x86_64-mingw32/bin/../lib/gcc/nios2-elf/12.2.1/../../../../../H-x86_64-mingw32/nios2-elf/lib/mno-hw-mul\libsmallc.a(lib_a-svfprintf.o) (strlen)
c:/intelfpga_lite/22.1std/nios2eds/bin/gnu/h-x86_64-mingw32/bin/../lib/gcc/nios2-elf/12.2.1/mno-hw-mul\libgcc.a(lib2-divmod.o)
                              c:/intelfpga_lite/22.1std/nios2eds/bin/gnu/h-x86_64-mingw32/bin/../lib/gcc/nios2-elf/12.2.1/../../../../../H-x86_64-mingw32/nios2-elf/lib/mno-hw-mul\libsmallc.a(lib_a-svfprintf.o) (__udivsi3)
c:/Users/kuni/work/X68k-KeplerX-RTL/GreenPAK/fpga-writer/Eclipse/GreenPAKWriter_BSP\libhal_bsp.a(alt_dcache_flush_all.o)
                              obj/default/main.o (alt_dcache_flush_all)
c:/Users/kuni/work/X68k-KeplerX-RTL/GreenPAK/fpga-writer/Eclipse/GreenPAKWriter_BSP\libhal_bsp.a(alt_iic.o)
                              obj/default/main.o (alt_ic_isr_register)
c:/Users/kuni/work/X68k-KeplerX-RTL/GreenPAK/fpga-writer/Eclipse/GreenPAKWriter_BSP\libhal_bsp.a(alt_iic_isr_register.o)
                              c:/Users/kuni/work/X68k-KeplerX-RTL/GreenPAK/fpga-writer/Eclipse/GreenPAKWriter_BSP\libhal_bsp.a(alt_iic.o) (alt_iic_isr_register)
c:/Users/kuni/work/X68k-KeplerX-RTL/GreenPAK/fpga-writer/Eclipse/GreenPAKWriter_BSP\libhal_bsp.a(alt_irq_entry.o)
                              c:/Users/kuni/work/X68k-KeplerX-RTL/GreenPAK/fpga-writer/Eclipse/GreenPAKWriter_BSP\libhal_bsp.a(alt_iic_isr_register.o) (alt_irq_entry)
c:/Users/kuni/work/X68k-KeplerX-RTL/GreenPAK/fpga-writer/Eclipse/GreenPAKWriter_BSP\libhal_bsp.a(alt_irq_handler.o)
                              c:/Users/kuni/work/X68k-KeplerX-RTL/GreenPAK/fpga-writer/Eclipse/GreenPAKWriter_BSP\libhal_bsp.a(alt_iic_isr_register.o) (alt_irq)
c:/Users/kuni/work/X68k-KeplerX-RTL/GreenPAK/fpga-writer/Eclipse/GreenPAKWriter_BSP\libhal_bsp.a(alt_irq_vars.o)
                              c:/Users/kuni/work/X68k-KeplerX-RTL/GreenPAK/fpga-writer/Eclipse/GreenPAKWriter_BSP\libhal_bsp.a(alt_iic.o) (alt_irq_active)
c:/Users/kuni/work/X68k-KeplerX-RTL/GreenPAK/fpga-writer/Eclipse/GreenPAKWriter_BSP\libhal_bsp.a(alt_load.o)
                              c:/Users/kuni/work/X68k-KeplerX-RTL/GreenPAK/fpga-writer/Eclipse/GreenPAKWriter_BSP/obj/HAL/src/crt0.o (alt_load)
c:/Users/kuni/work/X68k-KeplerX-RTL/GreenPAK/fpga-writer/Eclipse/GreenPAKWriter_BSP\libhal_bsp.a(alt_main.o)
                              c:/Users/kuni/work/X68k-KeplerX-RTL/GreenPAK/fpga-writer/Eclipse/GreenPAKWriter_BSP/obj/HAL/src/crt0.o (alt_main)
c:/Users/kuni/work/X68k-KeplerX-RTL/GreenPAK/fpga-writer/Eclipse/GreenPAKWriter_BSP\libhal_bsp.a(alt_sys_init.o)
[...]
Memory Configuration

Name             Origin             Length             Attributes
reset            0x0000000000020000 0x0000000000000020
onchip_memory    0x0000000000020020 0x0000000000009fe0
textram          0x0000000000050000 0x0000000000002000
onchip_NVM_ROM   0x0000000000060000 0x0000000000000100
*default*        0x0000000000000000 0xffffffffffffffff

Linker script and memory map

LOAD c:/Users/kuni/work/X68k-KeplerX-RTL/GreenPAK/fpga-writer/Eclipse/GreenPAKWriter_BSP/obj/HAL/src/crt0.o
LOAD obj/default/main.o
LOAD c:/intelfpga_lite/22.1std/nios2eds/bin/gnu/h-x86_64-mingw32/bin/../lib/gcc/nios2-elf/12.2.1/../../../../../H-x86_64-mingw32/nios2-elf/lib/mno-hw-mul\libstdc++.a
LOAD c:/intelfpga_lite/22.1std/nios2eds/bin/gnu/h-x86_64-mingw32/bin/../lib/gcc/nios2-elf/12.2.1/../../../../../H-x86_64-mingw32/nios2-elf/lib/mno-hw-mul\libm.a
LOAD c:/intelfpga_lite/22.1std/nios2eds/bin/gnu/h-x86_64-mingw32/bin/../lib/gcc/nios2-elf/12.2.1/mno-hw-mul\libgcc.a
START GROUP
LOAD c:/intelfpga_lite/22.1std/nios2eds/bin/gnu/h-x86_64-mingw32/bin/../lib/gcc/nios2-elf/12.2.1/../../../../../H-x86_64-mingw32/nios2-elf/lib/mno-hw-mul\libsmallc.a
LOAD c:/intelfpga_lite/22.1std/nios2eds/bin/gnu/h-x86_64-mingw32/bin/../lib/gcc/nios2-elf/12.2.1/mno-hw-mul\libgcc.a
LOAD c:/Users/kuni/work/X68k-KeplerX-RTL/GreenPAK/fpga-writer/Eclipse/GreenPAKWriter_BSP\libhal_bsp.a
LOAD c:/intelfpga_lite/22.1std/nios2eds/bin/gnu/h-x86_64-mingw32/bin/../lib/gcc/nios2-elf/12.2.1/../../../../../H-x86_64-mingw32/nios2-elf/lib/mno-hw-mul\libm.a
END GROUP
LOAD c:/intelfpga_lite/22.1std/nios2eds/bin/gnu/h-x86_64-mingw32/bin/../lib/gcc/nios2-elf/12.2.1/mno-hw-mul\libgcc.a
                0x0000000000020000                __alt_mem_onchip_memory = 0x20000
                0x0000000000050000                __alt_mem_textram = 0x50000
                0x0000000000060000                __alt_mem_onchip_NVM_ROM = 0x60000

.entry          0x0000000000020000       0x20
 *(.entry)
 .entry         0x0000000000020000       0x20 c:/Users/kuni/work/X68k-KeplerX-RTL/GreenPAK/fpga-writer/Eclipse/GreenPAKWriter_BSP/obj/HAL/src/crt0.o
                0x0000000000020000                __reset

.exceptions     0x0000000000020020      0x204
                0x0000000000020020                PROVIDE (__ram_exceptions_start = ABSOLUTE (.))
                0x0000000000020020                . = ALIGN (0x20)
 *(.irq)
 *(.exceptions.entry.label)
 .exceptions.entry.label
                0x0000000000020020        0x0 c:/Users/kuni/work/X68k-KeplerX-RTL/GreenPAK/fpga-writer/Eclipse/GreenPAKWriter_BSP\libhal_bsp.a(alt_irq_entry.o)
                0x0000000000020020                alt_irq_entry
 .exceptions.entry.label
                0x0000000000020020        0x0 c:/Users/kuni/work/X68k-KeplerX-RTL/GreenPAK/fpga-writer/Eclipse/GreenPAKWriter_BSP\libhal_bsp.a(alt_exception_entry.o)
                0x0000000000020020                alt_exception
 *(.exceptions.entry.user)
 *(.exceptions.entry.ecc_fatal)
 *(.exceptions.entry)
 .exceptions.entry
                0x0000000000020020       0x54 c:/Users/kuni/work/X68k-KeplerX-RTL/GreenPAK/fpga-writer/Eclipse/GreenPAKWriter_BSP\libhal_bsp.a(alt_exception_entry.o)
 *(.exceptions.irqtest.user)
 *(.exceptions.irqtest)
 .exceptions.irqtest
                0x0000000000020074       0x10 c:/Users/kuni/work/X68k-KeplerX-RTL/GreenPAK/fpga-writer/Eclipse/GreenPAKWriter_BSP\libhal_bsp.a(alt_irq_entry.o)
 *(.exceptions.irqhandler.user)
 *(.exceptions.irqhandler)
 .exceptions.irqhandler
                0x0000000000020084        0x4 c:/Users/kuni/work/X68k-KeplerX-RTL/GreenPAK/fpga-writer/Eclipse/GreenPAKWriter_BSP\libhal_bsp.a(alt_irq_entry.o)
 *(.exceptions.irqreturn.user)
 *(.exceptions.irqreturn)
 .exceptions.irqreturn
                0x0000000000020088        0x4 c:/Users/kuni/work/X68k-KeplerX-RTL/GreenPAK/fpga-writer/Eclipse/GreenPAKWriter_BSP\libhal_bsp.a(alt_irq_entry.o)
 *(.exceptions.notirq.label)
 .exceptions.notirq.label
                0x000000000002008c        0x0 c:/Users/kuni/work/X68k-KeplerX-RTL/GreenPAK/fpga-writer/Eclipse/GreenPAKWriter_BSP\libhal_bsp.a(alt_irq_entry.o)
 *(.exceptions.notirq.user)
 *(.exceptions.notirq)
 .exceptions.notirq
                0x000000000002008c        0x8 c:/Users/kuni/work/X68k-KeplerX-RTL/GreenPAK/fpga-writer/Eclipse/GreenPAKWriter_BSP\libhal_bsp.a(alt_exception_entry.o)
 *(.exceptions.soft.user)
 *(.exceptions.soft)
 *(.exceptions.unknown.user)
 *(.exceptions.unknown)
 .exceptions.unknown
                0x0000000000020094       0x14 c:/Users/kuni/work/X68k-KeplerX-RTL/GreenPAK/fpga-writer/Eclipse/GreenPAKWriter_BSP\libhal_bsp.a(alt_exception_entry.o)
 *(.exceptions.exit.label)
 .exceptions.exit.label
                0x00000000000200a8        0x0 c:/Users/kuni/work/X68k-KeplerX-RTL/GreenPAK/fpga-writer/Eclipse/GreenPAKWriter_BSP\libhal_bsp.a(alt_irq_entry.o)
 .exceptions.exit.label
                0x00000000000200a8        0x0 c:/Users/kuni/work/X68k-KeplerX-RTL/GreenPAK/fpga-writer/Eclipse/GreenPAKWriter_BSP\libhal_bsp.a(alt_exception_entry.o)
 *(.exceptions.exit.user)
 *(.exceptions.exit)
 .exceptions.exit
                0x00000000000200a8       0x54 c:/Users/kuni/work/X68k-KeplerX-RTL/GreenPAK/fpga-writer/Eclipse/GreenPAKWriter_BSP\libhal_bsp.a(alt_exception_entry.o)
 *(.exceptions)
 .exceptions    0x00000000000200fc       0xc8 c:/Users/kuni/work/X68k-KeplerX-RTL/GreenPAK/fpga-writer/Eclipse/GreenPAKWriter_BSP\libhal_bsp.a(alt_irq_handler.o)
                0x00000000000200fc                alt_irq_handler
 .exceptions    0x00000000000201c4       0x60 c:/Users/kuni/work/X68k-KeplerX-RTL/GreenPAK/fpga-writer/Eclipse/GreenPAKWriter_BSP\libhal_bsp.a(alt_instruction_exception_entry.o)
                0x00000000000201c4                alt_instruction_exception_entry
                0x0000000000020224                PROVIDE (__ram_exceptions_end = ABSOLUTE (.))
                0x0000000000020020                PROVIDE (__flash_exceptions_start = LOADADDR (.exceptions))

.text           0x0000000000020224     0x7680
                [!provide]                        PROVIDE (stext = ABSOLUTE (.))
 *(.interp)
 *(.hash)
 *(.dynsym)
 *(.dynstr)
 *(.gnu.version)
 *(.gnu.version_d)
 *(.gnu.version_r)
 *(.rel.init)
 *(.rela.init)
 *(.rel.text .rel.text.* .rel.gnu.linkonce.t.*)
 *(.rela.text .rela.text.* .rela.gnu.linkonce.t.*)
 *(.rel.fini)
 *(.rela.fini)
 *(.rel.rodata .rel.rodata.* .rel.gnu.linkonce.r.*)
 *(.rela.rodata .rela.rodata.* .rela.gnu.linkonce.r.*)
 *(.rel.data .rel.data.* .rel.gnu.linkonce.d.*)
 *(.rela.data .rela.data.* .rela.gnu.linkonce.d.*)
 *(.rel.tdata .rel.tdata.* .rel.gnu.linkonce.td.*)
 *(.rela.tdata .rela.tdata.* .rela.gnu.linkonce.td.*)
 *(.rel.tbss .rel.tbss.* .rel.gnu.linkonce.tb.*)
 *(.rela.tbss .rela.tbss.* .rela.gnu.linkonce.tb.*)
 *(.rel.ctors)
 *(.rela.ctors)
 *(.rel.dtors)
 *(.rela.dtors)
 *(.rel.got)
 *(.rela.got)
 *(.rel.sdata .rel.sdata.* .rel.gnu.linkonce.s.*)
 *(.rela.sdata .rela.sdata.* .rela.gnu.linkonce.s.*)
 *(.rel.sbss .rel.sbss.* .rel.gnu.linkonce.sb.*)
 *(.rela.sbss .rela.sbss.* .rela.gnu.linkonce.sb.*)
 *(.rel.sdata2 .rel.sdata2.* .rel.gnu.linkonce.s2.*)
 *(.rela.sdata2 .rela.sdata2.* .rela.gnu.linkonce.s2.*)
 *(.rel.sbss2 .rel.sbss2.* .rel.gnu.linkonce.sb2.*)
 *(.rela.sbss2 .rela.sbss2.* .rela.gnu.linkonce.sb2.*)
 *(.rel.bss .rel.bss.* .rel.gnu.linkonce.b.*)
 *(.rela.bss .rela.bss.* .rela.gnu.linkonce.b.*)
 *(.rel.plt)
 *(.rela.plt)
 *(.rel.dyn)
 *(.init)
 *(.plt)
 *(.text .stub .text.* .gnu.linkonce.t.*)
 .text          0x0000000000020224       0x3c c:/Users/kuni/work/X68k-KeplerX-RTL/GreenPAK/fpga-writer/Eclipse/GreenPAKWriter_BSP/obj/HAL/src/crt0.o
                0x0000000000020224                _start
 .text          0x0000000000020260     0x108c obj/default/main.o
                0x0000000000020260                wait_msec
                0x00000000000202c4                kxlog
                0x00000000000205ec                init
                0x00000000000207a4                read_gp_rom
                0x00000000000209d4                erase_gp_nvm
                0x0000000000020a00                erase_gp_eeprom
                0x0000000000020a2c                erase_gp_rom
                0x0000000000020a9c                erase_gp_rom_block
                0x0000000000020ba4                write_gp_rom
                0x0000000000020d9c                dump
                0x0000000000020e90                eeprom_write
                0x000000000002107c                nvm_write
                0x0000000000021140                main
 .text          0x00000000000212ec       0x28 c:/intelfpga_lite/22.1std/nios2eds/bin/gnu/h-x86_64-mingw32/bin/../lib/gcc/nios2-elf/12.2.1/mno-hw-mul\libgcc.a(lib2-mul.o)
                0x00000000000212ec                __mulsi3
 .text          0x0000000000021314        0x0 c:/intelfpga_lite/22.1std/nios2eds/bin/gnu/h-x86_64-mingw32/bin/../lib/gcc/nios2-elf/12.2.1/../../../../../H-x86_64-mingw32/nios2-elf/lib/mno-hw-mul\libsmallc.a(lib_a-vsnprintf.o)
 .text._vsnprintf_r
                0x0000000000021314       0xb4 c:/intelfpga_lite/22.1std/nios2eds/bin/gnu/h-x86_64-mingw32/bin/../lib/gcc/nios2-elf/12.2.1/../../../../../H-x86_64-mingw32/nios2-elf/lib/mno-hw-mul\libsmallc.a(lib_a-vsnprintf.o)
                0x0000000000021314                _vsnprintf_r
 .text.vsnprintf
                0x00000000000213c8       0x30 c:/intelfpga_lite/22.1std/nios2eds/bin/gnu/h-x86_64-mingw32/bin/../lib/gcc/nios2-elf/12.2.1/../../../../../H-x86_64-mingw32/nios2-elf/lib/mno-hw-mul\libsmallc.a(lib_a-vsnprintf.o)
                0x00000000000213c8                vsnprintf
 .text          0x00000000000213f8        0x0 c:/intelfpga_lite/22.1std/nios2eds/bin/gnu/h-x86_64-mingw32/bin/../lib/gcc/nios2-elf/12.2.1/../../../../../H-x86_64-mingw32/nios2-elf/lib/mno-hw-mul\libsmallc.a(lib_a-fvwrite_small_str.o)
 .text.__sfvwrite_small_str
                0x00000000000213f8       0x98 c:/intelfpga_lite/22.1std/nios2eds/bin/gnu/h-x86_64-mingw32/bin/../lib/gcc/nios2-elf/12.2.1/../../../../../H-x86_64-mingw32/nios2-elf/lib/mno-hw-mul\libsmallc.a(lib_a-fvwrite_small_str.o)
                0x00000000000213f8                __sfvwrite_small_str
 .text          0x0000000000021490        0x0 c:/intelfpga_lite/22.1std/nios2eds/bin/gnu/h-x86_64-mingw32/bin/../lib/gcc/nios2-elf/12.2.1/../../../../../H-x86_64-mingw32/nios2-elf/lib/mno-hw-mul\libsmallc.a(lib_a-impure.o)
 .text          0x0000000000021490        0x0 c:/intelfpga_lite/22.1std/nios2eds/bin/gnu/h-x86_64-mingw32/bin/../lib/gcc/nios2-elf/12.2.1/../../../../../H-x86_64-mingw32/nios2-elf/lib/mno-hw-mul\libsmallc.a(lib_a-memmove.o)
 .text.memmove  0x0000000000021490       0x60 c:/intelfpga_lite/22.1std/nios2eds/bin/gnu/h-x86_64-mingw32/bin/../lib/gcc/nios2-elf/12.2.1/../../../../../H-x86_64-mingw32/nios2-elf/lib/mno-hw-mul\libsmallc.a(lib_a-memmove.o)
                0x0000000000021490                memmove
 .text          0x00000000000214f0        0x0 c:/intelfpga_lite/22.1std/nios2eds/bin/gnu/h-x86_64-mingw32/bin/../lib/gcc/nios2-elf/12.2.1/../../../../../H-x86_64-mingw32/nios2-elf/lib/mno-hw-mul\libsmallc.a(lib_a-svfprintf.o)
 .text.print_repeat
                0x00000000000214f0       0x6c c:/intelfpga_lite/22.1std/nios2eds/bin/gnu/h-x86_64-mingw32/bin/../lib/gcc/nios2-elf/12.2.1/../../../../../H-x86_64-mingw32/nios2-elf/lib/mno-hw-mul\libsmallc.a(lib_a-svfprintf.o)
 .text.___svfprintf_internal_r
                0x000000000002155c      0x51c c:/intelfpga_lite/22.1std/nios2eds/bin/gnu/h-x86_64-mingw32/bin/../lib/gcc/nios2-elf/12.2.1/../../../../../H-x86_64-mingw32/nios2-elf/lib/mno-hw-mul\libsmallc.a(lib_a-svfprintf.o)
                0x000000000002155c                ___svfprintf_internal_r
 .text.__vfprintf_internal_unused
                0x0000000000021a78       0x18 c:/intelfpga_lite/22.1std/nios2eds/bin/gnu/h-x86_64-mingw32/bin/../lib/gcc/nios2-elf/12.2.1/../../../../../H-x86_64-mingw32/nios2-elf/lib/mno-hw-mul\libsmallc.a(lib_a-svfprintf.o)
                0x0000000000021a78                __vfprintf_internal_unused
 .text          0x0000000000021a90        0x0 c:/intelfpga_lite/22.1std/nios2eds/bin/gnu/h-x86_64-mingw32/bin/../lib/gcc/nios2-elf/12.2.1/../../../../../H-x86_64-mingw32/nios2-elf/lib/mno-hw-mul\libsmallc.a(lib_a-strlen.o)
 .text.strlen   0x0000000000021a90       0x1c c:/intelfpga_lite/22.1std/nios2eds/bin/gnu/h-x86_64-mingw32/bin/../lib/gcc/nios2-elf/12.2.1/../../../../../H-x86_64-mingw32/nios2-elf/lib/mno-hw-mul\libsmallc.a(lib_a-strlen.o)
                0x0000000000021a90                strlen
 .text          0x0000000000021aac      0x1b4 c:/intelfpga_lite/22.1std/nios2eds/bin/gnu/h-x86_64-mingw32/bin/../lib/gcc/nios2-elf/12.2.1/mno-hw-mul\libgcc.a(lib2-divmod.o)
                0x0000000000021aac                __divsi3
                0x0000000000021b2c                __modsi3
                0x0000000000021ba0                __udivsi3
                0x0000000000021c04                __umodsi3
 .text          0x0000000000021c60       0x20 c:/Users/kuni/work/X68k-KeplerX-RTL/GreenPAK/fpga-writer/Eclipse/GreenPAKWriter_BSP\libhal_bsp.a(alt_dcache_flush_all.o)
                0x0000000000021c60                alt_dcache_flush_all
 .text          0x0000000000021c80      0x1b0 c:/Users/kuni/work/X68k-KeplerX-RTL/GreenPAK/fpga-writer/Eclipse/GreenPAKWriter_BSP\libhal_bsp.a(alt_iic.o)
                0x0000000000021c80                alt_ic_isr_register
                0x0000000000021cd0                alt_ic_irq_enable
                0x0000000000021d58                alt_ic_irq_disable
                0x0000000000021de4                alt_ic_irq_enabled
 .text          0x0000000000021e30       0xe8 c:/Users/kuni/work/X68k-KeplerX-RTL/GreenPAK/fpga-writer/Eclipse/GreenPAKWriter_BSP\libhal_bsp.a(alt_iic_isr_register.o)
                0x0000000000021e30                alt_iic_isr_register
 .text          0x0000000000021f18        0x0 c:/Users/kuni/work/X68k-KeplerX-RTL/GreenPAK/fpga-writer/Eclipse/GreenPAKWriter_BSP\libhal_bsp.a(alt_irq_entry.o)
 .text          0x0000000000021f18        0x0 c:/Users/kuni/work/X68k-KeplerX-RTL/GreenPAK/fpga-writer/Eclipse/GreenPAKWriter_BSP\libhal_bsp.a(alt_irq_handler.o)
 .text          0x0000000000021f18        0x0 c:/Users/kuni/work/X68k-KeplerX-RTL/GreenPAK/fpga-writer/Eclipse/GreenPAKWriter_BSP\libhal_bsp.a(alt_irq_vars.o)
 .text          0x0000000000021f18       0xec c:/Users/kuni/work/X68k-KeplerX-RTL/GreenPAK/fpga-writer/Eclipse/GreenPAKWriter_BSP\libhal_bsp.a(alt_load.o)
                0x0000000000021f80                alt_load
 .text          0x0000000000022004       0x7c c:/Users/kuni/work/X68k-KeplerX-RTL/GreenPAK/fpga-writer/Eclipse/GreenPAKWriter_BSP\libhal_bsp.a(alt_main.o)
                0x0000000000022004                alt_main
 .text          0x0000000000022080       0xdc c:/Users/kuni/work/X68k-KeplerX-RTL/GreenPAK/fpga-writer/Eclipse/GreenPAKWriter_BSP\libhal_bsp.a(alt_sys_init.o)
                0x00000000000220b4                alt_irq_init
                0x00000000000220f0                alt_sys_init
 .text          0x000000000002215c      0x4f8 c:/Users/kuni/work/X68k-KeplerX-RTL/GreenPAK/fpga-writer/Eclipse/GreenPAKWriter_BSP\libhal_bsp.a(altera_avalon_fifo_util.o)
                0x000000000002215c                altera_avalon_fifo_init
                0x00000000000221f4                altera_avalon_fifo_read_status
                0x0000000000022230                altera_avalon_fifo_read_ienable
                0x000000000002226c                altera_avalon_fifo_read_almostfull
                0x0000000000022298                altera_avalon_fifo_read_almostempty
                0x00000000000222c4                altera_avalon_fifo_read_event
                0x0000000000022300                altera_avalon_fifo_read_level
                0x0000000000022328                altera_avalon_fifo_clear_event
                0x0000000000022388                altera_avalon_fifo_write_ienable
                0x00000000000223e0                altera_avalon_fifo_write_almostfull
                0x0000000000022438                altera_avalon_fifo_write_almostempty
                0x0000000000022490                altera_avalon_fifo_write_fifo
                0x00000000000224e8                altera_avalon_read_fifo
                0x0000000000022554                altera_avalon_fifo_read_fifo
                0x00000000000225a0                altera_avalon_fifo_write_other_info
                0x0000000000022600                altera_avalon_fifo_read_other_info
                0x000000000002262c                altera_avalon_fifo_read_backpressure
 .text          0x0000000000022654     0x1c3c c:/Users/kuni/work/X68k-KeplerX-RTL/GreenPAK/fpga-writer/Eclipse/GreenPAKWriter_BSP\libhal_bsp.a(altera_avalon_i2c.o)
                0x0000000000022764                alt_avalon_i2c_register_optional_irq_handler
                0x0000000000022854                alt_avalon_i2c_register_callback
                0x00000000000228a8                alt_avalon_i2c_init
                0x0000000000022994                alt_avalon_i2c_open
                0x00000000000229d4                alt_avalon_i2c_enable
                0x0000000000022a6c                alt_avalon_i2c_disable
                0x0000000000022ab8                alt_avalon_i2c_master_config_get
                0x0000000000022b68                alt_avalon_i2c_master_config_set
                0x0000000000022c34                alt_avalon_i2c_master_config_speed_get
                0x0000000000022cc8                alt_avalon_i2c_master_config_speed_set
                0x0000000000022dc4                alt_avalon_i2c_is_busy
                0x0000000000022e08                alt_avalon_i2c_rx_read_available
                0x0000000000022eb4                alt_avalon_i2c_rx_read
                0x0000000000022f5c                alt_avalon_i2c_cmd_write
                0x0000000000023048                alt_avalon_i2c_send_address
                0x0000000000023138                alt_avalon_i2c_master_target_get
                0x0000000000023170                alt_avalon_i2c_master_target_set
                0x00000000000231a4                alt_avalon_i2c_check_nack
                0x00000000000231f0                alt_avalon_i2c_check_arblost
                0x000000000002323c                alt_avalon_i2c_interrupt_transaction_status
                0x0000000000023378                alt_avalon_i2c_master_tx
                0x0000000000023460                alt_avalon_i2c_master_rx
                0x000000000002359c                alt_avalon_i2c_master_tx_rx
                0x0000000000023774                alt_avalon_i2c_master_transmit
                0x0000000000023934                alt_avalon_i2c_master_transmit_using_interrupts
                0x0000000000023b40                alt_avalon_i2c_master_receive
                0x0000000000023d50                alt_avalon_i2c_master_receive_using_interrupts
                0x0000000000023f40                alt_avalon_i2c_int_status_get
                0x0000000000023f98                alt_avalon_i2c_int_raw_status_get
                0x0000000000023fdc                alt_avalon_i2c_int_clear
                0x0000000000024018                alt_avalon_i2c_int_disable
                0x0000000000024084                alt_avalon_i2c_int_enable
                0x00000000000240ec                alt_avalon_i2c_enabled_ints_get
                0x0000000000024130                alt_avalon_i2c_rx_fifo_threshold_get
                0x000000000002417c                alt_avalon_i2c_rx_fifo_threshold_set
                0x00000000000241e0                alt_avalon_i2c_tfr_cmd_fifo_threshold_get
                0x000000000002422c                alt_avalon_i2c_tfr_cmd_fifo_threshold_set
 .text          0x0000000000024290       0xc0 c:/Users/kuni/work/X68k-KeplerX-RTL/GreenPAK/fpga-writer/Eclipse/GreenPAKWriter_BSP\libhal_bsp.a(altera_avalon_jtag_uart_fd.o)
                0x0000000000024290                altera_avalon_jtag_uart_read_fd
                0x00000000000242f0                altera_avalon_jtag_uart_write_fd
 .text          0x0000000000024350       0xec c:/Users/kuni/work/X68k-KeplerX-RTL/GreenPAK/fpga-writer/Eclipse/GreenPAKWriter_BSP\libhal_bsp.a(altera_avalon_jtag_uart_read.o)
                0x0000000000024350                altera_avalon_jtag_uart_read
 .text          0x000000000002443c       0x98 c:/Users/kuni/work/X68k-KeplerX-RTL/GreenPAK/fpga-writer/Eclipse/GreenPAKWriter_BSP\libhal_bsp.a(altera_avalon_jtag_uart_write.o)
                0x000000000002443c                altera_avalon_jtag_uart_write
 .text          0x00000000000244d4     0x1fd8 c:/Users/kuni/work/X68k-KeplerX-RTL/GreenPAK/fpga-writer/Eclipse/GreenPAKWriter_BSP\libhal_bsp.a(altera_msgdma.o)
                0x000000000002509c                alt_msgdma_construct_standard_st_to_mm_descriptor
                0x00000000000250f4                alt_msgdma_construct_standard_mm_to_st_descriptor
                0x000000000002514c                alt_msgdma_construct_standard_mm_to_mm_descriptor
                0x00000000000251a4                alt_msgdma_construct_extended_st_to_mm_descriptor
                0x0000000000025234                alt_msgdma_construct_extended_mm_to_st_descriptor
                0x00000000000252c4                alt_msgdma_construct_extended_mm_to_mm_descriptor
                0x00000000000255a4                alt_msgdma_construct_prefetcher_standard_mm_to_mm_descriptor
                0x00000000000255fc                alt_msgdma_construct_prefetcher_standard_st_to_mm_descriptor
                0x0000000000025654                alt_msgdma_construct_prefetcher_standard_mm_to_st_descriptor
                0x00000000000256ac                alt_msgdma_construct_prefetcher_extended_st_to_mm_descriptor
                0x000000000002574c                alt_msgdma_construct_prefetcher_extended_mm_to_st_descriptor
                0x00000000000257e4                alt_msgdma_construct_prefetcher_extended_mm_to_mm_descriptor
                0x000000000002589c                alt_msgdma_prefetcher_add_standard_desc_to_list
                0x000000000002598c                alt_msgdma_prefetcher_add_extended_desc_to_list
                0x0000000000025b24                alt_msgdma_prefetcher_set_std_list_own_by_hw_bits
                0x0000000000025c34                alt_msgdma_prefetcher_set_extd_list_own_by_hw_bits
                0x0000000000025d80                alt_msgdma_start_prefetcher_with_list_addr
                0x0000000000026048                alt_msgdma_start_prefetcher_with_std_desc_list
                0x00000000000260f8                alt_msgdma_start_prefetcher_with_extd_desc_list
                0x00000000000261a8                alt_msgdma_open
                0x0000000000026200                alt_msgdma_init
                0x0000000000026368                alt_msgdma_register_callback
                0x00000000000263bc                alt_msgdma_standard_descriptor_async_transfer
                0x00000000000263f8                alt_msgdma_extended_descriptor_async_transfer
                0x0000000000026434                alt_msgdma_standard_descriptor_sync_transfer
                0x0000000000026470                alt_msgdma_extended_descriptor_sync_transfer
 .text          0x00000000000264ac      0x158 c:/Users/kuni/work/X68k-KeplerX-RTL/GreenPAK/fpga-writer/Eclipse/GreenPAKWriter_BSP\libhal_bsp.a(alt_busy_sleep.o)
                0x00000000000264ac                alt_busy_sleep
 .text          0x0000000000026604      0x118 c:/Users/kuni/work/X68k-KeplerX-RTL/GreenPAK/fpga-writer/Eclipse/GreenPAKWriter_BSP\libhal_bsp.a(alt_close.o)
                0x0000000000026640                close
 .text          0x000000000002671c       0x28 c:/Users/kuni/work/X68k-KeplerX-RTL/GreenPAK/fpga-writer/Eclipse/GreenPAKWriter_BSP\libhal_bsp.a(alt_dcache_flush.o)
                0x000000000002671c                alt_dcache_flush
 .text          0x0000000000026744       0x2c c:/Users/kuni/work/X68k-KeplerX-RTL/GreenPAK/fpga-writer/Eclipse/GreenPAKWriter_BSP\libhal_bsp.a(alt_dev.o)
 .text          0x0000000000026770       0xe4 c:/Users/kuni/work/X68k-KeplerX-RTL/GreenPAK/fpga-writer/Eclipse/GreenPAKWriter_BSP\libhal_bsp.a(alt_dev_llist_insert.o)
                0x00000000000267ac                alt_dev_llist_insert
 .text          0x0000000000026854       0x64 c:/Users/kuni/work/X68k-KeplerX-RTL/GreenPAK/fpga-writer/Eclipse/GreenPAKWriter_BSP\libhal_bsp.a(alt_do_ctors.o)
                0x0000000000026854                _do_ctors
 .text          0x00000000000268b8       0x64 c:/Users/kuni/work/X68k-KeplerX-RTL/GreenPAK/fpga-writer/Eclipse/GreenPAKWriter_BSP\libhal_bsp.a(alt_do_dtors.o)
                0x00000000000268b8                _do_dtors
 .text          0x000000000002691c        0x0 c:/Users/kuni/work/X68k-KeplerX-RTL/GreenPAK/fpga-writer/Eclipse/GreenPAKWriter_BSP\libhal_bsp.a(alt_errno.o)
 .text          0x000000000002691c        0x0 c:/Users/kuni/work/X68k-KeplerX-RTL/GreenPAK/fpga-writer/Eclipse/GreenPAKWriter_BSP\libhal_bsp.a(alt_exception_entry.o)
 .text          0x000000000002691c       0x90 c:/Users/kuni/work/X68k-KeplerX-RTL/GreenPAK/fpga-writer/Eclipse/GreenPAKWriter_BSP\libhal_bsp.a(alt_find_dev.o)
                0x000000000002691c                alt_find_dev
 .text          0x00000000000269ac       0x20 c:/Users/kuni/work/X68k-KeplerX-RTL/GreenPAK/fpga-writer/Eclipse/GreenPAKWriter_BSP\libhal_bsp.a(alt_icache_flush_all.o)
                0x00000000000269ac                alt_icache_flush_all
 .text          0x00000000000269cc       0x74 c:/Users/kuni/work/X68k-KeplerX-RTL/GreenPAK/fpga-writer/Eclipse/GreenPAKWriter_BSP\libhal_bsp.a(alt_instruction_exception_entry.o)
                0x00000000000269cc                alt_exception_cause_generated_bad_addr
 .text          0x0000000000026a40      0x150 c:/Users/kuni/work/X68k-KeplerX-RTL/GreenPAK/fpga-writer/Eclipse/GreenPAKWriter_BSP\libhal_bsp.a(alt_io_redirect.o)
                0x0000000000026b14                alt_io_redirect
 .text          0x0000000000026b90      0x278 c:/Users/kuni/work/X68k-KeplerX-RTL/GreenPAK/fpga-writer/Eclipse/GreenPAKWriter_BSP\libhal_bsp.a(alt_open.o)
                0x0000000000026ca8                open
 .text          0x0000000000026e08      0x22c c:/Users/kuni/work/X68k-KeplerX-RTL/GreenPAK/fpga-writer/Eclipse/GreenPAKWriter_BSP\libhal_bsp.a(alt_printf.o)
                0x0000000000026e08                alt_printf
 .text          0x0000000000027034       0x30 c:/Users/kuni/work/X68k-KeplerX-RTL/GreenPAK/fpga-writer/Eclipse/GreenPAKWriter_BSP\libhal_bsp.a(alt_putchar.o)
                0x0000000000027034                alt_putchar
 .text          0x0000000000027064       0x70 c:/Users/kuni/work/X68k-KeplerX-RTL/GreenPAK/fpga-writer/Eclipse/GreenPAKWriter_BSP\libhal_bsp.a(alt_release_fd.o)
                0x0000000000027064                alt_release_fd
 .text          0x00000000000270d4       0x24 c:/Users/kuni/work/X68k-KeplerX-RTL/GreenPAK/fpga-writer/Eclipse/GreenPAKWriter_BSP\libhal_bsp.a(altera_nios2_gen2_irq.o)
                0x00000000000270d4                altera_nios2_gen2_irq_init
 .text          0x00000000000270f8      0x108 c:/Users/kuni/work/X68k-KeplerX-RTL/GreenPAK/fpga-writer/Eclipse/GreenPAKWriter_BSP\libhal_bsp.a(alt_find_file.o)
                0x00000000000270f8                alt_find_file
 .text          0x0000000000027200       0xb8 c:/Users/kuni/work/X68k-KeplerX-RTL/GreenPAK/fpga-writer/Eclipse/GreenPAKWriter_BSP\libhal_bsp.a(alt_get_fd.o)
                0x0000000000027200                alt_get_fd
 .text          0x00000000000272b8        0x0 c:/intelfpga_lite/22.1std/nios2eds/bin/gnu/h-x86_64-mingw32/bin/../lib/gcc/nios2-elf/12.2.1/../../../../../H-x86_64-mingw32/nios2-elf/lib/mno-hw-mul\libsmallc.a(lib_a-atexit.o)
 .text.atexit   0x00000000000272b8       0x14 c:/intelfpga_lite/22.1std/nios2eds/bin/gnu/h-x86_64-mingw32/bin/../lib/gcc/nios2-elf/12.2.1/../../../../../H-x86_64-mingw32/nios2-elf/lib/mno-hw-mul\libsmallc.a(lib_a-atexit.o)
                0x00000000000272b8                atexit
 .text          0x00000000000272cc        0x0 c:/intelfpga_lite/22.1std/nios2eds/bin/gnu/h-x86_64-mingw32/bin/../lib/gcc/nios2-elf/12.2.1/../../../../../H-x86_64-mingw32/nios2-elf/lib/mno-hw-mul\libsmallc.a(lib_a-exit.o)
 .text.exit     0x00000000000272cc       0x20 c:/intelfpga_lite/22.1std/nios2eds/bin/gnu/h-x86_64-mingw32/bin/../lib/gcc/nios2-elf/12.2.1/../../../../../H-x86_64-mingw32/nios2-elf/lib/mno-hw-mul\libsmallc.a(lib_a-exit.o)
                0x00000000000272cc                exit
 .text          0x00000000000272ec        0x0 c:/intelfpga_lite/22.1std/nios2eds/bin/gnu/h-x86_64-mingw32/bin/../lib/gcc/nios2-elf/12.2.1/../../../../../H-x86_64-mingw32/nios2-elf/lib/mno-hw-mul\libsmallc.a(lib_a-int_errno.o)
 .text          0x00000000000272ec        0x0 c:/intelfpga_lite/22.1std/nios2eds/bin/gnu/h-x86_64-mingw32/bin/../lib/gcc/nios2-elf/12.2.1/../../../../../H-x86_64-mingw32/nios2-elf/lib/mno-hw-mul\libsmallc.a(lib_a-memcmp.o)
 .text.memcmp   0x00000000000272ec       0x30 c:/intelfpga_lite/22.1std/nios2eds/bin/gnu/h-x86_64-mingw32/bin/../lib/gcc/nios2-elf/12.2.1/../../../../../H-x86_64-mingw32/nios2-elf/lib/mno-hw-mul\libsmallc.a(lib_a-memcmp.o)
                0x00000000000272ec                memcmp
 .text          0x000000000002731c        0x0 c:/intelfpga_lite/22.1std/nios2eds/bin/gnu/h-x86_64-mingw32/bin/../lib/gcc/nios2-elf/12.2.1/../../../../../H-x86_64-mingw32/nios2-elf/lib/mno-hw-mul\libsmallc.a(lib_a-putchar.o)
 .text._putchar_r
                0x000000000002731c        0x8 c:/intelfpga_lite/22.1std/nios2eds/bin/gnu/h-x86_64-mingw32/bin/../lib/gcc/nios2-elf/12.2.1/../../../../../H-x86_64-mingw32/nios2-elf/lib/mno-hw-mul\libsmallc.a(lib_a-putchar.o)
                0x000000000002731c                _putchar_r
 .text.putchar  0x0000000000027324       0x18 c:/intelfpga_lite/22.1std/nios2eds/bin/gnu/h-x86_64-mingw32/bin/../lib/gcc/nios2-elf/12.2.1/../../../../../H-x86_64-mingw32/nios2-elf/lib/mno-hw-mul\libsmallc.a(lib_a-putchar.o)
                0x0000000000027324                putchar
 .text          0x000000000002733c        0x0 c:/intelfpga_lite/22.1std/nios2eds/bin/gnu/h-x86_64-mingw32/bin/../lib/gcc/nios2-elf/12.2.1/../../../../../H-x86_64-mingw32/nios2-elf/lib/mno-hw-mul\libsmallc.a(lib_a-__atexit.o)
 .text.__register_exitproc
                0x000000000002733c      0x11c c:/intelfpga_lite/22.1std/nios2eds/bin/gnu/h-x86_64-mingw32/bin/../lib/gcc/nios2-elf/12.2.1/../../../../../H-x86_64-mingw32/nios2-elf/lib/mno-hw-mul\libsmallc.a(lib_a-__atexit.o)
                0x000000000002733c                __register_exitproc
 .text          0x0000000000027458        0x0 c:/intelfpga_lite/22.1std/nios2eds/bin/gnu/h-x86_64-mingw32/bin/../lib/gcc/nios2-elf/12.2.1/../../../../../H-x86_64-mingw32/nios2-elf/lib/mno-hw-mul\libsmallc.a(lib_a-__call_atexit.o)
 .text.__call_exitprocs
                0x0000000000027458      0x12c c:/intelfpga_lite/22.1std/nios2eds/bin/gnu/h-x86_64-mingw32/bin/../lib/gcc/nios2-elf/12.2.1/../../../../../H-x86_64-mingw32/nios2-elf/lib/mno-hw-mul\libsmallc.a(lib_a-__call_atexit.o)
                0x0000000000027458                __call_exitprocs
 .text          0x0000000000027584        0x0 c:/intelfpga_lite/22.1std/nios2eds/bin/gnu/h-x86_64-mingw32/bin/../lib/gcc/nios2-elf/12.2.1/../../../../../H-x86_64-mingw32/nios2-elf/lib/mno-hw-mul\libsmallc.a(lib_a-putc.o)
 .text.putc     0x0000000000027584       0x54 c:/intelfpga_lite/22.1std/nios2eds/bin/gnu/h-x86_64-mingw32/bin/../lib/gcc/nios2-elf/12.2.1/../../../../../H-x86_64-mingw32/nios2-elf/lib/mno-hw-mul\libsmallc.a(lib_a-putc.o)
                0x0000000000027584                putc
 .text._putc_r  0x00000000000275d8       0x58 c:/intelfpga_lite/22.1std/nios2eds/bin/gnu/h-x86_64-mingw32/bin/../lib/gcc/nios2-elf/12.2.1/../../../../../H-x86_64-mingw32/nios2-elf/lib/mno-hw-mul\libsmallc.a(lib_a-putc.o)
                0x00000000000275d8                _putc_r
 .text          0x0000000000027630        0x0 c:/intelfpga_lite/22.1std/nios2eds/bin/gnu/h-x86_64-mingw32/bin/../lib/gcc/nios2-elf/12.2.1/../../../../../H-x86_64-mingw32/nios2-elf/lib/mno-hw-mul\libsmallc.a(lib_a-fvwrite_small_dev.o)
 .text.__sfvwrite_small_dev
                0x0000000000027630       0xa8 c:/intelfpga_lite/22.1std/nios2eds/bin/gnu/h-x86_64-mingw32/bin/../lib/gcc/nios2-elf/12.2.1/../../../../../H-x86_64-mingw32/nios2-elf/lib/mno-hw-mul\libsmallc.a(lib_a-fvwrite_small_dev.o)
                0x0000000000027630                __sfvwrite_small_dev
 .text          0x00000000000276d8        0x0 c:/intelfpga_lite/22.1std/nios2eds/bin/gnu/h-x86_64-mingw32/bin/../lib/gcc/nios2-elf/12.2.1/../../../../../H-x86_64-mingw32/nios2-elf/lib/mno-hw-mul\libsmallc.a(lib_a-writer.o)
 .text._write_r
                0x00000000000276d8       0x50 c:/intelfpga_lite/22.1std/nios2eds/bin/gnu/h-x86_64-mingw32/bin/../lib/gcc/nios2-elf/12.2.1/../../../../../H-x86_64-mingw32/nios2-elf/lib/mno-hw-mul\libsmallc.a(lib_a-writer.o)
                0x00000000000276d8                _write_r
 .text          0x0000000000027728       0x3c c:/Users/kuni/work/X68k-KeplerX-RTL/GreenPAK/fpga-writer/Eclipse/GreenPAKWriter_BSP\libhal_bsp.a(alt_exit.o)
                0x0000000000027728                _exit
 .text          0x0000000000027764      0x140 c:/Users/kuni/work/X68k-KeplerX-RTL/GreenPAK/fpga-writer/Eclipse/GreenPAKWriter_BSP\libhal_bsp.a(alt_write.o)
                0x00000000000277a0                write
 *(.gnu.warning.*)
 *(.fini)
                [!provide]                        PROVIDE (__etext = ABSOLUTE (.))
                [!provide]                        PROVIDE (_etext = ABSOLUTE (.))
                [!provide]                        PROVIDE (etext = ABSOLUTE (.))
 *(.eh_frame_hdr)
                0x00000000000278a4                . = ALIGN (0x4)
                [!provide]                        PROVIDE (__preinit_array_start = ABSOLUTE (.))
 *(.preinit_array)
                [!provide]                        PROVIDE (__preinit_array_end = ABSOLUTE (.))
                [!provide]                        PROVIDE (__init_array_start = ABSOLUTE (.))
 *(.init_array)
                [!provide]                        PROVIDE (__init_array_end = ABSOLUTE (.))
                [!provide]                        PROVIDE (__fini_array_start = ABSOLUTE (.))
 *(.fini_array)
                [!provide]                        PROVIDE (__fini_array_end = ABSOLUTE (.))
 *(.eh_frame)
 *(.gcc_except_table .gcc_except_table.*)
 *(.dynamic)
                0x00000000000278a4                PROVIDE (__CTOR_LIST__ = ABSOLUTE (.))
 *(.ctors)
 *(SORT_BY_NAME(.ctors.*))
                0x00000000000278a4                PROVIDE (__CTOR_END__ = ABSOLUTE (.))
                0x00000000000278a4                PROVIDE (__DTOR_LIST__ = ABSOLUTE (.))
 *(.dtors)
 *(SORT_BY_NAME(.dtors.*))
                0x00000000000278a4                PROVIDE (__DTOR_END__ = ABSOLUTE (.))
 *(.jcr)
                0x00000000000278a4                . = ALIGN (0x4)

.rodata         0x00000000000278a4      0x440
                0x00000000000278a4                PROVIDE (__ram_rodata_start = ABSOLUTE (.))
                0x00000000000278a4                . = ALIGN (0x4)
 *(.rodata .rodata.* .gnu.linkonce.r.*)
 .rodata        0x00000000000278a4      0x1cb obj/default/main.o
 *fill*         0x0000000000027a6f        0x1 
 .rodata        0x0000000000027a70        0xf c:/Users/kuni/work/X68k-KeplerX-RTL/GreenPAK/fpga-writer/Eclipse/GreenPAKWriter_BSP\libhal_bsp.a(alt_main.o)
 *fill*         0x0000000000027a7f        0x1 
 .rodata        0x0000000000027a80       0x48 c:/Users/kuni/work/X68k-KeplerX-RTL/GreenPAK/fpga-writer/Eclipse/GreenPAKWriter_BSP\libhal_bsp.a(alt_sys_init.o)
 .rodata        0x0000000000027ac8       0x1d c:/Users/kuni/work/X68k-KeplerX-RTL/GreenPAK/fpga-writer/Eclipse/GreenPAKWriter_BSP\libhal_bsp.a(altera_avalon_i2c.o)
 *fill*         0x0000000000027ae5        0x3 
 .rodata        0x0000000000027ae8      0x1ed c:/Users/kuni/work/X68k-KeplerX-RTL/GreenPAK/fpga-writer/Eclipse/GreenPAKWriter_BSP\libhal_bsp.a(altera_msgdma.o)
 *fill*         0x0000000000027cd5        0x3 
 .rodata        0x0000000000027cd8        0xa c:/Users/kuni/work/X68k-KeplerX-RTL/GreenPAK/fpga-writer/Eclipse/GreenPAKWriter_BSP\libhal_bsp.a(alt_dev.o)
 *(.rodata1)
                0x0000000000027ce4                . = ALIGN (0x4)
 *fill*         0x0000000000027ce2        0x2 
                0x0000000000027ce4                PROVIDE (__ram_rodata_end = ABSOLUTE (.))
                0x00000000000278a4                PROVIDE (__flash_rodata_start = LOADADDR (.rodata))

.rwdata         0x0000000000027ce4      0x3f8 load address 0x00000000000280dc
                0x0000000000027ce4                PROVIDE (__ram_rwdata_start = ABSOLUTE (.))
                0x0000000000027ce4                . = ALIGN (0x4)
 *(.got.plt)
 *(.got)
 *(.data1)
 *(.data .data.* .gnu.linkonce.d.*)
 .data          0x0000000000027ce4        0x0 c:/Users/kuni/work/X68k-KeplerX-RTL/GreenPAK/fpga-writer/Eclipse/GreenPAKWriter_BSP/obj/HAL/src/crt0.o
 .data          0x0000000000027ce4       0x4a obj/default/main.o
                0x0000000000027ce4                rd_cmd
                0x0000000000027d0a                wr_cmd
 .data          0x0000000000027d2e        0x0 c:/intelfpga_lite/22.1std/nios2eds/bin/gnu/h-x86_64-mingw32/bin/../lib/gcc/nios2-elf/12.2.1/mno-hw-mul\libgcc.a(lib2-mul.o)
 .data          0x0000000000027d2e        0x0 c:/intelfpga_lite/22.1std/nios2eds/bin/gnu/h-x86_64-mingw32/bin/../lib/gcc/nios2-elf/12.2.1/../../../../../H-x86_64-mingw32/nios2-elf/lib/mno-hw-mul\libsmallc.a(lib_a-vsnprintf.o)
 .data          0x0000000000027d2e        0x0 c:/intelfpga_lite/22.1std/nios2eds/bin/gnu/h-x86_64-mingw32/bin/../lib/gcc/nios2-elf/12.2.1/../../../../../H-x86_64-mingw32/nios2-elf/lib/mno-hw-mul\libsmallc.a(lib_a-fvwrite_small_str.o)
 .data          0x0000000000027d2e        0x0 c:/intelfpga_lite/22.1std/nios2eds/bin/gnu/h-x86_64-mingw32/bin/../lib/gcc/nios2-elf/12.2.1/../../../../../H-x86_64-mingw32/nios2-elf/lib/mno-hw-mul\libsmallc.a(lib_a-impure.o)
 *fill*         0x0000000000027d2e        0x2 
 .data.impure_data
                0x0000000000027d30       0xe4 c:/intelfpga_lite/22.1std/nios2eds/bin/gnu/h-x86_64-mingw32/bin/../lib/gcc/nios2-elf/12.2.1/../../../../../H-x86_64-mingw32/nios2-elf/lib/mno-hw-mul\libsmallc.a(lib_a-impure.o)
 .data          0x0000000000027e14        0x0 c:/intelfpga_lite/22.1std/nios2eds/bin/gnu/h-x86_64-mingw32/bin/../lib/gcc/nios2-elf/12.2.1/../../../../../H-x86_64-mingw32/nios2-elf/lib/mno-hw-mul\libsmallc.a(lib_a-memmove.o)
 .data          0x0000000000027e14        0x0 c:/intelfpga_lite/22.1std/nios2eds/bin/gnu/h-x86_64-mingw32/bin/../lib/gcc/nios2-elf/12.2.1/../../../../../H-x86_64-mingw32/nios2-elf/lib/mno-hw-mul\libsmallc.a(lib_a-svfprintf.o)
 .data          0x0000000000027e14        0x0 c:/intelfpga_lite/22.1std/nios2eds/bin/gnu/h-x86_64-mingw32/bin/../lib/gcc/nios2-elf/12.2.1/../../../../../H-x86_64-mingw32/nios2-elf/lib/mno-hw-mul\libsmallc.a(lib_a-strlen.o)
 .data          0x0000000000027e14        0x0 c:/intelfpga_lite/22.1std/nios2eds/bin/gnu/h-x86_64-mingw32/bin/../lib/gcc/nios2-elf/12.2.1/mno-hw-mul\libgcc.a(lib2-divmod.o)
 .data          0x0000000000027e14        0x0 c:/Users/kuni/work/X68k-KeplerX-RTL/GreenPAK/fpga-writer/Eclipse/GreenPAKWriter_BSP\libhal_bsp.a(alt_dcache_flush_all.o)
 .data          0x0000000000027e14        0x0 c:/Users/kuni/work/X68k-KeplerX-RTL/GreenPAK/fpga-writer/Eclipse/GreenPAKWriter_BSP\libhal_bsp.a(alt_iic.o)
 .data          0x0000000000027e14        0x0 c:/Users/kuni/work/X68k-KeplerX-RTL/GreenPAK/fpga-writer/Eclipse/GreenPAKWriter_BSP\libhal_bsp.a(alt_iic_isr_register.o)
 .data          0x0000000000027e14        0x0 c:/Users/kuni/work/X68k-KeplerX-RTL/GreenPAK/fpga-writer/Eclipse/GreenPAKWriter_BSP\libhal_bsp.a(alt_irq_entry.o)
 .data          0x0000000000027e14        0x0 c:/Users/kuni/work/X68k-KeplerX-RTL/GreenPAK/fpga-writer/Eclipse/GreenPAKWriter_BSP\libhal_bsp.a(alt_irq_handler.o)
 .data          0x0000000000027e14        0x0 c:/Users/kuni/work/X68k-KeplerX-RTL/GreenPAK/fpga-writer/Eclipse/GreenPAKWriter_BSP\libhal_bsp.a(alt_irq_vars.o)
 .data          0x0000000000027e14        0x0 c:/Users/kuni/work/X68k-KeplerX-RTL/GreenPAK/fpga-writer/Eclipse/GreenPAKWriter_BSP\libhal_bsp.a(alt_load.o)
 .data          0x0000000000027e14        0x0 c:/Users/kuni/work/X68k-KeplerX-RTL/GreenPAK/fpga-writer/Eclipse/GreenPAKWriter_BSP\libhal_bsp.a(alt_main.o)
 *fill*         0x0000000000027e14        0xc 
 .data          0x0000000000027e20       0xd0 c:/Users/kuni/work/X68k-KeplerX-RTL/GreenPAK/fpga-writer/Eclipse/GreenPAKWriter_BSP\libhal_bsp.a(alt_sys_init.o)
 .data          0x0000000000027ef0        0x0 c:/Users/kuni/work/X68k-KeplerX-RTL/GreenPAK/fpga-writer/Eclipse/GreenPAKWriter_BSP\libhal_bsp.a(altera_avalon_fifo_util.o)
 .data          0x0000000000027ef0        0x0 c:/Users/kuni/work/X68k-KeplerX-RTL/GreenPAK/fpga-writer/Eclipse/GreenPAKWriter_BSP\libhal_bsp.a(altera_avalon_i2c.o)
 .data          0x0000000000027ef0        0x0 c:/Users/kuni/work/X68k-KeplerX-RTL/GreenPAK/fpga-writer/Eclipse/GreenPAKWriter_BSP\libhal_bsp.a(altera_avalon_jtag_uart_fd.o)
 .data          0x0000000000027ef0        0x0 c:/Users/kuni/work/X68k-KeplerX-RTL/GreenPAK/fpga-writer/Eclipse/GreenPAKWriter_BSP\libhal_bsp.a(altera_avalon_jtag_uart_read.o)
 .data          0x0000000000027ef0        0x0 c:/Users/kuni/work/X68k-KeplerX-RTL/GreenPAK/fpga-writer/Eclipse/GreenPAKWriter_BSP\libhal_bsp.a(altera_avalon_jtag_uart_write.o)
 .data          0x0000000000027ef0        0x0 c:/Users/kuni/work/X68k-KeplerX-RTL/GreenPAK/fpga-writer/Eclipse/GreenPAKWriter_BSP\libhal_bsp.a(altera_msgdma.o)
 .data          0x0000000000027ef0        0x0 c:/Users/kuni/work/X68k-KeplerX-RTL/GreenPAK/fpga-writer/Eclipse/GreenPAKWriter_BSP\libhal_bsp.a(alt_busy_sleep.o)
 .data          0x0000000000027ef0        0x0 c:/Users/kuni/work/X68k-KeplerX-RTL/GreenPAK/fpga-writer/Eclipse/GreenPAKWriter_BSP\libhal_bsp.a(alt_close.o)
 .data          0x0000000000027ef0        0x0 c:/Users/kuni/work/X68k-KeplerX-RTL/GreenPAK/fpga-writer/Eclipse/GreenPAKWriter_BSP\libhal_bsp.a(alt_dcache_flush.o)
 .data          0x0000000000027ef0      0x1a8 c:/Users/kuni/work/X68k-KeplerX-RTL/GreenPAK/fpga-writer/Eclipse/GreenPAKWriter_BSP\libhal_bsp.a(alt_dev.o)
                0x0000000000027ef0                alt_dev_null
                0x0000000000027f18                alt_fd_list
 .data          0x0000000000028098        0x0 c:/Users/kuni/work/X68k-KeplerX-RTL/GreenPAK/fpga-writer/Eclipse/GreenPAKWriter_BSP\libhal_bsp.a(alt_dev_llist_insert.o)
 .data          0x0000000000028098        0x0 c:/Users/kuni/work/X68k-KeplerX-RTL/GreenPAK/fpga-writer/Eclipse/GreenPAKWriter_BSP\libhal_bsp.a(alt_do_ctors.o)
 .data          0x0000000000028098        0x0 c:/Users/kuni/work/X68k-KeplerX-RTL/GreenPAK/fpga-writer/Eclipse/GreenPAKWriter_BSP\libhal_bsp.a(alt_do_dtors.o)
 .data          0x0000000000028098        0x0 c:/Users/kuni/work/X68k-KeplerX-RTL/GreenPAK/fpga-writer/Eclipse/GreenPAKWriter_BSP\libhal_bsp.a(alt_errno.o)
 .data          0x0000000000028098        0x0 c:/Users/kuni/work/X68k-KeplerX-RTL/GreenPAK/fpga-writer/Eclipse/GreenPAKWriter_BSP\libhal_bsp.a(alt_exception_entry.o)
 .data          0x0000000000028098        0x0 c:/Users/kuni/work/X68k-KeplerX-RTL/GreenPAK/fpga-writer/Eclipse/GreenPAKWriter_BSP\libhal_bsp.a(alt_find_dev.o)
 .data          0x0000000000028098        0x0 c:/Users/kuni/work/X68k-KeplerX-RTL/GreenPAK/fpga-writer/Eclipse/GreenPAKWriter_BSP\libhal_bsp.a(alt_icache_flush_all.o)
 .data          0x0000000000028098        0x0 c:/Users/kuni/work/X68k-KeplerX-RTL/GreenPAK/fpga-writer/Eclipse/GreenPAKWriter_BSP\libhal_bsp.a(alt_instruction_exception_entry.o)
 .data          0x0000000000028098        0x0 c:/Users/kuni/work/X68k-KeplerX-RTL/GreenPAK/fpga-writer/Eclipse/GreenPAKWriter_BSP\libhal_bsp.a(alt_io_redirect.o)
 .data          0x0000000000028098        0x0 c:/Users/kuni/work/X68k-KeplerX-RTL/GreenPAK/fpga-writer/Eclipse/GreenPAKWriter_BSP\libhal_bsp.a(alt_open.o)
 .data          0x0000000000028098        0x0 c:/Users/kuni/work/X68k-KeplerX-RTL/GreenPAK/fpga-writer/Eclipse/GreenPAKWriter_BSP\libhal_bsp.a(alt_printf.o)
 .data          0x0000000000028098        0x0 c:/Users/kuni/work/X68k-KeplerX-RTL/GreenPAK/fpga-writer/Eclipse/GreenPAKWriter_BSP\libhal_bsp.a(alt_putchar.o)
 .data          0x0000000000028098        0x0 c:/Users/kuni/work/X68k-KeplerX-RTL/GreenPAK/fpga-writer/Eclipse/GreenPAKWriter_BSP\libhal_bsp.a(alt_release_fd.o)
 .data          0x0000000000028098        0x0 c:/Users/kuni/work/X68k-KeplerX-RTL/GreenPAK/fpga-writer/Eclipse/GreenPAKWriter_BSP\libhal_bsp.a(altera_nios2_gen2_irq.o)
 .data          0x0000000000028098        0x0 c:/Users/kuni/work/X68k-KeplerX-RTL/GreenPAK/fpga-writer/Eclipse/GreenPAKWriter_BSP\libhal_bsp.a(alt_find_file.o)
 .data          0x0000000000028098        0x0 c:/Users/kuni/work/X68k-KeplerX-RTL/GreenPAK/fpga-writer/Eclipse/GreenPAKWriter_BSP\libhal_bsp.a(alt_get_fd.o)
 .data          0x0000000000028098        0x0 c:/intelfpga_lite/22.1std/nios2eds/bin/gnu/h-x86_64-mingw32/bin/../lib/gcc/nios2-elf/12.2.1/../../../../../H-x86_64-mingw32/nios2-elf/lib/mno-hw-mul\libsmallc.a(lib_a-atexit.o)
 .data          0x0000000000028098        0x0 c:/intelfpga_lite/22.1std/nios2eds/bin/gnu/h-x86_64-mingw32/bin/../lib/gcc/nios2-elf/12.2.1/../../../../../H-x86_64-mingw32/nios2-elf/lib/mno-hw-mul\libsmallc.a(lib_a-exit.o)
 .data          0x0000000000028098        0x0 c:/intelfpga_lite/22.1std/nios2eds/bin/gnu/h-x86_64-mingw32/bin/../lib/gcc/nios2-elf/12.2.1/../../../../../H-x86_64-mingw32/nios2-elf/lib/mno-hw-mul\libsmallc.a(lib_a-int_errno.o)
 .data          0x0000000000028098        0x0 c:/intelfpga_lite/22.1std/nios2eds/bin/gnu/h-x86_64-mingw32/bin/../lib/gcc/nios2-elf/12.2.1/../../../../../H-x86_64-mingw32/nios2-elf/lib/mno-hw-mul\libsmallc.a(lib_a-memcmp.o)
 .data          0x0000000000028098        0x0 c:/intelfpga_lite/22.1std/nios2eds/bin/gnu/h-x86_64-mingw32/bin/../lib/gcc/nios2-elf/12.2.1/../../../../../H-x86_64-mingw32/nios2-elf/lib/mno-hw-mul\libsmallc.a(lib_a-putchar.o)
 .data          0x0000000000028098        0x0 c:/intelfpga_lite/22.1std/nios2eds/bin/gnu/h-x86_64-mingw32/bin/../lib/gcc/nios2-elf/12.2.1/../../../../../H-x86_64-mingw32/nios2-elf/lib/mno-hw-mul\libsmallc.a(lib_a-__atexit.o)
 .data          0x0000000000028098        0x0 c:/intelfpga_lite/22.1std/nios2eds/bin/gnu/h-x86_64-mingw32/bin/../lib/gcc/nios2-elf/12.2.1/../../../../../H-x86_64-mingw32/nios2-elf/lib/mno-hw-mul\libsmallc.a(lib_a-__call_atexit.o)
 .data          0x0000000000028098        0x0 c:/intelfpga_lite/22.1std/nios2eds/bin/gnu/h-x86_64-mingw32/bin/../lib/gcc/nios2-elf/12.2.1/../../../../../H-x86_64-mingw32/nios2-elf/lib/mno-hw-mul\libsmallc.a(lib_a-putc.o)
 .data          0x0000000000028098        0x0 c:/intelfpga_lite/22.1std/nios2eds/bin/gnu/h-x86_64-mingw32/bin/../lib/gcc/nios2-elf/12.2.1/../../../../../H-x86_64-mingw32/nios2-elf/lib/mno-hw-mul\libsmallc.a(lib_a-fvwrite_small_dev.o)
 .data          0x0000000000028098        0x0 c:/intelfpga_lite/22.1std/nios2eds/bin/gnu/h-x86_64-mingw32/bin/../lib/gcc/nios2-elf/12.2.1/../../../../../H-x86_64-mingw32/nios2-elf/lib/mno-hw-mul\libsmallc.a(lib_a-writer.o)
 .data          0x0000000000028098        0x0 c:/Users/kuni/work/X68k-KeplerX-RTL/GreenPAK/fpga-writer/Eclipse/GreenPAKWriter_BSP\libhal_bsp.a(alt_exit.o)
 .data          0x0000000000028098        0x0 c:/Users/kuni/work/X68k-KeplerX-RTL/GreenPAK/fpga-writer/Eclipse/GreenPAKWriter_BSP\libhal_bsp.a(alt_write.o)
                0x0000000000030098                _gp = ABSOLUTE ((. + 0x8000))
                [!provide]                        PROVIDE (gp = _gp)
 *(.rwdata .rwdata.*)
 *(.sdata .sdata.* .gnu.linkonce.s.*)
 .sdata         0x0000000000028098        0xe obj/default/main.o
                0x0000000000028098                textram
                0x000000000002809c                nvm_rom
                0x00000000000280a0                er_cmd
 *fill*         0x00000000000280a6        0x2 
 .sdata._global_impure_ptr
                0x00000000000280a8        0x4 c:/intelfpga_lite/22.1std/nios2eds/bin/gnu/h-x86_64-mingw32/bin/../lib/gcc/nios2-elf/12.2.1/../../../../../H-x86_64-mingw32/nios2-elf/lib/mno-hw-mul\libsmallc.a(lib_a-impure.o)
                0x00000000000280a8                _global_impure_ptr
 .sdata._impure_ptr
                0x00000000000280ac        0x4 c:/intelfpga_lite/22.1std/nios2eds/bin/gnu/h-x86_64-mingw32/bin/../lib/gcc/nios2-elf/12.2.1/../../../../../H-x86_64-mingw32/nios2-elf/lib/mno-hw-mul\libsmallc.a(lib_a-impure.o)
                0x00000000000280ac                _impure_ptr
 .sdata         0x00000000000280b0        0x4 c:/Users/kuni/work/X68k-KeplerX-RTL/GreenPAK/fpga-writer/Eclipse/GreenPAKWriter_BSP\libhal_bsp.a(alt_irq_vars.o)
                0x00000000000280b0                alt_priority_mask
 .sdata         0x00000000000280b4        0x8 c:/Users/kuni/work/X68k-KeplerX-RTL/GreenPAK/fpga-writer/Eclipse/GreenPAKWriter_BSP\libhal_bsp.a(altera_avalon_i2c.o)
                0x00000000000280b4                alt_avalon_i2c_list
 .sdata         0x00000000000280bc        0x8 c:/Users/kuni/work/X68k-KeplerX-RTL/GreenPAK/fpga-writer/Eclipse/GreenPAKWriter_BSP\libhal_bsp.a(altera_msgdma.o)
                0x00000000000280bc                alt_msgdma_list
 .sdata         0x00000000000280c4       0x14 c:/Users/kuni/work/X68k-KeplerX-RTL/GreenPAK/fpga-writer/Eclipse/GreenPAKWriter_BSP\libhal_bsp.a(alt_dev.o)
                0x00000000000280c4                alt_fs_list
                0x00000000000280cc                alt_dev_list
                0x00000000000280d4                alt_max_fd
 .sdata         0x00000000000280d8        0x4 c:/Users/kuni/work/X68k-KeplerX-RTL/GreenPAK/fpga-writer/Eclipse/GreenPAKWriter_BSP\libhal_bsp.a(alt_errno.o)
                0x00000000000280d8                alt_errno
 *(.sdata2 .sdata2.* .gnu.linkonce.s2.*)
                0x00000000000280dc                . = ALIGN (0x4)
                0x00000000000280dc                _edata = ABSOLUTE (.)
                [!provide]                        PROVIDE (edata = ABSOLUTE (.))
                0x00000000000280dc                PROVIDE (__ram_rwdata_end = ABSOLUTE (.))
                0x00000000000280dc                PROVIDE (__flash_rwdata_start = LOADADDR (.rwdata))

.bss            0x00000000000284d4      0x2ec
                0x00000000000284d4                __bss_start = ABSOLUTE (.)
                [!provide]                        PROVIDE (__sbss_start = ABSOLUTE (.))
                [!provide]                        PROVIDE (___sbss_start = ABSOLUTE (.))
 *(.dynsbss)
 *(.sbss .sbss.* .gnu.linkonce.sb.*)
 .sbss          0x00000000000284d4       0x20 obj/default/main.o
                0x00000000000284d4                stop
                0x00000000000284d8                vgatext_cur_x
                0x00000000000284dc                vgatext_cur_y
                0x00000000000284e0                tx_dma
                0x00000000000284e4                dma_status
                0x00000000000284e8                i2c_dev
                0x00000000000284ec                i2c_status
                0x00000000000284f0                fifo_status
 .sbss          0x00000000000284f4        0x4 c:/Users/kuni/work/X68k-KeplerX-RTL/GreenPAK/fpga-writer/Eclipse/GreenPAKWriter_BSP\libhal_bsp.a(alt_irq_vars.o)
                0x00000000000284f4                alt_irq_active
 .sbss          0x00000000000284f8        0xc c:/Users/kuni/work/X68k-KeplerX-RTL/GreenPAK/fpga-writer/Eclipse/GreenPAKWriter_BSP\libhal_bsp.a(alt_main.o)
                0x00000000000284f8                alt_argc
                0x00000000000284fc                alt_argv
                0x0000000000028500                alt_envp
 .sbss          0x0000000000028504        0x4 c:/Users/kuni/work/X68k-KeplerX-RTL/GreenPAK/fpga-writer/Eclipse/GreenPAKWriter_BSP\libhal_bsp.a(alt_instruction_exception_entry.o)
                0x0000000000028504                alt_instruction_exception_handler
 .sbss.errno    0x0000000000028508        0x4 c:/intelfpga_lite/22.1std/nios2eds/bin/gnu/h-x86_64-mingw32/bin/../lib/gcc/nios2-elf/12.2.1/../../../../../H-x86_64-mingw32/nios2-elf/lib/mno-hw-mul\libsmallc.a(lib_a-int_errno.o)
                0x0000000000028508                errno
 *(.sbss2 .sbss2.* .gnu.linkonce.sb2.*)
 *(.scommon)
                [!provide]                        PROVIDE (__sbss_end = ABSOLUTE (.))
                [!provide]                        PROVIDE (___sbss_end = ABSOLUTE (.))
 *(.dynbss)
 *(.bss .bss.* .gnu.linkonce.b.*)
 .bss           0x000000000002850c        0x0 c:/Users/kuni/work/X68k-KeplerX-RTL/GreenPAK/fpga-writer/Eclipse/GreenPAKWriter_BSP/obj/HAL/src/crt0.o
 *fill*         0x000000000002850c        0x4 
 .bss           0x0000000000028510      0x1b0 obj/default/main.o
                0x0000000000028510                kxlog_buffer
                0x0000000000028590                wr_desc
                0x00000000000285a0                rd_desc
                0x00000000000285b0                er_desc
                0x00000000000285c0                rom_buffer
 .bss           0x00000000000286c0        0x0 c:/intelfpga_lite/22.1std/nios2eds/bin/gnu/h-x86_64-mingw32/bin/../lib/gcc/nios2-elf/12.2.1/mno-hw-mul\libgcc.a(lib2-mul.o)
 .bss           0x00000000000286c0        0x0 c:/intelfpga_lite/22.1std/nios2eds/bin/gnu/h-x86_64-mingw32/bin/../lib/gcc/nios2-elf/12.2.1/../../../../../H-x86_64-mingw32/nios2-elf/lib/mno-hw-mul\libsmallc.a(lib_a-vsnprintf.o)
 .bss           0x00000000000286c0        0x0 c:/intelfpga_lite/22.1std/nios2eds/bin/gnu/h-x86_64-mingw32/bin/../lib/gcc/nios2-elf/12.2.1/../../../../../H-x86_64-mingw32/nios2-elf/lib/mno-hw-mul\libsmallc.a(lib_a-fvwrite_small_str.o)
 .bss           0x00000000000286c0        0x0 c:/intelfpga_lite/22.1std/nios2eds/bin/gnu/h-x86_64-mingw32/bin/../lib/gcc/nios2-elf/12.2.1/../../../../../H-x86_64-mingw32/nios2-elf/lib/mno-hw-mul\libsmallc.a(lib_a-impure.o)
 .bss           0x00000000000286c0        0x0 c:/intelfpga_lite/22.1std/nios2eds/bin/gnu/h-x86_64-mingw32/bin/../lib/gcc/nios2-elf/12.2.1/../../../../../H-x86_64-mingw32/nios2-elf/lib/mno-hw-mul\libsmallc.a(lib_a-memmove.o)
 .bss           0x00000000000286c0        0x0 c:/intelfpga_lite/22.1std/nios2eds/bin/gnu/h-x86_64-mingw32/bin/../lib/gcc/nios2-elf/12.2.1/../../../../../H-x86_64-mingw32/nios2-elf/lib/mno-hw-mul\libsmallc.a(lib_a-svfprintf.o)
 .bss           0x00000000000286c0        0x0 c:/intelfpga_lite/22.1std/nios2eds/bin/gnu/h-x86_64-mingw32/bin/../lib/gcc/nios2-elf/12.2.1/../../../../../H-x86_64-mingw32/nios2-elf/lib/mno-hw-mul\libsmallc.a(lib_a-strlen.o)
 .bss           0x00000000000286c0        0x0 c:/intelfpga_lite/22.1std/nios2eds/bin/gnu/h-x86_64-mingw32/bin/../lib/gcc/nios2-elf/12.2.1/mno-hw-mul\libgcc.a(lib2-divmod.o)
 .bss           0x00000000000286c0        0x0 c:/Users/kuni/work/X68k-KeplerX-RTL/GreenPAK/fpga-writer/Eclipse/GreenPAKWriter_BSP\libhal_bsp.a(alt_dcache_flush_all.o)
 .bss           0x00000000000286c0        0x0 c:/Users/kuni/work/X68k-KeplerX-RTL/GreenPAK/fpga-writer/Eclipse/GreenPAKWriter_BSP\libhal_bsp.a(alt_iic.o)
 .bss           0x00000000000286c0        0x0 c:/Users/kuni/work/X68k-KeplerX-RTL/GreenPAK/fpga-writer/Eclipse/GreenPAKWriter_BSP\libhal_bsp.a(alt_iic_isr_register.o)
 .bss           0x00000000000286c0        0x0 c:/Users/kuni/work/X68k-KeplerX-RTL/GreenPAK/fpga-writer/Eclipse/GreenPAKWriter_BSP\libhal_bsp.a(alt_irq_entry.o)
 .bss           0x00000000000286c0      0x100 c:/Users/kuni/work/X68k-KeplerX-RTL/GreenPAK/fpga-writer/Eclipse/GreenPAKWriter_BSP\libhal_bsp.a(alt_irq_handler.o)
                0x00000000000286c0                alt_irq
 .bss           0x00000000000287c0        0x0 c:/Users/kuni/work/X68k-KeplerX-RTL/GreenPAK/fpga-writer/Eclipse/GreenPAKWriter_BSP\libhal_bsp.a(alt_irq_vars.o)
 .bss           0x00000000000287c0        0x0 c:/Users/kuni/work/X68k-KeplerX-RTL/GreenPAK/fpga-writer/Eclipse/GreenPAKWriter_BSP\libhal_bsp.a(alt_load.o)
 .bss           0x00000000000287c0        0x0 c:/Users/kuni/work/X68k-KeplerX-RTL/GreenPAK/fpga-writer/Eclipse/GreenPAKWriter_BSP\libhal_bsp.a(alt_main.o)
 .bss           0x00000000000287c0        0x0 c:/Users/kuni/work/X68k-KeplerX-RTL/GreenPAK/fpga-writer/Eclipse/GreenPAKWriter_BSP\libhal_bsp.a(alt_sys_init.o)
 .bss           0x00000000000287c0        0x0 c:/Users/kuni/work/X68k-KeplerX-RTL/GreenPAK/fpga-writer/Eclipse/GreenPAKWriter_BSP\libhal_bsp.a(altera_avalon_fifo_util.o)
 .bss           0x00000000000287c0        0x0 c:/Users/kuni/work/X68k-KeplerX-RTL/GreenPAK/fpga-writer/Eclipse/GreenPAKWriter_BSP\libhal_bsp.a(altera_avalon_i2c.o)
 .bss           0x00000000000287c0        0x0 c:/Users/kuni/work/X68k-KeplerX-RTL/GreenPAK/fpga-writer/Eclipse/GreenPAKWriter_BSP\libhal_bsp.a(altera_avalon_jtag_uart_fd.o)
 .bss           0x00000000000287c0        0x0 c:/Users/kuni/work/X68k-KeplerX-RTL/GreenPAK/fpga-writer/Eclipse/GreenPAKWriter_BSP\libhal_bsp.a(altera_avalon_jtag_uart_read.o)
 .bss           0x00000000000287c0        0x0 c:/Users/kuni/work/X68k-KeplerX-RTL/GreenPAK/fpga-writer/Eclipse/GreenPAKWriter_BSP\libhal_bsp.a(altera_avalon_jtag_uart_write.o)
 .bss           0x00000000000287c0        0x0 c:/Users/kuni/work/X68k-KeplerX-RTL/GreenPAK/fpga-writer/Eclipse/GreenPAKWriter_BSP\libhal_bsp.a(altera_msgdma.o)
 .bss           0x00000000000287c0        0x0 c:/Users/kuni/work/X68k-KeplerX-RTL/GreenPAK/fpga-writer/Eclipse/GreenPAKWriter_BSP\libhal_bsp.a(alt_busy_sleep.o)
 .bss           0x00000000000287c0        0x0 c:/Users/kuni/work/X68k-KeplerX-RTL/GreenPAK/fpga-writer/Eclipse/GreenPAKWriter_BSP\libhal_bsp.a(alt_close.o)
 .bss           0x00000000000287c0        0x0 c:/Users/kuni/work/X68k-KeplerX-RTL/GreenPAK/fpga-writer/Eclipse/GreenPAKWriter_BSP\libhal_bsp.a(alt_dcache_flush.o)
 .bss           0x00000000000287c0        0x0 c:/Users/kuni/work/X68k-KeplerX-RTL/GreenPAK/fpga-writer/Eclipse/GreenPAKWriter_BSP\libhal_bsp.a(alt_dev.o)
 .bss           0x00000000000287c0        0x0 c:/Users/kuni/work/X68k-KeplerX-RTL/GreenPAK/fpga-writer/Eclipse/GreenPAKWriter_BSP\libhal_bsp.a(alt_dev_llist_insert.o)
 .bss           0x00000000000287c0        0x0 c:/Users/kuni/work/X68k-KeplerX-RTL/GreenPAK/fpga-writer/Eclipse/GreenPAKWriter_BSP\libhal_bsp.a(alt_do_ctors.o)
 .bss           0x00000000000287c0        0x0 c:/Users/kuni/work/X68k-KeplerX-RTL/GreenPAK/fpga-writer/Eclipse/GreenPAKWriter_BSP\libhal_bsp.a(alt_do_dtors.o)
 .bss           0x00000000000287c0        0x0 c:/Users/kuni/work/X68k-KeplerX-RTL/GreenPAK/fpga-writer/Eclipse/GreenPAKWriter_BSP\libhal_bsp.a(alt_errno.o)
 .bss           0x00000000000287c0        0x0 c:/Users/kuni/work/X68k-KeplerX-RTL/GreenPAK/fpga-writer/Eclipse/GreenPAKWriter_BSP\libhal_bsp.a(alt_exception_entry.o)
 .bss           0x00000000000287c0        0x0 c:/Users/kuni/work/X68k-KeplerX-RTL/GreenPAK/fpga-writer/Eclipse/GreenPAKWriter_BSP\libhal_bsp.a(alt_find_dev.o)
 .bss           0x00000000000287c0        0x0 c:/Users/kuni/work/X68k-KeplerX-RTL/GreenPAK/fpga-writer/Eclipse/GreenPAKWriter_BSP\libhal_bsp.a(alt_icache_flush_all.o)
 .bss           0x00000000000287c0        0x0 c:/Users/kuni/work/X68k-KeplerX-RTL/GreenPAK/fpga-writer/Eclipse/GreenPAKWriter_BSP\libhal_bsp.a(alt_instruction_exception_entry.o)
 .bss           0x00000000000287c0        0x0 c:/Users/kuni/work/X68k-KeplerX-RTL/GreenPAK/fpga-writer/Eclipse/GreenPAKWriter_BSP\libhal_bsp.a(alt_io_redirect.o)
 .bss           0x00000000000287c0        0x0 c:/Users/kuni/work/X68k-KeplerX-RTL/GreenPAK/fpga-writer/Eclipse/GreenPAKWriter_BSP\libhal_bsp.a(alt_open.o)
 .bss           0x00000000000287c0        0x0 c:/Users/kuni/work/X68k-KeplerX-RTL/GreenPAK/fpga-writer/Eclipse/GreenPAKWriter_BSP\libhal_bsp.a(alt_printf.o)
 .bss           0x00000000000287c0        0x0 c:/Users/kuni/work/X68k-KeplerX-RTL/GreenPAK/fpga-writer/Eclipse/GreenPAKWriter_BSP\libhal_bsp.a(alt_putchar.o)
 .bss           0x00000000000287c0        0x0 c:/Users/kuni/work/X68k-KeplerX-RTL/GreenPAK/fpga-writer/Eclipse/GreenPAKWriter_BSP\libhal_bsp.a(alt_release_fd.o)
 .bss           0x00000000000287c0        0x0 c:/Users/kuni/work/X68k-KeplerX-RTL/GreenPAK/fpga-writer/Eclipse/GreenPAKWriter_BSP\libhal_bsp.a(altera_nios2_gen2_irq.o)
 .bss           0x00000000000287c0        0x0 c:/Users/kuni/work/X68k-KeplerX-RTL/GreenPAK/fpga-writer/Eclipse/GreenPAKWriter_BSP\libhal_bsp.a(alt_find_file.o)
 .bss           0x00000000000287c0        0x0 c:/Users/kuni/work/X68k-KeplerX-RTL/GreenPAK/fpga-writer/Eclipse/GreenPAKWriter_BSP\libhal_bsp.a(alt_get_fd.o)
 .bss           0x00000000000287c0        0x0 c:/intelfpga_lite/22.1std/nios2eds/bin/gnu/h-x86_64-mingw32/bin/../lib/gcc/nios2-elf/12.2.1/../../../../../H-x86_64-mingw32/nios2-elf/lib/mno-hw-mul\libsmallc.a(lib_a-atexit.o)
 .bss           0x00000000000287c0        0x0 c:/intelfpga_lite/22.1std/nios2eds/bin/gnu/h-x86_64-mingw32/bin/../lib/gcc/nios2-elf/12.2.1/../../../../../H-x86_64-mingw32/nios2-elf/lib/mno-hw-mul\libsmallc.a(lib_a-exit.o)
 .bss           0x00000000000287c0        0x0 c:/intelfpga_lite/22.1std/nios2eds/bin/gnu/h-x86_64-mingw32/bin/../lib/gcc/nios2-elf/12.2.1/../../../../../H-x86_64-mingw32/nios2-elf/lib/mno-hw-mul\libsmallc.a(lib_a-int_errno.o)
 .bss           0x00000000000287c0        0x0 c:/intelfpga_lite/22.1std/nios2eds/bin/gnu/h-x86_64-mingw32/bin/../lib/gcc/nios2-elf/12.2.1/../../../../../H-x86_64-mingw32/nios2-elf/lib/mno-hw-mul\libsmallc.a(lib_a-memcmp.o)
 .bss           0x00000000000287c0        0x0 c:/intelfpga_lite/22.1std/nios2eds/bin/gnu/h-x86_64-mingw32/bin/../lib/gcc/nios2-elf/12.2.1/../../../../../H-x86_64-mingw32/nios2-elf/lib/mno-hw-mul\libsmallc.a(lib_a-putchar.o)
 .bss           0x00000000000287c0        0x0 c:/intelfpga_lite/22.1std/nios2eds/bin/gnu/h-x86_64-mingw32/bin/../lib/gcc/nios2-elf/12.2.1/../../../../../H-x86_64-mingw32/nios2-elf/lib/mno-hw-mul\libsmallc.a(lib_a-__atexit.o)
 .bss           0x00000000000287c0        0x0 c:/intelfpga_lite/22.1std/nios2eds/bin/gnu/h-x86_64-mingw32/bin/../lib/gcc/nios2-elf/12.2.1/../../../../../H-x86_64-mingw32/nios2-elf/lib/mno-hw-mul\libsmallc.a(lib_a-__call_atexit.o)
 .bss           0x00000000000287c0        0x0 c:/intelfpga_lite/22.1std/nios2eds/bin/gnu/h-x86_64-mingw32/bin/../lib/gcc/nios2-elf/12.2.1/../../../../../H-x86_64-mingw32/nios2-elf/lib/mno-hw-mul\libsmallc.a(lib_a-putc.o)
 .bss           0x00000000000287c0        0x0 c:/intelfpga_lite/22.1std/nios2eds/bin/gnu/h-x86_64-mingw32/bin/../lib/gcc/nios2-elf/12.2.1/../../../../../H-x86_64-mingw32/nios2-elf/lib/mno-hw-mul\libsmallc.a(lib_a-fvwrite_small_dev.o)
 .bss           0x00000000000287c0        0x0 c:/intelfpga_lite/22.1std/nios2eds/bin/gnu/h-x86_64-mingw32/bin/../lib/gcc/nios2-elf/12.2.1/../../../../../H-x86_64-mingw32/nios2-elf/lib/mno-hw-mul\libsmallc.a(lib_a-writer.o)
 .bss           0x00000000000287c0        0x0 c:/Users/kuni/work/X68k-KeplerX-RTL/GreenPAK/fpga-writer/Eclipse/GreenPAKWriter_BSP\libhal_bsp.a(alt_exit.o)
 .bss           0x00000000000287c0        0x0 c:/Users/kuni/work/X68k-KeplerX-RTL/GreenPAK/fpga-writer/Eclipse/GreenPAKWriter_BSP\libhal_bsp.a(alt_write.o)
 *(COMMON)
                0x00000000000287c0                . = ALIGN (0x4)
                0x00000000000287c0                __bss_end = ABSOLUTE (.)

.onchip_memory  0x00000000000287c0        0x0
                [!provide]                        PROVIDE (_alt_partition_onchip_memory_start = ABSOLUTE (.))
 *(.onchip_memory .onchip_memory. onchip_memory.*)
                0x00000000000287c0                . = ALIGN (0x4)
                [!provide]                        PROVIDE (_alt_partition_onchip_memory_end = ABSOLUTE (.))
                0x00000000000287c0                _end = ABSOLUTE (.)
                0x00000000000287c0                end = ABSOLUTE (.)
                0x00000000000287c0                __alt_stack_base = ABSOLUTE (.)
                [!provide]                        PROVIDE (_alt_partition_onchip_memory_load_addr = LOADADDR (.onchip_memory))

.textram        0x0000000000050000        0x0 load address 0x00000000000287c0
                [!provide]                        PROVIDE (_alt_partition_textram_start = ABSOLUTE (.))
 *(.textram .textram. textram.*)
                0x0000000000050000                . = ALIGN (0x4)
                [!provide]                        PROVIDE (_alt_partition_textram_end = ABSOLUTE (.))
                [!provide]                        PROVIDE (_alt_partition_textram_load_addr = LOADADDR (.textram))

.onchip_NVM_ROM
                0x0000000000060000        0x0 load address 0x00000000000287c0
                [!provide]                        PROVIDE (_alt_partition_onchip_NVM_ROM_start = ABSOLUTE (.))
 *(.onchip_NVM_ROM .onchip_NVM_ROM. onchip_NVM_ROM.*)
                0x0000000000060000                . = ALIGN (0x4)
                [!provide]                        PROVIDE (_alt_partition_onchip_NVM_ROM_end = ABSOLUTE (.))
                [!provide]                        PROVIDE (_alt_partition_onchip_NVM_ROM_load_addr = LOADADDR (.onchip_NVM_ROM))

.stab
 *(.stab)

.stabstr
 *(.stabstr)

.stab.excl
 *(.stab.excl)

.stab.exclstr
 *(.stab.exclstr)

.stab.index
 *(.stab.index)

.stab.indexstr
 *(.stab.indexstr)

.comment        0x0000000000000000       0x5a
 *(.comment)
 .comment       0x0000000000000000       0x2d obj/default/main.o
                                         0x2e (size before relaxing)
 .comment       0x000000000000002d       0x2e c:/intelfpga_lite/22.1std/nios2eds/bin/gnu/h-x86_64-mingw32/bin/../lib/gcc/nios2-elf/12.2.1/mno-hw-mul\libgcc.a(lib2-mul.o)
 .comment       0x000000000000002d       0x2e c:/intelfpga_lite/22.1std/nios2eds/bin/gnu/h-x86_64-mingw32/bin/../lib/gcc/nios2-elf/12.2.1/../../../../../H-x86_64-mingw32/nios2-elf/lib/mno-hw-mul\libsmallc.a(lib_a-vsnprintf.o)
 .comment       0x000000000000002d       0x2e c:/intelfpga_lite/22.1std/nios2eds/bin/gnu/h-x86_64-mingw32/bin/../lib/gcc/nios2-elf/12.2.1/../../../../../H-x86_64-mingw32/nios2-elf/lib/mno-hw-mul\libsmallc.a(lib_a-fvwrite_small_str.o)
 .comment       0x000000000000002d       0x2e c:/intelfpga_lite/22.1std/nios2eds/bin/gnu/h-x86_64-mingw32/bin/../lib/gcc/nios2-elf/12.2.1/../../../../../H-x86_64-mingw32/nios2-elf/lib/mno-hw-mul\libsmallc.a(lib_a-impure.o)
 .comment       0x000000000000002d       0x2e c:/intelfpga_lite/22.1std/nios2eds/bin/gnu/h-x86_64-mingw32/bin/../lib/gcc/nios2-elf/12.2.1/../../../../../H-x86_64-mingw32/nios2-elf/lib/mno-hw-mul\libsmallc.a(lib_a-memmove.o)
 .comment       0x000000000000002d       0x2e c:/intelfpga_lite/22.1std/nios2eds/bin/gnu/h-x86_64-mingw32/bin/../lib/gcc/nios2-elf/12.2.1/../../../../../H-x86_64-mingw32/nios2-elf/lib/mno-hw-mul\libsmallc.a(lib_a-svfprintf.o)
 .comment       0x000000000000002d       0x2e c:/intelfpga_lite/22.1std/nios2eds/bin/gnu/h-x86_64-mingw32/bin/../lib/gcc/nios2-elf/12.2.1/../../../../../H-x86_64-mingw32/nios2-elf/lib/mno-hw-mul\libsmallc.a(lib_a-strlen.o)
 .comment       0x000000000000002d       0x2e c:/intelfpga_lite/22.1std/nios2eds/bin/gnu/h-x86_64-mingw32/bin/../lib/gcc/nios2-elf/12.2.1/mno-hw-mul\libgcc.a(lib2-divmod.o)
 .comment       0x000000000000002d       0x2e c:/Users/kuni/work/X68k-KeplerX-RTL/GreenPAK/fpga-writer/Eclipse/GreenPAKWriter_BSP\libhal_bsp.a(alt_dcache_flush_all.o)
 .comment       0x000000000000002d       0x2e c:/Users/kuni/work/X68k-KeplerX-RTL/GreenPAK/fpga-writer/Eclipse/GreenPAKWriter_BSP\libhal_bsp.a(alt_iic.o)
 .comment       0x000000000000002d       0x2e c:/Users/kuni/work/X68k-KeplerX-RTL/GreenPAK/fpga-writer/Eclipse/GreenPAKWriter_BSP\libhal_bsp.a(alt_iic_isr_register.o)
 .comment       0x000000000000002d       0x2e c:/Users/kuni/work/X68k-KeplerX-RTL/GreenPAK/fpga-writer/Eclipse/GreenPAKWriter_BSP\libhal_bsp.a(alt_irq_handler.o)
 .comment       0x000000000000002d       0x2e c:/Users/kuni/work/X68k-KeplerX-RTL/GreenPAK/fpga-writer/Eclipse/GreenPAKWriter_BSP\libhal_bsp.a(alt_irq_vars.o)
 .comment       0x000000000000002d       0x2d c:/Users/kuni/work/X68k-KeplerX-RTL/GreenPAK/fpga-writer/Eclipse/GreenPAKWriter_BSP\libhal_bsp.a(alt_load.o)
                                         0x2e (size before relaxing)
 .comment       0x000000000000005a       0x2e c:/Users/kuni/work/X68k-KeplerX-RTL/GreenPAK/fpga-writer/Eclipse/GreenPAKWriter_BSP\libhal_bsp.a(alt_main.o)
 .comment       0x000000000000005a       0x2e c:/Users/kuni/work/X68k-KeplerX-RTL/GreenPAK/fpga-writer/Eclipse/GreenPAKWriter_BSP\libhal_bsp.a(alt_sys_init.o)
 .comment       0x000000000000005a       0x2e c:/Users/kuni/work/X68k-KeplerX-RTL/GreenPAK/fpga-writer/Eclipse/GreenPAKWriter_BSP\libhal_bsp.a(altera_avalon_fifo_util.o)
 .comment       0x000000000000005a       0x2e c:/Users/kuni/work/X68k-KeplerX-RTL/GreenPAK/fpga-writer/Eclipse/GreenPAKWriter_BSP\libhal_bsp.a(altera_avalon_i2c.o)
 .comment       0x000000000000005a       0x2e c:/Users/kuni/work/X68k-KeplerX-RTL/GreenPAK/fpga-writer/Eclipse/GreenPAKWriter_BSP\libhal_bsp.a(altera_avalon_jtag_uart_fd.o)
 .comment       0x000000000000005a       0x2e c:/Users/kuni/work/X68k-KeplerX-RTL/GreenPAK/fpga-writer/Eclipse/GreenPAKWriter_BSP\libhal_bsp.a(altera_avalon_jtag_uart_read.o)
 .comment       0x000000000000005a       0x2e c:/Users/kuni/work/X68k-KeplerX-RTL/GreenPAK/fpga-writer/Eclipse/GreenPAKWriter_BSP\libhal_bsp.a(altera_avalon_jtag_uart_write.o)
 .comment       0x000000000000005a       0x2e c:/Users/kuni/work/X68k-KeplerX-RTL/GreenPAK/fpga-writer/Eclipse/GreenPAKWriter_BSP\libhal_bsp.a(altera_msgdma.o)
 .comment       0x000000000000005a       0x2e c:/Users/kuni/work/X68k-KeplerX-RTL/GreenPAK/fpga-writer/Eclipse/GreenPAKWriter_BSP\libhal_bsp.a(alt_busy_sleep.o)
 .comment       0x000000000000005a       0x2e c:/Users/kuni/work/X68k-KeplerX-RTL/GreenPAK/fpga-writer/Eclipse/GreenPAKWriter_BSP\libhal_bsp.a(alt_close.o)
 .comment       0x000000000000005a       0x2e c:/Users/kuni/work/X68k-KeplerX-RTL/GreenPAK/fpga-writer/Eclipse/GreenPAKWriter_BSP\libhal_bsp.a(alt_dcache_flush.o)
 .comment       0x000000000000005a       0x2e c:/Users/kuni/work/X68k-KeplerX-RTL/GreenPAK/fpga-writer/Eclipse/GreenPAKWriter_BSP\libhal_bsp.a(alt_dev.o)
 .comment       0x000000000000005a       0x2e c:/Users/kuni/work/X68k-KeplerX-RTL/GreenPAK/fpga-writer/Eclipse/GreenPAKWriter_BSP\libhal_bsp.a(alt_dev_llist_insert.o)
 .comment       0x000000000000005a       0x2e c:/Users/kuni/work/X68k-KeplerX-RTL/GreenPAK/fpga-writer/Eclipse/GreenPAKWriter_BSP\libhal_bsp.a(alt_do_ctors.o)
 .comment       0x000000000000005a       0x2e c:/Users/kuni/work/X68k-KeplerX-RTL/GreenPAK/fpga-writer/Eclipse/GreenPAKWriter_BSP\libhal_bsp.a(alt_do_dtors.o)
 .comment       0x000000000000005a       0x2e c:/Users/kuni/work/X68k-KeplerX-RTL/GreenPAK/fpga-writer/Eclipse/GreenPAKWriter_BSP\libhal_bsp.a(alt_errno.o)
 .comment       0x000000000000005a       0x2e c:/Users/kuni/work/X68k-KeplerX-RTL/GreenPAK/fpga-writer/Eclipse/GreenPAKWriter_BSP\libhal_bsp.a(alt_find_dev.o)
 .comment       0x000000000000005a       0x2e c:/Users/kuni/work/X68k-KeplerX-RTL/GreenPAK/fpga-writer/Eclipse/GreenPAKWriter_BSP\libhal_bsp.a(alt_icache_flush_all.o)
 .comment       0x000000000000005a       0x2e c:/Users/kuni/work/X68k-KeplerX-RTL/GreenPAK/fpga-writer/Eclipse/GreenPAKWriter_BSP\libhal_bsp.a(alt_instruction_exception_entry.o)
 .comment       0x000000000000005a       0x2e c:/Users/kuni/work/X68k-KeplerX-RTL/GreenPAK/fpga-writer/Eclipse/GreenPAKWriter_BSP\libhal_bsp.a(alt_io_redirect.o)
 .comment       0x000000000000005a       0x2e c:/Users/kuni/work/X68k-KeplerX-RTL/GreenPAK/fpga-writer/Eclipse/GreenPAKWriter_BSP\libhal_bsp.a(alt_open.o)
 .comment       0x000000000000005a       0x2e c:/Users/kuni/work/X68k-KeplerX-RTL/GreenPAK/fpga-writer/Eclipse/GreenPAKWriter_BSP\libhal_bsp.a(alt_printf.o)
 .comment       0x000000000000005a       0x2e c:/Users/kuni/work/X68k-KeplerX-RTL/GreenPAK/fpga-writer/Eclipse/GreenPAKWriter_BSP\libhal_bsp.a(alt_putchar.o)
 .comment       0x000000000000005a       0x2e c:/Users/kuni/work/X68k-KeplerX-RTL/GreenPAK/fpga-writer/Eclipse/GreenPAKWriter_BSP\libhal_bsp.a(alt_release_fd.o)
 .comment       0x000000000000005a       0x2e c:/Users/kuni/work/X68k-KeplerX-RTL/GreenPAK/fpga-writer/Eclipse/GreenPAKWriter_BSP\libhal_bsp.a(altera_nios2_gen2_irq.o)
 .comment       0x000000000000005a       0x2e c:/Users/kuni/work/X68k-KeplerX-RTL/GreenPAK/fpga-writer/Eclipse/GreenPAKWriter_BSP\libhal_bsp.a(alt_find_file.o)
 .comment       0x000000000000005a       0x2e c:/Users/kuni/work/X68k-KeplerX-RTL/GreenPAK/fpga-writer/Eclipse/GreenPAKWriter_BSP\libhal_bsp.a(alt_get_fd.o)
 .comment       0x000000000000005a       0x2e c:/intelfpga_lite/22.1std/nios2eds/bin/gnu/h-x86_64-mingw32/bin/../lib/gcc/nios2-elf/12.2.1/../../../../../H-x86_64-mingw32/nios2-elf/lib/mno-hw-mul\libsmallc.a(lib_a-atexit.o)
 .comment       0x000000000000005a       0x2e c:/intelfpga_lite/22.1std/nios2eds/bin/gnu/h-x86_64-mingw32/bin/../lib/gcc/nios2-elf/12.2.1/../../../../../H-x86_64-mingw32/nios2-elf/lib/mno-hw-mul\libsmallc.a(lib_a-exit.o)
 .comment       0x000000000000005a       0x2e c:/intelfpga_lite/22.1std/nios2eds/bin/gnu/h-x86_64-mingw32/bin/../lib/gcc/nios2-elf/12.2.1/../../../../../H-x86_64-mingw32/nios2-elf/lib/mno-hw-mul\libsmallc.a(lib_a-int_errno.o)
 .comment       0x000000000000005a       0x2e c:/intelfpga_lite/22.1std/nios2eds/bin/gnu/h-x86_64-mingw32/bin/../lib/gcc/nios2-elf/12.2.1/../../../../../H-x86_64-mingw32/nios2-elf/lib/mno-hw-mul\libsmallc.a(lib_a-memcmp.o)
 .comment       0x000000000000005a       0x2e c:/intelfpga_lite/22.1std/nios2eds/bin/gnu/h-x86_64-mingw32/bin/../lib/gcc/nios2-elf/12.2.1/../../../../../H-x86_64-mingw32/nios2-elf/lib/mno-hw-mul\libsmallc.a(lib_a-putchar.o)
 .comment       0x000000000000005a       0x2e c:/intelfpga_lite/22.1std/nios2eds/bin/gnu/h-x86_64-mingw32/bin/../lib/gcc/nios2-elf/12.2.1/../../../../../H-x86_64-mingw32/nios2-elf/lib/mno-hw-mul\libsmallc.a(lib_a-__atexit.o)
 .comment       0x000000000000005a       0x2e c:/intelfpga_lite/22.1std/nios2eds/bin/gnu/h-x86_64-mingw32/bin/../lib/gcc/nios2-elf/12.2.1/../../../../../H-x86_64-mingw32/nios2-elf/lib/mno-hw-mul\libsmallc.a(lib_a-__call_atexit.o)
 .comment       0x000000000000005a       0x2e c:/intelfpga_lite/22.1std/nios2eds/bin/gnu/h-x86_64-mingw32/bin/../lib/gcc/nios2-elf/12.2.1/../../../../../H-x86_64-mingw32/nios2-elf/lib/mno-hw-mul\libsmallc.a(lib_a-putc.o)
 .comment       0x000000000000005a       0x2e c:/intelfpga_lite/22.1std/nios2eds/bin/gnu/h-x86_64-mingw32/bin/../lib/gcc/nios2-elf/12.2.1/../../../../../H-x86_64-mingw32/nios2-elf/lib/mno-hw-mul\libsmallc.a(lib_a-fvwrite_small_dev.o)
 .comment       0x000000000000005a       0x2e c:/intelfpga_lite/22.1std/nios2eds/bin/gnu/h-x86_64-mingw32/bin/../lib/gcc/nios2-elf/12.2.1/../../../../../H-x86_64-mingw32/nios2-elf/lib/mno-hw-mul\libsmallc.a(lib_a-writer.o)
 .comment       0x000000000000005a       0x2e c:/Users/kuni/work/X68k-KeplerX-RTL/GreenPAK/fpga-writer/Eclipse/GreenPAKWriter_BSP\libhal_bsp.a(alt_exit.o)
 .comment       0x000000000000005a       0x2e c:/Users/kuni/work/X68k-KeplerX-RTL/GreenPAK/fpga-writer/Eclipse/GreenPAKWriter_BSP\libhal_bsp.a(alt_write.o)

.debug
 *(.debug)

.line
 *(.line)

.debug_srcinfo
 *(.debug_srcinfo)

.debug_sfnames
 *(.debug_sfnames)

.debug_aranges  0x0000000000000000      0x758
 *(.debug_aranges)
 .debug_aranges
                0x0000000000000000       0x28 c:/Users/kuni/work/X68k-KeplerX-RTL/GreenPAK/fpga-writer/Eclipse/GreenPAKWriter_BSP/obj/HAL/src/crt0.o
 .debug_aranges
                0x0000000000000028       0x20 obj/default/main.o
 .debug_aranges
                0x0000000000000048       0x20 c:/intelfpga_lite/22.1std/nios2eds/bin/gnu/h-x86_64-mingw32/bin/../lib/gcc/nios2-elf/12.2.1/mno-hw-mul\libgcc.a(lib2-mul.o)
 .debug_aranges
                0x0000000000000068       0x28 c:/intelfpga_lite/22.1std/nios2eds/bin/gnu/h-x86_64-mingw32/bin/../lib/gcc/nios2-elf/12.2.1/../../../../../H-x86_64-mingw32/nios2-elf/lib/mno-hw-mul\libsmallc.a(lib_a-vsnprintf.o)
 .debug_aranges
                0x0000000000000090       0x20 c:/intelfpga_lite/22.1std/nios2eds/bin/gnu/h-x86_64-mingw32/bin/../lib/gcc/nios2-elf/12.2.1/../../../../../H-x86_64-mingw32/nios2-elf/lib/mno-hw-mul\libsmallc.a(lib_a-fvwrite_small_str.o)
 .debug_aranges
                0x00000000000000b0       0x18 c:/intelfpga_lite/22.1std/nios2eds/bin/gnu/h-x86_64-mingw32/bin/../lib/gcc/nios2-elf/12.2.1/../../../../../H-x86_64-mingw32/nios2-elf/lib/mno-hw-mul\libsmallc.a(lib_a-impure.o)
 .debug_aranges
                0x00000000000000c8       0x20 c:/intelfpga_lite/22.1std/nios2eds/bin/gnu/h-x86_64-mingw32/bin/../lib/gcc/nios2-elf/12.2.1/../../../../../H-x86_64-mingw32/nios2-elf/lib/mno-hw-mul\libsmallc.a(lib_a-memmove.o)
 .debug_aranges
                0x00000000000000e8       0x30 c:/intelfpga_lite/22.1std/nios2eds/bin/gnu/h-x86_64-mingw32/bin/../lib/gcc/nios2-elf/12.2.1/../../../../../H-x86_64-mingw32/nios2-elf/lib/mno-hw-mul\libsmallc.a(lib_a-svfprintf.o)
 .debug_aranges
                0x0000000000000118       0x20 c:/intelfpga_lite/22.1std/nios2eds/bin/gnu/h-x86_64-mingw32/bin/../lib/gcc/nios2-elf/12.2.1/../../../../../H-x86_64-mingw32/nios2-elf/lib/mno-hw-mul\libsmallc.a(lib_a-strlen.o)
 .debug_aranges
                0x0000000000000138       0x20 c:/intelfpga_lite/22.1std/nios2eds/bin/gnu/h-x86_64-mingw32/bin/../lib/gcc/nios2-elf/12.2.1/mno-hw-mul\libgcc.a(lib2-divmod.o)
 .debug_aranges
                0x0000000000000158       0x20 c:/Users/kuni/work/X68k-KeplerX-RTL/GreenPAK/fpga-writer/Eclipse/GreenPAKWriter_BSP\libhal_bsp.a(alt_dcache_flush_all.o)
 .debug_aranges
                0x0000000000000178       0x20 c:/Users/kuni/work/X68k-KeplerX-RTL/GreenPAK/fpga-writer/Eclipse/GreenPAKWriter_BSP\libhal_bsp.a(alt_iic.o)
 .debug_aranges
                0x0000000000000198       0x20 c:/Users/kuni/work/X68k-KeplerX-RTL/GreenPAK/fpga-writer/Eclipse/GreenPAKWriter_BSP\libhal_bsp.a(alt_iic_isr_register.o)
 .debug_aranges
                0x00000000000001b8       0x30 c:/Users/kuni/work/X68k-KeplerX-RTL/GreenPAK/fpga-writer/Eclipse/GreenPAKWriter_BSP\libhal_bsp.a(alt_irq_entry.o)
 .debug_aranges
                0x00000000000001e8       0x20 c:/Users/kuni/work/X68k-KeplerX-RTL/GreenPAK/fpga-writer/Eclipse/GreenPAKWriter_BSP\libhal_bsp.a(alt_irq_handler.o)
 .debug_aranges
                0x0000000000000208       0x18 c:/Users/kuni/work/X68k-KeplerX-RTL/GreenPAK/fpga-writer/Eclipse/GreenPAKWriter_BSP\libhal_bsp.a(alt_irq_vars.o)
 .debug_aranges
                0x0000000000000220       0x20 c:/Users/kuni/work/X68k-KeplerX-RTL/GreenPAK/fpga-writer/Eclipse/GreenPAKWriter_BSP\libhal_bsp.a(alt_load.o)
 .debug_aranges
                0x0000000000000240       0x20 c:/Users/kuni/work/X68k-KeplerX-RTL/GreenPAK/fpga-writer/Eclipse/GreenPAKWriter_BSP\libhal_bsp.a(alt_main.o)
 .debug_aranges
                0x0000000000000260       0x20 c:/Users/kuni/work/X68k-KeplerX-RTL/GreenPAK/fpga-writer/Eclipse/GreenPAKWriter_BSP\libhal_bsp.a(alt_sys_init.o)
 .debug_aranges
                0x0000000000000280       0x20 c:/Users/kuni/work/X68k-KeplerX-RTL/GreenPAK/fpga-writer/Eclipse/GreenPAKWriter_BSP\libhal_bsp.a(altera_avalon_fifo_util.o)
 .debug_aranges
                0x00000000000002a0       0x20 c:/Users/kuni/work/X68k-KeplerX-RTL/GreenPAK/fpga-writer/Eclipse/GreenPAKWriter_BSP\libhal_bsp.a(altera_avalon_i2c.o)
 .debug_aranges
                0x00000000000002c0       0x20 c:/Users/kuni/work/X68k-KeplerX-RTL/GreenPAK/fpga-writer/Eclipse/GreenPAKWriter_BSP\libhal_bsp.a(altera_avalon_jtag_uart_fd.o)
 .debug_aranges
                0x00000000000002e0       0x20 c:/Users/kuni/work/X68k-KeplerX-RTL/GreenPAK/fpga-writer/Eclipse/GreenPAKWriter_BSP\libhal_bsp.a(altera_avalon_jtag_uart_read.o)
 .debug_aranges
                0x0000000000000300       0x20 c:/Users/kuni/work/X68k-KeplerX-RTL/GreenPAK/fpga-writer/Eclipse/GreenPAKWriter_BSP\libhal_bsp.a(altera_avalon_jtag_uart_write.o)
 .debug_aranges
                0x0000000000000320       0x20 c:/Users/kuni/work/X68k-KeplerX-RTL/GreenPAK/fpga-writer/Eclipse/GreenPAKWriter_BSP\libhal_bsp.a(altera_msgdma.o)
 .debug_aranges
                0x0000000000000340       0x20 c:/Users/kuni/work/X68k-KeplerX-RTL/GreenPAK/fpga-writer/Eclipse/GreenPAKWriter_BSP\libhal_bsp.a(alt_busy_sleep.o)
 .debug_aranges
                0x0000000000000360       0x20 c:/Users/kuni/work/X68k-KeplerX-RTL/GreenPAK/fpga-writer/Eclipse/GreenPAKWriter_BSP\libhal_bsp.a(alt_close.o)
 .debug_aranges
                0x0000000000000380       0x20 c:/Users/kuni/work/X68k-KeplerX-RTL/GreenPAK/fpga-writer/Eclipse/GreenPAKWriter_BSP\libhal_bsp.a(alt_dcache_flush.o)
 .debug_aranges
                0x00000000000003a0       0x20 c:/Users/kuni/work/X68k-KeplerX-RTL/GreenPAK/fpga-writer/Eclipse/GreenPAKWriter_BSP\libhal_bsp.a(alt_dev.o)
 .debug_aranges
                0x00000000000003c0       0x20 c:/Users/kuni/work/X68k-KeplerX-RTL/GreenPAK/fpga-writer/Eclipse/GreenPAKWriter_BSP\libhal_bsp.a(alt_dev_llist_insert.o)
 .debug_aranges
                0x00000000000003e0       0x20 c:/Users/kuni/work/X68k-KeplerX-RTL/GreenPAK/fpga-writer/Eclipse/GreenPAKWriter_BSP\libhal_bsp.a(alt_do_ctors.o)
 .debug_aranges
                0x0000000000000400       0x20 c:/Users/kuni/work/X68k-KeplerX-RTL/GreenPAK/fpga-writer/Eclipse/GreenPAKWriter_BSP\libhal_bsp.a(alt_do_dtors.o)
 .debug_aranges
                0x0000000000000420       0x18 c:/Users/kuni/work/X68k-KeplerX-RTL/GreenPAK/fpga-writer/Eclipse/GreenPAKWriter_BSP\libhal_bsp.a(alt_errno.o)
 .debug_aranges
                0x0000000000000438       0x30 c:/Users/kuni/work/X68k-KeplerX-RTL/GreenPAK/fpga-writer/Eclipse/GreenPAKWriter_BSP\libhal_bsp.a(alt_exception_entry.o)
 .debug_aranges
                0x0000000000000468       0x20 c:/Users/kuni/work/X68k-KeplerX-RTL/GreenPAK/fpga-writer/Eclipse/GreenPAKWriter_BSP\libhal_bsp.a(alt_find_dev.o)
 .debug_aranges
                0x0000000000000488       0x20 c:/Users/kuni/work/X68k-KeplerX-RTL/GreenPAK/fpga-writer/Eclipse/GreenPAKWriter_BSP\libhal_bsp.a(alt_icache_flush_all.o)
 .debug_aranges
                0x00000000000004a8       0x28 c:/Users/kuni/work/X68k-KeplerX-RTL/GreenPAK/fpga-writer/Eclipse/GreenPAKWriter_BSP\libhal_bsp.a(alt_instruction_exception_entry.o)
 .debug_aranges
                0x00000000000004d0       0x20 c:/Users/kuni/work/X68k-KeplerX-RTL/GreenPAK/fpga-writer/Eclipse/GreenPAKWriter_BSP\libhal_bsp.a(alt_io_redirect.o)
 .debug_aranges
                0x00000000000004f0       0x20 c:/Users/kuni/work/X68k-KeplerX-RTL/GreenPAK/fpga-writer/Eclipse/GreenPAKWriter_BSP\libhal_bsp.a(alt_open.o)
 .debug_aranges
                0x0000000000000510       0x20 c:/Users/kuni/work/X68k-KeplerX-RTL/GreenPAK/fpga-writer/Eclipse/GreenPAKWriter_BSP\libhal_bsp.a(alt_printf.o)
 .debug_aranges
                0x0000000000000530       0x20 c:/Users/kuni/work/X68k-KeplerX-RTL/GreenPAK/fpga-writer/Eclipse/GreenPAKWriter_BSP\libhal_bsp.a(alt_putchar.o)
 .debug_aranges
                0x0000000000000550       0x20 c:/Users/kuni/work/X68k-KeplerX-RTL/GreenPAK/fpga-writer/Eclipse/GreenPAKWriter_BSP\libhal_bsp.a(alt_release_fd.o)
 .debug_aranges
                0x0000000000000570       0x20 c:/Users/kuni/work/X68k-KeplerX-RTL/GreenPAK/fpga-writer/Eclipse/GreenPAKWriter_BSP\libhal_bsp.a(altera_nios2_gen2_irq.o)
 .debug_aranges
                0x0000000000000590       0x20 c:/Users/kuni/work/X68k-KeplerX-RTL/GreenPAK/fpga-writer/Eclipse/GreenPAKWriter_BSP\libhal_bsp.a(alt_find_file.o)
 .debug_aranges
                0x00000000000005b0       0x20 c:/Users/kuni/work/X68k-KeplerX-RTL/GreenPAK/fpga-writer/Eclipse/GreenPAKWriter_BSP\libhal_bsp.a(alt_get_fd.o)
 .debug_aranges
                0x00000000000005d0       0x20 c:/intelfpga_lite/22.1std/nios2eds/bin/gnu/h-x86_64-mingw32/bin/../lib/gcc/nios2-elf/12.2.1/../../../../../H-x86_64-mingw32/nios2-elf/lib/mno-hw-mul\libsmallc.a(lib_a-atexit.o)
 .debug_aranges
                0x00000000000005f0       0x20 c:/intelfpga_lite/22.1std/nios2eds/bin/gnu/h-x86_64-mingw32/bin/../lib/gcc/nios2-elf/12.2.1/../../../../../H-x86_64-mingw32/nios2-elf/lib/mno-hw-mul\libsmallc.a(lib_a-exit.o)
 .debug_aranges
                0x0000000000000610       0x18 c:/intelfpga_lite/22.1std/nios2eds/bin/gnu/h-x86_64-mingw32/bin/../lib/gcc/nios2-elf/12.2.1/../../../../../H-x86_64-mingw32/nios2-elf/lib/mno-hw-mul\libsmallc.a(lib_a-int_errno.o)
 .debug_aranges
                0x0000000000000628       0x20 c:/intelfpga_lite/22.1std/nios2eds/bin/gnu/h-x86_64-mingw32/bin/../lib/gcc/nios2-elf/12.2.1/../../../../../H-x86_64-mingw32/nios2-elf/lib/mno-hw-mul\libsmallc.a(lib_a-memcmp.o)
 .debug_aranges
                0x0000000000000648       0x28 c:/intelfpga_lite/22.1std/nios2eds/bin/gnu/h-x86_64-mingw32/bin/../lib/gcc/nios2-elf/12.2.1/../../../../../H-x86_64-mingw32/nios2-elf/lib/mno-hw-mul\libsmallc.a(lib_a-putchar.o)
 .debug_aranges
                0x0000000000000670       0x20 c:/intelfpga_lite/22.1std/nios2eds/bin/gnu/h-x86_64-mingw32/bin/../lib/gcc/nios2-elf/12.2.1/../../../../../H-x86_64-mingw32/nios2-elf/lib/mno-hw-mul\libsmallc.a(lib_a-__atexit.o)
 .debug_aranges
                0x0000000000000690       0x20 c:/intelfpga_lite/22.1std/nios2eds/bin/gnu/h-x86_64-mingw32/bin/../lib/gcc/nios2-elf/12.2.1/../../../../../H-x86_64-mingw32/nios2-elf/lib/mno-hw-mul\libsmallc.a(lib_a-__call_atexit.o)
 .debug_aranges
                0x00000000000006b0       0x28 c:/intelfpga_lite/22.1std/nios2eds/bin/gnu/h-x86_64-mingw32/bin/../lib/gcc/nios2-elf/12.2.1/../../../../../H-x86_64-mingw32/nios2-elf/lib/mno-hw-mul\libsmallc.a(lib_a-putc.o)
 .debug_aranges
                0x00000000000006d8       0x20 c:/intelfpga_lite/22.1std/nios2eds/bin/gnu/h-x86_64-mingw32/bin/../lib/gcc/nios2-elf/12.2.1/../../../../../H-x86_64-mingw32/nios2-elf/lib/mno-hw-mul\libsmallc.a(lib_a-fvwrite_small_dev.o)
 .debug_aranges
                0x00000000000006f8       0x20 c:/intelfpga_lite/22.1std/nios2eds/bin/gnu/h-x86_64-mingw32/bin/../lib/gcc/nios2-elf/12.2.1/../../../../../H-x86_64-mingw32/nios2-elf/lib/mno-hw-mul\libsmallc.a(lib_a-writer.o)
 .debug_aranges
                0x0000000000000718       0x20 c:/Users/kuni/work/X68k-KeplerX-RTL/GreenPAK/fpga-writer/Eclipse/GreenPAKWriter_BSP\libhal_bsp.a(alt_exit.o)
 .debug_aranges
                0x0000000000000738       0x20 c:/Users/kuni/work/X68k-KeplerX-RTL/GreenPAK/fpga-writer/Eclipse/GreenPAKWriter_BSP\libhal_bsp.a(alt_write.o)

.debug_pubnames
 *(.debug_pubnames)

.debug_info     0x0000000000000000     0xd9f5
 *(.debug_info .gnu.linkonce.wi.*)
 .debug_info    0x0000000000000000       0x22 c:/Users/kuni/work/X68k-KeplerX-RTL/GreenPAK/fpga-writer/Eclipse/GreenPAKWriter_BSP/obj/HAL/src/crt0.o
 .debug_info    0x0000000000000022      0xd15 obj/default/main.o
 .debug_info    0x0000000000000d37       0xc4 c:/intelfpga_lite/22.1std/nios2eds/bin/gnu/h-x86_64-mingw32/bin/../lib/gcc/nios2-elf/12.2.1/mno-hw-mul\libgcc.a(lib2-mul.o)
 .debug_info    0x0000000000000dfb      0x831 c:/intelfpga_lite/22.1std/nios2eds/bin/gnu/h-x86_64-mingw32/bin/../lib/gcc/nios2-elf/12.2.1/../../../../../H-x86_64-mingw32/nios2-elf/lib/mno-hw-mul\libsmallc.a(lib_a-vsnprintf.o)
 .debug_info    0x000000000000162c      0x73f c:/intelfpga_lite/22.1std/nios2eds/bin/gnu/h-x86_64-mingw32/bin/../lib/gcc/nios2-elf/12.2.1/../../../../../H-x86_64-mingw32/nios2-elf/lib/mno-hw-mul\libsmallc.a(lib_a-fvwrite_small_str.o)
 .debug_info    0x0000000000001d6b      0x5cf c:/intelfpga_lite/22.1std/nios2eds/bin/gnu/h-x86_64-mingw32/bin/../lib/gcc/nios2-elf/12.2.1/../../../../../H-x86_64-mingw32/nios2-elf/lib/mno-hw-mul\libsmallc.a(lib_a-impure.o)
 .debug_info    0x000000000000233a      0x114 c:/intelfpga_lite/22.1std/nios2eds/bin/gnu/h-x86_64-mingw32/bin/../lib/gcc/nios2-elf/12.2.1/../../../../../H-x86_64-mingw32/nios2-elf/lib/mno-hw-mul\libsmallc.a(lib_a-memmove.o)
 .debug_info    0x000000000000244e      0xe55 c:/intelfpga_lite/22.1std/nios2eds/bin/gnu/h-x86_64-mingw32/bin/../lib/gcc/nios2-elf/12.2.1/../../../../../H-x86_64-mingw32/nios2-elf/lib/mno-hw-mul\libsmallc.a(lib_a-svfprintf.o)
 .debug_info    0x00000000000032a3       0xd1 c:/intelfpga_lite/22.1std/nios2eds/bin/gnu/h-x86_64-mingw32/bin/../lib/gcc/nios2-elf/12.2.1/../../../../../H-x86_64-mingw32/nios2-elf/lib/mno-hw-mul\libsmallc.a(lib_a-strlen.o)
 .debug_info    0x0000000000003374      0x347 c:/intelfpga_lite/22.1std/nios2eds/bin/gnu/h-x86_64-mingw32/bin/../lib/gcc/nios2-elf/12.2.1/mno-hw-mul\libgcc.a(lib2-divmod.o)
 .debug_info    0x00000000000036bb       0x8d c:/Users/kuni/work/X68k-KeplerX-RTL/GreenPAK/fpga-writer/Eclipse/GreenPAKWriter_BSP\libhal_bsp.a(alt_dcache_flush_all.o)
 .debug_info    0x0000000000003748      0x339 c:/Users/kuni/work/X68k-KeplerX-RTL/GreenPAK/fpga-writer/Eclipse/GreenPAKWriter_BSP\libhal_bsp.a(alt_iic.o)
 .debug_info    0x0000000000003a81      0x218 c:/Users/kuni/work/X68k-KeplerX-RTL/GreenPAK/fpga-writer/Eclipse/GreenPAKWriter_BSP\libhal_bsp.a(alt_iic_isr_register.o)
 .debug_info    0x0000000000003c99       0x22 c:/Users/kuni/work/X68k-KeplerX-RTL/GreenPAK/fpga-writer/Eclipse/GreenPAKWriter_BSP\libhal_bsp.a(alt_irq_entry.o)
 .debug_info    0x0000000000003cbb      0x170 c:/Users/kuni/work/X68k-KeplerX-RTL/GreenPAK/fpga-writer/Eclipse/GreenPAKWriter_BSP\libhal_bsp.a(alt_irq_handler.o)
 .debug_info    0x0000000000003e2b       0x88 c:/Users/kuni/work/X68k-KeplerX-RTL/GreenPAK/fpga-writer/Eclipse/GreenPAKWriter_BSP\libhal_bsp.a(alt_irq_vars.o)
 .debug_info    0x0000000000003eb3      0x14d c:/Users/kuni/work/X68k-KeplerX-RTL/GreenPAK/fpga-writer/Eclipse/GreenPAKWriter_BSP\libhal_bsp.a(alt_load.o)
 .debug_info    0x0000000000004000      0x19d c:/Users/kuni/work/X68k-KeplerX-RTL/GreenPAK/fpga-writer/Eclipse/GreenPAKWriter_BSP\libhal_bsp.a(alt_main.o)
 .debug_info    0x000000000000419d      0x707 c:/Users/kuni/work/X68k-KeplerX-RTL/GreenPAK/fpga-writer/Eclipse/GreenPAKWriter_BSP\libhal_bsp.a(alt_sys_init.o)
 .debug_info    0x00000000000048a4      0x46c c:/Users/kuni/work/X68k-KeplerX-RTL/GreenPAK/fpga-writer/Eclipse/GreenPAKWriter_BSP\libhal_bsp.a(altera_avalon_fifo_util.o)
 .debug_info    0x0000000000004d10     0x12c2 c:/Users/kuni/work/X68k-KeplerX-RTL/GreenPAK/fpga-writer/Eclipse/GreenPAKWriter_BSP\libhal_bsp.a(altera_avalon_i2c.o)
 .debug_info    0x0000000000005fd2      0x3c9 c:/Users/kuni/work/X68k-KeplerX-RTL/GreenPAK/fpga-writer/Eclipse/GreenPAKWriter_BSP\libhal_bsp.a(altera_avalon_jtag_uart_fd.o)
 .debug_info    0x000000000000639b      0x144 c:/Users/kuni/work/X68k-KeplerX-RTL/GreenPAK/fpga-writer/Eclipse/GreenPAKWriter_BSP\libhal_bsp.a(altera_avalon_jtag_uart_read.o)
 .debug_info    0x00000000000064df      0x12b c:/Users/kuni/work/X68k-KeplerX-RTL/GreenPAK/fpga-writer/Eclipse/GreenPAKWriter_BSP\libhal_bsp.a(altera_avalon_jtag_uart_write.o)
 .debug_info    0x000000000000660a     0x1aff c:/Users/kuni/work/X68k-KeplerX-RTL/GreenPAK/fpga-writer/Eclipse/GreenPAKWriter_BSP\libhal_bsp.a(altera_msgdma.o)
 .debug_info    0x0000000000008109       0xd5 c:/Users/kuni/work/X68k-KeplerX-RTL/GreenPAK/fpga-writer/Eclipse/GreenPAKWriter_BSP\libhal_bsp.a(alt_busy_sleep.o)
 .debug_info    0x00000000000081de      0x32f c:/Users/kuni/work/X68k-KeplerX-RTL/GreenPAK/fpga-writer/Eclipse/GreenPAKWriter_BSP\libhal_bsp.a(alt_close.o)
 .debug_info    0x000000000000850d       0xba c:/Users/kuni/work/X68k-KeplerX-RTL/GreenPAK/fpga-writer/Eclipse/GreenPAKWriter_BSP\libhal_bsp.a(alt_dcache_flush.o)
 .debug_info    0x00000000000085c7      0x567 c:/Users/kuni/work/X68k-KeplerX-RTL/GreenPAK/fpga-writer/Eclipse/GreenPAKWriter_BSP\libhal_bsp.a(alt_dev.o)
 .debug_info    0x0000000000008b2e      0x1b0 c:/Users/kuni/work/X68k-KeplerX-RTL/GreenPAK/fpga-writer/Eclipse/GreenPAKWriter_BSP\libhal_bsp.a(alt_dev_llist_insert.o)
 .debug_info    0x0000000000008cde       0x88 c:/Users/kuni/work/X68k-KeplerX-RTL/GreenPAK/fpga-writer/Eclipse/GreenPAKWriter_BSP\libhal_bsp.a(alt_do_ctors.o)
 .debug_info    0x0000000000008d66       0x88 c:/Users/kuni/work/X68k-KeplerX-RTL/GreenPAK/fpga-writer/Eclipse/GreenPAKWriter_BSP\libhal_bsp.a(alt_do_dtors.o)
 .debug_info    0x0000000000008dee       0x9d c:/Users/kuni/work/X68k-KeplerX-RTL/GreenPAK/fpga-writer/Eclipse/GreenPAKWriter_BSP\libhal_bsp.a(alt_errno.o)
 .debug_info    0x0000000000008e8b       0x22 c:/Users/kuni/work/X68k-KeplerX-RTL/GreenPAK/fpga-writer/Eclipse/GreenPAKWriter_BSP\libhal_bsp.a(alt_exception_entry.o)
 .debug_info    0x0000000000008ead      0x323 c:/Users/kuni/work/X68k-KeplerX-RTL/GreenPAK/fpga-writer/Eclipse/GreenPAKWriter_BSP\libhal_bsp.a(alt_find_dev.o)
 .debug_info    0x00000000000091d0       0x8d c:/Users/kuni/work/X68k-KeplerX-RTL/GreenPAK/fpga-writer/Eclipse/GreenPAKWriter_BSP\libhal_bsp.a(alt_icache_flush_all.o)
 .debug_info    0x000000000000925d      0x1e8 c:/Users/kuni/work/X68k-KeplerX-RTL/GreenPAK/fpga-writer/Eclipse/GreenPAKWriter_BSP\libhal_bsp.a(alt_instruction_exception_entry.o)
 .debug_info    0x0000000000009445      0x561 c:/Users/kuni/work/X68k-KeplerX-RTL/GreenPAK/fpga-writer/Eclipse/GreenPAKWriter_BSP\libhal_bsp.a(alt_io_redirect.o)
 .debug_info    0x00000000000099a6      0x415 c:/Users/kuni/work/X68k-KeplerX-RTL/GreenPAK/fpga-writer/Eclipse/GreenPAKWriter_BSP\libhal_bsp.a(alt_open.o)
 .debug_info    0x0000000000009dbb      0x125 c:/Users/kuni/work/X68k-KeplerX-RTL/GreenPAK/fpga-writer/Eclipse/GreenPAKWriter_BSP\libhal_bsp.a(alt_printf.o)
 .debug_info    0x0000000000009ee0       0x9e c:/Users/kuni/work/X68k-KeplerX-RTL/GreenPAK/fpga-writer/Eclipse/GreenPAKWriter_BSP\libhal_bsp.a(alt_putchar.o)
 .debug_info    0x0000000000009f7e      0x2ac c:/Users/kuni/work/X68k-KeplerX-RTL/GreenPAK/fpga-writer/Eclipse/GreenPAKWriter_BSP\libhal_bsp.a(alt_release_fd.o)
 .debug_info    0x000000000000a22a       0x8d c:/Users/kuni/work/X68k-KeplerX-RTL/GreenPAK/fpga-writer/Eclipse/GreenPAKWriter_BSP\libhal_bsp.a(altera_nios2_gen2_irq.o)
 .debug_info    0x000000000000a2b7      0x324 c:/Users/kuni/work/X68k-KeplerX-RTL/GreenPAK/fpga-writer/Eclipse/GreenPAKWriter_BSP\libhal_bsp.a(alt_find_file.o)
 .debug_info    0x000000000000a5db      0x309 c:/Users/kuni/work/X68k-KeplerX-RTL/GreenPAK/fpga-writer/Eclipse/GreenPAKWriter_BSP\libhal_bsp.a(alt_get_fd.o)
 .debug_info    0x000000000000a8e4      0x118 c:/intelfpga_lite/22.1std/nios2eds/bin/gnu/h-x86_64-mingw32/bin/../lib/gcc/nios2-elf/12.2.1/../../../../../H-x86_64-mingw32/nios2-elf/lib/mno-hw-mul\libsmallc.a(lib_a-atexit.o)
 .debug_info    0x000000000000a9fc       0xf6 c:/intelfpga_lite/22.1std/nios2eds/bin/gnu/h-x86_64-mingw32/bin/../lib/gcc/nios2-elf/12.2.1/../../../../../H-x86_64-mingw32/nios2-elf/lib/mno-hw-mul\libsmallc.a(lib_a-exit.o)