Archive member included to satisfy reference by file (symbol)

c:/intelfpga_lite/21.1/nios2eds/bin/gnu/h-x86_64-mingw32/bin/../lib/gcc/nios2-elf/10.3.1/mno-hw-mul\libgcc.a(lib2-mul.o)
                              obj/default/main.o (__mulsi3)
c:/intelfpga_lite/21.1/nios2eds/bin/gnu/h-x86_64-mingw32/bin/../lib/gcc/nios2-elf/10.3.1/../../../../../H-x86_64-mingw32/nios2-elf/lib/mno-hw-mul\libsmallc.a(lib_a-vsnprintf.o)
                              obj/default/main.o (vsnprintf)
c:/intelfpga_lite/21.1/nios2eds/bin/gnu/h-x86_64-mingw32/bin/../lib/gcc/nios2-elf/10.3.1/../../../../../H-x86_64-mingw32/nios2-elf/lib/mno-hw-mul\libsmallc.a(lib_a-fvwrite_small_str.o)
                              c:/intelfpga_lite/21.1/nios2eds/bin/gnu/h-x86_64-mingw32/bin/../lib/gcc/nios2-elf/10.3.1/../../../../../H-x86_64-mingw32/nios2-elf/lib/mno-hw-mul\libsmallc.a(lib_a-vsnprintf.o) (__sfvwrite_small_str)
c:/intelfpga_lite/21.1/nios2eds/bin/gnu/h-x86_64-mingw32/bin/../lib/gcc/nios2-elf/10.3.1/../../../../../H-x86_64-mingw32/nios2-elf/lib/mno-hw-mul\libsmallc.a(lib_a-impure.o)
                              c:/intelfpga_lite/21.1/nios2eds/bin/gnu/h-x86_64-mingw32/bin/../lib/gcc/nios2-elf/10.3.1/../../../../../H-x86_64-mingw32/nios2-elf/lib/mno-hw-mul\libsmallc.a(lib_a-vsnprintf.o) (_impure_ptr)
c:/intelfpga_lite/21.1/nios2eds/bin/gnu/h-x86_64-mingw32/bin/../lib/gcc/nios2-elf/10.3.1/../../../../../H-x86_64-mingw32/nios2-elf/lib/mno-hw-mul\libsmallc.a(lib_a-memmove.o)
                              c:/intelfpga_lite/21.1/nios2eds/bin/gnu/h-x86_64-mingw32/bin/../lib/gcc/nios2-elf/10.3.1/../../../../../H-x86_64-mingw32/nios2-elf/lib/mno-hw-mul\libsmallc.a(lib_a-fvwrite_small_str.o) (memmove)
c:/intelfpga_lite/21.1/nios2eds/bin/gnu/h-x86_64-mingw32/bin/../lib/gcc/nios2-elf/10.3.1/../../../../../H-x86_64-mingw32/nios2-elf/lib/mno-hw-mul\libsmallc.a(lib_a-svfprintf.o)
                              c:/intelfpga_lite/21.1/nios2eds/bin/gnu/h-x86_64-mingw32/bin/../lib/gcc/nios2-elf/10.3.1/../../../../../H-x86_64-mingw32/nios2-elf/lib/mno-hw-mul\libsmallc.a(lib_a-vsnprintf.o) (___svfprintf_internal_r)
c:/intelfpga_lite/21.1/nios2eds/bin/gnu/h-x86_64-mingw32/bin/../lib/gcc/nios2-elf/10.3.1/../../../../../H-x86_64-mingw32/nios2-elf/lib/mno-hw-mul\libsmallc.a(lib_a-strlen.o)
                              c:/intelfpga_lite/21.1/nios2eds/bin/gnu/h-x86_64-mingw32/bin/../lib/gcc/nios2-elf/10.3.1/../../../../../H-x86_64-mingw32/nios2-elf/lib/mno-hw-mul\libsmallc.a(lib_a-svfprintf.o) (strlen)
c:/intelfpga_lite/21.1/nios2eds/bin/gnu/h-x86_64-mingw32/bin/../lib/gcc/nios2-elf/10.3.1/mno-hw-mul\libgcc.a(lib2-divmod.o)
                              c:/intelfpga_lite/21.1/nios2eds/bin/gnu/h-x86_64-mingw32/bin/../lib/gcc/nios2-elf/10.3.1/../../../../../H-x86_64-mingw32/nios2-elf/lib/mno-hw-mul\libsmallc.a(lib_a-svfprintf.o) (__udivsi3)
c:/Users/ohnaka/work/github/X68k-KeplerX-RTL/GreenPAK/fpga-writer/Eclipse/GreenPAKWriter_BSP\libhal_bsp.a(alt_dcache_flush_all.o)
                              obj/default/main.o (alt_dcache_flush_all)
c:/Users/ohnaka/work/github/X68k-KeplerX-RTL/GreenPAK/fpga-writer/Eclipse/GreenPAKWriter_BSP\libhal_bsp.a(alt_iic.o)
                              obj/default/main.o (alt_ic_isr_register)
c:/Users/ohnaka/work/github/X68k-KeplerX-RTL/GreenPAK/fpga-writer/Eclipse/GreenPAKWriter_BSP\libhal_bsp.a(alt_iic_isr_register.o)
                              c:/Users/ohnaka/work/github/X68k-KeplerX-RTL/GreenPAK/fpga-writer/Eclipse/GreenPAKWriter_BSP\libhal_bsp.a(alt_iic.o) (alt_iic_isr_register)
c:/Users/ohnaka/work/github/X68k-KeplerX-RTL/GreenPAK/fpga-writer/Eclipse/GreenPAKWriter_BSP\libhal_bsp.a(alt_irq_entry.o)
                              c:/Users/ohnaka/work/github/X68k-KeplerX-RTL/GreenPAK/fpga-writer/Eclipse/GreenPAKWriter_BSP\libhal_bsp.a(alt_iic_isr_register.o) (alt_irq_entry)
c:/Users/ohnaka/work/github/X68k-KeplerX-RTL/GreenPAK/fpga-writer/Eclipse/GreenPAKWriter_BSP\libhal_bsp.a(alt_irq_handler.o)
                              c:/Users/ohnaka/work/github/X68k-KeplerX-RTL/GreenPAK/fpga-writer/Eclipse/GreenPAKWriter_BSP\libhal_bsp.a(alt_iic_isr_register.o) (alt_irq)
c:/Users/ohnaka/work/github/X68k-KeplerX-RTL/GreenPAK/fpga-writer/Eclipse/GreenPAKWriter_BSP\libhal_bsp.a(alt_irq_vars.o)
                              c:/Users/ohnaka/work/github/X68k-KeplerX-RTL/GreenPAK/fpga-writer/Eclipse/GreenPAKWriter_BSP\libhal_bsp.a(alt_iic.o) (alt_irq_active)
c:/Users/ohnaka/work/github/X68k-KeplerX-RTL/GreenPAK/fpga-writer/Eclipse/GreenPAKWriter_BSP\libhal_bsp.a(alt_load.o)
                              c:/Users/ohnaka/work/github/X68k-KeplerX-RTL/GreenPAK/fpga-writer/Eclipse/GreenPAKWriter_BSP/obj/HAL/src/crt0.o (alt_load)
c:/Users/ohnaka/work/github/X68k-KeplerX-RTL/GreenPAK/fpga-writer/Eclipse/GreenPAKWriter_BSP\libhal_bsp.a(alt_main.o)
                              c:/Users/ohnaka/work/github/X68k-KeplerX-RTL/GreenPAK/fpga-writer/Eclipse/GreenPAKWriter_BSP/obj/HAL/src/crt0.o (alt_main)
[...]
Memory Configuration

Name             Origin             Length             Attributes
reset            0x0000000000020000 0x0000000000000020
onchip_memory    0x0000000000020020 0x0000000000009fe0
textram          0x0000000000050000 0x0000000000002000
onchip_NVM_ROM   0x0000000000060000 0x0000000000000100
*default*        0x0000000000000000 0xffffffffffffffff

Linker script and memory map

LOAD c:/Users/ohnaka/work/github/X68k-KeplerX-RTL/GreenPAK/fpga-writer/Eclipse/GreenPAKWriter_BSP/obj/HAL/src/crt0.o
LOAD obj/default/main.o
LOAD c:/intelfpga_lite/21.1/nios2eds/bin/gnu/h-x86_64-mingw32/bin/../lib/gcc/nios2-elf/10.3.1/../../../../../H-x86_64-mingw32/nios2-elf/lib/mno-hw-mul\libstdc++.a
LOAD c:/intelfpga_lite/21.1/nios2eds/bin/gnu/h-x86_64-mingw32/bin/../lib/gcc/nios2-elf/10.3.1/../../../../../H-x86_64-mingw32/nios2-elf/lib/mno-hw-mul\libm.a
LOAD c:/intelfpga_lite/21.1/nios2eds/bin/gnu/h-x86_64-mingw32/bin/../lib/gcc/nios2-elf/10.3.1/mno-hw-mul\libgcc.a
START GROUP
LOAD c:/intelfpga_lite/21.1/nios2eds/bin/gnu/h-x86_64-mingw32/bin/../lib/gcc/nios2-elf/10.3.1/../../../../../H-x86_64-mingw32/nios2-elf/lib/mno-hw-mul\libsmallc.a
LOAD c:/intelfpga_lite/21.1/nios2eds/bin/gnu/h-x86_64-mingw32/bin/../lib/gcc/nios2-elf/10.3.1/mno-hw-mul\libgcc.a
LOAD c:/Users/ohnaka/work/github/X68k-KeplerX-RTL/GreenPAK/fpga-writer/Eclipse/GreenPAKWriter_BSP\libhal_bsp.a
LOAD c:/intelfpga_lite/21.1/nios2eds/bin/gnu/h-x86_64-mingw32/bin/../lib/gcc/nios2-elf/10.3.1/../../../../../H-x86_64-mingw32/nios2-elf/lib/mno-hw-mul\libm.a
END GROUP
LOAD c:/intelfpga_lite/21.1/nios2eds/bin/gnu/h-x86_64-mingw32/bin/../lib/gcc/nios2-elf/10.3.1/mno-hw-mul\libgcc.a
                0x0000000000020000                __alt_mem_onchip_memory = 0x20000
                0x0000000000050000                __alt_mem_textram = 0x50000
                0x0000000000060000                __alt_mem_onchip_NVM_ROM = 0x60000

.entry          0x0000000000020000       0x20
 *(.entry)
 .entry         0x0000000000020000       0x20 c:/Users/ohnaka/work/github/X68k-KeplerX-RTL/GreenPAK/fpga-writer/Eclipse/GreenPAKWriter_BSP/obj/HAL/src/crt0.o
                0x0000000000020000                __reset

.exceptions     0x0000000000020020      0x204
                0x0000000000020020                PROVIDE (__ram_exceptions_start = ABSOLUTE (.))
                0x0000000000020020                . = ALIGN (0x20)
 *(.irq)
 *(.exceptions.entry.label)
 .exceptions.entry.label
                0x0000000000020020        0x0 c:/Users/ohnaka/work/github/X68k-KeplerX-RTL/GreenPAK/fpga-writer/Eclipse/GreenPAKWriter_BSP\libhal_bsp.a(alt_irq_entry.o)
                0x0000000000020020                alt_irq_entry
 .exceptions.entry.label
                0x0000000000020020        0x0 c:/Users/ohnaka/work/github/X68k-KeplerX-RTL/GreenPAK/fpga-writer/Eclipse/GreenPAKWriter_BSP\libhal_bsp.a(alt_exception_entry.o)
                0x0000000000020020                alt_exception
 *(.exceptions.entry.user)
 *(.exceptions.entry.ecc_fatal)
 *(.exceptions.entry)
 .exceptions.entry
                0x0000000000020020       0x54 c:/Users/ohnaka/work/github/X68k-KeplerX-RTL/GreenPAK/fpga-writer/Eclipse/GreenPAKWriter_BSP\libhal_bsp.a(alt_exception_entry.o)
 *(.exceptions.irqtest.user)
 *(.exceptions.irqtest)
 .exceptions.irqtest
                0x0000000000020074       0x10 c:/Users/ohnaka/work/github/X68k-KeplerX-RTL/GreenPAK/fpga-writer/Eclipse/GreenPAKWriter_BSP\libhal_bsp.a(alt_irq_entry.o)
 *(.exceptions.irqhandler.user)
 *(.exceptions.irqhandler)
 .exceptions.irqhandler
                0x0000000000020084        0x4 c:/Users/ohnaka/work/github/X68k-KeplerX-RTL/GreenPAK/fpga-writer/Eclipse/GreenPAKWriter_BSP\libhal_bsp.a(alt_irq_entry.o)
 *(.exceptions.irqreturn.user)
 *(.exceptions.irqreturn)
 .exceptions.irqreturn
                0x0000000000020088        0x4 c:/Users/ohnaka/work/github/X68k-KeplerX-RTL/GreenPAK/fpga-writer/Eclipse/GreenPAKWriter_BSP\libhal_bsp.a(alt_irq_entry.o)
 *(.exceptions.notirq.label)
 .exceptions.notirq.label
                0x000000000002008c        0x0 c:/Users/ohnaka/work/github/X68k-KeplerX-RTL/GreenPAK/fpga-writer/Eclipse/GreenPAKWriter_BSP\libhal_bsp.a(alt_irq_entry.o)
 *(.exceptions.notirq.user)
 *(.exceptions.notirq)
 .exceptions.notirq
                0x000000000002008c        0x8 c:/Users/ohnaka/work/github/X68k-KeplerX-RTL/GreenPAK/fpga-writer/Eclipse/GreenPAKWriter_BSP\libhal_bsp.a(alt_exception_entry.o)
 *(.exceptions.soft.user)
 *(.exceptions.soft)
 *(.exceptions.unknown.user)
 *(.exceptions.unknown)
 .exceptions.unknown
                0x0000000000020094       0x14 c:/Users/ohnaka/work/github/X68k-KeplerX-RTL/GreenPAK/fpga-writer/Eclipse/GreenPAKWriter_BSP\libhal_bsp.a(alt_exception_entry.o)
 *(.exceptions.exit.label)
 .exceptions.exit.label
                0x00000000000200a8        0x0 c:/Users/ohnaka/work/github/X68k-KeplerX-RTL/GreenPAK/fpga-writer/Eclipse/GreenPAKWriter_BSP\libhal_bsp.a(alt_irq_entry.o)
 .exceptions.exit.label
                0x00000000000200a8        0x0 c:/Users/ohnaka/work/github/X68k-KeplerX-RTL/GreenPAK/fpga-writer/Eclipse/GreenPAKWriter_BSP\libhal_bsp.a(alt_exception_entry.o)
 *(.exceptions.exit.user)
 *(.exceptions.exit)
 .exceptions.exit
                0x00000000000200a8       0x54 c:/Users/ohnaka/work/github/X68k-KeplerX-RTL/GreenPAK/fpga-writer/Eclipse/GreenPAKWriter_BSP\libhal_bsp.a(alt_exception_entry.o)
 *(.exceptions)
 .exceptions    0x00000000000200fc       0xc8 c:/Users/ohnaka/work/github/X68k-KeplerX-RTL/GreenPAK/fpga-writer/Eclipse/GreenPAKWriter_BSP\libhal_bsp.a(alt_irq_handler.o)
                0x00000000000200fc                alt_irq_handler
 .exceptions    0x00000000000201c4       0x60 c:/Users/ohnaka/work/github/X68k-KeplerX-RTL/GreenPAK/fpga-writer/Eclipse/GreenPAKWriter_BSP\libhal_bsp.a(alt_instruction_exception_entry.o)
                0x00000000000201c4                alt_instruction_exception_entry
                0x0000000000020224                PROVIDE (__ram_exceptions_end = ABSOLUTE (.))
                0x0000000000020020                PROVIDE (__flash_exceptions_start = LOADADDR (.exceptions))

.text           0x0000000000020224     0x7644
                [!provide]                        PROVIDE (stext = ABSOLUTE (.))
 *(.interp)
 *(.hash)
 *(.dynsym)
 *(.dynstr)
 *(.gnu.version)
 *(.gnu.version_d)
 *(.gnu.version_r)
 *(.rel.init)
 *(.rela.init)
 *(.rel.text .rel.text.* .rel.gnu.linkonce.t.*)
 *(.rela.text .rela.text.* .rela.gnu.linkonce.t.*)
 *(.rel.fini)
 *(.rela.fini)
 *(.rel.rodata .rel.rodata.* .rel.gnu.linkonce.r.*)
 *(.rela.rodata .rela.rodata.* .rela.gnu.linkonce.r.*)
 *(.rel.data .rel.data.* .rel.gnu.linkonce.d.*)
 *(.rela.data .rela.data.* .rela.gnu.linkonce.d.*)
 *(.rel.tdata .rel.tdata.* .rel.gnu.linkonce.td.*)
 *(.rela.tdata .rela.tdata.* .rela.gnu.linkonce.td.*)
 *(.rel.tbss .rel.tbss.* .rel.gnu.linkonce.tb.*)
 *(.rela.tbss .rela.tbss.* .rela.gnu.linkonce.tb.*)
 *(.rel.ctors)
 *(.rela.ctors)
 *(.rel.dtors)
 *(.rela.dtors)
 *(.rel.got)
 *(.rela.got)
 *(.rel.sdata .rel.sdata.* .rel.gnu.linkonce.s.*)
 *(.rela.sdata .rela.sdata.* .rela.gnu.linkonce.s.*)
 *(.rel.sbss .rel.sbss.* .rel.gnu.linkonce.sb.*)
 *(.rela.sbss .rela.sbss.* .rela.gnu.linkonce.sb.*)
 *(.rel.sdata2 .rel.sdata2.* .rel.gnu.linkonce.s2.*)
 *(.rela.sdata2 .rela.sdata2.* .rela.gnu.linkonce.s2.*)
 *(.rel.sbss2 .rel.sbss2.* .rel.gnu.linkonce.sb2.*)
 *(.rela.sbss2 .rela.sbss2.* .rela.gnu.linkonce.sb2.*)
 *(.rel.bss .rel.bss.* .rel.gnu.linkonce.b.*)
 *(.rela.bss .rela.bss.* .rela.gnu.linkonce.b.*)
 *(.rel.plt)
 *(.rela.plt)
 *(.rel.dyn)
 *(.init)
 *(.plt)
 *(.text .stub .text.* .gnu.linkonce.t.*)
 .text          0x0000000000020224       0x3c c:/Users/ohnaka/work/github/X68k-KeplerX-RTL/GreenPAK/fpga-writer/Eclipse/GreenPAKWriter_BSP/obj/HAL/src/crt0.o
                0x0000000000020224                _start
 .text          0x0000000000020260     0x105c obj/default/main.o
                0x0000000000020260                wait_msec
                0x00000000000202c4                kxlog
                0x00000000000205ec                init
                0x00000000000207a4                read_gp_rom
                0x00000000000209d4                erase_gp_nvm
                0x0000000000020a00                erase_gp_eeprom
                0x0000000000020a2c                erase_gp_rom
                0x0000000000020a9c                erase_gp_rom_block
                0x0000000000020ba4                write_gp_rom
                0x0000000000020d9c                dump
                0x0000000000020e90                eeprom_write
                0x000000000002107c                nvm_write
                0x0000000000021140                main
 .text          0x00000000000212bc       0x28 c:/intelfpga_lite/21.1/nios2eds/bin/gnu/h-x86_64-mingw32/bin/../lib/gcc/nios2-elf/10.3.1/mno-hw-mul\libgcc.a(lib2-mul.o)
                0x00000000000212bc                __mulsi3
 .text          0x00000000000212e4        0x0 c:/intelfpga_lite/21.1/nios2eds/bin/gnu/h-x86_64-mingw32/bin/../lib/gcc/nios2-elf/10.3.1/../../../../../H-x86_64-mingw32/nios2-elf/lib/mno-hw-mul\libsmallc.a(lib_a-vsnprintf.o)
 .text._vsnprintf_r
                0x00000000000212e4       0xb4 c:/intelfpga_lite/21.1/nios2eds/bin/gnu/h-x86_64-mingw32/bin/../lib/gcc/nios2-elf/10.3.1/../../../../../H-x86_64-mingw32/nios2-elf/lib/mno-hw-mul\libsmallc.a(lib_a-vsnprintf.o)
                0x00000000000212e4                _vsnprintf_r
 .text.vsnprintf
                0x0000000000021398       0x30 c:/intelfpga_lite/21.1/nios2eds/bin/gnu/h-x86_64-mingw32/bin/../lib/gcc/nios2-elf/10.3.1/../../../../../H-x86_64-mingw32/nios2-elf/lib/mno-hw-mul\libsmallc.a(lib_a-vsnprintf.o)
                0x0000000000021398                vsnprintf
 .text          0x00000000000213c8        0x0 c:/intelfpga_lite/21.1/nios2eds/bin/gnu/h-x86_64-mingw32/bin/../lib/gcc/nios2-elf/10.3.1/../../../../../H-x86_64-mingw32/nios2-elf/lib/mno-hw-mul\libsmallc.a(lib_a-fvwrite_small_str.o)
 .text.__sfvwrite_small_str
                0x00000000000213c8       0x98 c:/intelfpga_lite/21.1/nios2eds/bin/gnu/h-x86_64-mingw32/bin/../lib/gcc/nios2-elf/10.3.1/../../../../../H-x86_64-mingw32/nios2-elf/lib/mno-hw-mul\libsmallc.a(lib_a-fvwrite_small_str.o)
                0x00000000000213c8                __sfvwrite_small_str
 .text          0x0000000000021460        0x0 c:/intelfpga_lite/21.1/nios2eds/bin/gnu/h-x86_64-mingw32/bin/../lib/gcc/nios2-elf/10.3.1/../../../../../H-x86_64-mingw32/nios2-elf/lib/mno-hw-mul\libsmallc.a(lib_a-impure.o)
 .text          0x0000000000021460        0x0 c:/intelfpga_lite/21.1/nios2eds/bin/gnu/h-x86_64-mingw32/bin/../lib/gcc/nios2-elf/10.3.1/../../../../../H-x86_64-mingw32/nios2-elf/lib/mno-hw-mul\libsmallc.a(lib_a-memmove.o)
 .text.memmove  0x0000000000021460       0x60 c:/intelfpga_lite/21.1/nios2eds/bin/gnu/h-x86_64-mingw32/bin/../lib/gcc/nios2-elf/10.3.1/../../../../../H-x86_64-mingw32/nios2-elf/lib/mno-hw-mul\libsmallc.a(lib_a-memmove.o)
                0x0000000000021460                memmove
 .text          0x00000000000214c0        0x0 c:/intelfpga_lite/21.1/nios2eds/bin/gnu/h-x86_64-mingw32/bin/../lib/gcc/nios2-elf/10.3.1/../../../../../H-x86_64-mingw32/nios2-elf/lib/mno-hw-mul\libsmallc.a(lib_a-svfprintf.o)
 .text.print_repeat
                0x00000000000214c0       0x6c c:/intelfpga_lite/21.1/nios2eds/bin/gnu/h-x86_64-mingw32/bin/../lib/gcc/nios2-elf/10.3.1/../../../../../H-x86_64-mingw32/nios2-elf/lib/mno-hw-mul\libsmallc.a(lib_a-svfprintf.o)
 .text.___svfprintf_internal_r
                0x000000000002152c      0x50c c:/intelfpga_lite/21.1/nios2eds/bin/gnu/h-x86_64-mingw32/bin/../lib/gcc/nios2-elf/10.3.1/../../../../../H-x86_64-mingw32/nios2-elf/lib/mno-hw-mul\libsmallc.a(lib_a-svfprintf.o)
                0x000000000002152c                ___svfprintf_internal_r
 .text.__vfprintf_internal_unused
                0x0000000000021a38       0x18 c:/intelfpga_lite/21.1/nios2eds/bin/gnu/h-x86_64-mingw32/bin/../lib/gcc/nios2-elf/10.3.1/../../../../../H-x86_64-mingw32/nios2-elf/lib/mno-hw-mul\libsmallc.a(lib_a-svfprintf.o)
                0x0000000000021a38                __vfprintf_internal_unused
 .text          0x0000000000021a50        0x0 c:/intelfpga_lite/21.1/nios2eds/bin/gnu/h-x86_64-mingw32/bin/../lib/gcc/nios2-elf/10.3.1/../../../../../H-x86_64-mingw32/nios2-elf/lib/mno-hw-mul\libsmallc.a(lib_a-strlen.o)
 .text.strlen   0x0000000000021a50       0x1c c:/intelfpga_lite/21.1/nios2eds/bin/gnu/h-x86_64-mingw32/bin/../lib/gcc/nios2-elf/10.3.1/../../../../../H-x86_64-mingw32/nios2-elf/lib/mno-hw-mul\libsmallc.a(lib_a-strlen.o)
                0x0000000000021a50                strlen
 .text          0x0000000000021a6c      0x1b4 c:/intelfpga_lite/21.1/nios2eds/bin/gnu/h-x86_64-mingw32/bin/../lib/gcc/nios2-elf/10.3.1/mno-hw-mul\libgcc.a(lib2-divmod.o)
                0x0000000000021a6c                __divsi3
                0x0000000000021aec                __modsi3
                0x0000000000021b60                __udivsi3
                0x0000000000021bc4                __umodsi3
 .text          0x0000000000021c20       0x20 c:/Users/ohnaka/work/github/X68k-KeplerX-RTL/GreenPAK/fpga-writer/Eclipse/GreenPAKWriter_BSP\libhal_bsp.a(alt_dcache_flush_all.o)
                0x0000000000021c20                alt_dcache_flush_all
 .text          0x0000000000021c40      0x1b0 c:/Users/ohnaka/work/github/X68k-KeplerX-RTL/GreenPAK/fpga-writer/Eclipse/GreenPAKWriter_BSP\libhal_bsp.a(alt_iic.o)
                0x0000000000021c40                alt_ic_isr_register
                0x0000000000021c90                alt_ic_irq_enable
                0x0000000000021d18                alt_ic_irq_disable
                0x0000000000021da4                alt_ic_irq_enabled
 .text          0x0000000000021df0       0xe8 c:/Users/ohnaka/work/github/X68k-KeplerX-RTL/GreenPAK/fpga-writer/Eclipse/GreenPAKWriter_BSP\libhal_bsp.a(alt_iic_isr_register.o)
                0x0000000000021df0                alt_iic_isr_register
 .text          0x0000000000021ed8        0x0 c:/Users/ohnaka/work/github/X68k-KeplerX-RTL/GreenPAK/fpga-writer/Eclipse/GreenPAKWriter_BSP\libhal_bsp.a(alt_irq_entry.o)
 .text          0x0000000000021ed8        0x0 c:/Users/ohnaka/work/github/X68k-KeplerX-RTL/GreenPAK/fpga-writer/Eclipse/GreenPAKWriter_BSP\libhal_bsp.a(alt_irq_handler.o)
 .text          0x0000000000021ed8        0x0 c:/Users/ohnaka/work/github/X68k-KeplerX-RTL/GreenPAK/fpga-writer/Eclipse/GreenPAKWriter_BSP\libhal_bsp.a(alt_irq_vars.o)
 .text          0x0000000000021ed8       0xec c:/Users/ohnaka/work/github/X68k-KeplerX-RTL/GreenPAK/fpga-writer/Eclipse/GreenPAKWriter_BSP\libhal_bsp.a(alt_load.o)
                0x0000000000021f40                alt_load
 .text          0x0000000000021fc4       0x7c c:/Users/ohnaka/work/github/X68k-KeplerX-RTL/GreenPAK/fpga-writer/Eclipse/GreenPAKWriter_BSP\libhal_bsp.a(alt_main.o)
                0x0000000000021fc4                alt_main
 .text          0x0000000000022040       0xdc c:/Users/ohnaka/work/github/X68k-KeplerX-RTL/GreenPAK/fpga-writer/Eclipse/GreenPAKWriter_BSP\libhal_bsp.a(alt_sys_init.o)
                0x0000000000022074                alt_irq_init
                0x00000000000220b0                alt_sys_init
 .text          0x000000000002211c      0x4f8 c:/Users/ohnaka/work/github/X68k-KeplerX-RTL/GreenPAK/fpga-writer/Eclipse/GreenPAKWriter_BSP\libhal_bsp.a(altera_avalon_fifo_util.o)
                0x000000000002211c                altera_avalon_fifo_init
                0x00000000000221b4                altera_avalon_fifo_read_status
                0x00000000000221f0                altera_avalon_fifo_read_ienable
                0x000000000002222c                altera_avalon_fifo_read_almostfull
                0x0000000000022258                altera_avalon_fifo_read_almostempty
                0x0000000000022284                altera_avalon_fifo_read_event
                0x00000000000222c0                altera_avalon_fifo_read_level
                0x00000000000222e8                altera_avalon_fifo_clear_event
                0x0000000000022348                altera_avalon_fifo_write_ienable
                0x00000000000223a0                altera_avalon_fifo_write_almostfull
                0x00000000000223f8                altera_avalon_fifo_write_almostempty
                0x0000000000022450                altera_avalon_fifo_write_fifo
                0x00000000000224a8                altera_avalon_read_fifo
                0x0000000000022514                altera_avalon_fifo_read_fifo
                0x0000000000022560                altera_avalon_fifo_write_other_info
                0x00000000000225c0                altera_avalon_fifo_read_other_info
                0x00000000000225ec                altera_avalon_fifo_read_backpressure
 .text          0x0000000000022614     0x1c2c c:/Users/ohnaka/work/github/X68k-KeplerX-RTL/GreenPAK/fpga-writer/Eclipse/GreenPAKWriter_BSP\libhal_bsp.a(altera_avalon_i2c.o)
                0x0000000000022724                alt_avalon_i2c_register_optional_irq_handler
                0x0000000000022814                alt_avalon_i2c_register_callback
                0x0000000000022868                alt_avalon_i2c_init
                0x0000000000022954                alt_avalon_i2c_open
                0x0000000000022994                alt_avalon_i2c_enable
                0x0000000000022a2c                alt_avalon_i2c_disable
                0x0000000000022a78                alt_avalon_i2c_master_config_get
                0x0000000000022b28                alt_avalon_i2c_master_config_set
                0x0000000000022bf4                alt_avalon_i2c_master_config_speed_get
                0x0000000000022c88                alt_avalon_i2c_master_config_speed_set
                0x0000000000022d84                alt_avalon_i2c_is_busy
                0x0000000000022dc8                alt_avalon_i2c_rx_read_available
                0x0000000000022e74                alt_avalon_i2c_rx_read
                0x0000000000022f1c                alt_avalon_i2c_cmd_write
                0x0000000000023008                alt_avalon_i2c_send_address
                0x00000000000230f8                alt_avalon_i2c_master_target_get
                0x0000000000023130                alt_avalon_i2c_master_target_set
                0x0000000000023164                alt_avalon_i2c_check_nack
                0x00000000000231b0                alt_avalon_i2c_check_arblost
                0x00000000000231fc                alt_avalon_i2c_interrupt_transaction_status
                0x0000000000023338                alt_avalon_i2c_master_tx
                0x0000000000023420                alt_avalon_i2c_master_rx
                0x000000000002355c                alt_avalon_i2c_master_tx_rx
                0x0000000000023724                alt_avalon_i2c_master_transmit
                0x00000000000238e4                alt_avalon_i2c_master_transmit_using_interrupts
                0x0000000000023af0                alt_avalon_i2c_master_receive
                0x0000000000023d00                alt_avalon_i2c_master_receive_using_interrupts
                0x0000000000023ef0                alt_avalon_i2c_int_status_get
                0x0000000000023f48                alt_avalon_i2c_int_raw_status_get
                0x0000000000023f8c                alt_avalon_i2c_int_clear
                0x0000000000023fc8                alt_avalon_i2c_int_disable
                0x0000000000024034                alt_avalon_i2c_int_enable
                0x000000000002409c                alt_avalon_i2c_enabled_ints_get
                0x00000000000240e0                alt_avalon_i2c_rx_fifo_threshold_get
                0x000000000002412c                alt_avalon_i2c_rx_fifo_threshold_set
                0x0000000000024190                alt_avalon_i2c_tfr_cmd_fifo_threshold_get
                0x00000000000241dc                alt_avalon_i2c_tfr_cmd_fifo_threshold_set
 .text          0x0000000000024240       0xc0 c:/Users/ohnaka/work/github/X68k-KeplerX-RTL/GreenPAK/fpga-writer/Eclipse/GreenPAKWriter_BSP\libhal_bsp.a(altera_avalon_jtag_uart_fd.o)
                0x0000000000024240                altera_avalon_jtag_uart_read_fd
                0x00000000000242a0                altera_avalon_jtag_uart_write_fd
 .text          0x0000000000024300       0xec c:/Users/ohnaka/work/github/X68k-KeplerX-RTL/GreenPAK/fpga-writer/Eclipse/GreenPAKWriter_BSP\libhal_bsp.a(altera_avalon_jtag_uart_read.o)
                0x0000000000024300                altera_avalon_jtag_uart_read
 .text          0x00000000000243ec       0x94 c:/Users/ohnaka/work/github/X68k-KeplerX-RTL/GreenPAK/fpga-writer/Eclipse/GreenPAKWriter_BSP\libhal_bsp.a(altera_avalon_jtag_uart_write.o)
                0x00000000000243ec                altera_avalon_jtag_uart_write
 .text          0x0000000000024480     0x1fd8 c:/Users/ohnaka/work/github/X68k-KeplerX-RTL/GreenPAK/fpga-writer/Eclipse/GreenPAKWriter_BSP\libhal_bsp.a(altera_msgdma.o)
                0x0000000000025048                alt_msgdma_construct_standard_st_to_mm_descriptor
                0x00000000000250a0                alt_msgdma_construct_standard_mm_to_st_descriptor
                0x00000000000250f8                alt_msgdma_construct_standard_mm_to_mm_descriptor
                0x0000000000025150                alt_msgdma_construct_extended_st_to_mm_descriptor
                0x00000000000251e0                alt_msgdma_construct_extended_mm_to_st_descriptor
                0x0000000000025270                alt_msgdma_construct_extended_mm_to_mm_descriptor
                0x0000000000025550                alt_msgdma_construct_prefetcher_standard_mm_to_mm_descriptor
                0x00000000000255a8                alt_msgdma_construct_prefetcher_standard_st_to_mm_descriptor
                0x0000000000025600                alt_msgdma_construct_prefetcher_standard_mm_to_st_descriptor
                0x0000000000025658                alt_msgdma_construct_prefetcher_extended_st_to_mm_descriptor
                0x00000000000256f8                alt_msgdma_construct_prefetcher_extended_mm_to_st_descriptor
                0x0000000000025790                alt_msgdma_construct_prefetcher_extended_mm_to_mm_descriptor
                0x0000000000025848                alt_msgdma_prefetcher_add_standard_desc_to_list
                0x0000000000025938                alt_msgdma_prefetcher_add_extended_desc_to_list
                0x0000000000025ad0                alt_msgdma_prefetcher_set_std_list_own_by_hw_bits
                0x0000000000025be0                alt_msgdma_prefetcher_set_extd_list_own_by_hw_bits
                0x0000000000025d2c                alt_msgdma_start_prefetcher_with_list_addr
                0x0000000000025ff4                alt_msgdma_start_prefetcher_with_std_desc_list
                0x00000000000260a4                alt_msgdma_start_prefetcher_with_extd_desc_list
                0x0000000000026154                alt_msgdma_open
                0x00000000000261ac                alt_msgdma_init
                0x0000000000026314                alt_msgdma_register_callback
                0x0000000000026368                alt_msgdma_standard_descriptor_async_transfer
                0x00000000000263a4                alt_msgdma_extended_descriptor_async_transfer
                0x00000000000263e0                alt_msgdma_standard_descriptor_sync_transfer
                0x000000000002641c                alt_msgdma_extended_descriptor_sync_transfer
 .text          0x0000000000026458      0x158 c:/Users/ohnaka/work/github/X68k-KeplerX-RTL/GreenPAK/fpga-writer/Eclipse/GreenPAKWriter_BSP\libhal_bsp.a(alt_busy_sleep.o)
                0x0000000000026458                alt_busy_sleep
 .text          0x00000000000265b0      0x118 c:/Users/ohnaka/work/github/X68k-KeplerX-RTL/GreenPAK/fpga-writer/Eclipse/GreenPAKWriter_BSP\libhal_bsp.a(alt_close.o)
                0x00000000000265ec                close
 .text          0x00000000000266c8       0x28 c:/Users/ohnaka/work/github/X68k-KeplerX-RTL/GreenPAK/fpga-writer/Eclipse/GreenPAKWriter_BSP\libhal_bsp.a(alt_dcache_flush.o)
                0x00000000000266c8                alt_dcache_flush
 .text          0x00000000000266f0       0x2c c:/Users/ohnaka/work/github/X68k-KeplerX-RTL/GreenPAK/fpga-writer/Eclipse/GreenPAKWriter_BSP\libhal_bsp.a(alt_dev.o)
 .text          0x000000000002671c       0xe4 c:/Users/ohnaka/work/github/X68k-KeplerX-RTL/GreenPAK/fpga-writer/Eclipse/GreenPAKWriter_BSP\libhal_bsp.a(alt_dev_llist_insert.o)
                0x0000000000026758                alt_dev_llist_insert
 .text          0x0000000000026800       0x64 c:/Users/ohnaka/work/github/X68k-KeplerX-RTL/GreenPAK/fpga-writer/Eclipse/GreenPAKWriter_BSP\libhal_bsp.a(alt_do_ctors.o)
                0x0000000000026800                _do_ctors
 .text          0x0000000000026864       0x64 c:/Users/ohnaka/work/github/X68k-KeplerX-RTL/GreenPAK/fpga-writer/Eclipse/GreenPAKWriter_BSP\libhal_bsp.a(alt_do_dtors.o)
                0x0000000000026864                _do_dtors
 .text          0x00000000000268c8        0x0 c:/Users/ohnaka/work/github/X68k-KeplerX-RTL/GreenPAK/fpga-writer/Eclipse/GreenPAKWriter_BSP\libhal_bsp.a(alt_errno.o)
 .text          0x00000000000268c8        0x0 c:/Users/ohnaka/work/github/X68k-KeplerX-RTL/GreenPAK/fpga-writer/Eclipse/GreenPAKWriter_BSP\libhal_bsp.a(alt_exception_entry.o)
 .text          0x00000000000268c8       0x90 c:/Users/ohnaka/work/github/X68k-KeplerX-RTL/GreenPAK/fpga-writer/Eclipse/GreenPAKWriter_BSP\libhal_bsp.a(alt_find_dev.o)
                0x00000000000268c8                alt_find_dev
 .text          0x0000000000026958       0x20 c:/Users/ohnaka/work/github/X68k-KeplerX-RTL/GreenPAK/fpga-writer/Eclipse/GreenPAKWriter_BSP\libhal_bsp.a(alt_icache_flush_all.o)
                0x0000000000026958                alt_icache_flush_all
 .text          0x0000000000026978       0x98 c:/Users/ohnaka/work/github/X68k-KeplerX-RTL/GreenPAK/fpga-writer/Eclipse/GreenPAKWriter_BSP\libhal_bsp.a(alt_instruction_exception_entry.o)
                0x0000000000026978                alt_exception_cause_generated_bad_addr
 .text          0x0000000000026a10      0x150 c:/Users/ohnaka/work/github/X68k-KeplerX-RTL/GreenPAK/fpga-writer/Eclipse/GreenPAKWriter_BSP\libhal_bsp.a(alt_io_redirect.o)
                0x0000000000026ae4                alt_io_redirect
 .text          0x0000000000026b60      0x278 c:/Users/ohnaka/work/github/X68k-KeplerX-RTL/GreenPAK/fpga-writer/Eclipse/GreenPAKWriter_BSP\libhal_bsp.a(alt_open.o)
                0x0000000000026c78                open
 .text          0x0000000000026dd8      0x22c c:/Users/ohnaka/work/github/X68k-KeplerX-RTL/GreenPAK/fpga-writer/Eclipse/GreenPAKWriter_BSP\libhal_bsp.a(alt_printf.o)
                0x0000000000026dd8                alt_printf
 .text          0x0000000000027004       0x30 c:/Users/ohnaka/work/github/X68k-KeplerX-RTL/GreenPAK/fpga-writer/Eclipse/GreenPAKWriter_BSP\libhal_bsp.a(alt_putchar.o)
                0x0000000000027004                alt_putchar
 .text          0x0000000000027034       0x70 c:/Users/ohnaka/work/github/X68k-KeplerX-RTL/GreenPAK/fpga-writer/Eclipse/GreenPAKWriter_BSP\libhal_bsp.a(alt_release_fd.o)
                0x0000000000027034                alt_release_fd
 .text          0x00000000000270a4       0x24 c:/Users/ohnaka/work/github/X68k-KeplerX-RTL/GreenPAK/fpga-writer/Eclipse/GreenPAKWriter_BSP\libhal_bsp.a(altera_nios2_gen2_irq.o)
                0x00000000000270a4                altera_nios2_gen2_irq_init
 .text          0x00000000000270c8      0x108 c:/Users/ohnaka/work/github/X68k-KeplerX-RTL/GreenPAK/fpga-writer/Eclipse/GreenPAKWriter_BSP\libhal_bsp.a(alt_find_file.o)
                0x00000000000270c8                alt_find_file
 .text          0x00000000000271d0       0xb8 c:/Users/ohnaka/work/github/X68k-KeplerX-RTL/GreenPAK/fpga-writer/Eclipse/GreenPAKWriter_BSP\libhal_bsp.a(alt_get_fd.o)
                0x00000000000271d0                alt_get_fd
 .text          0x0000000000027288        0x0 c:/intelfpga_lite/21.1/nios2eds/bin/gnu/h-x86_64-mingw32/bin/../lib/gcc/nios2-elf/10.3.1/../../../../../H-x86_64-mingw32/nios2-elf/lib/mno-hw-mul\libsmallc.a(lib_a-atexit.o)
 .text.atexit   0x0000000000027288       0x14 c:/intelfpga_lite/21.1/nios2eds/bin/gnu/h-x86_64-mingw32/bin/../lib/gcc/nios2-elf/10.3.1/../../../../../H-x86_64-mingw32/nios2-elf/lib/mno-hw-mul\libsmallc.a(lib_a-atexit.o)
                0x0000000000027288                atexit
 .text          0x000000000002729c        0x0 c:/intelfpga_lite/21.1/nios2eds/bin/gnu/h-x86_64-mingw32/bin/../lib/gcc/nios2-elf/10.3.1/../../../../../H-x86_64-mingw32/nios2-elf/lib/mno-hw-mul\libsmallc.a(lib_a-exit.o)
 .text.exit     0x000000000002729c       0x20 c:/intelfpga_lite/21.1/nios2eds/bin/gnu/h-x86_64-mingw32/bin/../lib/gcc/nios2-elf/10.3.1/../../../../../H-x86_64-mingw32/nios2-elf/lib/mno-hw-mul\libsmallc.a(lib_a-exit.o)
                0x000000000002729c                exit
 .text          0x00000000000272bc        0x0 c:/intelfpga_lite/21.1/nios2eds/bin/gnu/h-x86_64-mingw32/bin/../lib/gcc/nios2-elf/10.3.1/../../../../../H-x86_64-mingw32/nios2-elf/lib/mno-hw-mul\libsmallc.a(lib_a-int_errno.o)
 .text          0x00000000000272bc        0x0 c:/intelfpga_lite/21.1/nios2eds/bin/gnu/h-x86_64-mingw32/bin/../lib/gcc/nios2-elf/10.3.1/../../../../../H-x86_64-mingw32/nios2-elf/lib/mno-hw-mul\libsmallc.a(lib_a-memcmp.o)
 .text.memcmp   0x00000000000272bc       0x30 c:/intelfpga_lite/21.1/nios2eds/bin/gnu/h-x86_64-mingw32/bin/../lib/gcc/nios2-elf/10.3.1/../../../../../H-x86_64-mingw32/nios2-elf/lib/mno-hw-mul\libsmallc.a(lib_a-memcmp.o)
                0x00000000000272bc                memcmp
 .text          0x00000000000272ec        0x0 c:/intelfpga_lite/21.1/nios2eds/bin/gnu/h-x86_64-mingw32/bin/../lib/gcc/nios2-elf/10.3.1/../../../../../H-x86_64-mingw32/nios2-elf/lib/mno-hw-mul\libsmallc.a(lib_a-putchar.o)
 .text._putchar_r
                0x00000000000272ec        0x8 c:/intelfpga_lite/21.1/nios2eds/bin/gnu/h-x86_64-mingw32/bin/../lib/gcc/nios2-elf/10.3.1/../../../../../H-x86_64-mingw32/nios2-elf/lib/mno-hw-mul\libsmallc.a(lib_a-putchar.o)
                0x00000000000272ec                _putchar_r
 .text.putchar  0x00000000000272f4       0x18 c:/intelfpga_lite/21.1/nios2eds/bin/gnu/h-x86_64-mingw32/bin/../lib/gcc/nios2-elf/10.3.1/../../../../../H-x86_64-mingw32/nios2-elf/lib/mno-hw-mul\libsmallc.a(lib_a-putchar.o)
                0x00000000000272f4                putchar
 .text          0x000000000002730c        0x0 c:/intelfpga_lite/21.1/nios2eds/bin/gnu/h-x86_64-mingw32/bin/../lib/gcc/nios2-elf/10.3.1/../../../../../H-x86_64-mingw32/nios2-elf/lib/mno-hw-mul\libsmallc.a(lib_a-__atexit.o)
 .text.__register_exitproc
                0x000000000002730c      0x11c c:/intelfpga_lite/21.1/nios2eds/bin/gnu/h-x86_64-mingw32/bin/../lib/gcc/nios2-elf/10.3.1/../../../../../H-x86_64-mingw32/nios2-elf/lib/mno-hw-mul\libsmallc.a(lib_a-__atexit.o)
                0x000000000002730c                __register_exitproc
 .text          0x0000000000027428        0x0 c:/intelfpga_lite/21.1/nios2eds/bin/gnu/h-x86_64-mingw32/bin/../lib/gcc/nios2-elf/10.3.1/../../../../../H-x86_64-mingw32/nios2-elf/lib/mno-hw-mul\libsmallc.a(lib_a-__call_atexit.o)
 .text.__call_exitprocs
                0x0000000000027428      0x12c c:/intelfpga_lite/21.1/nios2eds/bin/gnu/h-x86_64-mingw32/bin/../lib/gcc/nios2-elf/10.3.1/../../../../../H-x86_64-mingw32/nios2-elf/lib/mno-hw-mul\libsmallc.a(lib_a-__call_atexit.o)
                0x0000000000027428                __call_exitprocs
 .text          0x0000000000027554        0x0 c:/intelfpga_lite/21.1/nios2eds/bin/gnu/h-x86_64-mingw32/bin/../lib/gcc/nios2-elf/10.3.1/../../../../../H-x86_64-mingw32/nios2-elf/lib/mno-hw-mul\libsmallc.a(lib_a-putc.o)
 .text.putc     0x0000000000027554       0x50 c:/intelfpga_lite/21.1/nios2eds/bin/gnu/h-x86_64-mingw32/bin/../lib/gcc/nios2-elf/10.3.1/../../../../../H-x86_64-mingw32/nios2-elf/lib/mno-hw-mul\libsmallc.a(lib_a-putc.o)
                0x0000000000027554                putc
 .text._putc_r  0x00000000000275a4       0x54 c:/intelfpga_lite/21.1/nios2eds/bin/gnu/h-x86_64-mingw32/bin/../lib/gcc/nios2-elf/10.3.1/../../../../../H-x86_64-mingw32/nios2-elf/lib/mno-hw-mul\libsmallc.a(lib_a-putc.o)
                0x00000000000275a4                _putc_r
 .text          0x00000000000275f8        0x0 c:/intelfpga_lite/21.1/nios2eds/bin/gnu/h-x86_64-mingw32/bin/../lib/gcc/nios2-elf/10.3.1/../../../../../H-x86_64-mingw32/nios2-elf/lib/mno-hw-mul\libsmallc.a(lib_a-fvwrite_small_dev.o)
 .text.__sfvwrite_small_dev
                0x00000000000275f8       0xa8 c:/intelfpga_lite/21.1/nios2eds/bin/gnu/h-x86_64-mingw32/bin/../lib/gcc/nios2-elf/10.3.1/../../../../../H-x86_64-mingw32/nios2-elf/lib/mno-hw-mul\libsmallc.a(lib_a-fvwrite_small_dev.o)
                0x00000000000275f8                __sfvwrite_small_dev
 .text          0x00000000000276a0        0x0 c:/intelfpga_lite/21.1/nios2eds/bin/gnu/h-x86_64-mingw32/bin/../lib/gcc/nios2-elf/10.3.1/../../../../../H-x86_64-mingw32/nios2-elf/lib/mno-hw-mul\libsmallc.a(lib_a-writer.o)
 .text._write_r
                0x00000000000276a0       0x50 c:/intelfpga_lite/21.1/nios2eds/bin/gnu/h-x86_64-mingw32/bin/../lib/gcc/nios2-elf/10.3.1/../../../../../H-x86_64-mingw32/nios2-elf/lib/mno-hw-mul\libsmallc.a(lib_a-writer.o)
                0x00000000000276a0                _write_r
 .text          0x00000000000276f0       0x38 c:/Users/ohnaka/work/github/X68k-KeplerX-RTL/GreenPAK/fpga-writer/Eclipse/GreenPAKWriter_BSP\libhal_bsp.a(alt_exit.o)
                0x00000000000276f0                _exit
 .text          0x0000000000027728      0x140 c:/Users/ohnaka/work/github/X68k-KeplerX-RTL/GreenPAK/fpga-writer/Eclipse/GreenPAKWriter_BSP\libhal_bsp.a(alt_write.o)
                0x0000000000027764                write
 *(.gnu.warning.*)
 *(.fini)
                [!provide]                        PROVIDE (__etext = ABSOLUTE (.))
                [!provide]                        PROVIDE (_etext = ABSOLUTE (.))
                [!provide]                        PROVIDE (etext = ABSOLUTE (.))
 *(.eh_frame_hdr)
                0x0000000000027868                . = ALIGN (0x4)
                [!provide]                        PROVIDE (__preinit_array_start = ABSOLUTE (.))
 *(.preinit_array)
                [!provide]                        PROVIDE (__preinit_array_end = ABSOLUTE (.))
                [!provide]                        PROVIDE (__init_array_start = ABSOLUTE (.))
 *(.init_array)
                [!provide]                        PROVIDE (__init_array_end = ABSOLUTE (.))
                [!provide]                        PROVIDE (__fini_array_start = ABSOLUTE (.))
 *(.fini_array)
                [!provide]                        PROVIDE (__fini_array_end = ABSOLUTE (.))
 *(.eh_frame)
 *(.gcc_except_table .gcc_except_table.*)
 *(.dynamic)
                0x0000000000027868                PROVIDE (__CTOR_LIST__ = ABSOLUTE (.))
 *(.ctors)
 *(SORT_BY_NAME(.ctors.*))
                0x0000000000027868                PROVIDE (__CTOR_END__ = ABSOLUTE (.))
                0x0000000000027868                PROVIDE (__DTOR_LIST__ = ABSOLUTE (.))
 *(.dtors)
 *(SORT_BY_NAME(.dtors.*))
                0x0000000000027868                PROVIDE (__DTOR_END__ = ABSOLUTE (.))
 *(.jcr)
                0x0000000000027868                . = ALIGN (0x4)

.rodata         0x0000000000027868      0x418
                0x0000000000027868                PROVIDE (__ram_rodata_start = ABSOLUTE (.))
                0x0000000000027868                . = ALIGN (0x4)
 *(.rodata .rodata.* .gnu.linkonce.r.*)
 .rodata        0x0000000000027868      0x1a4 obj/default/main.o
 .rodata        0x0000000000027a0c        0xf c:/Users/ohnaka/work/github/X68k-KeplerX-RTL/GreenPAK/fpga-writer/Eclipse/GreenPAKWriter_BSP\libhal_bsp.a(alt_main.o)
 *fill*         0x0000000000027a1b        0x1 
 .rodata        0x0000000000027a1c       0x48 c:/Users/ohnaka/work/github/X68k-KeplerX-RTL/GreenPAK/fpga-writer/Eclipse/GreenPAKWriter_BSP\libhal_bsp.a(alt_sys_init.o)
 .rodata        0x0000000000027a64       0x1d c:/Users/ohnaka/work/github/X68k-KeplerX-RTL/GreenPAK/fpga-writer/Eclipse/GreenPAKWriter_BSP\libhal_bsp.a(altera_avalon_i2c.o)
 *fill*         0x0000000000027a81        0x3 
 .rodata        0x0000000000027a84      0x1ed c:/Users/ohnaka/work/github/X68k-KeplerX-RTL/GreenPAK/fpga-writer/Eclipse/GreenPAKWriter_BSP\libhal_bsp.a(altera_msgdma.o)
 *fill*         0x0000000000027c71        0x3 
 .rodata        0x0000000000027c74        0xa c:/Users/ohnaka/work/github/X68k-KeplerX-RTL/GreenPAK/fpga-writer/Eclipse/GreenPAKWriter_BSP\libhal_bsp.a(alt_dev.o)
 *(.rodata1)
                0x0000000000027c80                . = ALIGN (0x4)
 *fill*         0x0000000000027c7e        0x2 
                0x0000000000027c80                PROVIDE (__ram_rodata_end = ABSOLUTE (.))
                0x0000000000027868                PROVIDE (__flash_rodata_start = LOADADDR (.rodata))

.rwdata         0x0000000000027c80      0x3ec load address 0x000000000002806c
                0x0000000000027c80                PROVIDE (__ram_rwdata_start = ABSOLUTE (.))
                0x0000000000027c80                . = ALIGN (0x4)
 *(.got.plt)
 *(.got)
 *(.data1)
 *(.data .data.* .gnu.linkonce.d.*)
 .data          0x0000000000027c80        0x0 c:/Users/ohnaka/work/github/X68k-KeplerX-RTL/GreenPAK/fpga-writer/Eclipse/GreenPAKWriter_BSP/obj/HAL/src/crt0.o
 .data          0x0000000000027c80       0x4a obj/default/main.o
                0x0000000000027c80                rd_cmd
                0x0000000000027ca6                wr_cmd
 .data          0x0000000000027cca        0x0 c:/intelfpga_lite/21.1/nios2eds/bin/gnu/h-x86_64-mingw32/bin/../lib/gcc/nios2-elf/10.3.1/mno-hw-mul\libgcc.a(lib2-mul.o)
 .data          0x0000000000027cca        0x0 c:/intelfpga_lite/21.1/nios2eds/bin/gnu/h-x86_64-mingw32/bin/../lib/gcc/nios2-elf/10.3.1/../../../../../H-x86_64-mingw32/nios2-elf/lib/mno-hw-mul\libsmallc.a(lib_a-vsnprintf.o)
 .data          0x0000000000027cca        0x0 c:/intelfpga_lite/21.1/nios2eds/bin/gnu/h-x86_64-mingw32/bin/../lib/gcc/nios2-elf/10.3.1/../../../../../H-x86_64-mingw32/nios2-elf/lib/mno-hw-mul\libsmallc.a(lib_a-fvwrite_small_str.o)
 .data          0x0000000000027cca        0x0 c:/intelfpga_lite/21.1/nios2eds/bin/gnu/h-x86_64-mingw32/bin/../lib/gcc/nios2-elf/10.3.1/../../../../../H-x86_64-mingw32/nios2-elf/lib/mno-hw-mul\libsmallc.a(lib_a-impure.o)
 *fill*         0x0000000000027cca        0x2 
 .data.impure_data
                0x0000000000027ccc       0xe4 c:/intelfpga_lite/21.1/nios2eds/bin/gnu/h-x86_64-mingw32/bin/../lib/gcc/nios2-elf/10.3.1/../../../../../H-x86_64-mingw32/nios2-elf/lib/mno-hw-mul\libsmallc.a(lib_a-impure.o)
 .data          0x0000000000027db0        0x0 c:/intelfpga_lite/21.1/nios2eds/bin/gnu/h-x86_64-mingw32/bin/../lib/gcc/nios2-elf/10.3.1/../../../../../H-x86_64-mingw32/nios2-elf/lib/mno-hw-mul\libsmallc.a(lib_a-memmove.o)
 .data          0x0000000000027db0        0x0 c:/intelfpga_lite/21.1/nios2eds/bin/gnu/h-x86_64-mingw32/bin/../lib/gcc/nios2-elf/10.3.1/../../../../../H-x86_64-mingw32/nios2-elf/lib/mno-hw-mul\libsmallc.a(lib_a-svfprintf.o)
 .data          0x0000000000027db0        0x0 c:/intelfpga_lite/21.1/nios2eds/bin/gnu/h-x86_64-mingw32/bin/../lib/gcc/nios2-elf/10.3.1/../../../../../H-x86_64-mingw32/nios2-elf/lib/mno-hw-mul\libsmallc.a(lib_a-strlen.o)
 .data          0x0000000000027db0        0x0 c:/intelfpga_lite/21.1/nios2eds/bin/gnu/h-x86_64-mingw32/bin/../lib/gcc/nios2-elf/10.3.1/mno-hw-mul\libgcc.a(lib2-divmod.o)
 .data          0x0000000000027db0        0x0 c:/Users/ohnaka/work/github/X68k-KeplerX-RTL/GreenPAK/fpga-writer/Eclipse/GreenPAKWriter_BSP\libhal_bsp.a(alt_dcache_flush_all.o)
 .data          0x0000000000027db0        0x0 c:/Users/ohnaka/work/github/X68k-KeplerX-RTL/GreenPAK/fpga-writer/Eclipse/GreenPAKWriter_BSP\libhal_bsp.a(alt_iic.o)
 .data          0x0000000000027db0        0x0 c:/Users/ohnaka/work/github/X68k-KeplerX-RTL/GreenPAK/fpga-writer/Eclipse/GreenPAKWriter_BSP\libhal_bsp.a(alt_iic_isr_register.o)
 .data          0x0000000000027db0        0x0 c:/Users/ohnaka/work/github/X68k-KeplerX-RTL/GreenPAK/fpga-writer/Eclipse/GreenPAKWriter_BSP\libhal_bsp.a(alt_irq_entry.o)
 .data          0x0000000000027db0        0x0 c:/Users/ohnaka/work/github/X68k-KeplerX-RTL/GreenPAK/fpga-writer/Eclipse/GreenPAKWriter_BSP\libhal_bsp.a(alt_irq_handler.o)
 .data          0x0000000000027db0        0x0 c:/Users/ohnaka/work/github/X68k-KeplerX-RTL/GreenPAK/fpga-writer/Eclipse/GreenPAKWriter_BSP\libhal_bsp.a(alt_irq_vars.o)
 .data          0x0000000000027db0        0x0 c:/Users/ohnaka/work/github/X68k-KeplerX-RTL/GreenPAK/fpga-writer/Eclipse/GreenPAKWriter_BSP\libhal_bsp.a(alt_load.o)
 .data          0x0000000000027db0        0x0 c:/Users/ohnaka/work/github/X68k-KeplerX-RTL/GreenPAK/fpga-writer/Eclipse/GreenPAKWriter_BSP\libhal_bsp.a(alt_main.o)
 .data          0x0000000000027db0       0xd0 c:/Users/ohnaka/work/github/X68k-KeplerX-RTL/GreenPAK/fpga-writer/Eclipse/GreenPAKWriter_BSP\libhal_bsp.a(alt_sys_init.o)
 .data          0x0000000000027e80        0x0 c:/Users/ohnaka/work/github/X68k-KeplerX-RTL/GreenPAK/fpga-writer/Eclipse/GreenPAKWriter_BSP\libhal_bsp.a(altera_avalon_fifo_util.o)
 .data          0x0000000000027e80        0x0 c:/Users/ohnaka/work/github/X68k-KeplerX-RTL/GreenPAK/fpga-writer/Eclipse/GreenPAKWriter_BSP\libhal_bsp.a(altera_avalon_i2c.o)
 .data          0x0000000000027e80        0x0 c:/Users/ohnaka/work/github/X68k-KeplerX-RTL/GreenPAK/fpga-writer/Eclipse/GreenPAKWriter_BSP\libhal_bsp.a(altera_avalon_jtag_uart_fd.o)
 .data          0x0000000000027e80        0x0 c:/Users/ohnaka/work/github/X68k-KeplerX-RTL/GreenPAK/fpga-writer/Eclipse/GreenPAKWriter_BSP\libhal_bsp.a(altera_avalon_jtag_uart_read.o)
 .data          0x0000000000027e80        0x0 c:/Users/ohnaka/work/github/X68k-KeplerX-RTL/GreenPAK/fpga-writer/Eclipse/GreenPAKWriter_BSP\libhal_bsp.a(altera_avalon_jtag_uart_write.o)
 .data          0x0000000000027e80        0x0 c:/Users/ohnaka/work/github/X68k-KeplerX-RTL/GreenPAK/fpga-writer/Eclipse/GreenPAKWriter_BSP\libhal_bsp.a(altera_msgdma.o)
 .data          0x0000000000027e80        0x0 c:/Users/ohnaka/work/github/X68k-KeplerX-RTL/GreenPAK/fpga-writer/Eclipse/GreenPAKWriter_BSP\libhal_bsp.a(alt_busy_sleep.o)
 .data          0x0000000000027e80        0x0 c:/Users/ohnaka/work/github/X68k-KeplerX-RTL/GreenPAK/fpga-writer/Eclipse/GreenPAKWriter_BSP\libhal_bsp.a(alt_close.o)
 .data          0x0000000000027e80        0x0 c:/Users/ohnaka/work/github/X68k-KeplerX-RTL/GreenPAK/fpga-writer/Eclipse/GreenPAKWriter_BSP\libhal_bsp.a(alt_dcache_flush.o)
 .data          0x0000000000027e80      0x1a8 c:/Users/ohnaka/work/github/X68k-KeplerX-RTL/GreenPAK/fpga-writer/Eclipse/GreenPAKWriter_BSP\libhal_bsp.a(alt_dev.o)
                0x0000000000027e80                alt_dev_null
                0x0000000000027ea8                alt_fd_list
 .data          0x0000000000028028        0x0 c:/Users/ohnaka/work/github/X68k-KeplerX-RTL/GreenPAK/fpga-writer/Eclipse/GreenPAKWriter_BSP\libhal_bsp.a(alt_dev_llist_insert.o)
 .data          0x0000000000028028        0x0 c:/Users/ohnaka/work/github/X68k-KeplerX-RTL/GreenPAK/fpga-writer/Eclipse/GreenPAKWriter_BSP\libhal_bsp.a(alt_do_ctors.o)
 .data          0x0000000000028028        0x0 c:/Users/ohnaka/work/github/X68k-KeplerX-RTL/GreenPAK/fpga-writer/Eclipse/GreenPAKWriter_BSP\libhal_bsp.a(alt_do_dtors.o)
 .data          0x0000000000028028        0x0 c:/Users/ohnaka/work/github/X68k-KeplerX-RTL/GreenPAK/fpga-writer/Eclipse/GreenPAKWriter_BSP\libhal_bsp.a(alt_errno.o)
 .data          0x0000000000028028        0x0 c:/Users/ohnaka/work/github/X68k-KeplerX-RTL/GreenPAK/fpga-writer/Eclipse/GreenPAKWriter_BSP\libhal_bsp.a(alt_exception_entry.o)
 .data          0x0000000000028028        0x0 c:/Users/ohnaka/work/github/X68k-KeplerX-RTL/GreenPAK/fpga-writer/Eclipse/GreenPAKWriter_BSP\libhal_bsp.a(alt_find_dev.o)
 .data          0x0000000000028028        0x0 c:/Users/ohnaka/work/github/X68k-KeplerX-RTL/GreenPAK/fpga-writer/Eclipse/GreenPAKWriter_BSP\libhal_bsp.a(alt_icache_flush_all.o)
 .data          0x0000000000028028        0x0 c:/Users/ohnaka/work/github/X68k-KeplerX-RTL/GreenPAK/fpga-writer/Eclipse/GreenPAKWriter_BSP\libhal_bsp.a(alt_instruction_exception_entry.o)
 .data          0x0000000000028028        0x0 c:/Users/ohnaka/work/github/X68k-KeplerX-RTL/GreenPAK/fpga-writer/Eclipse/GreenPAKWriter_BSP\libhal_bsp.a(alt_io_redirect.o)
 .data          0x0000000000028028        0x0 c:/Users/ohnaka/work/github/X68k-KeplerX-RTL/GreenPAK/fpga-writer/Eclipse/GreenPAKWriter_BSP\libhal_bsp.a(alt_open.o)
 .data          0x0000000000028028        0x0 c:/Users/ohnaka/work/github/X68k-KeplerX-RTL/GreenPAK/fpga-writer/Eclipse/GreenPAKWriter_BSP\libhal_bsp.a(alt_printf.o)
 .data          0x0000000000028028        0x0 c:/Users/ohnaka/work/github/X68k-KeplerX-RTL/GreenPAK/fpga-writer/Eclipse/GreenPAKWriter_BSP\libhal_bsp.a(alt_putchar.o)
 .data          0x0000000000028028        0x0 c:/Users/ohnaka/work/github/X68k-KeplerX-RTL/GreenPAK/fpga-writer/Eclipse/GreenPAKWriter_BSP\libhal_bsp.a(alt_release_fd.o)
 .data          0x0000000000028028        0x0 c:/Users/ohnaka/work/github/X68k-KeplerX-RTL/GreenPAK/fpga-writer/Eclipse/GreenPAKWriter_BSP\libhal_bsp.a(altera_nios2_gen2_irq.o)
 .data          0x0000000000028028        0x0 c:/Users/ohnaka/work/github/X68k-KeplerX-RTL/GreenPAK/fpga-writer/Eclipse/GreenPAKWriter_BSP\libhal_bsp.a(alt_find_file.o)
 .data          0x0000000000028028        0x0 c:/Users/ohnaka/work/github/X68k-KeplerX-RTL/GreenPAK/fpga-writer/Eclipse/GreenPAKWriter_BSP\libhal_bsp.a(alt_get_fd.o)
 .data          0x0000000000028028        0x0 c:/intelfpga_lite/21.1/nios2eds/bin/gnu/h-x86_64-mingw32/bin/../lib/gcc/nios2-elf/10.3.1/../../../../../H-x86_64-mingw32/nios2-elf/lib/mno-hw-mul\libsmallc.a(lib_a-atexit.o)
 .data          0x0000000000028028        0x0 c:/intelfpga_lite/21.1/nios2eds/bin/gnu/h-x86_64-mingw32/bin/../lib/gcc/nios2-elf/10.3.1/../../../../../H-x86_64-mingw32/nios2-elf/lib/mno-hw-mul\libsmallc.a(lib_a-exit.o)
 .data          0x0000000000028028        0x0 c:/intelfpga_lite/21.1/nios2eds/bin/gnu/h-x86_64-mingw32/bin/../lib/gcc/nios2-elf/10.3.1/../../../../../H-x86_64-mingw32/nios2-elf/lib/mno-hw-mul\libsmallc.a(lib_a-int_errno.o)
 .data          0x0000000000028028        0x0 c:/intelfpga_lite/21.1/nios2eds/bin/gnu/h-x86_64-mingw32/bin/../lib/gcc/nios2-elf/10.3.1/../../../../../H-x86_64-mingw32/nios2-elf/lib/mno-hw-mul\libsmallc.a(lib_a-memcmp.o)
 .data          0x0000000000028028        0x0 c:/intelfpga_lite/21.1/nios2eds/bin/gnu/h-x86_64-mingw32/bin/../lib/gcc/nios2-elf/10.3.1/../../../../../H-x86_64-mingw32/nios2-elf/lib/mno-hw-mul\libsmallc.a(lib_a-putchar.o)
 .data          0x0000000000028028        0x0 c:/intelfpga_lite/21.1/nios2eds/bin/gnu/h-x86_64-mingw32/bin/../lib/gcc/nios2-elf/10.3.1/../../../../../H-x86_64-mingw32/nios2-elf/lib/mno-hw-mul\libsmallc.a(lib_a-__atexit.o)
 .data          0x0000000000028028        0x0 c:/intelfpga_lite/21.1/nios2eds/bin/gnu/h-x86_64-mingw32/bin/../lib/gcc/nios2-elf/10.3.1/../../../../../H-x86_64-mingw32/nios2-elf/lib/mno-hw-mul\libsmallc.a(lib_a-__call_atexit.o)
 .data          0x0000000000028028        0x0 c:/intelfpga_lite/21.1/nios2eds/bin/gnu/h-x86_64-mingw32/bin/../lib/gcc/nios2-elf/10.3.1/../../../../../H-x86_64-mingw32/nios2-elf/lib/mno-hw-mul\libsmallc.a(lib_a-putc.o)
 .data          0x0000000000028028        0x0 c:/intelfpga_lite/21.1/nios2eds/bin/gnu/h-x86_64-mingw32/bin/../lib/gcc/nios2-elf/10.3.1/../../../../../H-x86_64-mingw32/nios2-elf/lib/mno-hw-mul\libsmallc.a(lib_a-fvwrite_small_dev.o)
 .data          0x0000000000028028        0x0 c:/intelfpga_lite/21.1/nios2eds/bin/gnu/h-x86_64-mingw32/bin/../lib/gcc/nios2-elf/10.3.1/../../../../../H-x86_64-mingw32/nios2-elf/lib/mno-hw-mul\libsmallc.a(lib_a-writer.o)
 .data          0x0000000000028028        0x0 c:/Users/ohnaka/work/github/X68k-KeplerX-RTL/GreenPAK/fpga-writer/Eclipse/GreenPAKWriter_BSP\libhal_bsp.a(alt_exit.o)
 .data          0x0000000000028028        0x0 c:/Users/ohnaka/work/github/X68k-KeplerX-RTL/GreenPAK/fpga-writer/Eclipse/GreenPAKWriter_BSP\libhal_bsp.a(alt_write.o)
                0x0000000000030028                _gp = ABSOLUTE ((. + 0x8000))
                [!provide]                        PROVIDE (gp = _gp)
 *(.rwdata .rwdata.*)
 *(.sdata .sdata.* .gnu.linkonce.s.*)
 .sdata         0x0000000000028028        0xe obj/default/main.o
                0x0000000000028028                textram
                0x000000000002802c                nvm_rom
                0x0000000000028030                er_cmd
 *fill*         0x0000000000028036        0x2 
 .sdata._global_impure_ptr
                0x0000000000028038        0x4 c:/intelfpga_lite/21.1/nios2eds/bin/gnu/h-x86_64-mingw32/bin/../lib/gcc/nios2-elf/10.3.1/../../../../../H-x86_64-mingw32/nios2-elf/lib/mno-hw-mul\libsmallc.a(lib_a-impure.o)
                0x0000000000028038                _global_impure_ptr
 .sdata._impure_ptr
                0x000000000002803c        0x4 c:/intelfpga_lite/21.1/nios2eds/bin/gnu/h-x86_64-mingw32/bin/../lib/gcc/nios2-elf/10.3.1/../../../../../H-x86_64-mingw32/nios2-elf/lib/mno-hw-mul\libsmallc.a(lib_a-impure.o)
                0x000000000002803c                _impure_ptr
 .sdata         0x0000000000028040        0x4 c:/Users/ohnaka/work/github/X68k-KeplerX-RTL/GreenPAK/fpga-writer/Eclipse/GreenPAKWriter_BSP\libhal_bsp.a(alt_irq_vars.o)
                0x0000000000028040                alt_priority_mask
 .sdata         0x0000000000028044        0x8 c:/Users/ohnaka/work/github/X68k-KeplerX-RTL/GreenPAK/fpga-writer/Eclipse/GreenPAKWriter_BSP\libhal_bsp.a(altera_avalon_i2c.o)
                0x0000000000028044                alt_avalon_i2c_list
 .sdata         0x000000000002804c        0x8 c:/Users/ohnaka/work/github/X68k-KeplerX-RTL/GreenPAK/fpga-writer/Eclipse/GreenPAKWriter_BSP\libhal_bsp.a(altera_msgdma.o)
                0x000000000002804c                alt_msgdma_list
 .sdata         0x0000000000028054       0x14 c:/Users/ohnaka/work/github/X68k-KeplerX-RTL/GreenPAK/fpga-writer/Eclipse/GreenPAKWriter_BSP\libhal_bsp.a(alt_dev.o)
                0x0000000000028054                alt_fs_list
                0x000000000002805c                alt_dev_list
                0x0000000000028064                alt_max_fd
 .sdata         0x0000000000028068        0x4 c:/Users/ohnaka/work/github/X68k-KeplerX-RTL/GreenPAK/fpga-writer/Eclipse/GreenPAKWriter_BSP\libhal_bsp.a(alt_errno.o)
                0x0000000000028068                alt_errno
 *(.sdata2 .sdata2.* .gnu.linkonce.s2.*)
                0x000000000002806c                . = ALIGN (0x4)
                0x000000000002806c                _edata = ABSOLUTE (.)
                [!provide]                        PROVIDE (edata = ABSOLUTE (.))
                0x000000000002806c                PROVIDE (__ram_rwdata_end = ABSOLUTE (.))
                0x000000000002806c                PROVIDE (__flash_rwdata_start = LOADADDR (.rwdata))

.bss            0x0000000000028458      0x2e8
                0x0000000000028458                __bss_start = ABSOLUTE (.)
                [!provide]                        PROVIDE (__sbss_start = ABSOLUTE (.))
                [!provide]                        PROVIDE (___sbss_start = ABSOLUTE (.))
 *(.dynsbss)
 *(.sbss .sbss.* .gnu.linkonce.sb.*)
 .sbss          0x0000000000028458       0x20 obj/default/main.o
                0x0000000000028458                stop
                0x000000000002845c                vgatext_cur_x
                0x0000000000028460                vgatext_cur_y
                0x0000000000028464                tx_dma
                0x0000000000028468                dma_status
                0x000000000002846c                i2c_dev
                0x0000000000028470                i2c_status
                0x0000000000028474                fifo_status
 .sbss          0x0000000000028478        0x4 c:/Users/ohnaka/work/github/X68k-KeplerX-RTL/GreenPAK/fpga-writer/Eclipse/GreenPAKWriter_BSP\libhal_bsp.a(alt_irq_vars.o)
                0x0000000000028478                alt_irq_active
 .sbss          0x000000000002847c        0xc c:/Users/ohnaka/work/github/X68k-KeplerX-RTL/GreenPAK/fpga-writer/Eclipse/GreenPAKWriter_BSP\libhal_bsp.a(alt_main.o)
                0x000000000002847c                alt_argc
                0x0000000000028480                alt_argv
                0x0000000000028484                alt_envp
 .sbss          0x0000000000028488        0x4 c:/Users/ohnaka/work/github/X68k-KeplerX-RTL/GreenPAK/fpga-writer/Eclipse/GreenPAKWriter_BSP\libhal_bsp.a(alt_instruction_exception_entry.o)
                0x0000000000028488                alt_instruction_exception_handler
 .sbss.errno    0x000000000002848c        0x4 c:/intelfpga_lite/21.1/nios2eds/bin/gnu/h-x86_64-mingw32/bin/../lib/gcc/nios2-elf/10.3.1/../../../../../H-x86_64-mingw32/nios2-elf/lib/mno-hw-mul\libsmallc.a(lib_a-int_errno.o)
                0x000000000002848c                errno
 *(.sbss2 .sbss2.* .gnu.linkonce.sb2.*)
 *(.scommon)
                [!provide]                        PROVIDE (__sbss_end = ABSOLUTE (.))
                [!provide]                        PROVIDE (___sbss_end = ABSOLUTE (.))
 *(.dynbss)
 *(.bss .bss.* .gnu.linkonce.b.*)
 .bss           0x0000000000028490        0x0 c:/Users/ohnaka/work/github/X68k-KeplerX-RTL/GreenPAK/fpga-writer/Eclipse/GreenPAKWriter_BSP/obj/HAL/src/crt0.o
 .bss           0x0000000000028490      0x1b0 obj/default/main.o
                0x0000000000028490                kxlog_buffer
                0x0000000000028510                wr_desc
                0x0000000000028520                rd_desc
                0x0000000000028530                er_desc
                0x0000000000028540                rom_buffer
 .bss           0x0000000000028640        0x0 c:/intelfpga_lite/21.1/nios2eds/bin/gnu/h-x86_64-mingw32/bin/../lib/gcc/nios2-elf/10.3.1/mno-hw-mul\libgcc.a(lib2-mul.o)
 .bss           0x0000000000028640        0x0 c:/intelfpga_lite/21.1/nios2eds/bin/gnu/h-x86_64-mingw32/bin/../lib/gcc/nios2-elf/10.3.1/../../../../../H-x86_64-mingw32/nios2-elf/lib/mno-hw-mul\libsmallc.a(lib_a-vsnprintf.o)
 .bss           0x0000000000028640        0x0 c:/intelfpga_lite/21.1/nios2eds/bin/gnu/h-x86_64-mingw32/bin/../lib/gcc/nios2-elf/10.3.1/../../../../../H-x86_64-mingw32/nios2-elf/lib/mno-hw-mul\libsmallc.a(lib_a-fvwrite_small_str.o)
 .bss           0x0000000000028640        0x0 c:/intelfpga_lite/21.1/nios2eds/bin/gnu/h-x86_64-mingw32/bin/../lib/gcc/nios2-elf/10.3.1/../../../../../H-x86_64-mingw32/nios2-elf/lib/mno-hw-mul\libsmallc.a(lib_a-impure.o)
 .bss           0x0000000000028640        0x0 c:/intelfpga_lite/21.1/nios2eds/bin/gnu/h-x86_64-mingw32/bin/../lib/gcc/nios2-elf/10.3.1/../../../../../H-x86_64-mingw32/nios2-elf/lib/mno-hw-mul\libsmallc.a(lib_a-memmove.o)
 .bss           0x0000000000028640        0x0 c:/intelfpga_lite/21.1/nios2eds/bin/gnu/h-x86_64-mingw32/bin/../lib/gcc/nios2-elf/10.3.1/../../../../../H-x86_64-mingw32/nios2-elf/lib/mno-hw-mul\libsmallc.a(lib_a-svfprintf.o)
 .bss           0x0000000000028640        0x0 c:/intelfpga_lite/21.1/nios2eds/bin/gnu/h-x86_64-mingw32/bin/../lib/gcc/nios2-elf/10.3.1/../../../../../H-x86_64-mingw32/nios2-elf/lib/mno-hw-mul\libsmallc.a(lib_a-strlen.o)
 .bss           0x0000000000028640        0x0 c:/intelfpga_lite/21.1/nios2eds/bin/gnu/h-x86_64-mingw32/bin/../lib/gcc/nios2-elf/10.3.1/mno-hw-mul\libgcc.a(lib2-divmod.o)
 .bss           0x0000000000028640        0x0 c:/Users/ohnaka/work/github/X68k-KeplerX-RTL/GreenPAK/fpga-writer/Eclipse/GreenPAKWriter_BSP\libhal_bsp.a(alt_dcache_flush_all.o)
 .bss           0x0000000000028640        0x0 c:/Users/ohnaka/work/github/X68k-KeplerX-RTL/GreenPAK/fpga-writer/Eclipse/GreenPAKWriter_BSP\libhal_bsp.a(alt_iic.o)
 .bss           0x0000000000028640        0x0 c:/Users/ohnaka/work/github/X68k-KeplerX-RTL/GreenPAK/fpga-writer/Eclipse/GreenPAKWriter_BSP\libhal_bsp.a(alt_iic_isr_register.o)
 .bss           0x0000000000028640        0x0 c:/Users/ohnaka/work/github/X68k-KeplerX-RTL/GreenPAK/fpga-writer/Eclipse/GreenPAKWriter_BSP\libhal_bsp.a(alt_irq_entry.o)
 .bss           0x0000000000028640      0x100 c:/Users/ohnaka/work/github/X68k-KeplerX-RTL/GreenPAK/fpga-writer/Eclipse/GreenPAKWriter_BSP\libhal_bsp.a(alt_irq_handler.o)
                0x0000000000028640                alt_irq
 .bss           0x0000000000028740        0x0 c:/Users/ohnaka/work/github/X68k-KeplerX-RTL/GreenPAK/fpga-writer/Eclipse/GreenPAKWriter_BSP\libhal_bsp.a(alt_irq_vars.o)
 .bss           0x0000000000028740        0x0 c:/Users/ohnaka/work/github/X68k-KeplerX-RTL/GreenPAK/fpga-writer/Eclipse/GreenPAKWriter_BSP\libhal_bsp.a(alt_load.o)
 .bss           0x0000000000028740        0x0 c:/Users/ohnaka/work/github/X68k-KeplerX-RTL/GreenPAK/fpga-writer/Eclipse/GreenPAKWriter_BSP\libhal_bsp.a(alt_main.o)
 .bss           0x0000000000028740        0x0 c:/Users/ohnaka/work/github/X68k-KeplerX-RTL/GreenPAK/fpga-writer/Eclipse/GreenPAKWriter_BSP\libhal_bsp.a(alt_sys_init.o)
 .bss           0x0000000000028740        0x0 c:/Users/ohnaka/work/github/X68k-KeplerX-RTL/GreenPAK/fpga-writer/Eclipse/GreenPAKWriter_BSP\libhal_bsp.a(altera_avalon_fifo_util.o)
 .bss           0x0000000000028740        0x0 c:/Users/ohnaka/work/github/X68k-KeplerX-RTL/GreenPAK/fpga-writer/Eclipse/GreenPAKWriter_BSP\libhal_bsp.a(altera_avalon_i2c.o)
 .bss           0x0000000000028740        0x0 c:/Users/ohnaka/work/github/X68k-KeplerX-RTL/GreenPAK/fpga-writer/Eclipse/GreenPAKWriter_BSP\libhal_bsp.a(altera_avalon_jtag_uart_fd.o)
 .bss           0x0000000000028740        0x0 c:/Users/ohnaka/work/github/X68k-KeplerX-RTL/GreenPAK/fpga-writer/Eclipse/GreenPAKWriter_BSP\libhal_bsp.a(altera_avalon_jtag_uart_read.o)
 .bss           0x0000000000028740        0x0 c:/Users/ohnaka/work/github/X68k-KeplerX-RTL/GreenPAK/fpga-writer/Eclipse/GreenPAKWriter_BSP\libhal_bsp.a(altera_avalon_jtag_uart_write.o)
 .bss           0x0000000000028740        0x0 c:/Users/ohnaka/work/github/X68k-KeplerX-RTL/GreenPAK/fpga-writer/Eclipse/GreenPAKWriter_BSP\libhal_bsp.a(altera_msgdma.o)
 .bss           0x0000000000028740        0x0 c:/Users/ohnaka/work/github/X68k-KeplerX-RTL/GreenPAK/fpga-writer/Eclipse/GreenPAKWriter_BSP\libhal_bsp.a(alt_busy_sleep.o)
 .bss           0x0000000000028740        0x0 c:/Users/ohnaka/work/github/X68k-KeplerX-RTL/GreenPAK/fpga-writer/Eclipse/GreenPAKWriter_BSP\libhal_bsp.a(alt_close.o)
 .bss           0x0000000000028740        0x0 c:/Users/ohnaka/work/github/X68k-KeplerX-RTL/GreenPAK/fpga-writer/Eclipse/GreenPAKWriter_BSP\libhal_bsp.a(alt_dcache_flush.o)
 .bss           0x0000000000028740        0x0 c:/Users/ohnaka/work/github/X68k-KeplerX-RTL/GreenPAK/fpga-writer/Eclipse/GreenPAKWriter_BSP\libhal_bsp.a(alt_dev.o)
 .bss           0x0000000000028740        0x0 c:/Users/ohnaka/work/github/X68k-KeplerX-RTL/GreenPAK/fpga-writer/Eclipse/GreenPAKWriter_BSP\libhal_bsp.a(alt_dev_llist_insert.o)
 .bss           0x0000000000028740        0x0 c:/Users/ohnaka/work/github/X68k-KeplerX-RTL/GreenPAK/fpga-writer/Eclipse/GreenPAKWriter_BSP\libhal_bsp.a(alt_do_ctors.o)
 .bss           0x0000000000028740        0x0 c:/Users/ohnaka/work/github/X68k-KeplerX-RTL/GreenPAK/fpga-writer/Eclipse/GreenPAKWriter_BSP\libhal_bsp.a(alt_do_dtors.o)
 .bss           0x0000000000028740        0x0 c:/Users/ohnaka/work/github/X68k-KeplerX-RTL/GreenPAK/fpga-writer/Eclipse/GreenPAKWriter_BSP\libhal_bsp.a(alt_errno.o)
 .bss           0x0000000000028740        0x0 c:/Users/ohnaka/work/github/X68k-KeplerX-RTL/GreenPAK/fpga-writer/Eclipse/GreenPAKWriter_BSP\libhal_bsp.a(alt_exception_entry.o)
 .bss           0x0000000000028740        0x0 c:/Users/ohnaka/work/github/X68k-KeplerX-RTL/GreenPAK/fpga-writer/Eclipse/GreenPAKWriter_BSP\libhal_bsp.a(alt_find_dev.o)
 .bss           0x0000000000028740        0x0 c:/Users/ohnaka/work/github/X68k-KeplerX-RTL/GreenPAK/fpga-writer/Eclipse/GreenPAKWriter_BSP\libhal_bsp.a(alt_icache_flush_all.o)
 .bss           0x0000000000028740        0x0 c:/Users/ohnaka/work/github/X68k-KeplerX-RTL/GreenPAK/fpga-writer/Eclipse/GreenPAKWriter_BSP\libhal_bsp.a(alt_instruction_exception_entry.o)
 .bss           0x0000000000028740        0x0 c:/Users/ohnaka/work/github/X68k-KeplerX-RTL/GreenPAK/fpga-writer/Eclipse/GreenPAKWriter_BSP\libhal_bsp.a(alt_io_redirect.o)
 .bss           0x0000000000028740        0x0 c:/Users/ohnaka/work/github/X68k-KeplerX-RTL/GreenPAK/fpga-writer/Eclipse/GreenPAKWriter_BSP\libhal_bsp.a(alt_open.o)
 .bss           0x0000000000028740        0x0 c:/Users/ohnaka/work/github/X68k-KeplerX-RTL/GreenPAK/fpga-writer/Eclipse/GreenPAKWriter_BSP\libhal_bsp.a(alt_printf.o)
 .bss           0x0000000000028740        0x0 c:/Users/ohnaka/work/github/X68k-KeplerX-RTL/GreenPAK/fpga-writer/Eclipse/GreenPAKWriter_BSP\libhal_bsp.a(alt_putchar.o)
 .bss           0x0000000000028740        0x0 c:/Users/ohnaka/work/github/X68k-KeplerX-RTL/GreenPAK/fpga-writer/Eclipse/GreenPAKWriter_BSP\libhal_bsp.a(alt_release_fd.o)
 .bss           0x0000000000028740        0x0 c:/Users/ohnaka/work/github/X68k-KeplerX-RTL/GreenPAK/fpga-writer/Eclipse/GreenPAKWriter_BSP\libhal_bsp.a(altera_nios2_gen2_irq.o)
 .bss           0x0000000000028740        0x0 c:/Users/ohnaka/work/github/X68k-KeplerX-RTL/GreenPAK/fpga-writer/Eclipse/GreenPAKWriter_BSP\libhal_bsp.a(alt_find_file.o)
 .bss           0x0000000000028740        0x0 c:/Users/ohnaka/work/github/X68k-KeplerX-RTL/GreenPAK/fpga-writer/Eclipse/GreenPAKWriter_BSP\libhal_bsp.a(alt_get_fd.o)
 .bss           0x0000000000028740        0x0 c:/intelfpga_lite/21.1/nios2eds/bin/gnu/h-x86_64-mingw32/bin/../lib/gcc/nios2-elf/10.3.1/../../../../../H-x86_64-mingw32/nios2-elf/lib/mno-hw-mul\libsmallc.a(lib_a-atexit.o)
 .bss           0x0000000000028740        0x0 c:/intelfpga_lite/21.1/nios2eds/bin/gnu/h-x86_64-mingw32/bin/../lib/gcc/nios2-elf/10.3.1/../../../../../H-x86_64-mingw32/nios2-elf/lib/mno-hw-mul\libsmallc.a(lib_a-exit.o)
 .bss           0x0000000000028740        0x0 c:/intelfpga_lite/21.1/nios2eds/bin/gnu/h-x86_64-mingw32/bin/../lib/gcc/nios2-elf/10.3.1/../../../../../H-x86_64-mingw32/nios2-elf/lib/mno-hw-mul\libsmallc.a(lib_a-int_errno.o)
 .bss           0x0000000000028740        0x0 c:/intelfpga_lite/21.1/nios2eds/bin/gnu/h-x86_64-mingw32/bin/../lib/gcc/nios2-elf/10.3.1/../../../../../H-x86_64-mingw32/nios2-elf/lib/mno-hw-mul\libsmallc.a(lib_a-memcmp.o)
 .bss           0x0000000000028740        0x0 c:/intelfpga_lite/21.1/nios2eds/bin/gnu/h-x86_64-mingw32/bin/../lib/gcc/nios2-elf/10.3.1/../../../../../H-x86_64-mingw32/nios2-elf/lib/mno-hw-mul\libsmallc.a(lib_a-putchar.o)
 .bss           0x0000000000028740        0x0 c:/intelfpga_lite/21.1/nios2eds/bin/gnu/h-x86_64-mingw32/bin/../lib/gcc/nios2-elf/10.3.1/../../../../../H-x86_64-mingw32/nios2-elf/lib/mno-hw-mul\libsmallc.a(lib_a-__atexit.o)
 .bss           0x0000000000028740        0x0 c:/intelfpga_lite/21.1/nios2eds/bin/gnu/h-x86_64-mingw32/bin/../lib/gcc/nios2-elf/10.3.1/../../../../../H-x86_64-mingw32/nios2-elf/lib/mno-hw-mul\libsmallc.a(lib_a-__call_atexit.o)
 .bss           0x0000000000028740        0x0 c:/intelfpga_lite/21.1/nios2eds/bin/gnu/h-x86_64-mingw32/bin/../lib/gcc/nios2-elf/10.3.1/../../../../../H-x86_64-mingw32/nios2-elf/lib/mno-hw-mul\libsmallc.a(lib_a-putc.o)
 .bss           0x0000000000028740        0x0 c:/intelfpga_lite/21.1/nios2eds/bin/gnu/h-x86_64-mingw32/bin/../lib/gcc/nios2-elf/10.3.1/../../../../../H-x86_64-mingw32/nios2-elf/lib/mno-hw-mul\libsmallc.a(lib_a-fvwrite_small_dev.o)
 .bss           0x0000000000028740        0x0 c:/intelfpga_lite/21.1/nios2eds/bin/gnu/h-x86_64-mingw32/bin/../lib/gcc/nios2-elf/10.3.1/../../../../../H-x86_64-mingw32/nios2-elf/lib/mno-hw-mul\libsmallc.a(lib_a-writer.o)
 .bss           0x0000000000028740        0x0 c:/Users/ohnaka/work/github/X68k-KeplerX-RTL/GreenPAK/fpga-writer/Eclipse/GreenPAKWriter_BSP\libhal_bsp.a(alt_exit.o)
 .bss           0x0000000000028740        0x0 c:/Users/ohnaka/work/github/X68k-KeplerX-RTL/GreenPAK/fpga-writer/Eclipse/GreenPAKWriter_BSP\libhal_bsp.a(alt_write.o)
 *(COMMON)
                0x0000000000028740                . = ALIGN (0x4)
                0x0000000000028740                __bss_end = ABSOLUTE (.)

.onchip_memory  0x0000000000028740        0x0
                [!provide]                        PROVIDE (_alt_partition_onchip_memory_start = ABSOLUTE (.))
 *(.onchip_memory .onchip_memory. onchip_memory.*)
                0x0000000000028740                . = ALIGN (0x4)
                [!provide]                        PROVIDE (_alt_partition_onchip_memory_end = ABSOLUTE (.))
                0x0000000000028740                _end = ABSOLUTE (.)
                0x0000000000028740                end = ABSOLUTE (.)
                0x0000000000028740                __alt_stack_base = ABSOLUTE (.)
                [!provide]                        PROVIDE (_alt_partition_onchip_memory_load_addr = LOADADDR (.onchip_memory))

.textram        0x0000000000050000        0x0 load address 0x0000000000028740
                [!provide]                        PROVIDE (_alt_partition_textram_start = ABSOLUTE (.))
 *(.textram .textram. textram.*)
                0x0000000000050000                . = ALIGN (0x4)
                [!provide]                        PROVIDE (_alt_partition_textram_end = ABSOLUTE (.))
                [!provide]                        PROVIDE (_alt_partition_textram_load_addr = LOADADDR (.textram))

.onchip_NVM_ROM
                0x0000000000060000        0x0 load address 0x0000000000028740
                [!provide]                        PROVIDE (_alt_partition_onchip_NVM_ROM_start = ABSOLUTE (.))
 *(.onchip_NVM_ROM .onchip_NVM_ROM. onchip_NVM_ROM.*)
                0x0000000000060000                . = ALIGN (0x4)
                [!provide]                        PROVIDE (_alt_partition_onchip_NVM_ROM_end = ABSOLUTE (.))
                [!provide]                        PROVIDE (_alt_partition_onchip_NVM_ROM_load_addr = LOADADDR (.onchip_NVM_ROM))

.stab
 *(.stab)

.stabstr
 *(.stabstr)

.stab.excl
 *(.stab.excl)

.stab.exclstr
 *(.stab.exclstr)

.stab.index
 *(.stab.index)

.stab.indexstr
 *(.stab.indexstr)

.comment        0x0000000000000000       0x2d
 *(.comment)
 .comment       0x0000000000000000       0x2d obj/default/main.o
                                         0x2e (size before relaxing)
 .comment       0x000000000000002d       0x2e c:/intelfpga_lite/21.1/nios2eds/bin/gnu/h-x86_64-mingw32/bin/../lib/gcc/nios2-elf/10.3.1/mno-hw-mul\libgcc.a(lib2-mul.o)
 .comment       0x000000000000002d       0x2e c:/intelfpga_lite/21.1/nios2eds/bin/gnu/h-x86_64-mingw32/bin/../lib/gcc/nios2-elf/10.3.1/../../../../../H-x86_64-mingw32/nios2-elf/lib/mno-hw-mul\libsmallc.a(lib_a-vsnprintf.o)
 .comment       0x000000000000002d       0x2e c:/intelfpga_lite/21.1/nios2eds/bin/gnu/h-x86_64-mingw32/bin/../lib/gcc/nios2-elf/10.3.1/../../../../../H-x86_64-mingw32/nios2-elf/lib/mno-hw-mul\libsmallc.a(lib_a-fvwrite_small_str.o)
 .comment       0x000000000000002d       0x2e c:/intelfpga_lite/21.1/nios2eds/bin/gnu/h-x86_64-mingw32/bin/../lib/gcc/nios2-elf/10.3.1/../../../../../H-x86_64-mingw32/nios2-elf/lib/mno-hw-mul\libsmallc.a(lib_a-impure.o)
 .comment       0x000000000000002d       0x2e c:/intelfpga_lite/21.1/nios2eds/bin/gnu/h-x86_64-mingw32/bin/../lib/gcc/nios2-elf/10.3.1/../../../../../H-x86_64-mingw32/nios2-elf/lib/mno-hw-mul\libsmallc.a(lib_a-memmove.o)
 .comment       0x000000000000002d       0x2e c:/intelfpga_lite/21.1/nios2eds/bin/gnu/h-x86_64-mingw32/bin/../lib/gcc/nios2-elf/10.3.1/../../../../../H-x86_64-mingw32/nios2-elf/lib/mno-hw-mul\libsmallc.a(lib_a-svfprintf.o)
 .comment       0x000000000000002d       0x2e c:/intelfpga_lite/21.1/nios2eds/bin/gnu/h-x86_64-mingw32/bin/../lib/gcc/nios2-elf/10.3.1/../../../../../H-x86_64-mingw32/nios2-elf/lib/mno-hw-mul\libsmallc.a(lib_a-strlen.o)
 .comment       0x000000000000002d       0x2e c:/intelfpga_lite/21.1/nios2eds/bin/gnu/h-x86_64-mingw32/bin/../lib/gcc/nios2-elf/10.3.1/mno-hw-mul\libgcc.a(lib2-divmod.o)
 .comment       0x000000000000002d       0x2e c:/Users/ohnaka/work/github/X68k-KeplerX-RTL/GreenPAK/fpga-writer/Eclipse/GreenPAKWriter_BSP\libhal_bsp.a(alt_dcache_flush_all.o)
 .comment       0x000000000000002d       0x2e c:/Users/ohnaka/work/github/X68k-KeplerX-RTL/GreenPAK/fpga-writer/Eclipse/GreenPAKWriter_BSP\libhal_bsp.a(alt_iic.o)
 .comment       0x000000000000002d       0x2e c:/Users/ohnaka/work/github/X68k-KeplerX-RTL/GreenPAK/fpga-writer/Eclipse/GreenPAKWriter_BSP\libhal_bsp.a(alt_iic_isr_register.o)
 .comment       0x000000000000002d       0x2e c:/Users/ohnaka/work/github/X68k-KeplerX-RTL/GreenPAK/fpga-writer/Eclipse/GreenPAKWriter_BSP\libhal_bsp.a(alt_irq_handler.o)
 .comment       0x000000000000002d       0x2e c:/Users/ohnaka/work/github/X68k-KeplerX-RTL/GreenPAK/fpga-writer/Eclipse/GreenPAKWriter_BSP\libhal_bsp.a(alt_irq_vars.o)
 .comment       0x000000000000002d       0x2e c:/Users/ohnaka/work/github/X68k-KeplerX-RTL/GreenPAK/fpga-writer/Eclipse/GreenPAKWriter_BSP\libhal_bsp.a(alt_load.o)
 .comment       0x000000000000002d       0x2e c:/Users/ohnaka/work/github/X68k-KeplerX-RTL/GreenPAK/fpga-writer/Eclipse/GreenPAKWriter_BSP\libhal_bsp.a(alt_main.o)
 .comment       0x000000000000002d       0x2e c:/Users/ohnaka/work/github/X68k-KeplerX-RTL/GreenPAK/fpga-writer/Eclipse/GreenPAKWriter_BSP\libhal_bsp.a(alt_sys_init.o)
 .comment       0x000000000000002d       0x2e c:/Users/ohnaka/work/github/X68k-KeplerX-RTL/GreenPAK/fpga-writer/Eclipse/GreenPAKWriter_BSP\libhal_bsp.a(altera_avalon_fifo_util.o)
 .comment       0x000000000000002d       0x2e c:/Users/ohnaka/work/github/X68k-KeplerX-RTL/GreenPAK/fpga-writer/Eclipse/GreenPAKWriter_BSP\libhal_bsp.a(altera_avalon_i2c.o)
 .comment       0x000000000000002d       0x2e c:/Users/ohnaka/work/github/X68k-KeplerX-RTL/GreenPAK/fpga-writer/Eclipse/GreenPAKWriter_BSP\libhal_bsp.a(altera_avalon_jtag_uart_fd.o)
 .comment       0x000000000000002d       0x2e c:/Users/ohnaka/work/github/X68k-KeplerX-RTL/GreenPAK/fpga-writer/Eclipse/GreenPAKWriter_BSP\libhal_bsp.a(altera_avalon_jtag_uart_read.o)
 .comment       0x000000000000002d       0x2e c:/Users/ohnaka/work/github/X68k-KeplerX-RTL/GreenPAK/fpga-writer/Eclipse/GreenPAKWriter_BSP\libhal_bsp.a(altera_avalon_jtag_uart_write.o)
 .comment       0x000000000000002d       0x2e c:/Users/ohnaka/work/github/X68k-KeplerX-RTL/GreenPAK/fpga-writer/Eclipse/GreenPAKWriter_BSP\libhal_bsp.a(altera_msgdma.o)
 .comment       0x000000000000002d       0x2e c:/Users/ohnaka/work/github/X68k-KeplerX-RTL/GreenPAK/fpga-writer/Eclipse/GreenPAKWriter_BSP\libhal_bsp.a(alt_busy_sleep.o)
 .comment       0x000000000000002d       0x2e c:/Users/ohnaka/work/github/X68k-KeplerX-RTL/GreenPAK/fpga-writer/Eclipse/GreenPAKWriter_BSP\libhal_bsp.a(alt_close.o)
 .comment       0x000000000000002d       0x2e c:/Users/ohnaka/work/github/X68k-KeplerX-RTL/GreenPAK/fpga-writer/Eclipse/GreenPAKWriter_BSP\libhal_bsp.a(alt_dcache_flush.o)
 .comment       0x000000000000002d       0x2e c:/Users/ohnaka/work/github/X68k-KeplerX-RTL/GreenPAK/fpga-writer/Eclipse/GreenPAKWriter_BSP\libhal_bsp.a(alt_dev.o)
 .comment       0x000000000000002d       0x2e c:/Users/ohnaka/work/github/X68k-KeplerX-RTL/GreenPAK/fpga-writer/Eclipse/GreenPAKWriter_BSP\libhal_bsp.a(alt_dev_llist_insert.o)
 .comment       0x000000000000002d       0x2e c:/Users/ohnaka/work/github/X68k-KeplerX-RTL/GreenPAK/fpga-writer/Eclipse/GreenPAKWriter_BSP\libhal_bsp.a(alt_do_ctors.o)
 .comment       0x000000000000002d       0x2e c:/Users/ohnaka/work/github/X68k-KeplerX-RTL/GreenPAK/fpga-writer/Eclipse/GreenPAKWriter_BSP\libhal_bsp.a(alt_do_dtors.o)
 .comment       0x000000000000002d       0x2e c:/Users/ohnaka/work/github/X68k-KeplerX-RTL/GreenPAK/fpga-writer/Eclipse/GreenPAKWriter_BSP\libhal_bsp.a(alt_errno.o)
 .comment       0x000000000000002d       0x2e c:/Users/ohnaka/work/github/X68k-KeplerX-RTL/GreenPAK/fpga-writer/Eclipse/GreenPAKWriter_BSP\libhal_bsp.a(alt_find_dev.o)
 .comment       0x000000000000002d       0x2e c:/Users/ohnaka/work/github/X68k-KeplerX-RTL/GreenPAK/fpga-writer/Eclipse/GreenPAKWriter_BSP\libhal_bsp.a(alt_icache_flush_all.o)
 .comment       0x000000000000002d       0x2e c:/Users/ohnaka/work/github/X68k-KeplerX-RTL/GreenPAK/fpga-writer/Eclipse/GreenPAKWriter_BSP\libhal_bsp.a(alt_instruction_exception_entry.o)
 .comment       0x000000000000002d       0x2e c:/Users/ohnaka/work/github/X68k-KeplerX-RTL/GreenPAK/fpga-writer/Eclipse/GreenPAKWriter_BSP\libhal_bsp.a(alt_io_redirect.o)
 .comment       0x000000000000002d       0x2e c:/Users/ohnaka/work/github/X68k-KeplerX-RTL/GreenPAK/fpga-writer/Eclipse/GreenPAKWriter_BSP\libhal_bsp.a(alt_open.o)
 .comment       0x000000000000002d       0x2e c:/Users/ohnaka/work/github/X68k-KeplerX-RTL/GreenPAK/fpga-writer/Eclipse/GreenPAKWriter_BSP\libhal_bsp.a(alt_printf.o)
 .comment       0x000000000000002d       0x2e c:/Users/ohnaka/work/github/X68k-KeplerX-RTL/GreenPAK/fpga-writer/Eclipse/GreenPAKWriter_BSP\libhal_bsp.a(alt_putchar.o)
 .comment       0x000000000000002d       0x2e c:/Users/ohnaka/work/github/X68k-KeplerX-RTL/GreenPAK/fpga-writer/Eclipse/GreenPAKWriter_BSP\libhal_bsp.a(alt_release_fd.o)
 .comment       0x000000000000002d       0x2e c:/Users/ohnaka/work/github/X68k-KeplerX-RTL/GreenPAK/fpga-writer/Eclipse/GreenPAKWriter_BSP\libhal_bsp.a(altera_nios2_gen2_irq.o)
 .comment       0x000000000000002d       0x2e c:/Users/ohnaka/work/github/X68k-KeplerX-RTL/GreenPAK/fpga-writer/Eclipse/GreenPAKWriter_BSP\libhal_bsp.a(alt_find_file.o)
 .comment       0x000000000000002d       0x2e c:/Users/ohnaka/work/github/X68k-KeplerX-RTL/GreenPAK/fpga-writer/Eclipse/GreenPAKWriter_BSP\libhal_bsp.a(alt_get_fd.o)
 .comment       0x000000000000002d       0x2e c:/intelfpga_lite/21.1/nios2eds/bin/gnu/h-x86_64-mingw32/bin/../lib/gcc/nios2-elf/10.3.1/../../../../../H-x86_64-mingw32/nios2-elf/lib/mno-hw-mul\libsmallc.a(lib_a-atexit.o)
 .comment       0x000000000000002d       0x2e c:/intelfpga_lite/21.1/nios2eds/bin/gnu/h-x86_64-mingw32/bin/../lib/gcc/nios2-elf/10.3.1/../../../../../H-x86_64-mingw32/nios2-elf/lib/mno-hw-mul\libsmallc.a(lib_a-exit.o)
 .comment       0x000000000000002d       0x2e c:/intelfpga_lite/21.1/nios2eds/bin/gnu/h-x86_64-mingw32/bin/../lib/gcc/nios2-elf/10.3.1/../../../../../H-x86_64-mingw32/nios2-elf/lib/mno-hw-mul\libsmallc.a(lib_a-int_errno.o)
 .comment       0x000000000000002d       0x2e c:/intelfpga_lite/21.1/nios2eds/bin/gnu/h-x86_64-mingw32/bin/../lib/gcc/nios2-elf/10.3.1/../../../../../H-x86_64-mingw32/nios2-elf/lib/mno-hw-mul\libsmallc.a(lib_a-memcmp.o)
 .comment       0x000000000000002d       0x2e c:/intelfpga_lite/21.1/nios2eds/bin/gnu/h-x86_64-mingw32/bin/../lib/gcc/nios2-elf/10.3.1/../../../../../H-x86_64-mingw32/nios2-elf/lib/mno-hw-mul\libsmallc.a(lib_a-putchar.o)
 .comment       0x000000000000002d       0x2e c:/intelfpga_lite/21.1/nios2eds/bin/gnu/h-x86_64-mingw32/bin/../lib/gcc/nios2-elf/10.3.1/../../../../../H-x86_64-mingw32/nios2-elf/lib/mno-hw-mul\libsmallc.a(lib_a-__atexit.o)
 .comment       0x000000000000002d       0x2e c:/intelfpga_lite/21.1/nios2eds/bin/gnu/h-x86_64-mingw32/bin/../lib/gcc/nios2-elf/10.3.1/../../../../../H-x86_64-mingw32/nios2-elf/lib/mno-hw-mul\libsmallc.a(lib_a-__call_atexit.o)
 .comment       0x000000000000002d       0x2e c:/intelfpga_lite/21.1/nios2eds/bin/gnu/h-x86_64-mingw32/bin/../lib/gcc/nios2-elf/10.3.1/../../../../../H-x86_64-mingw32/nios2-elf/lib/mno-hw-mul\libsmallc.a(lib_a-putc.o)
 .comment       0x000000000000002d       0x2e c:/intelfpga_lite/21.1/nios2eds/bin/gnu/h-x86_64-mingw32/bin/../lib/gcc/nios2-elf/10.3.1/../../../../../H-x86_64-mingw32/nios2-elf/lib/mno-hw-mul\libsmallc.a(lib_a-fvwrite_small_dev.o)
 .comment       0x000000000000002d       0x2e c:/intelfpga_lite/21.1/nios2eds/bin/gnu/h-x86_64-mingw32/bin/../lib/gcc/nios2-elf/10.3.1/../../../../../H-x86_64-mingw32/nios2-elf/lib/mno-hw-mul\libsmallc.a(lib_a-writer.o)
 .comment       0x000000000000002d       0x2e c:/Users/ohnaka/work/github/X68k-KeplerX-RTL/GreenPAK/fpga-writer/Eclipse/GreenPAKWriter_BSP\libhal_bsp.a(alt_exit.o)
 .comment       0x000000000000002d       0x2e c:/Users/ohnaka/work/github/X68k-KeplerX-RTL/GreenPAK/fpga-writer/Eclipse/GreenPAKWriter_BSP\libhal_bsp.a(alt_write.o)

.debug
 *(.debug)

.line
 *(.line)

.debug_srcinfo
 *(.debug_srcinfo)

.debug_sfnames
 *(.debug_sfnames)

.debug_aranges  0x0000000000000000      0x760
 *(.debug_aranges)
 .debug_aranges
                0x0000000000000000       0x28 c:/Users/ohnaka/work/github/X68k-KeplerX-RTL/GreenPAK/fpga-writer/Eclipse/GreenPAKWriter_BSP/obj/HAL/src/crt0.o
 .debug_aranges
                0x0000000000000028       0x20 obj/default/main.o
 .debug_aranges
                0x0000000000000048       0x20 c:/intelfpga_lite/21.1/nios2eds/bin/gnu/h-x86_64-mingw32/bin/../lib/gcc/nios2-elf/10.3.1/mno-hw-mul\libgcc.a(lib2-mul.o)
 .debug_aranges
                0x0000000000000068       0x28 c:/intelfpga_lite/21.1/nios2eds/bin/gnu/h-x86_64-mingw32/bin/../lib/gcc/nios2-elf/10.3.1/../../../../../H-x86_64-mingw32/nios2-elf/lib/mno-hw-mul\libsmallc.a(lib_a-vsnprintf.o)
 .debug_aranges
                0x0000000000000090       0x20 c:/intelfpga_lite/21.1/nios2eds/bin/gnu/h-x86_64-mingw32/bin/../lib/gcc/nios2-elf/10.3.1/../../../../../H-x86_64-mingw32/nios2-elf/lib/mno-hw-mul\libsmallc.a(lib_a-fvwrite_small_str.o)
 .debug_aranges
                0x00000000000000b0       0x18 c:/intelfpga_lite/21.1/nios2eds/bin/gnu/h-x86_64-mingw32/bin/../lib/gcc/nios2-elf/10.3.1/../../../../../H-x86_64-mingw32/nios2-elf/lib/mno-hw-mul\libsmallc.a(lib_a-impure.o)
 .debug_aranges
                0x00000000000000c8       0x20 c:/intelfpga_lite/21.1/nios2eds/bin/gnu/h-x86_64-mingw32/bin/../lib/gcc/nios2-elf/10.3.1/../../../../../H-x86_64-mingw32/nios2-elf/lib/mno-hw-mul\libsmallc.a(lib_a-memmove.o)
 .debug_aranges
                0x00000000000000e8       0x30 c:/intelfpga_lite/21.1/nios2eds/bin/gnu/h-x86_64-mingw32/bin/../lib/gcc/nios2-elf/10.3.1/../../../../../H-x86_64-mingw32/nios2-elf/lib/mno-hw-mul\libsmallc.a(lib_a-svfprintf.o)
 .debug_aranges
                0x0000000000000118       0x20 c:/intelfpga_lite/21.1/nios2eds/bin/gnu/h-x86_64-mingw32/bin/../lib/gcc/nios2-elf/10.3.1/../../../../../H-x86_64-mingw32/nios2-elf/lib/mno-hw-mul\libsmallc.a(lib_a-strlen.o)
 .debug_aranges
                0x0000000000000138       0x20 c:/intelfpga_lite/21.1/nios2eds/bin/gnu/h-x86_64-mingw32/bin/../lib/gcc/nios2-elf/10.3.1/mno-hw-mul\libgcc.a(lib2-divmod.o)
 .debug_aranges
                0x0000000000000158       0x20 c:/Users/ohnaka/work/github/X68k-KeplerX-RTL/GreenPAK/fpga-writer/Eclipse/GreenPAKWriter_BSP\libhal_bsp.a(alt_dcache_flush_all.o)
 .debug_aranges
                0x0000000000000178       0x20 c:/Users/ohnaka/work/github/X68k-KeplerX-RTL/GreenPAK/fpga-writer/Eclipse/GreenPAKWriter_BSP\libhal_bsp.a(alt_iic.o)
 .debug_aranges
                0x0000000000000198       0x20 c:/Users/ohnaka/work/github/X68k-KeplerX-RTL/GreenPAK/fpga-writer/Eclipse/GreenPAKWriter_BSP\libhal_bsp.a(alt_iic_isr_register.o)
 .debug_aranges
                0x00000000000001b8       0x30 c:/Users/ohnaka/work/github/X68k-KeplerX-RTL/GreenPAK/fpga-writer/Eclipse/GreenPAKWriter_BSP\libhal_bsp.a(alt_irq_entry.o)
 .debug_aranges
                0x00000000000001e8       0x20 c:/Users/ohnaka/work/github/X68k-KeplerX-RTL/GreenPAK/fpga-writer/Eclipse/GreenPAKWriter_BSP\libhal_bsp.a(alt_irq_handler.o)
 .debug_aranges
                0x0000000000000208       0x18 c:/Users/ohnaka/work/github/X68k-KeplerX-RTL/GreenPAK/fpga-writer/Eclipse/GreenPAKWriter_BSP\libhal_bsp.a(alt_irq_vars.o)
 .debug_aranges
                0x0000000000000220       0x20 c:/Users/ohnaka/work/github/X68k-KeplerX-RTL/GreenPAK/fpga-writer/Eclipse/GreenPAKWriter_BSP\libhal_bsp.a(alt_load.o)
 .debug_aranges
                0x0000000000000240       0x20 c:/Users/ohnaka/work/github/X68k-KeplerX-RTL/GreenPAK/fpga-writer/Eclipse/GreenPAKWriter_BSP\libhal_bsp.a(alt_main.o)
 .debug_aranges
                0x0000000000000260       0x20 c:/Users/ohnaka/work/github/X68k-KeplerX-RTL/GreenPAK/fpga-writer/Eclipse/GreenPAKWriter_BSP\libhal_bsp.a(alt_sys_init.o)
 .debug_aranges
                0x0000000000000280       0x20 c:/Users/ohnaka/work/github/X68k-KeplerX-RTL/GreenPAK/fpga-writer/Eclipse/GreenPAKWriter_BSP\libhal_bsp.a(altera_avalon_fifo_util.o)
 .debug_aranges
                0x00000000000002a0       0x20 c:/Users/ohnaka/work/github/X68k-KeplerX-RTL/GreenPAK/fpga-writer/Eclipse/GreenPAKWriter_BSP\libhal_bsp.a(altera_avalon_i2c.o)
 .debug_aranges
                0x00000000000002c0       0x20 c:/Users/ohnaka/work/github/X68k-KeplerX-RTL/GreenPAK/fpga-writer/Eclipse/GreenPAKWriter_BSP\libhal_bsp.a(altera_avalon_jtag_uart_fd.o)
 .debug_aranges
                0x00000000000002e0       0x20 c:/Users/ohnaka/work/github/X68k-KeplerX-RTL/GreenPAK/fpga-writer/Eclipse/GreenPAKWriter_BSP\libhal_bsp.a(altera_avalon_jtag_uart_read.o)
 .debug_aranges
                0x0000000000000300       0x20 c:/Users/ohnaka/work/github/X68k-KeplerX-RTL/GreenPAK/fpga-writer/Eclipse/GreenPAKWriter_BSP\libhal_bsp.a(altera_avalon_jtag_uart_write.o)
 .debug_aranges
                0x0000000000000320       0x20 c:/Users/ohnaka/work/github/X68k-KeplerX-RTL/GreenPAK/fpga-writer/Eclipse/GreenPAKWriter_BSP\libhal_bsp.a(altera_msgdma.o)
 .debug_aranges
                0x0000000000000340       0x20 c:/Users/ohnaka/work/github/X68k-KeplerX-RTL/GreenPAK/fpga-writer/Eclipse/GreenPAKWriter_BSP\libhal_bsp.a(alt_busy_sleep.o)
 .debug_aranges
                0x0000000000000360       0x20 c:/Users/ohnaka/work/github/X68k-KeplerX-RTL/GreenPAK/fpga-writer/Eclipse/GreenPAKWriter_BSP\libhal_bsp.a(alt_close.o)
 .debug_aranges
                0x0000000000000380       0x20 c:/Users/ohnaka/work/github/X68k-KeplerX-RTL/GreenPAK/fpga-writer/Eclipse/GreenPAKWriter_BSP\libhal_bsp.a(alt_dcache_flush.o)
 .debug_aranges
                0x00000000000003a0       0x20 c:/Users/ohnaka/work/github/X68k-KeplerX-RTL/GreenPAK/fpga-writer/Eclipse/GreenPAKWriter_BSP\libhal_bsp.a(alt_dev.o)
 .debug_aranges
                0x00000000000003c0       0x20 c:/Users/ohnaka/work/github/X68k-KeplerX-RTL/GreenPAK/fpga-writer/Eclipse/GreenPAKWriter_BSP\libhal_bsp.a(alt_dev_llist_insert.o)
 .debug_aranges
                0x00000000000003e0       0x20 c:/Users/ohnaka/work/github/X68k-KeplerX-RTL/GreenPAK/fpga-writer/Eclipse/GreenPAKWriter_BSP\libhal_bsp.a(alt_do_ctors.o)
 .debug_aranges
                0x0000000000000400       0x20 c:/Users/ohnaka/work/github/X68k-KeplerX-RTL/GreenPAK/fpga-writer/Eclipse/GreenPAKWriter_BSP\libhal_bsp.a(alt_do_dtors.o)
 .debug_aranges
                0x0000000000000420       0x18 c:/Users/ohnaka/work/github/X68k-KeplerX-RTL/GreenPAK/fpga-writer/Eclipse/GreenPAKWriter_BSP\libhal_bsp.a(alt_errno.o)
 .debug_aranges
                0x0000000000000438       0x38 c:/Users/ohnaka/work/github/X68k-KeplerX-RTL/GreenPAK/fpga-writer/Eclipse/GreenPAKWriter_BSP\libhal_bsp.a(alt_exception_entry.o)
 .debug_aranges
                0x0000000000000470       0x20 c:/Users/ohnaka/work/github/X68k-KeplerX-RTL/GreenPAK/fpga-writer/Eclipse/GreenPAKWriter_BSP\libhal_bsp.a(alt_find_dev.o)
 .debug_aranges
                0x0000000000000490       0x20 c:/Users/ohnaka/work/github/X68k-KeplerX-RTL/GreenPAK/fpga-writer/Eclipse/GreenPAKWriter_BSP\libhal_bsp.a(alt_icache_flush_all.o)
 .debug_aranges
                0x00000000000004b0       0x28 c:/Users/ohnaka/work/github/X68k-KeplerX-RTL/GreenPAK/fpga-writer/Eclipse/GreenPAKWriter_BSP\libhal_bsp.a(alt_instruction_exception_entry.o)
 .debug_aranges
                0x00000000000004d8       0x20 c:/Users/ohnaka/work/github/X68k-KeplerX-RTL/GreenPAK/fpga-writer/Eclipse/GreenPAKWriter_BSP\libhal_bsp.a(alt_io_redirect.o)
 .debug_aranges
                0x00000000000004f8       0x20 c:/Users/ohnaka/work/github/X68k-KeplerX-RTL/GreenPAK/fpga-writer/Eclipse/GreenPAKWriter_BSP\libhal_bsp.a(alt_open.o)
 .debug_aranges
                0x0000000000000518       0x20 c:/Users/ohnaka/work/github/X68k-KeplerX-RTL/GreenPAK/fpga-writer/Eclipse/GreenPAKWriter_BSP\libhal_bsp.a(alt_printf.o)
 .debug_aranges
                0x0000000000000538       0x20 c:/Users/ohnaka/work/github/X68k-KeplerX-RTL/GreenPAK/fpga-writer/Eclipse/GreenPAKWriter_BSP\libhal_bsp.a(alt_putchar.o)
 .debug_aranges
                0x0000000000000558       0x20 c:/Users/ohnaka/work/github/X68k-KeplerX-RTL/GreenPAK/fpga-writer/Eclipse/GreenPAKWriter_BSP\libhal_bsp.a(alt_release_fd.o)
 .debug_aranges
                0x0000000000000578       0x20 c:/Users/ohnaka/work/github/X68k-KeplerX-RTL/GreenPAK/fpga-writer/Eclipse/GreenPAKWriter_BSP\libhal_bsp.a(altera_nios2_gen2_irq.o)
 .debug_aranges
                0x0000000000000598       0x20 c:/Users/ohnaka/work/github/X68k-KeplerX-RTL/GreenPAK/fpga-writer/Eclipse/GreenPAKWriter_BSP\libhal_bsp.a(alt_find_file.o)
 .debug_aranges
                0x00000000000005b8       0x20 c:/Users/ohnaka/work/github/X68k-KeplerX-RTL/GreenPAK/fpga-writer/Eclipse/GreenPAKWriter_BSP\libhal_bsp.a(alt_get_fd.o)
 .debug_aranges
                0x00000000000005d8       0x20 c:/intelfpga_lite/21.1/nios2eds/bin/gnu/h-x86_64-mingw32/bin/../lib/gcc/nios2-elf/10.3.1/../../../../../H-x86_64-mingw32/nios2-elf/lib/mno-hw-mul\libsmallc.a(lib_a-atexit.o)
 .debug_aranges
                0x00000000000005f8       0x20 c:/intelfpga_lite/21.1/nios2eds/bin/gnu/h-x86_64-mingw32/bin/../lib/gcc/nios2-elf/10.3.1/../../../../../H-x86_64-mingw32/nios2-elf/lib/mno-hw-mul\libsmallc.a(lib_a-exit.o)
 .debug_aranges
                0x0000000000000618       0x18 c:/intelfpga_lite/21.1/nios2eds/bin/gnu/h-x86_64-mingw32/bin/../lib/gcc/nios2-elf/10.3.1/../../../../../H-x86_64-mingw32/nios2-elf/lib/mno-hw-mul\libsmallc.a(lib_a-int_errno.o)
 .debug_aranges
                0x0000000000000630       0x20 c:/intelfpga_lite/21.1/nios2eds/bin/gnu/h-x86_64-mingw32/bin/../lib/gcc/nios2-elf/10.3.1/../../../../../H-x86_64-mingw32/nios2-elf/lib/mno-hw-mul\libsmallc.a(lib_a-memcmp.o)
 .debug_aranges
                0x0000000000000650       0x28 c:/intelfpga_lite/21.1/nios2eds/bin/gnu/h-x86_64-mingw32/bin/../lib/gcc/nios2-elf/10.3.1/../../../../../H-x86_64-mingw32/nios2-elf/lib/mno-hw-mul\libsmallc.a(lib_a-putchar.o)
 .debug_aranges
                0x0000000000000678       0x20 c:/intelfpga_lite/21.1/nios2eds/bin/gnu/h-x86_64-mingw32/bin/../lib/gcc/nios2-elf/10.3.1/../../../../../H-x86_64-mingw32/nios2-elf/lib/mno-hw-mul\libsmallc.a(lib_a-__atexit.o)
 .debug_aranges
                0x0000000000000698       0x20 c:/intelfpga_lite/21.1/nios2eds/bin/gnu/h-x86_64-mingw32/bin/../lib/gcc/nios2-elf/10.3.1/../../../../../H-x86_64-mingw32/nios2-elf/lib/mno-hw-mul\libsmallc.a(lib_a-__call_atexit.o)
 .debug_aranges
                0x00000000000006b8       0x28 c:/intelfpga_lite/21.1/nios2eds/bin/gnu/h-x86_64-mingw32/bin/../lib/gcc/nios2-elf/10.3.1/../../../../../H-x86_64-mingw32/nios2-elf/lib/mno-hw-mul\libsmallc.a(lib_a-putc.o)
 .debug_aranges
                0x00000000000006e0       0x20 c:/intelfpga_lite/21.1/nios2eds/bin/gnu/h-x86_64-mingw32/bin/../lib/gcc/nios2-elf/10.3.1/../../../../../H-x86_64-mingw32/nios2-elf/lib/mno-hw-mul\libsmallc.a(lib_a-fvwrite_small_dev.o)
 .debug_aranges
                0x0000000000000700       0x20 c:/intelfpga_lite/21.1/nios2eds/bin/gnu/h-x86_64-mingw32/bin/../lib/gcc/nios2-elf/10.3.1/../../../../../H-x86_64-mingw32/nios2-elf/lib/mno-hw-mul\libsmallc.a(lib_a-writer.o)
 .debug_aranges
                0x0000000000000720       0x20 c:/Users/ohnaka/work/github/X68k-KeplerX-RTL/GreenPAK/fpga-writer/Eclipse/GreenPAKWriter_BSP\libhal_bsp.a(alt_exit.o)
 .debug_aranges
                0x0000000000000740       0x20 c:/Users/ohnaka/work/github/X68k-KeplerX-RTL/GreenPAK/fpga-writer/Eclipse/GreenPAKWriter_BSP\libhal_bsp.a(alt_write.o)

.debug_pubnames
 *(.debug_pubnames)

.debug_info     0x0000000000000000     0xd692
 *(.debug_info .gnu.linkonce.wi.*)
 .debug_info    0x0000000000000000       0x22 c:/Users/ohnaka/work/github/X68k-KeplerX-RTL/GreenPAK/fpga-writer/Eclipse/GreenPAKWriter_BSP/obj/HAL/src/crt0.o
 .debug_info    0x0000000000000022      0xb81 obj/default/main.o
 .debug_info    0x0000000000000ba3       0xcb c:/intelfpga_lite/21.1/nios2eds/bin/gnu/h-x86_64-mingw32/bin/../lib/gcc/nios2-elf/10.3.1/mno-hw-mul\libgcc.a(lib2-mul.o)
 .debug_info    0x0000000000000c6e      0x871 c:/intelfpga_lite/21.1/nios2eds/bin/gnu/h-x86_64-mingw32/bin/../lib/gcc/nios2-elf/10.3.1/../../../../../H-x86_64-mingw32/nios2-elf/lib/mno-hw-mul\libsmallc.a(lib_a-vsnprintf.o)
 .debug_info    0x00000000000014df      0x789 c:/intelfpga_lite/21.1/nios2eds/bin/gnu/h-x86_64-mingw32/bin/../lib/gcc/nios2-elf/10.3.1/../../../../../H-x86_64-mingw32/nios2-elf/lib/mno-hw-mul\libsmallc.a(lib_a-fvwrite_small_str.o)
 .debug_info    0x0000000000001c68      0x61e c:/intelfpga_lite/21.1/nios2eds/bin/gnu/h-x86_64-mingw32/bin/../lib/gcc/nios2-elf/10.3.1/../../../../../H-x86_64-mingw32/nios2-elf/lib/mno-hw-mul\libsmallc.a(lib_a-impure.o)
 .debug_info    0x0000000000002286      0x11b c:/intelfpga_lite/21.1/nios2eds/bin/gnu/h-x86_64-mingw32/bin/../lib/gcc/nios2-elf/10.3.1/../../../../../H-x86_64-mingw32/nios2-elf/lib/mno-hw-mul\libsmallc.a(lib_a-memmove.o)
 .debug_info    0x00000000000023a1      0xeb5 c:/intelfpga_lite/21.1/nios2eds/bin/gnu/h-x86_64-mingw32/bin/../lib/gcc/nios2-elf/10.3.1/../../../../../H-x86_64-mingw32/nios2-elf/lib/mno-hw-mul\libsmallc.a(lib_a-svfprintf.o)
 .debug_info    0x0000000000003256       0xd0 c:/intelfpga_lite/21.1/nios2eds/bin/gnu/h-x86_64-mingw32/bin/../lib/gcc/nios2-elf/10.3.1/../../../../../H-x86_64-mingw32/nios2-elf/lib/mno-hw-mul\libsmallc.a(lib_a-strlen.o)
 .debug_info    0x0000000000003326      0x368 c:/intelfpga_lite/21.1/nios2eds/bin/gnu/h-x86_64-mingw32/bin/../lib/gcc/nios2-elf/10.3.1/mno-hw-mul\libgcc.a(lib2-divmod.o)
 .debug_info    0x000000000000368e       0x8c c:/Users/ohnaka/work/github/X68k-KeplerX-RTL/GreenPAK/fpga-writer/Eclipse/GreenPAKWriter_BSP\libhal_bsp.a(alt_dcache_flush_all.o)
 .debug_info    0x000000000000371a      0x32c c:/Users/ohnaka/work/github/X68k-KeplerX-RTL/GreenPAK/fpga-writer/Eclipse/GreenPAKWriter_BSP\libhal_bsp.a(alt_iic.o)
 .debug_info    0x0000000000003a46      0x1f0 c:/Users/ohnaka/work/github/X68k-KeplerX-RTL/GreenPAK/fpga-writer/Eclipse/GreenPAKWriter_BSP\libhal_bsp.a(alt_iic_isr_register.o)
 .debug_info    0x0000000000003c36       0x22 c:/Users/ohnaka/work/github/X68k-KeplerX-RTL/GreenPAK/fpga-writer/Eclipse/GreenPAKWriter_BSP\libhal_bsp.a(alt_irq_entry.o)
 .debug_info    0x0000000000003c58      0x175 c:/Users/ohnaka/work/github/X68k-KeplerX-RTL/GreenPAK/fpga-writer/Eclipse/GreenPAKWriter_BSP\libhal_bsp.a(alt_irq_handler.o)
 .debug_info    0x0000000000003dcd       0x8b c:/Users/ohnaka/work/github/X68k-KeplerX-RTL/GreenPAK/fpga-writer/Eclipse/GreenPAKWriter_BSP\libhal_bsp.a(alt_irq_vars.o)
 .debug_info    0x0000000000003e58      0x14d c:/Users/ohnaka/work/github/X68k-KeplerX-RTL/GreenPAK/fpga-writer/Eclipse/GreenPAKWriter_BSP\libhal_bsp.a(alt_load.o)
 .debug_info    0x0000000000003fa5       0xef c:/Users/ohnaka/work/github/X68k-KeplerX-RTL/GreenPAK/fpga-writer/Eclipse/GreenPAKWriter_BSP\libhal_bsp.a(alt_main.o)
 .debug_info    0x0000000000004094      0x681 c:/Users/ohnaka/work/github/X68k-KeplerX-RTL/GreenPAK/fpga-writer/Eclipse/GreenPAKWriter_BSP\libhal_bsp.a(alt_sys_init.o)
 .debug_info    0x0000000000004715      0x46c c:/Users/ohnaka/work/github/X68k-KeplerX-RTL/GreenPAK/fpga-writer/Eclipse/GreenPAKWriter_BSP\libhal_bsp.a(altera_avalon_fifo_util.o)
 .debug_info    0x0000000000004b81     0x1174 c:/Users/ohnaka/work/github/X68k-KeplerX-RTL/GreenPAK/fpga-writer/Eclipse/GreenPAKWriter_BSP\libhal_bsp.a(altera_avalon_i2c.o)
 .debug_info    0x0000000000005cf5      0x398 c:/Users/ohnaka/work/github/X68k-KeplerX-RTL/GreenPAK/fpga-writer/Eclipse/GreenPAKWriter_BSP\libhal_bsp.a(altera_avalon_jtag_uart_fd.o)
 .debug_info    0x000000000000608d      0x151 c:/Users/ohnaka/work/github/X68k-KeplerX-RTL/GreenPAK/fpga-writer/Eclipse/GreenPAKWriter_BSP\libhal_bsp.a(altera_avalon_jtag_uart_read.o)
 .debug_info    0x00000000000061de      0x132 c:/Users/ohnaka/work/github/X68k-KeplerX-RTL/GreenPAK/fpga-writer/Eclipse/GreenPAKWriter_BSP\libhal_bsp.a(altera_avalon_jtag_uart_write.o)
 .debug_info    0x0000000000006310     0x19c7 c:/Users/ohnaka/work/github/X68k-KeplerX-RTL/GreenPAK/fpga-writer/Eclipse/GreenPAKWriter_BSP\libhal_bsp.a(altera_msgdma.o)
 .debug_info    0x0000000000007cd7       0xd6 c:/Users/ohnaka/work/github/X68k-KeplerX-RTL/GreenPAK/fpga-writer/Eclipse/GreenPAKWriter_BSP\libhal_bsp.a(alt_busy_sleep.o)
 .debug_info    0x0000000000007dad      0x32c c:/Users/ohnaka/work/github/X68k-KeplerX-RTL/GreenPAK/fpga-writer/Eclipse/GreenPAKWriter_BSP\libhal_bsp.a(alt_close.o)
 .debug_info    0x00000000000080d9       0xb9 c:/Users/ohnaka/work/github/X68k-KeplerX-RTL/GreenPAK/fpga-writer/Eclipse/GreenPAKWriter_BSP\libhal_bsp.a(alt_dcache_flush.o)
 .debug_info    0x0000000000008192      0x57d c:/Users/ohnaka/work/github/X68k-KeplerX-RTL/GreenPAK/fpga-writer/Eclipse/GreenPAKWriter_BSP\libhal_bsp.a(alt_dev.o)
 .debug_info    0x000000000000870f      0x1b0 c:/Users/ohnaka/work/github/X68k-KeplerX-RTL/GreenPAK/fpga-writer/Eclipse/GreenPAKWriter_BSP\libhal_bsp.a(alt_dev_llist_insert.o)
 .debug_info    0x00000000000088bf       0x88 c:/Users/ohnaka/work/github/X68k-KeplerX-RTL/GreenPAK/fpga-writer/Eclipse/GreenPAKWriter_BSP\libhal_bsp.a(alt_do_ctors.o)
 .debug_info    0x0000000000008947       0x88 c:/Users/ohnaka/work/github/X68k-KeplerX-RTL/GreenPAK/fpga-writer/Eclipse/GreenPAKWriter_BSP\libhal_bsp.a(alt_do_dtors.o)
 .debug_info    0x00000000000089cf       0x9d c:/Users/ohnaka/work/github/X68k-KeplerX-RTL/GreenPAK/fpga-writer/Eclipse/GreenPAKWriter_BSP\libhal_bsp.a(alt_errno.o)
 .debug_info    0x0000000000008a6c       0x22 c:/Users/ohnaka/work/github/X68k-KeplerX-RTL/GreenPAK/fpga-writer/Eclipse/GreenPAKWriter_BSP\libhal_bsp.a(alt_exception_entry.o)
 .debug_info    0x0000000000008a8e      0x2ee c:/Users/ohnaka/work/github/X68k-KeplerX-RTL/GreenPAK/fpga-writer/Eclipse/GreenPAKWriter_BSP\libhal_bsp.a(alt_find_dev.o)
 .debug_info    0x0000000000008d7c       0x8c c:/Users/ohnaka/work/github/X68k-KeplerX-RTL/GreenPAK/fpga-writer/Eclipse/GreenPAKWriter_BSP\libhal_bsp.a(alt_icache_flush_all.o)
 .debug_info    0x0000000000008e08      0x1f1 c:/Users/ohnaka/work/github/X68k-KeplerX-RTL/GreenPAK/fpga-writer/Eclipse/GreenPAKWriter_BSP\libhal_bsp.a(alt_instruction_exception_entry.o)
 .debug_info    0x0000000000008ff9      0x546 c:/Users/ohnaka/work/github/X68k-KeplerX-RTL/GreenPAK/fpga-writer/Eclipse/GreenPAKWriter_BSP\libhal_bsp.a(alt_io_redirect.o)