Archive member included to satisfy reference by file (symbol)

c:/intelfpga_lite/21.1/nios2eds/bin/gnu/h-x86_64-mingw32/bin/../lib/gcc/nios2-elf/10.3.1/mno-hw-mul\libgcc.a(lib2-mul.o)
                              obj/default/main.o (__mulsi3)
c:/intelfpga_lite/21.1/nios2eds/bin/gnu/h-x86_64-mingw32/bin/../lib/gcc/nios2-elf/10.3.1/../../../../../H-x86_64-mingw32/nios2-elf/lib/mno-hw-mul\libsmallc.a(lib_a-vsnprintf.o)
                              obj/default/main.o (vsnprintf)
c:/intelfpga_lite/21.1/nios2eds/bin/gnu/h-x86_64-mingw32/bin/../lib/gcc/nios2-elf/10.3.1/../../../../../H-x86_64-mingw32/nios2-elf/lib/mno-hw-mul\libsmallc.a(lib_a-fvwrite_small_str.o)
                              c:/intelfpga_lite/21.1/nios2eds/bin/gnu/h-x86_64-mingw32/bin/../lib/gcc/nios2-elf/10.3.1/../../../../../H-x86_64-mingw32/nios2-elf/lib/mno-hw-mul\libsmallc.a(lib_a-vsnprintf.o) (__sfvwrite_small_str)
c:/intelfpga_lite/21.1/nios2eds/bin/gnu/h-x86_64-mingw32/bin/../lib/gcc/nios2-elf/10.3.1/../../../../../H-x86_64-mingw32/nios2-elf/lib/mno-hw-mul\libsmallc.a(lib_a-impure.o)
                              c:/intelfpga_lite/21.1/nios2eds/bin/gnu/h-x86_64-mingw32/bin/../lib/gcc/nios2-elf/10.3.1/../../../../../H-x86_64-mingw32/nios2-elf/lib/mno-hw-mul\libsmallc.a(lib_a-vsnprintf.o) (_impure_ptr)
c:/intelfpga_lite/21.1/nios2eds/bin/gnu/h-x86_64-mingw32/bin/../lib/gcc/nios2-elf/10.3.1/../../../../../H-x86_64-mingw32/nios2-elf/lib/mno-hw-mul\libsmallc.a(lib_a-memmove.o)
                              c:/intelfpga_lite/21.1/nios2eds/bin/gnu/h-x86_64-mingw32/bin/../lib/gcc/nios2-elf/10.3.1/../../../../../H-x86_64-mingw32/nios2-elf/lib/mno-hw-mul\libsmallc.a(lib_a-fvwrite_small_str.o) (memmove)
c:/intelfpga_lite/21.1/nios2eds/bin/gnu/h-x86_64-mingw32/bin/../lib/gcc/nios2-elf/10.3.1/../../../../../H-x86_64-mingw32/nios2-elf/lib/mno-hw-mul\libsmallc.a(lib_a-svfprintf.o)
                              c:/intelfpga_lite/21.1/nios2eds/bin/gnu/h-x86_64-mingw32/bin/../lib/gcc/nios2-elf/10.3.1/../../../../../H-x86_64-mingw32/nios2-elf/lib/mno-hw-mul\libsmallc.a(lib_a-vsnprintf.o) (___svfprintf_internal_r)
c:/intelfpga_lite/21.1/nios2eds/bin/gnu/h-x86_64-mingw32/bin/../lib/gcc/nios2-elf/10.3.1/../../../../../H-x86_64-mingw32/nios2-elf/lib/mno-hw-mul\libsmallc.a(lib_a-strlen.o)
                              c:/intelfpga_lite/21.1/nios2eds/bin/gnu/h-x86_64-mingw32/bin/../lib/gcc/nios2-elf/10.3.1/../../../../../H-x86_64-mingw32/nios2-elf/lib/mno-hw-mul\libsmallc.a(lib_a-svfprintf.o) (strlen)
c:/intelfpga_lite/21.1/nios2eds/bin/gnu/h-x86_64-mingw32/bin/../lib/gcc/nios2-elf/10.3.1/mno-hw-mul\libgcc.a(lib2-divmod.o)
                              c:/intelfpga_lite/21.1/nios2eds/bin/gnu/h-x86_64-mingw32/bin/../lib/gcc/nios2-elf/10.3.1/../../../../../H-x86_64-mingw32/nios2-elf/lib/mno-hw-mul\libsmallc.a(lib_a-svfprintf.o) (__udivsi3)
c:/Users/ohnaka/work/github/X68k-KeplerX-RTL/GreenPAK/fpga-writer/Eclipse/GreenPAKWriter_BSP\libhal_bsp.a(alt_dcache_flush_all.o)
                              obj/default/main.o (alt_dcache_flush_all)
c:/Users/ohnaka/work/github/X68k-KeplerX-RTL/GreenPAK/fpga-writer/Eclipse/GreenPAKWriter_BSP\libhal_bsp.a(alt_iic.o)
                              obj/default/main.o (alt_ic_isr_register)
c:/Users/ohnaka/work/github/X68k-KeplerX-RTL/GreenPAK/fpga-writer/Eclipse/GreenPAKWriter_BSP\libhal_bsp.a(alt_iic_isr_register.o)
                              c:/Users/ohnaka/work/github/X68k-KeplerX-RTL/GreenPAK/fpga-writer/Eclipse/GreenPAKWriter_BSP\libhal_bsp.a(alt_iic.o) (alt_iic_isr_register)
c:/Users/ohnaka/work/github/X68k-KeplerX-RTL/GreenPAK/fpga-writer/Eclipse/GreenPAKWriter_BSP\libhal_bsp.a(alt_irq_entry.o)
                              c:/Users/ohnaka/work/github/X68k-KeplerX-RTL/GreenPAK/fpga-writer/Eclipse/GreenPAKWriter_BSP\libhal_bsp.a(alt_iic_isr_register.o) (alt_irq_entry)
c:/Users/ohnaka/work/github/X68k-KeplerX-RTL/GreenPAK/fpga-writer/Eclipse/GreenPAKWriter_BSP\libhal_bsp.a(alt_irq_handler.o)
                              c:/Users/ohnaka/work/github/X68k-KeplerX-RTL/GreenPAK/fpga-writer/Eclipse/GreenPAKWriter_BSP\libhal_bsp.a(alt_iic_isr_register.o) (alt_irq)
c:/Users/ohnaka/work/github/X68k-KeplerX-RTL/GreenPAK/fpga-writer/Eclipse/GreenPAKWriter_BSP\libhal_bsp.a(alt_irq_vars.o)
                              c:/Users/ohnaka/work/github/X68k-KeplerX-RTL/GreenPAK/fpga-writer/Eclipse/GreenPAKWriter_BSP\libhal_bsp.a(alt_iic.o) (alt_irq_active)
c:/Users/ohnaka/work/github/X68k-KeplerX-RTL/GreenPAK/fpga-writer/Eclipse/GreenPAKWriter_BSP\libhal_bsp.a(alt_load.o)
                              c:/Users/ohnaka/work/github/X68k-KeplerX-RTL/GreenPAK/fpga-writer/Eclipse/GreenPAKWriter_BSP/obj/HAL/src/crt0.o (alt_load)
c:/Users/ohnaka/work/github/X68k-KeplerX-RTL/GreenPAK/fpga-writer/Eclipse/GreenPAKWriter_BSP\libhal_bsp.a(alt_main.o)
                              c:/Users/ohnaka/work/github/X68k-KeplerX-RTL/GreenPAK/fpga-writer/Eclipse/GreenPAKWriter_BSP/obj/HAL/src/crt0.o (alt_main)
[...]
Memory Configuration

Name             Origin             Length             Attributes
reset            0x0000000000020000 0x0000000000000020
onchip_memory    0x0000000000020020 0x0000000000009fe0
textram          0x0000000000050000 0x0000000000002000
onchip_NVM_ROM   0x0000000000060000 0x0000000000000100
*default*        0x0000000000000000 0xffffffffffffffff

Linker script and memory map

LOAD c:/Users/ohnaka/work/github/X68k-KeplerX-RTL/GreenPAK/fpga-writer/Eclipse/GreenPAKWriter_BSP/obj/HAL/src/crt0.o
LOAD obj/default/main.o
LOAD c:/intelfpga_lite/21.1/nios2eds/bin/gnu/h-x86_64-mingw32/bin/../lib/gcc/nios2-elf/10.3.1/../../../../../H-x86_64-mingw32/nios2-elf/lib/mno-hw-mul\libstdc++.a
LOAD c:/intelfpga_lite/21.1/nios2eds/bin/gnu/h-x86_64-mingw32/bin/../lib/gcc/nios2-elf/10.3.1/../../../../../H-x86_64-mingw32/nios2-elf/lib/mno-hw-mul\libm.a
LOAD c:/intelfpga_lite/21.1/nios2eds/bin/gnu/h-x86_64-mingw32/bin/../lib/gcc/nios2-elf/10.3.1/mno-hw-mul\libgcc.a
START GROUP
LOAD c:/intelfpga_lite/21.1/nios2eds/bin/gnu/h-x86_64-mingw32/bin/../lib/gcc/nios2-elf/10.3.1/../../../../../H-x86_64-mingw32/nios2-elf/lib/mno-hw-mul\libsmallc.a
LOAD c:/intelfpga_lite/21.1/nios2eds/bin/gnu/h-x86_64-mingw32/bin/../lib/gcc/nios2-elf/10.3.1/mno-hw-mul\libgcc.a
LOAD c:/Users/ohnaka/work/github/X68k-KeplerX-RTL/GreenPAK/fpga-writer/Eclipse/GreenPAKWriter_BSP\libhal_bsp.a
LOAD c:/intelfpga_lite/21.1/nios2eds/bin/gnu/h-x86_64-mingw32/bin/../lib/gcc/nios2-elf/10.3.1/../../../../../H-x86_64-mingw32/nios2-elf/lib/mno-hw-mul\libm.a
END GROUP
LOAD c:/intelfpga_lite/21.1/nios2eds/bin/gnu/h-x86_64-mingw32/bin/../lib/gcc/nios2-elf/10.3.1/mno-hw-mul\libgcc.a
                0x0000000000020000                __alt_mem_onchip_memory = 0x20000
                0x0000000000050000                __alt_mem_textram = 0x50000
                0x0000000000060000                __alt_mem_onchip_NVM_ROM = 0x60000

.entry          0x0000000000020000       0x20
 *(.entry)
 .entry         0x0000000000020000       0x20 c:/Users/ohnaka/work/github/X68k-KeplerX-RTL/GreenPAK/fpga-writer/Eclipse/GreenPAKWriter_BSP/obj/HAL/src/crt0.o
                0x0000000000020000                __reset

.exceptions     0x0000000000020020      0x204
                0x0000000000020020                PROVIDE (__ram_exceptions_start = ABSOLUTE (.))
                0x0000000000020020                . = ALIGN (0x20)
 *(.irq)
 *(.exceptions.entry.label)
 .exceptions.entry.label
                0x0000000000020020        0x0 c:/Users/ohnaka/work/github/X68k-KeplerX-RTL/GreenPAK/fpga-writer/Eclipse/GreenPAKWriter_BSP\libhal_bsp.a(alt_irq_entry.o)
                0x0000000000020020                alt_irq_entry
 .exceptions.entry.label
                0x0000000000020020        0x0 c:/Users/ohnaka/work/github/X68k-KeplerX-RTL/GreenPAK/fpga-writer/Eclipse/GreenPAKWriter_BSP\libhal_bsp.a(alt_exception_entry.o)
                0x0000000000020020                alt_exception
 *(.exceptions.entry.user)
 *(.exceptions.entry.ecc_fatal)
 *(.exceptions.entry)
 .exceptions.entry
                0x0000000000020020       0x54 c:/Users/ohnaka/work/github/X68k-KeplerX-RTL/GreenPAK/fpga-writer/Eclipse/GreenPAKWriter_BSP\libhal_bsp.a(alt_exception_entry.o)
 *(.exceptions.irqtest.user)
 *(.exceptions.irqtest)
 .exceptions.irqtest
                0x0000000000020074       0x10 c:/Users/ohnaka/work/github/X68k-KeplerX-RTL/GreenPAK/fpga-writer/Eclipse/GreenPAKWriter_BSP\libhal_bsp.a(alt_irq_entry.o)
 *(.exceptions.irqhandler.user)
 *(.exceptions.irqhandler)
 .exceptions.irqhandler
                0x0000000000020084        0x4 c:/Users/ohnaka/work/github/X68k-KeplerX-RTL/GreenPAK/fpga-writer/Eclipse/GreenPAKWriter_BSP\libhal_bsp.a(alt_irq_entry.o)
 *(.exceptions.irqreturn.user)
 *(.exceptions.irqreturn)
 .exceptions.irqreturn
                0x0000000000020088        0x4 c:/Users/ohnaka/work/github/X68k-KeplerX-RTL/GreenPAK/fpga-writer/Eclipse/GreenPAKWriter_BSP\libhal_bsp.a(alt_irq_entry.o)
 *(.exceptions.notirq.label)
 .exceptions.notirq.label
                0x000000000002008c        0x0 c:/Users/ohnaka/work/github/X68k-KeplerX-RTL/GreenPAK/fpga-writer/Eclipse/GreenPAKWriter_BSP\libhal_bsp.a(alt_irq_entry.o)
 *(.exceptions.notirq.user)
 *(.exceptions.notirq)
 .exceptions.notirq
                0x000000000002008c        0x8 c:/Users/ohnaka/work/github/X68k-KeplerX-RTL/GreenPAK/fpga-writer/Eclipse/GreenPAKWriter_BSP\libhal_bsp.a(alt_exception_entry.o)
 *(.exceptions.soft.user)
 *(.exceptions.soft)
 *(.exceptions.unknown.user)
 *(.exceptions.unknown)
 .exceptions.unknown
                0x0000000000020094       0x14 c:/Users/ohnaka/work/github/X68k-KeplerX-RTL/GreenPAK/fpga-writer/Eclipse/GreenPAKWriter_BSP\libhal_bsp.a(alt_exception_entry.o)
 *(.exceptions.exit.label)
 .exceptions.exit.label
                0x00000000000200a8        0x0 c:/Users/ohnaka/work/github/X68k-KeplerX-RTL/GreenPAK/fpga-writer/Eclipse/GreenPAKWriter_BSP\libhal_bsp.a(alt_irq_entry.o)
 .exceptions.exit.label
                0x00000000000200a8        0x0 c:/Users/ohnaka/work/github/X68k-KeplerX-RTL/GreenPAK/fpga-writer/Eclipse/GreenPAKWriter_BSP\libhal_bsp.a(alt_exception_entry.o)
 *(.exceptions.exit.user)
 *(.exceptions.exit)
 .exceptions.exit
                0x00000000000200a8       0x54 c:/Users/ohnaka/work/github/X68k-KeplerX-RTL/GreenPAK/fpga-writer/Eclipse/GreenPAKWriter_BSP\libhal_bsp.a(alt_exception_entry.o)
 *(.exceptions)
 .exceptions    0x00000000000200fc       0xc8 c:/Users/ohnaka/work/github/X68k-KeplerX-RTL/GreenPAK/fpga-writer/Eclipse/GreenPAKWriter_BSP\libhal_bsp.a(alt_irq_handler.o)
                0x00000000000200fc                alt_irq_handler
 .exceptions    0x00000000000201c4       0x60 c:/Users/ohnaka/work/github/X68k-KeplerX-RTL/GreenPAK/fpga-writer/Eclipse/GreenPAKWriter_BSP\libhal_bsp.a(alt_instruction_exception_entry.o)
                0x00000000000201c4                alt_instruction_exception_entry
                0x0000000000020224                PROVIDE (__ram_exceptions_end = ABSOLUTE (.))
                0x0000000000020020                PROVIDE (__flash_exceptions_start = LOADADDR (.exceptions))

.text           0x0000000000020224     0x7604
                [!provide]                        PROVIDE (stext = ABSOLUTE (.))
 *(.interp)
 *(.hash)
 *(.dynsym)
 *(.dynstr)
 *(.gnu.version)
 *(.gnu.version_d)
 *(.gnu.version_r)
 *(.rel.init)
 *(.rela.init)
 *(.rel.text .rel.text.* .rel.gnu.linkonce.t.*)
 *(.rela.text .rela.text.* .rela.gnu.linkonce.t.*)
 *(.rel.fini)
 *(.rela.fini)
 *(.rel.rodata .rel.rodata.* .rel.gnu.linkonce.r.*)
 *(.rela.rodata .rela.rodata.* .rela.gnu.linkonce.r.*)
 *(.rel.data .rel.data.* .rel.gnu.linkonce.d.*)
 *(.rela.data .rela.data.* .rela.gnu.linkonce.d.*)
 *(.rel.tdata .rel.tdata.* .rel.gnu.linkonce.td.*)
 *(.rela.tdata .rela.tdata.* .rela.gnu.linkonce.td.*)
 *(.rel.tbss .rel.tbss.* .rel.gnu.linkonce.tb.*)
 *(.rela.tbss .rela.tbss.* .rela.gnu.linkonce.tb.*)
 *(.rel.ctors)
 *(.rela.ctors)
 *(.rel.dtors)
 *(.rela.dtors)
 *(.rel.got)
 *(.rela.got)
 *(.rel.sdata .rel.sdata.* .rel.gnu.linkonce.s.*)
 *(.rela.sdata .rela.sdata.* .rela.gnu.linkonce.s.*)
 *(.rel.sbss .rel.sbss.* .rel.gnu.linkonce.sb.*)
 *(.rela.sbss .rela.sbss.* .rela.gnu.linkonce.sb.*)
 *(.rel.sdata2 .rel.sdata2.* .rel.gnu.linkonce.s2.*)
 *(.rela.sdata2 .rela.sdata2.* .rela.gnu.linkonce.s2.*)
 *(.rel.sbss2 .rel.sbss2.* .rel.gnu.linkonce.sb2.*)
 *(.rela.sbss2 .rela.sbss2.* .rela.gnu.linkonce.sb2.*)
 *(.rel.bss .rel.bss.* .rel.gnu.linkonce.b.*)
 *(.rela.bss .rela.bss.* .rela.gnu.linkonce.b.*)
 *(.rel.plt)
 *(.rela.plt)
 *(.rel.dyn)
 *(.init)
 *(.plt)
 *(.text .stub .text.* .gnu.linkonce.t.*)
 .text          0x0000000000020224       0x3c c:/Users/ohnaka/work/github/X68k-KeplerX-RTL/GreenPAK/fpga-writer/Eclipse/GreenPAKWriter_BSP/obj/HAL/src/crt0.o
                0x0000000000020224                _start
 .text          0x0000000000020260     0x101c obj/default/main.o
                0x0000000000020260                wait_msec
                0x00000000000202c4                kxlog
                0x00000000000205ec                init
                0x00000000000207a4                read_gp_rom
                0x00000000000209d4                erase_gp_nvm
                0x0000000000020a00                erase_gp_eeprom
                0x0000000000020a2c                erase_gp_rom
                0x0000000000020a9c                erase_gp_rom_block
                0x0000000000020ba4                write_gp_rom
                0x0000000000020d9c                dump
                0x0000000000020e90                eeprom_write
                0x000000000002103c                nvm_write
                0x0000000000021100                main
 .text          0x000000000002127c       0x28 c:/intelfpga_lite/21.1/nios2eds/bin/gnu/h-x86_64-mingw32/bin/../lib/gcc/nios2-elf/10.3.1/mno-hw-mul\libgcc.a(lib2-mul.o)
                0x000000000002127c                __mulsi3
 .text          0x00000000000212a4        0x0 c:/intelfpga_lite/21.1/nios2eds/bin/gnu/h-x86_64-mingw32/bin/../lib/gcc/nios2-elf/10.3.1/../../../../../H-x86_64-mingw32/nios2-elf/lib/mno-hw-mul\libsmallc.a(lib_a-vsnprintf.o)
 .text._vsnprintf_r
                0x00000000000212a4       0xb4 c:/intelfpga_lite/21.1/nios2eds/bin/gnu/h-x86_64-mingw32/bin/../lib/gcc/nios2-elf/10.3.1/../../../../../H-x86_64-mingw32/nios2-elf/lib/mno-hw-mul\libsmallc.a(lib_a-vsnprintf.o)
                0x00000000000212a4                _vsnprintf_r
 .text.vsnprintf
                0x0000000000021358       0x30 c:/intelfpga_lite/21.1/nios2eds/bin/gnu/h-x86_64-mingw32/bin/../lib/gcc/nios2-elf/10.3.1/../../../../../H-x86_64-mingw32/nios2-elf/lib/mno-hw-mul\libsmallc.a(lib_a-vsnprintf.o)
                0x0000000000021358                vsnprintf
 .text          0x0000000000021388        0x0 c:/intelfpga_lite/21.1/nios2eds/bin/gnu/h-x86_64-mingw32/bin/../lib/gcc/nios2-elf/10.3.1/../../../../../H-x86_64-mingw32/nios2-elf/lib/mno-hw-mul\libsmallc.a(lib_a-fvwrite_small_str.o)
 .text.__sfvwrite_small_str
                0x0000000000021388       0x98 c:/intelfpga_lite/21.1/nios2eds/bin/gnu/h-x86_64-mingw32/bin/../lib/gcc/nios2-elf/10.3.1/../../../../../H-x86_64-mingw32/nios2-elf/lib/mno-hw-mul\libsmallc.a(lib_a-fvwrite_small_str.o)
                0x0000000000021388                __sfvwrite_small_str
 .text          0x0000000000021420        0x0 c:/intelfpga_lite/21.1/nios2eds/bin/gnu/h-x86_64-mingw32/bin/../lib/gcc/nios2-elf/10.3.1/../../../../../H-x86_64-mingw32/nios2-elf/lib/mno-hw-mul\libsmallc.a(lib_a-impure.o)
 .text          0x0000000000021420        0x0 c:/intelfpga_lite/21.1/nios2eds/bin/gnu/h-x86_64-mingw32/bin/../lib/gcc/nios2-elf/10.3.1/../../../../../H-x86_64-mingw32/nios2-elf/lib/mno-hw-mul\libsmallc.a(lib_a-memmove.o)
 .text.memmove  0x0000000000021420       0x60 c:/intelfpga_lite/21.1/nios2eds/bin/gnu/h-x86_64-mingw32/bin/../lib/gcc/nios2-elf/10.3.1/../../../../../H-x86_64-mingw32/nios2-elf/lib/mno-hw-mul\libsmallc.a(lib_a-memmove.o)
                0x0000000000021420                memmove
 .text          0x0000000000021480        0x0 c:/intelfpga_lite/21.1/nios2eds/bin/gnu/h-x86_64-mingw32/bin/../lib/gcc/nios2-elf/10.3.1/../../../../../H-x86_64-mingw32/nios2-elf/lib/mno-hw-mul\libsmallc.a(lib_a-svfprintf.o)
 .text.print_repeat
                0x0000000000021480       0x6c c:/intelfpga_lite/21.1/nios2eds/bin/gnu/h-x86_64-mingw32/bin/../lib/gcc/nios2-elf/10.3.1/../../../../../H-x86_64-mingw32/nios2-elf/lib/mno-hw-mul\libsmallc.a(lib_a-svfprintf.o)
 .text.___svfprintf_internal_r
                0x00000000000214ec      0x50c c:/intelfpga_lite/21.1/nios2eds/bin/gnu/h-x86_64-mingw32/bin/../lib/gcc/nios2-elf/10.3.1/../../../../../H-x86_64-mingw32/nios2-elf/lib/mno-hw-mul\libsmallc.a(lib_a-svfprintf.o)
                0x00000000000214ec                ___svfprintf_internal_r
 .text.__vfprintf_internal_unused
                0x00000000000219f8       0x18 c:/intelfpga_lite/21.1/nios2eds/bin/gnu/h-x86_64-mingw32/bin/../lib/gcc/nios2-elf/10.3.1/../../../../../H-x86_64-mingw32/nios2-elf/lib/mno-hw-mul\libsmallc.a(lib_a-svfprintf.o)
                0x00000000000219f8                __vfprintf_internal_unused
 .text          0x0000000000021a10        0x0 c:/intelfpga_lite/21.1/nios2eds/bin/gnu/h-x86_64-mingw32/bin/../lib/gcc/nios2-elf/10.3.1/../../../../../H-x86_64-mingw32/nios2-elf/lib/mno-hw-mul\libsmallc.a(lib_a-strlen.o)
 .text.strlen   0x0000000000021a10       0x1c c:/intelfpga_lite/21.1/nios2eds/bin/gnu/h-x86_64-mingw32/bin/../lib/gcc/nios2-elf/10.3.1/../../../../../H-x86_64-mingw32/nios2-elf/lib/mno-hw-mul\libsmallc.a(lib_a-strlen.o)
                0x0000000000021a10                strlen
 .text          0x0000000000021a2c      0x1b4 c:/intelfpga_lite/21.1/nios2eds/bin/gnu/h-x86_64-mingw32/bin/../lib/gcc/nios2-elf/10.3.1/mno-hw-mul\libgcc.a(lib2-divmod.o)
                0x0000000000021a2c                __divsi3
                0x0000000000021aac                __modsi3
                0x0000000000021b20                __udivsi3
                0x0000000000021b84                __umodsi3
 .text          0x0000000000021be0       0x20 c:/Users/ohnaka/work/github/X68k-KeplerX-RTL/GreenPAK/fpga-writer/Eclipse/GreenPAKWriter_BSP\libhal_bsp.a(alt_dcache_flush_all.o)
                0x0000000000021be0                alt_dcache_flush_all
 .text          0x0000000000021c00      0x1b0 c:/Users/ohnaka/work/github/X68k-KeplerX-RTL/GreenPAK/fpga-writer/Eclipse/GreenPAKWriter_BSP\libhal_bsp.a(alt_iic.o)
                0x0000000000021c00                alt_ic_isr_register
                0x0000000000021c50                alt_ic_irq_enable
                0x0000000000021cd8                alt_ic_irq_disable
                0x0000000000021d64                alt_ic_irq_enabled
 .text          0x0000000000021db0       0xe8 c:/Users/ohnaka/work/github/X68k-KeplerX-RTL/GreenPAK/fpga-writer/Eclipse/GreenPAKWriter_BSP\libhal_bsp.a(alt_iic_isr_register.o)
                0x0000000000021db0                alt_iic_isr_register
 .text          0x0000000000021e98        0x0 c:/Users/ohnaka/work/github/X68k-KeplerX-RTL/GreenPAK/fpga-writer/Eclipse/GreenPAKWriter_BSP\libhal_bsp.a(alt_irq_entry.o)
 .text          0x0000000000021e98        0x0 c:/Users/ohnaka/work/github/X68k-KeplerX-RTL/GreenPAK/fpga-writer/Eclipse/GreenPAKWriter_BSP\libhal_bsp.a(alt_irq_handler.o)
 .text          0x0000000000021e98        0x0 c:/Users/ohnaka/work/github/X68k-KeplerX-RTL/GreenPAK/fpga-writer/Eclipse/GreenPAKWriter_BSP\libhal_bsp.a(alt_irq_vars.o)
 .text          0x0000000000021e98       0xec c:/Users/ohnaka/work/github/X68k-KeplerX-RTL/GreenPAK/fpga-writer/Eclipse/GreenPAKWriter_BSP\libhal_bsp.a(alt_load.o)
                0x0000000000021f00                alt_load
 .text          0x0000000000021f84       0x7c c:/Users/ohnaka/work/github/X68k-KeplerX-RTL/GreenPAK/fpga-writer/Eclipse/GreenPAKWriter_BSP\libhal_bsp.a(alt_main.o)
                0x0000000000021f84                alt_main
 .text          0x0000000000022000       0xdc c:/Users/ohnaka/work/github/X68k-KeplerX-RTL/GreenPAK/fpga-writer/Eclipse/GreenPAKWriter_BSP\libhal_bsp.a(alt_sys_init.o)
                0x0000000000022034                alt_irq_init
                0x0000000000022070                alt_sys_init
 .text          0x00000000000220dc      0x4f8 c:/Users/ohnaka/work/github/X68k-KeplerX-RTL/GreenPAK/fpga-writer/Eclipse/GreenPAKWriter_BSP\libhal_bsp.a(altera_avalon_fifo_util.o)
                0x00000000000220dc                altera_avalon_fifo_init
                0x0000000000022174                altera_avalon_fifo_read_status
                0x00000000000221b0                altera_avalon_fifo_read_ienable
                0x00000000000221ec                altera_avalon_fifo_read_almostfull
                0x0000000000022218                altera_avalon_fifo_read_almostempty
                0x0000000000022244                altera_avalon_fifo_read_event
                0x0000000000022280                altera_avalon_fifo_read_level
                0x00000000000222a8                altera_avalon_fifo_clear_event
                0x0000000000022308                altera_avalon_fifo_write_ienable
                0x0000000000022360                altera_avalon_fifo_write_almostfull
                0x00000000000223b8                altera_avalon_fifo_write_almostempty
                0x0000000000022410                altera_avalon_fifo_write_fifo
                0x0000000000022468                altera_avalon_read_fifo
                0x00000000000224d4                altera_avalon_fifo_read_fifo
                0x0000000000022520                altera_avalon_fifo_write_other_info
                0x0000000000022580                altera_avalon_fifo_read_other_info
                0x00000000000225ac                altera_avalon_fifo_read_backpressure
 .text          0x00000000000225d4     0x1c2c c:/Users/ohnaka/work/github/X68k-KeplerX-RTL/GreenPAK/fpga-writer/Eclipse/GreenPAKWriter_BSP\libhal_bsp.a(altera_avalon_i2c.o)
                0x00000000000226e4                alt_avalon_i2c_register_optional_irq_handler
                0x00000000000227d4                alt_avalon_i2c_register_callback
                0x0000000000022828                alt_avalon_i2c_init
                0x0000000000022914                alt_avalon_i2c_open
                0x0000000000022954                alt_avalon_i2c_enable
                0x00000000000229ec                alt_avalon_i2c_disable
                0x0000000000022a38                alt_avalon_i2c_master_config_get
                0x0000000000022ae8                alt_avalon_i2c_master_config_set
                0x0000000000022bb4                alt_avalon_i2c_master_config_speed_get
                0x0000000000022c48                alt_avalon_i2c_master_config_speed_set
                0x0000000000022d44                alt_avalon_i2c_is_busy
                0x0000000000022d88                alt_avalon_i2c_rx_read_available
                0x0000000000022e34                alt_avalon_i2c_rx_read
                0x0000000000022edc                alt_avalon_i2c_cmd_write
                0x0000000000022fc8                alt_avalon_i2c_send_address
                0x00000000000230b8                alt_avalon_i2c_master_target_get
                0x00000000000230f0                alt_avalon_i2c_master_target_set
                0x0000000000023124                alt_avalon_i2c_check_nack
                0x0000000000023170                alt_avalon_i2c_check_arblost
                0x00000000000231bc                alt_avalon_i2c_interrupt_transaction_status
                0x00000000000232f8                alt_avalon_i2c_master_tx
                0x00000000000233e0                alt_avalon_i2c_master_rx
                0x000000000002351c                alt_avalon_i2c_master_tx_rx
                0x00000000000236e4                alt_avalon_i2c_master_transmit
                0x00000000000238a4                alt_avalon_i2c_master_transmit_using_interrupts
                0x0000000000023ab0                alt_avalon_i2c_master_receive
                0x0000000000023cc0                alt_avalon_i2c_master_receive_using_interrupts
                0x0000000000023eb0                alt_avalon_i2c_int_status_get
                0x0000000000023f08                alt_avalon_i2c_int_raw_status_get
                0x0000000000023f4c                alt_avalon_i2c_int_clear
                0x0000000000023f88                alt_avalon_i2c_int_disable
                0x0000000000023ff4                alt_avalon_i2c_int_enable
                0x000000000002405c                alt_avalon_i2c_enabled_ints_get
                0x00000000000240a0                alt_avalon_i2c_rx_fifo_threshold_get
                0x00000000000240ec                alt_avalon_i2c_rx_fifo_threshold_set
                0x0000000000024150                alt_avalon_i2c_tfr_cmd_fifo_threshold_get
                0x000000000002419c                alt_avalon_i2c_tfr_cmd_fifo_threshold_set
 .text          0x0000000000024200       0xc0 c:/Users/ohnaka/work/github/X68k-KeplerX-RTL/GreenPAK/fpga-writer/Eclipse/GreenPAKWriter_BSP\libhal_bsp.a(altera_avalon_jtag_uart_fd.o)
                0x0000000000024200                altera_avalon_jtag_uart_read_fd
                0x0000000000024260                altera_avalon_jtag_uart_write_fd
 .text          0x00000000000242c0       0xec c:/Users/ohnaka/work/github/X68k-KeplerX-RTL/GreenPAK/fpga-writer/Eclipse/GreenPAKWriter_BSP\libhal_bsp.a(altera_avalon_jtag_uart_read.o)
                0x00000000000242c0                altera_avalon_jtag_uart_read
 .text          0x00000000000243ac       0x94 c:/Users/ohnaka/work/github/X68k-KeplerX-RTL/GreenPAK/fpga-writer/Eclipse/GreenPAKWriter_BSP\libhal_bsp.a(altera_avalon_jtag_uart_write.o)
                0x00000000000243ac                altera_avalon_jtag_uart_write
 .text          0x0000000000024440     0x1fd8 c:/Users/ohnaka/work/github/X68k-KeplerX-RTL/GreenPAK/fpga-writer/Eclipse/GreenPAKWriter_BSP\libhal_bsp.a(altera_msgdma.o)
                0x0000000000025008                alt_msgdma_construct_standard_st_to_mm_descriptor
                0x0000000000025060                alt_msgdma_construct_standard_mm_to_st_descriptor
                0x00000000000250b8                alt_msgdma_construct_standard_mm_to_mm_descriptor
                0x0000000000025110                alt_msgdma_construct_extended_st_to_mm_descriptor
                0x00000000000251a0                alt_msgdma_construct_extended_mm_to_st_descriptor
                0x0000000000025230                alt_msgdma_construct_extended_mm_to_mm_descriptor
                0x0000000000025510                alt_msgdma_construct_prefetcher_standard_mm_to_mm_descriptor
                0x0000000000025568                alt_msgdma_construct_prefetcher_standard_st_to_mm_descriptor
                0x00000000000255c0                alt_msgdma_construct_prefetcher_standard_mm_to_st_descriptor
                0x0000000000025618                alt_msgdma_construct_prefetcher_extended_st_to_mm_descriptor
                0x00000000000256b8                alt_msgdma_construct_prefetcher_extended_mm_to_st_descriptor
                0x0000000000025750                alt_msgdma_construct_prefetcher_extended_mm_to_mm_descriptor
                0x0000000000025808                alt_msgdma_prefetcher_add_standard_desc_to_list
                0x00000000000258f8                alt_msgdma_prefetcher_add_extended_desc_to_list
                0x0000000000025a90                alt_msgdma_prefetcher_set_std_list_own_by_hw_bits
                0x0000000000025ba0                alt_msgdma_prefetcher_set_extd_list_own_by_hw_bits
                0x0000000000025cec                alt_msgdma_start_prefetcher_with_list_addr
                0x0000000000025fb4                alt_msgdma_start_prefetcher_with_std_desc_list
                0x0000000000026064                alt_msgdma_start_prefetcher_with_extd_desc_list
                0x0000000000026114                alt_msgdma_open
                0x000000000002616c                alt_msgdma_init
                0x00000000000262d4                alt_msgdma_register_callback
                0x0000000000026328                alt_msgdma_standard_descriptor_async_transfer
                0x0000000000026364                alt_msgdma_extended_descriptor_async_transfer
                0x00000000000263a0                alt_msgdma_standard_descriptor_sync_transfer
                0x00000000000263dc                alt_msgdma_extended_descriptor_sync_transfer
 .text          0x0000000000026418      0x158 c:/Users/ohnaka/work/github/X68k-KeplerX-RTL/GreenPAK/fpga-writer/Eclipse/GreenPAKWriter_BSP\libhal_bsp.a(alt_busy_sleep.o)
                0x0000000000026418                alt_busy_sleep
 .text          0x0000000000026570      0x118 c:/Users/ohnaka/work/github/X68k-KeplerX-RTL/GreenPAK/fpga-writer/Eclipse/GreenPAKWriter_BSP\libhal_bsp.a(alt_close.o)
                0x00000000000265ac                close
 .text          0x0000000000026688       0x28 c:/Users/ohnaka/work/github/X68k-KeplerX-RTL/GreenPAK/fpga-writer/Eclipse/GreenPAKWriter_BSP\libhal_bsp.a(alt_dcache_flush.o)
                0x0000000000026688                alt_dcache_flush
 .text          0x00000000000266b0       0x2c c:/Users/ohnaka/work/github/X68k-KeplerX-RTL/GreenPAK/fpga-writer/Eclipse/GreenPAKWriter_BSP\libhal_bsp.a(alt_dev.o)
 .text          0x00000000000266dc       0xe4 c:/Users/ohnaka/work/github/X68k-KeplerX-RTL/GreenPAK/fpga-writer/Eclipse/GreenPAKWriter_BSP\libhal_bsp.a(alt_dev_llist_insert.o)
                0x0000000000026718                alt_dev_llist_insert
 .text          0x00000000000267c0       0x64 c:/Users/ohnaka/work/github/X68k-KeplerX-RTL/GreenPAK/fpga-writer/Eclipse/GreenPAKWriter_BSP\libhal_bsp.a(alt_do_ctors.o)
                0x00000000000267c0                _do_ctors
 .text          0x0000000000026824       0x64 c:/Users/ohnaka/work/github/X68k-KeplerX-RTL/GreenPAK/fpga-writer/Eclipse/GreenPAKWriter_BSP\libhal_bsp.a(alt_do_dtors.o)
                0x0000000000026824                _do_dtors
 .text          0x0000000000026888        0x0 c:/Users/ohnaka/work/github/X68k-KeplerX-RTL/GreenPAK/fpga-writer/Eclipse/GreenPAKWriter_BSP\libhal_bsp.a(alt_errno.o)
 .text          0x0000000000026888        0x0 c:/Users/ohnaka/work/github/X68k-KeplerX-RTL/GreenPAK/fpga-writer/Eclipse/GreenPAKWriter_BSP\libhal_bsp.a(alt_exception_entry.o)
 .text          0x0000000000026888       0x90 c:/Users/ohnaka/work/github/X68k-KeplerX-RTL/GreenPAK/fpga-writer/Eclipse/GreenPAKWriter_BSP\libhal_bsp.a(alt_find_dev.o)
                0x0000000000026888                alt_find_dev
 .text          0x0000000000026918       0x20 c:/Users/ohnaka/work/github/X68k-KeplerX-RTL/GreenPAK/fpga-writer/Eclipse/GreenPAKWriter_BSP\libhal_bsp.a(alt_icache_flush_all.o)
                0x0000000000026918                alt_icache_flush_all
 .text          0x0000000000026938       0x98 c:/Users/ohnaka/work/github/X68k-KeplerX-RTL/GreenPAK/fpga-writer/Eclipse/GreenPAKWriter_BSP\libhal_bsp.a(alt_instruction_exception_entry.o)
                0x0000000000026938                alt_exception_cause_generated_bad_addr
 .text          0x00000000000269d0      0x150 c:/Users/ohnaka/work/github/X68k-KeplerX-RTL/GreenPAK/fpga-writer/Eclipse/GreenPAKWriter_BSP\libhal_bsp.a(alt_io_redirect.o)
                0x0000000000026aa4                alt_io_redirect
 .text          0x0000000000026b20      0x278 c:/Users/ohnaka/work/github/X68k-KeplerX-RTL/GreenPAK/fpga-writer/Eclipse/GreenPAKWriter_BSP\libhal_bsp.a(alt_open.o)
                0x0000000000026c38                open
 .text          0x0000000000026d98      0x22c c:/Users/ohnaka/work/github/X68k-KeplerX-RTL/GreenPAK/fpga-writer/Eclipse/GreenPAKWriter_BSP\libhal_bsp.a(alt_printf.o)
                0x0000000000026d98                alt_printf
 .text          0x0000000000026fc4       0x30 c:/Users/ohnaka/work/github/X68k-KeplerX-RTL/GreenPAK/fpga-writer/Eclipse/GreenPAKWriter_BSP\libhal_bsp.a(alt_putchar.o)
                0x0000000000026fc4                alt_putchar
 .text          0x0000000000026ff4       0x70 c:/Users/ohnaka/work/github/X68k-KeplerX-RTL/GreenPAK/fpga-writer/Eclipse/GreenPAKWriter_BSP\libhal_bsp.a(alt_release_fd.o)
                0x0000000000026ff4                alt_release_fd
 .text          0x0000000000027064       0x24 c:/Users/ohnaka/work/github/X68k-KeplerX-RTL/GreenPAK/fpga-writer/Eclipse/GreenPAKWriter_BSP\libhal_bsp.a(altera_nios2_gen2_irq.o)
                0x0000000000027064                altera_nios2_gen2_irq_init
 .text          0x0000000000027088      0x108 c:/Users/ohnaka/work/github/X68k-KeplerX-RTL/GreenPAK/fpga-writer/Eclipse/GreenPAKWriter_BSP\libhal_bsp.a(alt_find_file.o)
                0x0000000000027088                alt_find_file
 .text          0x0000000000027190       0xb8 c:/Users/ohnaka/work/github/X68k-KeplerX-RTL/GreenPAK/fpga-writer/Eclipse/GreenPAKWriter_BSP\libhal_bsp.a(alt_get_fd.o)
                0x0000000000027190                alt_get_fd
 .text          0x0000000000027248        0x0 c:/intelfpga_lite/21.1/nios2eds/bin/gnu/h-x86_64-mingw32/bin/../lib/gcc/nios2-elf/10.3.1/../../../../../H-x86_64-mingw32/nios2-elf/lib/mno-hw-mul\libsmallc.a(lib_a-atexit.o)
 .text.atexit   0x0000000000027248       0x14 c:/intelfpga_lite/21.1/nios2eds/bin/gnu/h-x86_64-mingw32/bin/../lib/gcc/nios2-elf/10.3.1/../../../../../H-x86_64-mingw32/nios2-elf/lib/mno-hw-mul\libsmallc.a(lib_a-atexit.o)
                0x0000000000027248                atexit
 .text          0x000000000002725c        0x0 c:/intelfpga_lite/21.1/nios2eds/bin/gnu/h-x86_64-mingw32/bin/../lib/gcc/nios2-elf/10.3.1/../../../../../H-x86_64-mingw32/nios2-elf/lib/mno-hw-mul\libsmallc.a(lib_a-exit.o)
 .text.exit     0x000000000002725c       0x20 c:/intelfpga_lite/21.1/nios2eds/bin/gnu/h-x86_64-mingw32/bin/../lib/gcc/nios2-elf/10.3.1/../../../../../H-x86_64-mingw32/nios2-elf/lib/mno-hw-mul\libsmallc.a(lib_a-exit.o)
                0x000000000002725c                exit
 .text          0x000000000002727c        0x0 c:/intelfpga_lite/21.1/nios2eds/bin/gnu/h-x86_64-mingw32/bin/../lib/gcc/nios2-elf/10.3.1/../../../../../H-x86_64-mingw32/nios2-elf/lib/mno-hw-mul\libsmallc.a(lib_a-int_errno.o)
 .text          0x000000000002727c        0x0 c:/intelfpga_lite/21.1/nios2eds/bin/gnu/h-x86_64-mingw32/bin/../lib/gcc/nios2-elf/10.3.1/../../../../../H-x86_64-mingw32/nios2-elf/lib/mno-hw-mul\libsmallc.a(lib_a-memcmp.o)
 .text.memcmp   0x000000000002727c       0x30 c:/intelfpga_lite/21.1/nios2eds/bin/gnu/h-x86_64-mingw32/bin/../lib/gcc/nios2-elf/10.3.1/../../../../../H-x86_64-mingw32/nios2-elf/lib/mno-hw-mul\libsmallc.a(lib_a-memcmp.o)
                0x000000000002727c                memcmp
 .text          0x00000000000272ac        0x0 c:/intelfpga_lite/21.1/nios2eds/bin/gnu/h-x86_64-mingw32/bin/../lib/gcc/nios2-elf/10.3.1/../../../../../H-x86_64-mingw32/nios2-elf/lib/mno-hw-mul\libsmallc.a(lib_a-putchar.o)
 .text._putchar_r
                0x00000000000272ac        0x8 c:/intelfpga_lite/21.1/nios2eds/bin/gnu/h-x86_64-mingw32/bin/../lib/gcc/nios2-elf/10.3.1/../../../../../H-x86_64-mingw32/nios2-elf/lib/mno-hw-mul\libsmallc.a(lib_a-putchar.o)
                0x00000000000272ac                _putchar_r
 .text.putchar  0x00000000000272b4       0x18 c:/intelfpga_lite/21.1/nios2eds/bin/gnu/h-x86_64-mingw32/bin/../lib/gcc/nios2-elf/10.3.1/../../../../../H-x86_64-mingw32/nios2-elf/lib/mno-hw-mul\libsmallc.a(lib_a-putchar.o)
                0x00000000000272b4                putchar
 .text          0x00000000000272cc        0x0 c:/intelfpga_lite/21.1/nios2eds/bin/gnu/h-x86_64-mingw32/bin/../lib/gcc/nios2-elf/10.3.1/../../../../../H-x86_64-mingw32/nios2-elf/lib/mno-hw-mul\libsmallc.a(lib_a-__atexit.o)
 .text.__register_exitproc
                0x00000000000272cc      0x11c c:/intelfpga_lite/21.1/nios2eds/bin/gnu/h-x86_64-mingw32/bin/../lib/gcc/nios2-elf/10.3.1/../../../../../H-x86_64-mingw32/nios2-elf/lib/mno-hw-mul\libsmallc.a(lib_a-__atexit.o)
                0x00000000000272cc                __register_exitproc
 .text          0x00000000000273e8        0x0 c:/intelfpga_lite/21.1/nios2eds/bin/gnu/h-x86_64-mingw32/bin/../lib/gcc/nios2-elf/10.3.1/../../../../../H-x86_64-mingw32/nios2-elf/lib/mno-hw-mul\libsmallc.a(lib_a-__call_atexit.o)
 .text.__call_exitprocs
                0x00000000000273e8      0x12c c:/intelfpga_lite/21.1/nios2eds/bin/gnu/h-x86_64-mingw32/bin/../lib/gcc/nios2-elf/10.3.1/../../../../../H-x86_64-mingw32/nios2-elf/lib/mno-hw-mul\libsmallc.a(lib_a-__call_atexit.o)
                0x00000000000273e8                __call_exitprocs
 .text          0x0000000000027514        0x0 c:/intelfpga_lite/21.1/nios2eds/bin/gnu/h-x86_64-mingw32/bin/../lib/gcc/nios2-elf/10.3.1/../../../../../H-x86_64-mingw32/nios2-elf/lib/mno-hw-mul\libsmallc.a(lib_a-putc.o)
 .text.putc     0x0000000000027514       0x50 c:/intelfpga_lite/21.1/nios2eds/bin/gnu/h-x86_64-mingw32/bin/../lib/gcc/nios2-elf/10.3.1/../../../../../H-x86_64-mingw32/nios2-elf/lib/mno-hw-mul\libsmallc.a(lib_a-putc.o)
                0x0000000000027514                putc
 .text._putc_r  0x0000000000027564       0x54 c:/intelfpga_lite/21.1/nios2eds/bin/gnu/h-x86_64-mingw32/bin/../lib/gcc/nios2-elf/10.3.1/../../../../../H-x86_64-mingw32/nios2-elf/lib/mno-hw-mul\libsmallc.a(lib_a-putc.o)
                0x0000000000027564                _putc_r
 .text          0x00000000000275b8        0x0 c:/intelfpga_lite/21.1/nios2eds/bin/gnu/h-x86_64-mingw32/bin/../lib/gcc/nios2-elf/10.3.1/../../../../../H-x86_64-mingw32/nios2-elf/lib/mno-hw-mul\libsmallc.a(lib_a-fvwrite_small_dev.o)
 .text.__sfvwrite_small_dev
                0x00000000000275b8       0xa8 c:/intelfpga_lite/21.1/nios2eds/bin/gnu/h-x86_64-mingw32/bin/../lib/gcc/nios2-elf/10.3.1/../../../../../H-x86_64-mingw32/nios2-elf/lib/mno-hw-mul\libsmallc.a(lib_a-fvwrite_small_dev.o)
                0x00000000000275b8                __sfvwrite_small_dev
 .text          0x0000000000027660        0x0 c:/intelfpga_lite/21.1/nios2eds/bin/gnu/h-x86_64-mingw32/bin/../lib/gcc/nios2-elf/10.3.1/../../../../../H-x86_64-mingw32/nios2-elf/lib/mno-hw-mul\libsmallc.a(lib_a-writer.o)
 .text._write_r
                0x0000000000027660       0x50 c:/intelfpga_lite/21.1/nios2eds/bin/gnu/h-x86_64-mingw32/bin/../lib/gcc/nios2-elf/10.3.1/../../../../../H-x86_64-mingw32/nios2-elf/lib/mno-hw-mul\libsmallc.a(lib_a-writer.o)
                0x0000000000027660                _write_r
 .text          0x00000000000276b0       0x38 c:/Users/ohnaka/work/github/X68k-KeplerX-RTL/GreenPAK/fpga-writer/Eclipse/GreenPAKWriter_BSP\libhal_bsp.a(alt_exit.o)
                0x00000000000276b0                _exit
 .text          0x00000000000276e8      0x140 c:/Users/ohnaka/work/github/X68k-KeplerX-RTL/GreenPAK/fpga-writer/Eclipse/GreenPAKWriter_BSP\libhal_bsp.a(alt_write.o)
                0x0000000000027724                write
 *(.gnu.warning.*)
 *(.fini)
                [!provide]                        PROVIDE (__etext = ABSOLUTE (.))
                [!provide]                        PROVIDE (_etext = ABSOLUTE (.))
                [!provide]                        PROVIDE (etext = ABSOLUTE (.))
 *(.eh_frame_hdr)
                0x0000000000027828                . = ALIGN (0x4)
                [!provide]                        PROVIDE (__preinit_array_start = ABSOLUTE (.))
 *(.preinit_array)
                [!provide]                        PROVIDE (__preinit_array_end = ABSOLUTE (.))
                [!provide]                        PROVIDE (__init_array_start = ABSOLUTE (.))
 *(.init_array)
                [!provide]                        PROVIDE (__init_array_end = ABSOLUTE (.))
                [!provide]                        PROVIDE (__fini_array_start = ABSOLUTE (.))
 *(.fini_array)
                [!provide]                        PROVIDE (__fini_array_end = ABSOLUTE (.))
 *(.eh_frame)
 *(.gcc_except_table .gcc_except_table.*)
 *(.dynamic)
                0x0000000000027828                PROVIDE (__CTOR_LIST__ = ABSOLUTE (.))
 *(.ctors)
 *(SORT_BY_NAME(.ctors.*))
                0x0000000000027828                PROVIDE (__CTOR_END__ = ABSOLUTE (.))
                0x0000000000027828                PROVIDE (__DTOR_LIST__ = ABSOLUTE (.))
 *(.dtors)
 *(SORT_BY_NAME(.dtors.*))
                0x0000000000027828                PROVIDE (__DTOR_END__ = ABSOLUTE (.))
 *(.jcr)
                0x0000000000027828                . = ALIGN (0x4)

.rodata         0x0000000000027828      0x418
                0x0000000000027828                PROVIDE (__ram_rodata_start = ABSOLUTE (.))
                0x0000000000027828                . = ALIGN (0x4)
 *(.rodata .rodata.* .gnu.linkonce.r.*)
 .rodata        0x0000000000027828      0x1a4 obj/default/main.o
 .rodata        0x00000000000279cc        0xf c:/Users/ohnaka/work/github/X68k-KeplerX-RTL/GreenPAK/fpga-writer/Eclipse/GreenPAKWriter_BSP\libhal_bsp.a(alt_main.o)
 *fill*         0x00000000000279db        0x1 
 .rodata        0x00000000000279dc       0x48 c:/Users/ohnaka/work/github/X68k-KeplerX-RTL/GreenPAK/fpga-writer/Eclipse/GreenPAKWriter_BSP\libhal_bsp.a(alt_sys_init.o)
 .rodata        0x0000000000027a24       0x1d c:/Users/ohnaka/work/github/X68k-KeplerX-RTL/GreenPAK/fpga-writer/Eclipse/GreenPAKWriter_BSP\libhal_bsp.a(altera_avalon_i2c.o)
 *fill*         0x0000000000027a41        0x3 
 .rodata        0x0000000000027a44      0x1ed c:/Users/ohnaka/work/github/X68k-KeplerX-RTL/GreenPAK/fpga-writer/Eclipse/GreenPAKWriter_BSP\libhal_bsp.a(altera_msgdma.o)
 *fill*         0x0000000000027c31        0x3 
 .rodata        0x0000000000027c34        0xa c:/Users/ohnaka/work/github/X68k-KeplerX-RTL/GreenPAK/fpga-writer/Eclipse/GreenPAKWriter_BSP\libhal_bsp.a(alt_dev.o)
 *(.rodata1)
                0x0000000000027c40                . = ALIGN (0x4)
 *fill*         0x0000000000027c3e        0x2 
                0x0000000000027c40                PROVIDE (__ram_rodata_end = ABSOLUTE (.))
                0x0000000000027828                PROVIDE (__flash_rodata_start = LOADADDR (.rodata))

.rwdata         0x0000000000027c40      0x3ec load address 0x000000000002802c
                0x0000000000027c40                PROVIDE (__ram_rwdata_start = ABSOLUTE (.))
                0x0000000000027c40                . = ALIGN (0x4)
 *(.got.plt)
 *(.got)
 *(.data1)
 *(.data .data.* .gnu.linkonce.d.*)
 .data          0x0000000000027c40        0x0 c:/Users/ohnaka/work/github/X68k-KeplerX-RTL/GreenPAK/fpga-writer/Eclipse/GreenPAKWriter_BSP/obj/HAL/src/crt0.o
 .data          0x0000000000027c40       0x4a obj/default/main.o
                0x0000000000027c40                rd_cmd
                0x0000000000027c66                wr_cmd
 .data          0x0000000000027c8a        0x0 c:/intelfpga_lite/21.1/nios2eds/bin/gnu/h-x86_64-mingw32/bin/../lib/gcc/nios2-elf/10.3.1/mno-hw-mul\libgcc.a(lib2-mul.o)
 .data          0x0000000000027c8a        0x0 c:/intelfpga_lite/21.1/nios2eds/bin/gnu/h-x86_64-mingw32/bin/../lib/gcc/nios2-elf/10.3.1/../../../../../H-x86_64-mingw32/nios2-elf/lib/mno-hw-mul\libsmallc.a(lib_a-vsnprintf.o)
 .data          0x0000000000027c8a        0x0 c:/intelfpga_lite/21.1/nios2eds/bin/gnu/h-x86_64-mingw32/bin/../lib/gcc/nios2-elf/10.3.1/../../../../../H-x86_64-mingw32/nios2-elf/lib/mno-hw-mul\libsmallc.a(lib_a-fvwrite_small_str.o)
 .data          0x0000000000027c8a        0x0 c:/intelfpga_lite/21.1/nios2eds/bin/gnu/h-x86_64-mingw32/bin/../lib/gcc/nios2-elf/10.3.1/../../../../../H-x86_64-mingw32/nios2-elf/lib/mno-hw-mul\libsmallc.a(lib_a-impure.o)
 *fill*         0x0000000000027c8a        0x2 
 .data.impure_data
                0x0000000000027c8c       0xe4 c:/intelfpga_lite/21.1/nios2eds/bin/gnu/h-x86_64-mingw32/bin/../lib/gcc/nios2-elf/10.3.1/../../../../../H-x86_64-mingw32/nios2-elf/lib/mno-hw-mul\libsmallc.a(lib_a-impure.o)
 .data          0x0000000000027d70        0x0 c:/intelfpga_lite/21.1/nios2eds/bin/gnu/h-x86_64-mingw32/bin/../lib/gcc/nios2-elf/10.3.1/../../../../../H-x86_64-mingw32/nios2-elf/lib/mno-hw-mul\libsmallc.a(lib_a-memmove.o)
 .data          0x0000000000027d70        0x0 c:/intelfpga_lite/21.1/nios2eds/bin/gnu/h-x86_64-mingw32/bin/../lib/gcc/nios2-elf/10.3.1/../../../../../H-x86_64-mingw32/nios2-elf/lib/mno-hw-mul\libsmallc.a(lib_a-svfprintf.o)
 .data          0x0000000000027d70        0x0 c:/intelfpga_lite/21.1/nios2eds/bin/gnu/h-x86_64-mingw32/bin/../lib/gcc/nios2-elf/10.3.1/../../../../../H-x86_64-mingw32/nios2-elf/lib/mno-hw-mul\libsmallc.a(lib_a-strlen.o)
 .data          0x0000000000027d70        0x0 c:/intelfpga_lite/21.1/nios2eds/bin/gnu/h-x86_64-mingw32/bin/../lib/gcc/nios2-elf/10.3.1/mno-hw-mul\libgcc.a(lib2-divmod.o)
 .data          0x0000000000027d70        0x0 c:/Users/ohnaka/work/github/X68k-KeplerX-RTL/GreenPAK/fpga-writer/Eclipse/GreenPAKWriter_BSP\libhal_bsp.a(alt_dcache_flush_all.o)
 .data          0x0000000000027d70        0x0 c:/Users/ohnaka/work/github/X68k-KeplerX-RTL/GreenPAK/fpga-writer/Eclipse/GreenPAKWriter_BSP\libhal_bsp.a(alt_iic.o)
 .data          0x0000000000027d70        0x0 c:/Users/ohnaka/work/github/X68k-KeplerX-RTL/GreenPAK/fpga-writer/Eclipse/GreenPAKWriter_BSP\libhal_bsp.a(alt_iic_isr_register.o)
 .data          0x0000000000027d70        0x0 c:/Users/ohnaka/work/github/X68k-KeplerX-RTL/GreenPAK/fpga-writer/Eclipse/GreenPAKWriter_BSP\libhal_bsp.a(alt_irq_entry.o)
 .data          0x0000000000027d70        0x0 c:/Users/ohnaka/work/github/X68k-KeplerX-RTL/GreenPAK/fpga-writer/Eclipse/GreenPAKWriter_BSP\libhal_bsp.a(alt_irq_handler.o)
 .data          0x0000000000027d70        0x0 c:/Users/ohnaka/work/github/X68k-KeplerX-RTL/GreenPAK/fpga-writer/Eclipse/GreenPAKWriter_BSP\libhal_bsp.a(alt_irq_vars.o)
 .data          0x0000000000027d70        0x0 c:/Users/ohnaka/work/github/X68k-KeplerX-RTL/GreenPAK/fpga-writer/Eclipse/GreenPAKWriter_BSP\libhal_bsp.a(alt_load.o)
 .data          0x0000000000027d70        0x0 c:/Users/ohnaka/work/github/X68k-KeplerX-RTL/GreenPAK/fpga-writer/Eclipse/GreenPAKWriter_BSP\libhal_bsp.a(alt_main.o)
 .data          0x0000000000027d70       0xd0 c:/Users/ohnaka/work/github/X68k-KeplerX-RTL/GreenPAK/fpga-writer/Eclipse/GreenPAKWriter_BSP\libhal_bsp.a(alt_sys_init.o)
 .data          0x0000000000027e40        0x0 c:/Users/ohnaka/work/github/X68k-KeplerX-RTL/GreenPAK/fpga-writer/Eclipse/GreenPAKWriter_BSP\libhal_bsp.a(altera_avalon_fifo_util.o)
 .data          0x0000000000027e40        0x0 c:/Users/ohnaka/work/github/X68k-KeplerX-RTL/GreenPAK/fpga-writer/Eclipse/GreenPAKWriter_BSP\libhal_bsp.a(altera_avalon_i2c.o)
 .data          0x0000000000027e40        0x0 c:/Users/ohnaka/work/github/X68k-KeplerX-RTL/GreenPAK/fpga-writer/Eclipse/GreenPAKWriter_BSP\libhal_bsp.a(altera_avalon_jtag_uart_fd.o)
 .data          0x0000000000027e40        0x0 c:/Users/ohnaka/work/github/X68k-KeplerX-RTL/GreenPAK/fpga-writer/Eclipse/GreenPAKWriter_BSP\libhal_bsp.a(altera_avalon_jtag_uart_read.o)
 .data          0x0000000000027e40        0x0 c:/Users/ohnaka/work/github/X68k-KeplerX-RTL/GreenPAK/fpga-writer/Eclipse/GreenPAKWriter_BSP\libhal_bsp.a(altera_avalon_jtag_uart_write.o)
 .data          0x0000000000027e40        0x0 c:/Users/ohnaka/work/github/X68k-KeplerX-RTL/GreenPAK/fpga-writer/Eclipse/GreenPAKWriter_BSP\libhal_bsp.a(altera_msgdma.o)
 .data          0x0000000000027e40        0x0 c:/Users/ohnaka/work/github/X68k-KeplerX-RTL/GreenPAK/fpga-writer/Eclipse/GreenPAKWriter_BSP\libhal_bsp.a(alt_busy_sleep.o)
 .data          0x0000000000027e40        0x0 c:/Users/ohnaka/work/github/X68k-KeplerX-RTL/GreenPAK/fpga-writer/Eclipse/GreenPAKWriter_BSP\libhal_bsp.a(alt_close.o)
 .data          0x0000000000027e40        0x0 c:/Users/ohnaka/work/github/X68k-KeplerX-RTL/GreenPAK/fpga-writer/Eclipse/GreenPAKWriter_BSP\libhal_bsp.a(alt_dcache_flush.o)
 .data          0x0000000000027e40      0x1a8 c:/Users/ohnaka/work/github/X68k-KeplerX-RTL/GreenPAK/fpga-writer/Eclipse/GreenPAKWriter_BSP\libhal_bsp.a(alt_dev.o)
                0x0000000000027e40                alt_dev_null
                0x0000000000027e68                alt_fd_list
 .data          0x0000000000027fe8        0x0 c:/Users/ohnaka/work/github/X68k-KeplerX-RTL/GreenPAK/fpga-writer/Eclipse/GreenPAKWriter_BSP\libhal_bsp.a(alt_dev_llist_insert.o)
 .data          0x0000000000027fe8        0x0 c:/Users/ohnaka/work/github/X68k-KeplerX-RTL/GreenPAK/fpga-writer/Eclipse/GreenPAKWriter_BSP\libhal_bsp.a(alt_do_ctors.o)
 .data          0x0000000000027fe8        0x0 c:/Users/ohnaka/work/github/X68k-KeplerX-RTL/GreenPAK/fpga-writer/Eclipse/GreenPAKWriter_BSP\libhal_bsp.a(alt_do_dtors.o)
 .data          0x0000000000027fe8        0x0 c:/Users/ohnaka/work/github/X68k-KeplerX-RTL/GreenPAK/fpga-writer/Eclipse/GreenPAKWriter_BSP\libhal_bsp.a(alt_errno.o)
 .data          0x0000000000027fe8        0x0 c:/Users/ohnaka/work/github/X68k-KeplerX-RTL/GreenPAK/fpga-writer/Eclipse/GreenPAKWriter_BSP\libhal_bsp.a(alt_exception_entry.o)
 .data          0x0000000000027fe8        0x0 c:/Users/ohnaka/work/github/X68k-KeplerX-RTL/GreenPAK/fpga-writer/Eclipse/GreenPAKWriter_BSP\libhal_bsp.a(alt_find_dev.o)
 .data          0x0000000000027fe8        0x0 c:/Users/ohnaka/work/github/X68k-KeplerX-RTL/GreenPAK/fpga-writer/Eclipse/GreenPAKWriter_BSP\libhal_bsp.a(alt_icache_flush_all.o)
 .data          0x0000000000027fe8        0x0 c:/Users/ohnaka/work/github/X68k-KeplerX-RTL/GreenPAK/fpga-writer/Eclipse/GreenPAKWriter_BSP\libhal_bsp.a(alt_instruction_exception_entry.o)
 .data          0x0000000000027fe8        0x0 c:/Users/ohnaka/work/github/X68k-KeplerX-RTL/GreenPAK/fpga-writer/Eclipse/GreenPAKWriter_BSP\libhal_bsp.a(alt_io_redirect.o)
 .data          0x0000000000027fe8        0x0 c:/Users/ohnaka/work/github/X68k-KeplerX-RTL/GreenPAK/fpga-writer/Eclipse/GreenPAKWriter_BSP\libhal_bsp.a(alt_open.o)
 .data          0x0000000000027fe8        0x0 c:/Users/ohnaka/work/github/X68k-KeplerX-RTL/GreenPAK/fpga-writer/Eclipse/GreenPAKWriter_BSP\libhal_bsp.a(alt_printf.o)
 .data          0x0000000000027fe8        0x0 c:/Users/ohnaka/work/github/X68k-KeplerX-RTL/GreenPAK/fpga-writer/Eclipse/GreenPAKWriter_BSP\libhal_bsp.a(alt_putchar.o)
 .data          0x0000000000027fe8        0x0 c:/Users/ohnaka/work/github/X68k-KeplerX-RTL/GreenPAK/fpga-writer/Eclipse/GreenPAKWriter_BSP\libhal_bsp.a(alt_release_fd.o)
 .data          0x0000000000027fe8        0x0 c:/Users/ohnaka/work/github/X68k-KeplerX-RTL/GreenPAK/fpga-writer/Eclipse/GreenPAKWriter_BSP\libhal_bsp.a(altera_nios2_gen2_irq.o)
 .data          0x0000000000027fe8        0x0 c:/Users/ohnaka/work/github/X68k-KeplerX-RTL/GreenPAK/fpga-writer/Eclipse/GreenPAKWriter_BSP\libhal_bsp.a(alt_find_file.o)
 .data          0x0000000000027fe8        0x0 c:/Users/ohnaka/work/github/X68k-KeplerX-RTL/GreenPAK/fpga-writer/Eclipse/GreenPAKWriter_BSP\libhal_bsp.a(alt_get_fd.o)
 .data          0x0000000000027fe8        0x0 c:/intelfpga_lite/21.1/nios2eds/bin/gnu/h-x86_64-mingw32/bin/../lib/gcc/nios2-elf/10.3.1/../../../../../H-x86_64-mingw32/nios2-elf/lib/mno-hw-mul\libsmallc.a(lib_a-atexit.o)
 .data          0x0000000000027fe8        0x0 c:/intelfpga_lite/21.1/nios2eds/bin/gnu/h-x86_64-mingw32/bin/../lib/gcc/nios2-elf/10.3.1/../../../../../H-x86_64-mingw32/nios2-elf/lib/mno-hw-mul\libsmallc.a(lib_a-exit.o)
 .data          0x0000000000027fe8        0x0 c:/intelfpga_lite/21.1/nios2eds/bin/gnu/h-x86_64-mingw32/bin/../lib/gcc/nios2-elf/10.3.1/../../../../../H-x86_64-mingw32/nios2-elf/lib/mno-hw-mul\libsmallc.a(lib_a-int_errno.o)
 .data          0x0000000000027fe8        0x0 c:/intelfpga_lite/21.1/nios2eds/bin/gnu/h-x86_64-mingw32/bin/../lib/gcc/nios2-elf/10.3.1/../../../../../H-x86_64-mingw32/nios2-elf/lib/mno-hw-mul\libsmallc.a(lib_a-memcmp.o)
 .data          0x0000000000027fe8        0x0 c:/intelfpga_lite/21.1/nios2eds/bin/gnu/h-x86_64-mingw32/bin/../lib/gcc/nios2-elf/10.3.1/../../../../../H-x86_64-mingw32/nios2-elf/lib/mno-hw-mul\libsmallc.a(lib_a-putchar.o)
 .data          0x0000000000027fe8        0x0 c:/intelfpga_lite/21.1/nios2eds/bin/gnu/h-x86_64-mingw32/bin/../lib/gcc/nios2-elf/10.3.1/../../../../../H-x86_64-mingw32/nios2-elf/lib/mno-hw-mul\libsmallc.a(lib_a-__atexit.o)
 .data          0x0000000000027fe8        0x0 c:/intelfpga_lite/21.1/nios2eds/bin/gnu/h-x86_64-mingw32/bin/../lib/gcc/nios2-elf/10.3.1/../../../../../H-x86_64-mingw32/nios2-elf/lib/mno-hw-mul\libsmallc.a(lib_a-__call_atexit.o)
 .data          0x0000000000027fe8        0x0 c:/intelfpga_lite/21.1/nios2eds/bin/gnu/h-x86_64-mingw32/bin/../lib/gcc/nios2-elf/10.3.1/../../../../../H-x86_64-mingw32/nios2-elf/lib/mno-hw-mul\libsmallc.a(lib_a-putc.o)
 .data          0x0000000000027fe8        0x0 c:/intelfpga_lite/21.1/nios2eds/bin/gnu/h-x86_64-mingw32/bin/../lib/gcc/nios2-elf/10.3.1/../../../../../H-x86_64-mingw32/nios2-elf/lib/mno-hw-mul\libsmallc.a(lib_a-fvwrite_small_dev.o)
 .data          0x0000000000027fe8        0x0 c:/intelfpga_lite/21.1/nios2eds/bin/gnu/h-x86_64-mingw32/bin/../lib/gcc/nios2-elf/10.3.1/../../../../../H-x86_64-mingw32/nios2-elf/lib/mno-hw-mul\libsmallc.a(lib_a-writer.o)
 .data          0x0000000000027fe8        0x0 c:/Users/ohnaka/work/github/X68k-KeplerX-RTL/GreenPAK/fpga-writer/Eclipse/GreenPAKWriter_BSP\libhal_bsp.a(alt_exit.o)
 .data          0x0000000000027fe8        0x0 c:/Users/ohnaka/work/github/X68k-KeplerX-RTL/GreenPAK/fpga-writer/Eclipse/GreenPAKWriter_BSP\libhal_bsp.a(alt_write.o)
                0x000000000002ffe8                _gp = ABSOLUTE ((. + 0x8000))
                [!provide]                        PROVIDE (gp = _gp)
 *(.rwdata .rwdata.*)
 *(.sdata .sdata.* .gnu.linkonce.s.*)
 .sdata         0x0000000000027fe8        0xe obj/default/main.o
                0x0000000000027fe8                textram
                0x0000000000027fec                nvm_rom
                0x0000000000027ff0                er_cmd
 *fill*         0x0000000000027ff6        0x2 
 .sdata._global_impure_ptr
                0x0000000000027ff8        0x4 c:/intelfpga_lite/21.1/nios2eds/bin/gnu/h-x86_64-mingw32/bin/../lib/gcc/nios2-elf/10.3.1/../../../../../H-x86_64-mingw32/nios2-elf/lib/mno-hw-mul\libsmallc.a(lib_a-impure.o)
                0x0000000000027ff8                _global_impure_ptr
 .sdata._impure_ptr
                0x0000000000027ffc        0x4 c:/intelfpga_lite/21.1/nios2eds/bin/gnu/h-x86_64-mingw32/bin/../lib/gcc/nios2-elf/10.3.1/../../../../../H-x86_64-mingw32/nios2-elf/lib/mno-hw-mul\libsmallc.a(lib_a-impure.o)
                0x0000000000027ffc                _impure_ptr
 .sdata         0x0000000000028000        0x4 c:/Users/ohnaka/work/github/X68k-KeplerX-RTL/GreenPAK/fpga-writer/Eclipse/GreenPAKWriter_BSP\libhal_bsp.a(alt_irq_vars.o)
                0x0000000000028000                alt_priority_mask
 .sdata         0x0000000000028004        0x8 c:/Users/ohnaka/work/github/X68k-KeplerX-RTL/GreenPAK/fpga-writer/Eclipse/GreenPAKWriter_BSP\libhal_bsp.a(altera_avalon_i2c.o)
                0x0000000000028004                alt_avalon_i2c_list
 .sdata         0x000000000002800c        0x8 c:/Users/ohnaka/work/github/X68k-KeplerX-RTL/GreenPAK/fpga-writer/Eclipse/GreenPAKWriter_BSP\libhal_bsp.a(altera_msgdma.o)
                0x000000000002800c                alt_msgdma_list
 .sdata         0x0000000000028014       0x14 c:/Users/ohnaka/work/github/X68k-KeplerX-RTL/GreenPAK/fpga-writer/Eclipse/GreenPAKWriter_BSP\libhal_bsp.a(alt_dev.o)
                0x0000000000028014                alt_fs_list
                0x000000000002801c                alt_dev_list
                0x0000000000028024                alt_max_fd
 .sdata         0x0000000000028028        0x4 c:/Users/ohnaka/work/github/X68k-KeplerX-RTL/GreenPAK/fpga-writer/Eclipse/GreenPAKWriter_BSP\libhal_bsp.a(alt_errno.o)
                0x0000000000028028                alt_errno
 *(.sdata2 .sdata2.* .gnu.linkonce.s2.*)
                0x000000000002802c                . = ALIGN (0x4)
                0x000000000002802c                _edata = ABSOLUTE (.)
                [!provide]                        PROVIDE (edata = ABSOLUTE (.))
                0x000000000002802c                PROVIDE (__ram_rwdata_end = ABSOLUTE (.))
                0x000000000002802c                PROVIDE (__flash_rwdata_start = LOADADDR (.rwdata))

.bss            0x0000000000028418      0x2e8
                0x0000000000028418                __bss_start = ABSOLUTE (.)
                [!provide]                        PROVIDE (__sbss_start = ABSOLUTE (.))
                [!provide]                        PROVIDE (___sbss_start = ABSOLUTE (.))
 *(.dynsbss)
 *(.sbss .sbss.* .gnu.linkonce.sb.*)
 .sbss          0x0000000000028418       0x20 obj/default/main.o
                0x0000000000028418                stop
                0x000000000002841c                vgatext_cur_x
                0x0000000000028420                vgatext_cur_y
                0x0000000000028424                tx_dma
                0x0000000000028428                dma_status
                0x000000000002842c                i2c_dev
                0x0000000000028430                i2c_status
                0x0000000000028434                fifo_status
 .sbss          0x0000000000028438        0x4 c:/Users/ohnaka/work/github/X68k-KeplerX-RTL/GreenPAK/fpga-writer/Eclipse/GreenPAKWriter_BSP\libhal_bsp.a(alt_irq_vars.o)
                0x0000000000028438                alt_irq_active
 .sbss          0x000000000002843c        0xc c:/Users/ohnaka/work/github/X68k-KeplerX-RTL/GreenPAK/fpga-writer/Eclipse/GreenPAKWriter_BSP\libhal_bsp.a(alt_main.o)
                0x000000000002843c                alt_argc
                0x0000000000028440                alt_argv
                0x0000000000028444                alt_envp
 .sbss          0x0000000000028448        0x4 c:/Users/ohnaka/work/github/X68k-KeplerX-RTL/GreenPAK/fpga-writer/Eclipse/GreenPAKWriter_BSP\libhal_bsp.a(alt_instruction_exception_entry.o)
                0x0000000000028448                alt_instruction_exception_handler
 .sbss.errno    0x000000000002844c        0x4 c:/intelfpga_lite/21.1/nios2eds/bin/gnu/h-x86_64-mingw32/bin/../lib/gcc/nios2-elf/10.3.1/../../../../../H-x86_64-mingw32/nios2-elf/lib/mno-hw-mul\libsmallc.a(lib_a-int_errno.o)
                0x000000000002844c                errno
 *(.sbss2 .sbss2.* .gnu.linkonce.sb2.*)
 *(.scommon)
                [!provide]                        PROVIDE (__sbss_end = ABSOLUTE (.))
                [!provide]                        PROVIDE (___sbss_end = ABSOLUTE (.))
 *(.dynbss)
 *(.bss .bss.* .gnu.linkonce.b.*)
 .bss           0x0000000000028450        0x0 c:/Users/ohnaka/work/github/X68k-KeplerX-RTL/GreenPAK/fpga-writer/Eclipse/GreenPAKWriter_BSP/obj/HAL/src/crt0.o
 .bss           0x0000000000028450      0x1b0 obj/default/main.o
                0x0000000000028450                kxlog_buffer
                0x00000000000284d0                wr_desc
                0x00000000000284e0                rd_desc
                0x00000000000284f0                er_desc
                0x0000000000028500                rom_buffer
 .bss           0x0000000000028600        0x0 c:/intelfpga_lite/21.1/nios2eds/bin/gnu/h-x86_64-mingw32/bin/../lib/gcc/nios2-elf/10.3.1/mno-hw-mul\libgcc.a(lib2-mul.o)
 .bss           0x0000000000028600        0x0 c:/intelfpga_lite/21.1/nios2eds/bin/gnu/h-x86_64-mingw32/bin/../lib/gcc/nios2-elf/10.3.1/../../../../../H-x86_64-mingw32/nios2-elf/lib/mno-hw-mul\libsmallc.a(lib_a-vsnprintf.o)
 .bss           0x0000000000028600        0x0 c:/intelfpga_lite/21.1/nios2eds/bin/gnu/h-x86_64-mingw32/bin/../lib/gcc/nios2-elf/10.3.1/../../../../../H-x86_64-mingw32/nios2-elf/lib/mno-hw-mul\libsmallc.a(lib_a-fvwrite_small_str.o)
 .bss           0x0000000000028600        0x0 c:/intelfpga_lite/21.1/nios2eds/bin/gnu/h-x86_64-mingw32/bin/../lib/gcc/nios2-elf/10.3.1/../../../../../H-x86_64-mingw32/nios2-elf/lib/mno-hw-mul\libsmallc.a(lib_a-impure.o)
 .bss           0x0000000000028600        0x0 c:/intelfpga_lite/21.1/nios2eds/bin/gnu/h-x86_64-mingw32/bin/../lib/gcc/nios2-elf/10.3.1/../../../../../H-x86_64-mingw32/nios2-elf/lib/mno-hw-mul\libsmallc.a(lib_a-memmove.o)
 .bss           0x0000000000028600        0x0 c:/intelfpga_lite/21.1/nios2eds/bin/gnu/h-x86_64-mingw32/bin/../lib/gcc/nios2-elf/10.3.1/../../../../../H-x86_64-mingw32/nios2-elf/lib/mno-hw-mul\libsmallc.a(lib_a-svfprintf.o)
 .bss           0x0000000000028600        0x0 c:/intelfpga_lite/21.1/nios2eds/bin/gnu/h-x86_64-mingw32/bin/../lib/gcc/nios2-elf/10.3.1/../../../../../H-x86_64-mingw32/nios2-elf/lib/mno-hw-mul\libsmallc.a(lib_a-strlen.o)
 .bss           0x0000000000028600        0x0 c:/intelfpga_lite/21.1/nios2eds/bin/gnu/h-x86_64-mingw32/bin/../lib/gcc/nios2-elf/10.3.1/mno-hw-mul\libgcc.a(lib2-divmod.o)
 .bss           0x0000000000028600        0x0 c:/Users/ohnaka/work/github/X68k-KeplerX-RTL/GreenPAK/fpga-writer/Eclipse/GreenPAKWriter_BSP\libhal_bsp.a(alt_dcache_flush_all.o)
 .bss           0x0000000000028600        0x0 c:/Users/ohnaka/work/github/X68k-KeplerX-RTL/GreenPAK/fpga-writer/Eclipse/GreenPAKWriter_BSP\libhal_bsp.a(alt_iic.o)
 .bss           0x0000000000028600        0x0 c:/Users/ohnaka/work/github/X68k-KeplerX-RTL/GreenPAK/fpga-writer/Eclipse/GreenPAKWriter_BSP\libhal_bsp.a(alt_iic_isr_register.o)
 .bss           0x0000000000028600        0x0 c:/Users/ohnaka/work/github/X68k-KeplerX-RTL/GreenPAK/fpga-writer/Eclipse/GreenPAKWriter_BSP\libhal_bsp.a(alt_irq_entry.o)
 .bss           0x0000000000028600      0x100 c:/Users/ohnaka/work/github/X68k-KeplerX-RTL/GreenPAK/fpga-writer/Eclipse/GreenPAKWriter_BSP\libhal_bsp.a(alt_irq_handler.o)
                0x0000000000028600                alt_irq
 .bss           0x0000000000028700        0x0 c:/Users/ohnaka/work/github/X68k-KeplerX-RTL/GreenPAK/fpga-writer/Eclipse/GreenPAKWriter_BSP\libhal_bsp.a(alt_irq_vars.o)
 .bss           0x0000000000028700        0x0 c:/Users/ohnaka/work/github/X68k-KeplerX-RTL/GreenPAK/fpga-writer/Eclipse/GreenPAKWriter_BSP\libhal_bsp.a(alt_load.o)
 .bss           0x0000000000028700        0x0 c:/Users/ohnaka/work/github/X68k-KeplerX-RTL/GreenPAK/fpga-writer/Eclipse/GreenPAKWriter_BSP\libhal_bsp.a(alt_main.o)
 .bss           0x0000000000028700        0x0 c:/Users/ohnaka/work/github/X68k-KeplerX-RTL/GreenPAK/fpga-writer/Eclipse/GreenPAKWriter_BSP\libhal_bsp.a(alt_sys_init.o)
 .bss           0x0000000000028700        0x0 c:/Users/ohnaka/work/github/X68k-KeplerX-RTL/GreenPAK/fpga-writer/Eclipse/GreenPAKWriter_BSP\libhal_bsp.a(altera_avalon_fifo_util.o)
 .bss           0x0000000000028700        0x0 c:/Users/ohnaka/work/github/X68k-KeplerX-RTL/GreenPAK/fpga-writer/Eclipse/GreenPAKWriter_BSP\libhal_bsp.a(altera_avalon_i2c.o)
 .bss           0x0000000000028700        0x0 c:/Users/ohnaka/work/github/X68k-KeplerX-RTL/GreenPAK/fpga-writer/Eclipse/GreenPAKWriter_BSP\libhal_bsp.a(altera_avalon_jtag_uart_fd.o)
 .bss           0x0000000000028700        0x0 c:/Users/ohnaka/work/github/X68k-KeplerX-RTL/GreenPAK/fpga-writer/Eclipse/GreenPAKWriter_BSP\libhal_bsp.a(altera_avalon_jtag_uart_read.o)
 .bss           0x0000000000028700        0x0 c:/Users/ohnaka/work/github/X68k-KeplerX-RTL/GreenPAK/fpga-writer/Eclipse/GreenPAKWriter_BSP\libhal_bsp.a(altera_avalon_jtag_uart_write.o)
 .bss           0x0000000000028700        0x0 c:/Users/ohnaka/work/github/X68k-KeplerX-RTL/GreenPAK/fpga-writer/Eclipse/GreenPAKWriter_BSP\libhal_bsp.a(altera_msgdma.o)
 .bss           0x0000000000028700        0x0 c:/Users/ohnaka/work/github/X68k-KeplerX-RTL/GreenPAK/fpga-writer/Eclipse/GreenPAKWriter_BSP\libhal_bsp.a(alt_busy_sleep.o)
 .bss           0x0000000000028700        0x0 c:/Users/ohnaka/work/github/X68k-KeplerX-RTL/GreenPAK/fpga-writer/Eclipse/GreenPAKWriter_BSP\libhal_bsp.a(alt_close.o)
 .bss           0x0000000000028700        0x0 c:/Users/ohnaka/work/github/X68k-KeplerX-RTL/GreenPAK/fpga-writer/Eclipse/GreenPAKWriter_BSP\libhal_bsp.a(alt_dcache_flush.o)
 .bss           0x0000000000028700        0x0 c:/Users/ohnaka/work/github/X68k-KeplerX-RTL/GreenPAK/fpga-writer/Eclipse/GreenPAKWriter_BSP\libhal_bsp.a(alt_dev.o)
 .bss           0x0000000000028700        0x0 c:/Users/ohnaka/work/github/X68k-KeplerX-RTL/GreenPAK/fpga-writer/Eclipse/GreenPAKWriter_BSP\libhal_bsp.a(alt_dev_llist_insert.o)
 .bss           0x0000000000028700        0x0 c:/Users/ohnaka/work/github/X68k-KeplerX-RTL/GreenPAK/fpga-writer/Eclipse/GreenPAKWriter_BSP\libhal_bsp.a(alt_do_ctors.o)
 .bss           0x0000000000028700        0x0 c:/Users/ohnaka/work/github/X68k-KeplerX-RTL/GreenPAK/fpga-writer/Eclipse/GreenPAKWriter_BSP\libhal_bsp.a(alt_do_dtors.o)
 .bss           0x0000000000028700        0x0 c:/Users/ohnaka/work/github/X68k-KeplerX-RTL/GreenPAK/fpga-writer/Eclipse/GreenPAKWriter_BSP\libhal_bsp.a(alt_errno.o)
 .bss           0x0000000000028700        0x0 c:/Users/ohnaka/work/github/X68k-KeplerX-RTL/GreenPAK/fpga-writer/Eclipse/GreenPAKWriter_BSP\libhal_bsp.a(alt_exception_entry.o)
 .bss           0x0000000000028700        0x0 c:/Users/ohnaka/work/github/X68k-KeplerX-RTL/GreenPAK/fpga-writer/Eclipse/GreenPAKWriter_BSP\libhal_bsp.a(alt_find_dev.o)
 .bss           0x0000000000028700        0x0 c:/Users/ohnaka/work/github/X68k-KeplerX-RTL/GreenPAK/fpga-writer/Eclipse/GreenPAKWriter_BSP\libhal_bsp.a(alt_icache_flush_all.o)
 .bss           0x0000000000028700        0x0 c:/Users/ohnaka/work/github/X68k-KeplerX-RTL/GreenPAK/fpga-writer/Eclipse/GreenPAKWriter_BSP\libhal_bsp.a(alt_instruction_exception_entry.o)
 .bss           0x0000000000028700        0x0 c:/Users/ohnaka/work/github/X68k-KeplerX-RTL/GreenPAK/fpga-writer/Eclipse/GreenPAKWriter_BSP\libhal_bsp.a(alt_io_redirect.o)
 .bss           0x0000000000028700        0x0 c:/Users/ohnaka/work/github/X68k-KeplerX-RTL/GreenPAK/fpga-writer/Eclipse/GreenPAKWriter_BSP\libhal_bsp.a(alt_open.o)
 .bss           0x0000000000028700        0x0 c:/Users/ohnaka/work/github/X68k-KeplerX-RTL/GreenPAK/fpga-writer/Eclipse/GreenPAKWriter_BSP\libhal_bsp.a(alt_printf.o)
 .bss           0x0000000000028700        0x0 c:/Users/ohnaka/work/github/X68k-KeplerX-RTL/GreenPAK/fpga-writer/Eclipse/GreenPAKWriter_BSP\libhal_bsp.a(alt_putchar.o)
 .bss           0x0000000000028700        0x0 c:/Users/ohnaka/work/github/X68k-KeplerX-RTL/GreenPAK/fpga-writer/Eclipse/GreenPAKWriter_BSP\libhal_bsp.a(alt_release_fd.o)
 .bss           0x0000000000028700        0x0 c:/Users/ohnaka/work/github/X68k-KeplerX-RTL/GreenPAK/fpga-writer/Eclipse/GreenPAKWriter_BSP\libhal_bsp.a(altera_nios2_gen2_irq.o)
 .bss           0x0000000000028700        0x0 c:/Users/ohnaka/work/github/X68k-KeplerX-RTL/GreenPAK/fpga-writer/Eclipse/GreenPAKWriter_BSP\libhal_bsp.a(alt_find_file.o)
 .bss           0x0000000000028700        0x0 c:/Users/ohnaka/work/github/X68k-KeplerX-RTL/GreenPAK/fpga-writer/Eclipse/GreenPAKWriter_BSP\libhal_bsp.a(alt_get_fd.o)
 .bss           0x0000000000028700        0x0 c:/intelfpga_lite/21.1/nios2eds/bin/gnu/h-x86_64-mingw32/bin/../lib/gcc/nios2-elf/10.3.1/../../../../../H-x86_64-mingw32/nios2-elf/lib/mno-hw-mul\libsmallc.a(lib_a-atexit.o)
 .bss           0x0000000000028700        0x0 c:/intelfpga_lite/21.1/nios2eds/bin/gnu/h-x86_64-mingw32/bin/../lib/gcc/nios2-elf/10.3.1/../../../../../H-x86_64-mingw32/nios2-elf/lib/mno-hw-mul\libsmallc.a(lib_a-exit.o)
 .bss           0x0000000000028700        0x0 c:/intelfpga_lite/21.1/nios2eds/bin/gnu/h-x86_64-mingw32/bin/../lib/gcc/nios2-elf/10.3.1/../../../../../H-x86_64-mingw32/nios2-elf/lib/mno-hw-mul\libsmallc.a(lib_a-int_errno.o)
 .bss           0x0000000000028700        0x0 c:/intelfpga_lite/21.1/nios2eds/bin/gnu/h-x86_64-mingw32/bin/../lib/gcc/nios2-elf/10.3.1/../../../../../H-x86_64-mingw32/nios2-elf/lib/mno-hw-mul\libsmallc.a(lib_a-memcmp.o)
 .bss           0x0000000000028700        0x0 c:/intelfpga_lite/21.1/nios2eds/bin/gnu/h-x86_64-mingw32/bin/../lib/gcc/nios2-elf/10.3.1/../../../../../H-x86_64-mingw32/nios2-elf/lib/mno-hw-mul\libsmallc.a(lib_a-putchar.o)
 .bss           0x0000000000028700        0x0 c:/intelfpga_lite/21.1/nios2eds/bin/gnu/h-x86_64-mingw32/bin/../lib/gcc/nios2-elf/10.3.1/../../../../../H-x86_64-mingw32/nios2-elf/lib/mno-hw-mul\libsmallc.a(lib_a-__atexit.o)
 .bss           0x0000000000028700        0x0 c:/intelfpga_lite/21.1/nios2eds/bin/gnu/h-x86_64-mingw32/bin/../lib/gcc/nios2-elf/10.3.1/../../../../../H-x86_64-mingw32/nios2-elf/lib/mno-hw-mul\libsmallc.a(lib_a-__call_atexit.o)
 .bss           0x0000000000028700        0x0 c:/intelfpga_lite/21.1/nios2eds/bin/gnu/h-x86_64-mingw32/bin/../lib/gcc/nios2-elf/10.3.1/../../../../../H-x86_64-mingw32/nios2-elf/lib/mno-hw-mul\libsmallc.a(lib_a-putc.o)
 .bss           0x0000000000028700        0x0 c:/intelfpga_lite/21.1/nios2eds/bin/gnu/h-x86_64-mingw32/bin/../lib/gcc/nios2-elf/10.3.1/../../../../../H-x86_64-mingw32/nios2-elf/lib/mno-hw-mul\libsmallc.a(lib_a-fvwrite_small_dev.o)
 .bss           0x0000000000028700        0x0 c:/intelfpga_lite/21.1/nios2eds/bin/gnu/h-x86_64-mingw32/bin/../lib/gcc/nios2-elf/10.3.1/../../../../../H-x86_64-mingw32/nios2-elf/lib/mno-hw-mul\libsmallc.a(lib_a-writer.o)
 .bss           0x0000000000028700        0x0 c:/Users/ohnaka/work/github/X68k-KeplerX-RTL/GreenPAK/fpga-writer/Eclipse/GreenPAKWriter_BSP\libhal_bsp.a(alt_exit.o)
 .bss           0x0000000000028700        0x0 c:/Users/ohnaka/work/github/X68k-KeplerX-RTL/GreenPAK/fpga-writer/Eclipse/GreenPAKWriter_BSP\libhal_bsp.a(alt_write.o)
 *(COMMON)
                0x0000000000028700                . = ALIGN (0x4)
                0x0000000000028700                __bss_end = ABSOLUTE (.)

.onchip_memory  0x0000000000028700        0x0
                [!provide]                        PROVIDE (_alt_partition_onchip_memory_start = ABSOLUTE (.))
 *(.onchip_memory .onchip_memory. onchip_memory.*)
                0x0000000000028700                . = ALIGN (0x4)
                [!provide]                        PROVIDE (_alt_partition_onchip_memory_end = ABSOLUTE (.))
                0x0000000000028700                _end = ABSOLUTE (.)
                0x0000000000028700                end = ABSOLUTE (.)
                0x0000000000028700                __alt_stack_base = ABSOLUTE (.)
                [!provide]                        PROVIDE (_alt_partition_onchip_memory_load_addr = LOADADDR (.onchip_memory))

.textram        0x0000000000050000        0x0 load address 0x0000000000028700
                [!provide]                        PROVIDE (_alt_partition_textram_start = ABSOLUTE (.))
 *(.textram .textram. textram.*)
                0x0000000000050000                . = ALIGN (0x4)
                [!provide]                        PROVIDE (_alt_partition_textram_end = ABSOLUTE (.))
                [!provide]                        PROVIDE (_alt_partition_textram_load_addr = LOADADDR (.textram))

.onchip_NVM_ROM
                0x0000000000060000        0x0 load address 0x0000000000028700
                [!provide]                        PROVIDE (_alt_partition_onchip_NVM_ROM_start = ABSOLUTE (.))
 *(.onchip_NVM_ROM .onchip_NVM_ROM. onchip_NVM_ROM.*)
                0x0000000000060000                . = ALIGN (0x4)
                [!provide]                        PROVIDE (_alt_partition_onchip_NVM_ROM_end = ABSOLUTE (.))
                [!provide]                        PROVIDE (_alt_partition_onchip_NVM_ROM_load_addr = LOADADDR (.onchip_NVM_ROM))

.stab
 *(.stab)

.stabstr
 *(.stabstr)

.stab.excl
 *(.stab.excl)

.stab.exclstr
 *(.stab.exclstr)

.stab.index
 *(.stab.index)

.stab.indexstr
 *(.stab.indexstr)

.comment        0x0000000000000000       0x2d
 *(.comment)
 .comment       0x0000000000000000       0x2d obj/default/main.o
                                         0x2e (size before relaxing)
 .comment       0x000000000000002d       0x2e c:/intelfpga_lite/21.1/nios2eds/bin/gnu/h-x86_64-mingw32/bin/../lib/gcc/nios2-elf/10.3.1/mno-hw-mul\libgcc.a(lib2-mul.o)
 .comment       0x000000000000002d       0x2e c:/intelfpga_lite/21.1/nios2eds/bin/gnu/h-x86_64-mingw32/bin/../lib/gcc/nios2-elf/10.3.1/../../../../../H-x86_64-mingw32/nios2-elf/lib/mno-hw-mul\libsmallc.a(lib_a-vsnprintf.o)
 .comment       0x000000000000002d       0x2e c:/intelfpga_lite/21.1/nios2eds/bin/gnu/h-x86_64-mingw32/bin/../lib/gcc/nios2-elf/10.3.1/../../../../../H-x86_64-mingw32/nios2-elf/lib/mno-hw-mul\libsmallc.a(lib_a-fvwrite_small_str.o)
 .comment       0x000000000000002d       0x2e c:/intelfpga_lite/21.1/nios2eds/bin/gnu/h-x86_64-mingw32/bin/../lib/gcc/nios2-elf/10.3.1/../../../../../H-x86_64-mingw32/nios2-elf/lib/mno-hw-mul\libsmallc.a(lib_a-impure.o)
 .comment       0x000000000000002d       0x2e c:/intelfpga_lite/21.1/nios2eds/bin/gnu/h-x86_64-mingw32/bin/../lib/gcc/nios2-elf/10.3.1/../../../../../H-x86_64-mingw32/nios2-elf/lib/mno-hw-mul\libsmallc.a(lib_a-memmove.o)
 .comment       0x000000000000002d       0x2e c:/intelfpga_lite/21.1/nios2eds/bin/gnu/h-x86_64-mingw32/bin/../lib/gcc/nios2-elf/10.3.1/../../../../../H-x86_64-mingw32/nios2-elf/lib/mno-hw-mul\libsmallc.a(lib_a-svfprintf.o)
 .comment       0x000000000000002d       0x2e c:/intelfpga_lite/21.1/nios2eds/bin/gnu/h-x86_64-mingw32/bin/../lib/gcc/nios2-elf/10.3.1/../../../../../H-x86_64-mingw32/nios2-elf/lib/mno-hw-mul\libsmallc.a(lib_a-strlen.o)
 .comment       0x000000000000002d       0x2e c:/intelfpga_lite/21.1/nios2eds/bin/gnu/h-x86_64-mingw32/bin/../lib/gcc/nios2-elf/10.3.1/mno-hw-mul\libgcc.a(lib2-divmod.o)
 .comment       0x000000000000002d       0x2e c:/Users/ohnaka/work/github/X68k-KeplerX-RTL/GreenPAK/fpga-writer/Eclipse/GreenPAKWriter_BSP\libhal_bsp.a(alt_dcache_flush_all.o)
 .comment       0x000000000000002d       0x2e c:/Users/ohnaka/work/github/X68k-KeplerX-RTL/GreenPAK/fpga-writer/Eclipse/GreenPAKWriter_BSP\libhal_bsp.a(alt_iic.o)
 .comment       0x000000000000002d       0x2e c:/Users/ohnaka/work/github/X68k-KeplerX-RTL/GreenPAK/fpga-writer/Eclipse/GreenPAKWriter_BSP\libhal_bsp.a(alt_iic_isr_register.o)
 .comment       0x000000000000002d       0x2e c:/Users/ohnaka/work/github/X68k-KeplerX-RTL/GreenPAK/fpga-writer/Eclipse/GreenPAKWriter_BSP\libhal_bsp.a(alt_irq_handler.o)
 .comment       0x000000000000002d       0x2e c:/Users/ohnaka/work/github/X68k-KeplerX-RTL/GreenPAK/fpga-writer/Eclipse/GreenPAKWriter_BSP\libhal_bsp.a(alt_irq_vars.o)
 .comment       0x000000000000002d       0x2e c:/Users/ohnaka/work/github/X68k-KeplerX-RTL/GreenPAK/fpga-writer/Eclipse/GreenPAKWriter_BSP\libhal_bsp.a(alt_load.o)
 .comment       0x000000000000002d       0x2e c:/Users/ohnaka/work/github/X68k-KeplerX-RTL/GreenPAK/fpga-writer/Eclipse/GreenPAKWriter_BSP\libhal_bsp.a(alt_main.o)
 .comment       0x000000000000002d       0x2e c:/Users/ohnaka/work/github/X68k-KeplerX-RTL/GreenPAK/fpga-writer/Eclipse/GreenPAKWriter_BSP\libhal_bsp.a(alt_sys_init.o)
 .comment       0x000000000000002d       0x2e c:/Users/ohnaka/work/github/X68k-KeplerX-RTL/GreenPAK/fpga-writer/Eclipse/GreenPAKWriter_BSP\libhal_bsp.a(altera_avalon_fifo_util.o)
 .comment       0x000000000000002d       0x2e c:/Users/ohnaka/work/github/X68k-KeplerX-RTL/GreenPAK/fpga-writer/Eclipse/GreenPAKWriter_BSP\libhal_bsp.a(altera_avalon_i2c.o)
 .comment       0x000000000000002d       0x2e c:/Users/ohnaka/work/github/X68k-KeplerX-RTL/GreenPAK/fpga-writer/Eclipse/GreenPAKWriter_BSP\libhal_bsp.a(altera_avalon_jtag_uart_fd.o)
 .comment       0x000000000000002d       0x2e c:/Users/ohnaka/work/github/X68k-KeplerX-RTL/GreenPAK/fpga-writer/Eclipse/GreenPAKWriter_BSP\libhal_bsp.a(altera_avalon_jtag_uart_read.o)
 .comment       0x000000000000002d       0x2e c:/Users/ohnaka/work/github/X68k-KeplerX-RTL/GreenPAK/fpga-writer/Eclipse/GreenPAKWriter_BSP\libhal_bsp.a(altera_avalon_jtag_uart_write.o)
 .comment       0x000000000000002d       0x2e c:/Users/ohnaka/work/github/X68k-KeplerX-RTL/GreenPAK/fpga-writer/Eclipse/GreenPAKWriter_BSP\libhal_bsp.a(altera_msgdma.o)
 .comment       0x000000000000002d       0x2e c:/Users/ohnaka/work/github/X68k-KeplerX-RTL/GreenPAK/fpga-writer/Eclipse/GreenPAKWriter_BSP\libhal_bsp.a(alt_busy_sleep.o)
 .comment       0x000000000000002d       0x2e c:/Users/ohnaka/work/github/X68k-KeplerX-RTL/GreenPAK/fpga-writer/Eclipse/GreenPAKWriter_BSP\libhal_bsp.a(alt_close.o)
 .comment       0x000000000000002d       0x2e c:/Users/ohnaka/work/github/X68k-KeplerX-RTL/GreenPAK/fpga-writer/Eclipse/GreenPAKWriter_BSP\libhal_bsp.a(alt_dcache_flush.o)
 .comment       0x000000000000002d       0x2e c:/Users/ohnaka/work/github/X68k-KeplerX-RTL/GreenPAK/fpga-writer/Eclipse/GreenPAKWriter_BSP\libhal_bsp.a(alt_dev.o)
 .comment       0x000000000000002d       0x2e c:/Users/ohnaka/work/github/X68k-KeplerX-RTL/GreenPAK/fpga-writer/Eclipse/GreenPAKWriter_BSP\libhal_bsp.a(alt_dev_llist_insert.o)
 .comment       0x000000000000002d       0x2e c:/Users/ohnaka/work/github/X68k-KeplerX-RTL/GreenPAK/fpga-writer/Eclipse/GreenPAKWriter_BSP\libhal_bsp.a(alt_do_ctors.o)
 .comment       0x000000000000002d       0x2e c:/Users/ohnaka/work/github/X68k-KeplerX-RTL/GreenPAK/fpga-writer/Eclipse/GreenPAKWriter_BSP\libhal_bsp.a(alt_do_dtors.o)
 .comment       0x000000000000002d       0x2e c:/Users/ohnaka/work/github/X68k-KeplerX-RTL/GreenPAK/fpga-writer/Eclipse/GreenPAKWriter_BSP\libhal_bsp.a(alt_errno.o)
 .comment       0x000000000000002d       0x2e c:/Users/ohnaka/work/github/X68k-KeplerX-RTL/GreenPAK/fpga-writer/Eclipse/GreenPAKWriter_BSP\libhal_bsp.a(alt_find_dev.o)
 .comment       0x000000000000002d       0x2e c:/Users/ohnaka/work/github/X68k-KeplerX-RTL/GreenPAK/fpga-writer/Eclipse/GreenPAKWriter_BSP\libhal_bsp.a(alt_icache_flush_all.o)
 .comment       0x000000000000002d       0x2e c:/Users/ohnaka/work/github/X68k-KeplerX-RTL/GreenPAK/fpga-writer/Eclipse/GreenPAKWriter_BSP\libhal_bsp.a(alt_instruction_exception_entry.o)
 .comment       0x000000000000002d       0x2e c:/Users/ohnaka/work/github/X68k-KeplerX-RTL/GreenPAK/fpga-writer/Eclipse/GreenPAKWriter_BSP\libhal_bsp.a(alt_io_redirect.o)
 .comment       0x000000000000002d       0x2e c:/Users/ohnaka/work/github/X68k-KeplerX-RTL/GreenPAK/fpga-writer/Eclipse/GreenPAKWriter_BSP\libhal_bsp.a(alt_open.o)
 .comment       0x000000000000002d       0x2e c:/Users/ohnaka/work/github/X68k-KeplerX-RTL/GreenPAK/fpga-writer/Eclipse/GreenPAKWriter_BSP\libhal_bsp.a(alt_printf.o)
 .comment       0x000000000000002d       0x2e c:/Users/ohnaka/work/github/X68k-KeplerX-RTL/GreenPAK/fpga-writer/Eclipse/GreenPAKWriter_BSP\libhal_bsp.a(alt_putchar.o)
 .comment       0x000000000000002d       0x2e c:/Users/ohnaka/work/github/X68k-KeplerX-RTL/GreenPAK/fpga-writer/Eclipse/GreenPAKWriter_BSP\libhal_bsp.a(alt_release_fd.o)
 .comment       0x000000000000002d       0x2e c:/Users/ohnaka/work/github/X68k-KeplerX-RTL/GreenPAK/fpga-writer/Eclipse/GreenPAKWriter_BSP\libhal_bsp.a(altera_nios2_gen2_irq.o)
 .comment       0x000000000000002d       0x2e c:/Users/ohnaka/work/github/X68k-KeplerX-RTL/GreenPAK/fpga-writer/Eclipse/GreenPAKWriter_BSP\libhal_bsp.a(alt_find_file.o)
 .comment       0x000000000000002d       0x2e c:/Users/ohnaka/work/github/X68k-KeplerX-RTL/GreenPAK/fpga-writer/Eclipse/GreenPAKWriter_BSP\libhal_bsp.a(alt_get_fd.o)
 .comment       0x000000000000002d       0x2e c:/intelfpga_lite/21.1/nios2eds/bin/gnu/h-x86_64-mingw32/bin/../lib/gcc/nios2-elf/10.3.1/../../../../../H-x86_64-mingw32/nios2-elf/lib/mno-hw-mul\libsmallc.a(lib_a-atexit.o)
 .comment       0x000000000000002d       0x2e c:/intelfpga_lite/21.1/nios2eds/bin/gnu/h-x86_64-mingw32/bin/../lib/gcc/nios2-elf/10.3.1/../../../../../H-x86_64-mingw32/nios2-elf/lib/mno-hw-mul\libsmallc.a(lib_a-exit.o)
 .comment       0x000000000000002d       0x2e c:/intelfpga_lite/21.1/nios2eds/bin/gnu/h-x86_64-mingw32/bin/../lib/gcc/nios2-elf/10.3.1/../../../../../H-x86_64-mingw32/nios2-elf/lib/mno-hw-mul\libsmallc.a(lib_a-int_errno.o)
 .comment       0x000000000000002d       0x2e c:/intelfpga_lite/21.1/nios2eds/bin/gnu/h-x86_64-mingw32/bin/../lib/gcc/nios2-elf/10.3.1/../../../../../H-x86_64-mingw32/nios2-elf/lib/mno-hw-mul\libsmallc.a(lib_a-memcmp.o)
 .comment       0x000000000000002d       0x2e c:/intelfpga_lite/21.1/nios2eds/bin/gnu/h-x86_64-mingw32/bin/../lib/gcc/nios2-elf/10.3.1/../../../../../H-x86_64-mingw32/nios2-elf/lib/mno-hw-mul\libsmallc.a(lib_a-putchar.o)
 .comment       0x000000000000002d       0x2e c:/intelfpga_lite/21.1/nios2eds/bin/gnu/h-x86_64-mingw32/bin/../lib/gcc/nios2-elf/10.3.1/../../../../../H-x86_64-mingw32/nios2-elf/lib/mno-hw-mul\libsmallc.a(lib_a-__atexit.o)
 .comment       0x000000000000002d       0x2e c:/intelfpga_lite/21.1/nios2eds/bin/gnu/h-x86_64-mingw32/bin/../lib/gcc/nios2-elf/10.3.1/../../../../../H-x86_64-mingw32/nios2-elf/lib/mno-hw-mul\libsmallc.a(lib_a-__call_atexit.o)
 .comment       0x000000000000002d       0x2e c:/intelfpga_lite/21.1/nios2eds/bin/gnu/h-x86_64-mingw32/bin/../lib/gcc/nios2-elf/10.3.1/../../../../../H-x86_64-mingw32/nios2-elf/lib/mno-hw-mul\libsmallc.a(lib_a-putc.o)
 .comment       0x000000000000002d       0x2e c:/intelfpga_lite/21.1/nios2eds/bin/gnu/h-x86_64-mingw32/bin/../lib/gcc/nios2-elf/10.3.1/../../../../../H-x86_64-mingw32/nios2-elf/lib/mno-hw-mul\libsmallc.a(lib_a-fvwrite_small_dev.o)
 .comment       0x000000000000002d       0x2e c:/intelfpga_lite/21.1/nios2eds/bin/gnu/h-x86_64-mingw32/bin/../lib/gcc/nios2-elf/10.3.1/../../../../../H-x86_64-mingw32/nios2-elf/lib/mno-hw-mul\libsmallc.a(lib_a-writer.o)
 .comment       0x000000000000002d       0x2e c:/Users/ohnaka/work/github/X68k-KeplerX-RTL/GreenPAK/fpga-writer/Eclipse/GreenPAKWriter_BSP\libhal_bsp.a(alt_exit.o)
 .comment       0x000000000000002d       0x2e c:/Users/ohnaka/work/github/X68k-KeplerX-RTL/GreenPAK/fpga-writer/Eclipse/GreenPAKWriter_BSP\libhal_bsp.a(alt_write.o)

.debug
 *(.debug)

.line
 *(.line)

.debug_srcinfo
 *(.debug_srcinfo)

.debug_sfnames
 *(.debug_sfnames)

.debug_aranges  0x0000000000000000      0x760
 *(.debug_aranges)
 .debug_aranges
                0x0000000000000000       0x28 c:/Users/ohnaka/work/github/X68k-KeplerX-RTL/GreenPAK/fpga-writer/Eclipse/GreenPAKWriter_BSP/obj/HAL/src/crt0.o
 .debug_aranges
                0x0000000000000028       0x20 obj/default/main.o
 .debug_aranges
                0x0000000000000048       0x20 c:/intelfpga_lite/21.1/nios2eds/bin/gnu/h-x86_64-mingw32/bin/../lib/gcc/nios2-elf/10.3.1/mno-hw-mul\libgcc.a(lib2-mul.o)
 .debug_aranges
                0x0000000000000068       0x28 c:/intelfpga_lite/21.1/nios2eds/bin/gnu/h-x86_64-mingw32/bin/../lib/gcc/nios2-elf/10.3.1/../../../../../H-x86_64-mingw32/nios2-elf/lib/mno-hw-mul\libsmallc.a(lib_a-vsnprintf.o)
 .debug_aranges
                0x0000000000000090       0x20 c:/intelfpga_lite/21.1/nios2eds/bin/gnu/h-x86_64-mingw32/bin/../lib/gcc/nios2-elf/10.3.1/../../../../../H-x86_64-mingw32/nios2-elf/lib/mno-hw-mul\libsmallc.a(lib_a-fvwrite_small_str.o)
 .debug_aranges
                0x00000000000000b0       0x18 c:/intelfpga_lite/21.1/nios2eds/bin/gnu/h-x86_64-mingw32/bin/../lib/gcc/nios2-elf/10.3.1/../../../../../H-x86_64-mingw32/nios2-elf/lib/mno-hw-mul\libsmallc.a(lib_a-impure.o)
 .debug_aranges
                0x00000000000000c8       0x20 c:/intelfpga_lite/21.1/nios2eds/bin/gnu/h-x86_64-mingw32/bin/../lib/gcc/nios2-elf/10.3.1/../../../../../H-x86_64-mingw32/nios2-elf/lib/mno-hw-mul\libsmallc.a(lib_a-memmove.o)
 .debug_aranges
                0x00000000000000e8       0x30 c:/intelfpga_lite/21.1/nios2eds/bin/gnu/h-x86_64-mingw32/bin/../lib/gcc/nios2-elf/10.3.1/../../../../../H-x86_64-mingw32/nios2-elf/lib/mno-hw-mul\libsmallc.a(lib_a-svfprintf.o)
 .debug_aranges
                0x0000000000000118       0x20 c:/intelfpga_lite/21.1/nios2eds/bin/gnu/h-x86_64-mingw32/bin/../lib/gcc/nios2-elf/10.3.1/../../../../../H-x86_64-mingw32/nios2-elf/lib/mno-hw-mul\libsmallc.a(lib_a-strlen.o)
 .debug_aranges
                0x0000000000000138       0x20 c:/intelfpga_lite/21.1/nios2eds/bin/gnu/h-x86_64-mingw32/bin/../lib/gcc/nios2-elf/10.3.1/mno-hw-mul\libgcc.a(lib2-divmod.o)
 .debug_aranges
                0x0000000000000158       0x20 c:/Users/ohnaka/work/github/X68k-KeplerX-RTL/GreenPAK/fpga-writer/Eclipse/GreenPAKWriter_BSP\libhal_bsp.a(alt_dcache_flush_all.o)
 .debug_aranges
                0x0000000000000178       0x20 c:/Users/ohnaka/work/github/X68k-KeplerX-RTL/GreenPAK/fpga-writer/Eclipse/GreenPAKWriter_BSP\libhal_bsp.a(alt_iic.o)
 .debug_aranges
                0x0000000000000198       0x20 c:/Users/ohnaka/work/github/X68k-KeplerX-RTL/GreenPAK/fpga-writer/Eclipse/GreenPAKWriter_BSP\libhal_bsp.a(alt_iic_isr_register.o)
 .debug_aranges
                0x00000000000001b8       0x30 c:/Users/ohnaka/work/github/X68k-KeplerX-RTL/GreenPAK/fpga-writer/Eclipse/GreenPAKWriter_BSP\libhal_bsp.a(alt_irq_entry.o)
 .debug_aranges
                0x00000000000001e8       0x20 c:/Users/ohnaka/work/github/X68k-KeplerX-RTL/GreenPAK/fpga-writer/Eclipse/GreenPAKWriter_BSP\libhal_bsp.a(alt_irq_handler.o)
 .debug_aranges
                0x0000000000000208       0x18 c:/Users/ohnaka/work/github/X68k-KeplerX-RTL/GreenPAK/fpga-writer/Eclipse/GreenPAKWriter_BSP\libhal_bsp.a(alt_irq_vars.o)
 .debug_aranges
                0x0000000000000220       0x20 c:/Users/ohnaka/work/github/X68k-KeplerX-RTL/GreenPAK/fpga-writer/Eclipse/GreenPAKWriter_BSP\libhal_bsp.a(alt_load.o)
 .debug_aranges
                0x0000000000000240       0x20 c:/Users/ohnaka/work/github/X68k-KeplerX-RTL/GreenPAK/fpga-writer/Eclipse/GreenPAKWriter_BSP\libhal_bsp.a(alt_main.o)
 .debug_aranges
                0x0000000000000260       0x20 c:/Users/ohnaka/work/github/X68k-KeplerX-RTL/GreenPAK/fpga-writer/Eclipse/GreenPAKWriter_BSP\libhal_bsp.a(alt_sys_init.o)
 .debug_aranges
                0x0000000000000280       0x20 c:/Users/ohnaka/work/github/X68k-KeplerX-RTL/GreenPAK/fpga-writer/Eclipse/GreenPAKWriter_BSP\libhal_bsp.a(altera_avalon_fifo_util.o)
 .debug_aranges
                0x00000000000002a0       0x20 c:/Users/ohnaka/work/github/X68k-KeplerX-RTL/GreenPAK/fpga-writer/Eclipse/GreenPAKWriter_BSP\libhal_bsp.a(altera_avalon_i2c.o)
 .debug_aranges
                0x00000000000002c0       0x20 c:/Users/ohnaka/work/github/X68k-KeplerX-RTL/GreenPAK/fpga-writer/Eclipse/GreenPAKWriter_BSP\libhal_bsp.a(altera_avalon_jtag_uart_fd.o)
 .debug_aranges
                0x00000000000002e0       0x20 c:/Users/ohnaka/work/github/X68k-KeplerX-RTL/GreenPAK/fpga-writer/Eclipse/GreenPAKWriter_BSP\libhal_bsp.a(altera_avalon_jtag_uart_read.o)
 .debug_aranges
                0x0000000000000300       0x20 c:/Users/ohnaka/work/github/X68k-KeplerX-RTL/GreenPAK/fpga-writer/Eclipse/GreenPAKWriter_BSP\libhal_bsp.a(altera_avalon_jtag_uart_write.o)
 .debug_aranges
                0x0000000000000320       0x20 c:/Users/ohnaka/work/github/X68k-KeplerX-RTL/GreenPAK/fpga-writer/Eclipse/GreenPAKWriter_BSP\libhal_bsp.a(altera_msgdma.o)
 .debug_aranges
                0x0000000000000340       0x20 c:/Users/ohnaka/work/github/X68k-KeplerX-RTL/GreenPAK/fpga-writer/Eclipse/GreenPAKWriter_BSP\libhal_bsp.a(alt_busy_sleep.o)
 .debug_aranges
                0x0000000000000360       0x20 c:/Users/ohnaka/work/github/X68k-KeplerX-RTL/GreenPAK/fpga-writer/Eclipse/GreenPAKWriter_BSP\libhal_bsp.a(alt_close.o)
 .debug_aranges
                0x0000000000000380       0x20 c:/Users/ohnaka/work/github/X68k-KeplerX-RTL/GreenPAK/fpga-writer/Eclipse/GreenPAKWriter_BSP\libhal_bsp.a(alt_dcache_flush.o)
 .debug_aranges
                0x00000000000003a0       0x20 c:/Users/ohnaka/work/github/X68k-KeplerX-RTL/GreenPAK/fpga-writer/Eclipse/GreenPAKWriter_BSP\libhal_bsp.a(alt_dev.o)
 .debug_aranges
                0x00000000000003c0       0x20 c:/Users/ohnaka/work/github/X68k-KeplerX-RTL/GreenPAK/fpga-writer/Eclipse/GreenPAKWriter_BSP\libhal_bsp.a(alt_dev_llist_insert.o)
 .debug_aranges
                0x00000000000003e0       0x20 c:/Users/ohnaka/work/github/X68k-KeplerX-RTL/GreenPAK/fpga-writer/Eclipse/GreenPAKWriter_BSP\libhal_bsp.a(alt_do_ctors.o)
 .debug_aranges
                0x0000000000000400       0x20 c:/Users/ohnaka/work/github/X68k-KeplerX-RTL/GreenPAK/fpga-writer/Eclipse/GreenPAKWriter_BSP\libhal_bsp.a(alt_do_dtors.o)
 .debug_aranges
                0x0000000000000420       0x18 c:/Users/ohnaka/work/github/X68k-KeplerX-RTL/GreenPAK/fpga-writer/Eclipse/GreenPAKWriter_BSP\libhal_bsp.a(alt_errno.o)
 .debug_aranges
                0x0000000000000438       0x38 c:/Users/ohnaka/work/github/X68k-KeplerX-RTL/GreenPAK/fpga-writer/Eclipse/GreenPAKWriter_BSP\libhal_bsp.a(alt_exception_entry.o)
 .debug_aranges
                0x0000000000000470       0x20 c:/Users/ohnaka/work/github/X68k-KeplerX-RTL/GreenPAK/fpga-writer/Eclipse/GreenPAKWriter_BSP\libhal_bsp.a(alt_find_dev.o)
 .debug_aranges
                0x0000000000000490       0x20 c:/Users/ohnaka/work/github/X68k-KeplerX-RTL/GreenPAK/fpga-writer/Eclipse/GreenPAKWriter_BSP\libhal_bsp.a(alt_icache_flush_all.o)
 .debug_aranges
                0x00000000000004b0       0x28 c:/Users/ohnaka/work/github/X68k-KeplerX-RTL/GreenPAK/fpga-writer/Eclipse/GreenPAKWriter_BSP\libhal_bsp.a(alt_instruction_exception_entry.o)
 .debug_aranges
                0x00000000000004d8       0x20 c:/Users/ohnaka/work/github/X68k-KeplerX-RTL/GreenPAK/fpga-writer/Eclipse/GreenPAKWriter_BSP\libhal_bsp.a(alt_io_redirect.o)
 .debug_aranges
                0x00000000000004f8       0x20 c:/Users/ohnaka/work/github/X68k-KeplerX-RTL/GreenPAK/fpga-writer/Eclipse/GreenPAKWriter_BSP\libhal_bsp.a(alt_open.o)
 .debug_aranges
                0x0000000000000518       0x20 c:/Users/ohnaka/work/github/X68k-KeplerX-RTL/GreenPAK/fpga-writer/Eclipse/GreenPAKWriter_BSP\libhal_bsp.a(alt_printf.o)
 .debug_aranges
                0x0000000000000538       0x20 c:/Users/ohnaka/work/github/X68k-KeplerX-RTL/GreenPAK/fpga-writer/Eclipse/GreenPAKWriter_BSP\libhal_bsp.a(alt_putchar.o)
 .debug_aranges
                0x0000000000000558       0x20 c:/Users/ohnaka/work/github/X68k-KeplerX-RTL/GreenPAK/fpga-writer/Eclipse/GreenPAKWriter_BSP\libhal_bsp.a(alt_release_fd.o)
 .debug_aranges
                0x0000000000000578       0x20 c:/Users/ohnaka/work/github/X68k-KeplerX-RTL/GreenPAK/fpga-writer/Eclipse/GreenPAKWriter_BSP\libhal_bsp.a(altera_nios2_gen2_irq.o)
 .debug_aranges
                0x0000000000000598       0x20 c:/Users/ohnaka/work/github/X68k-KeplerX-RTL/GreenPAK/fpga-writer/Eclipse/GreenPAKWriter_BSP\libhal_bsp.a(alt_find_file.o)
 .debug_aranges
                0x00000000000005b8       0x20 c:/Users/ohnaka/work/github/X68k-KeplerX-RTL/GreenPAK/fpga-writer/Eclipse/GreenPAKWriter_BSP\libhal_bsp.a(alt_get_fd.o)
 .debug_aranges
                0x00000000000005d8       0x20 c:/intelfpga_lite/21.1/nios2eds/bin/gnu/h-x86_64-mingw32/bin/../lib/gcc/nios2-elf/10.3.1/../../../../../H-x86_64-mingw32/nios2-elf/lib/mno-hw-mul\libsmallc.a(lib_a-atexit.o)
 .debug_aranges
                0x00000000000005f8       0x20 c:/intelfpga_lite/21.1/nios2eds/bin/gnu/h-x86_64-mingw32/bin/../lib/gcc/nios2-elf/10.3.1/../../../../../H-x86_64-mingw32/nios2-elf/lib/mno-hw-mul\libsmallc.a(lib_a-exit.o)
 .debug_aranges
                0x0000000000000618       0x18 c:/intelfpga_lite/21.1/nios2eds/bin/gnu/h-x86_64-mingw32/bin/../lib/gcc/nios2-elf/10.3.1/../../../../../H-x86_64-mingw32/nios2-elf/lib/mno-hw-mul\libsmallc.a(lib_a-int_errno.o)
 .debug_aranges
                0x0000000000000630       0x20 c:/intelfpga_lite/21.1/nios2eds/bin/gnu/h-x86_64-mingw32/bin/../lib/gcc/nios2-elf/10.3.1/../../../../../H-x86_64-mingw32/nios2-elf/lib/mno-hw-mul\libsmallc.a(lib_a-memcmp.o)
 .debug_aranges
                0x0000000000000650       0x28 c:/intelfpga_lite/21.1/nios2eds/bin/gnu/h-x86_64-mingw32/bin/../lib/gcc/nios2-elf/10.3.1/../../../../../H-x86_64-mingw32/nios2-elf/lib/mno-hw-mul\libsmallc.a(lib_a-putchar.o)
 .debug_aranges
                0x0000000000000678       0x20 c:/intelfpga_lite/21.1/nios2eds/bin/gnu/h-x86_64-mingw32/bin/../lib/gcc/nios2-elf/10.3.1/../../../../../H-x86_64-mingw32/nios2-elf/lib/mno-hw-mul\libsmallc.a(lib_a-__atexit.o)
 .debug_aranges
                0x0000000000000698       0x20 c:/intelfpga_lite/21.1/nios2eds/bin/gnu/h-x86_64-mingw32/bin/../lib/gcc/nios2-elf/10.3.1/../../../../../H-x86_64-mingw32/nios2-elf/lib/mno-hw-mul\libsmallc.a(lib_a-__call_atexit.o)
 .debug_aranges
                0x00000000000006b8       0x28 c:/intelfpga_lite/21.1/nios2eds/bin/gnu/h-x86_64-mingw32/bin/../lib/gcc/nios2-elf/10.3.1/../../../../../H-x86_64-mingw32/nios2-elf/lib/mno-hw-mul\libsmallc.a(lib_a-putc.o)
 .debug_aranges
                0x00000000000006e0       0x20 c:/intelfpga_lite/21.1/nios2eds/bin/gnu/h-x86_64-mingw32/bin/../lib/gcc/nios2-elf/10.3.1/../../../../../H-x86_64-mingw32/nios2-elf/lib/mno-hw-mul\libsmallc.a(lib_a-fvwrite_small_dev.o)
 .debug_aranges
                0x0000000000000700       0x20 c:/intelfpga_lite/21.1/nios2eds/bin/gnu/h-x86_64-mingw32/bin/../lib/gcc/nios2-elf/10.3.1/../../../../../H-x86_64-mingw32/nios2-elf/lib/mno-hw-mul\libsmallc.a(lib_a-writer.o)
 .debug_aranges
                0x0000000000000720       0x20 c:/Users/ohnaka/work/github/X68k-KeplerX-RTL/GreenPAK/fpga-writer/Eclipse/GreenPAKWriter_BSP\libhal_bsp.a(alt_exit.o)
 .debug_aranges
                0x0000000000000740       0x20 c:/Users/ohnaka/work/github/X68k-KeplerX-RTL/GreenPAK/fpga-writer/Eclipse/GreenPAKWriter_BSP\libhal_bsp.a(alt_write.o)

.debug_pubnames
 *(.debug_pubnames)

.debug_info     0x0000000000000000     0xd692
 *(.debug_info .gnu.linkonce.wi.*)
 .debug_info    0x0000000000000000       0x22 c:/Users/ohnaka/work/github/X68k-KeplerX-RTL/GreenPAK/fpga-writer/Eclipse/GreenPAKWriter_BSP/obj/HAL/src/crt0.o
 .debug_info    0x0000000000000022      0xb81 obj/default/main.o
 .debug_info    0x0000000000000ba3       0xcb c:/intelfpga_lite/21.1/nios2eds/bin/gnu/h-x86_64-mingw32/bin/../lib/gcc/nios2-elf/10.3.1/mno-hw-mul\libgcc.a(lib2-mul.o)
 .debug_info    0x0000000000000c6e      0x871 c:/intelfpga_lite/21.1/nios2eds/bin/gnu/h-x86_64-mingw32/bin/../lib/gcc/nios2-elf/10.3.1/../../../../../H-x86_64-mingw32/nios2-elf/lib/mno-hw-mul\libsmallc.a(lib_a-vsnprintf.o)
 .debug_info    0x00000000000014df      0x789 c:/intelfpga_lite/21.1/nios2eds/bin/gnu/h-x86_64-mingw32/bin/../lib/gcc/nios2-elf/10.3.1/../../../../../H-x86_64-mingw32/nios2-elf/lib/mno-hw-mul\libsmallc.a(lib_a-fvwrite_small_str.o)
 .debug_info    0x0000000000001c68      0x61e c:/intelfpga_lite/21.1/nios2eds/bin/gnu/h-x86_64-mingw32/bin/../lib/gcc/nios2-elf/10.3.1/../../../../../H-x86_64-mingw32/nios2-elf/lib/mno-hw-mul\libsmallc.a(lib_a-impure.o)
 .debug_info    0x0000000000002286      0x11b c:/intelfpga_lite/21.1/nios2eds/bin/gnu/h-x86_64-mingw32/bin/../lib/gcc/nios2-elf/10.3.1/../../../../../H-x86_64-mingw32/nios2-elf/lib/mno-hw-mul\libsmallc.a(lib_a-memmove.o)
 .debug_info    0x00000000000023a1      0xeb5 c:/intelfpga_lite/21.1/nios2eds/bin/gnu/h-x86_64-mingw32/bin/../lib/gcc/nios2-elf/10.3.1/../../../../../H-x86_64-mingw32/nios2-elf/lib/mno-hw-mul\libsmallc.a(lib_a-svfprintf.o)
 .debug_info    0x0000000000003256       0xd0 c:/intelfpga_lite/21.1/nios2eds/bin/gnu/h-x86_64-mingw32/bin/../lib/gcc/nios2-elf/10.3.1/../../../../../H-x86_64-mingw32/nios2-elf/lib/mno-hw-mul\libsmallc.a(lib_a-strlen.o)
 .debug_info    0x0000000000003326      0x368 c:/intelfpga_lite/21.1/nios2eds/bin/gnu/h-x86_64-mingw32/bin/../lib/gcc/nios2-elf/10.3.1/mno-hw-mul\libgcc.a(lib2-divmod.o)
 .debug_info    0x000000000000368e       0x8c c:/Users/ohnaka/work/github/X68k-KeplerX-RTL/GreenPAK/fpga-writer/Eclipse/GreenPAKWriter_BSP\libhal_bsp.a(alt_dcache_flush_all.o)
 .debug_info    0x000000000000371a      0x32c c:/Users/ohnaka/work/github/X68k-KeplerX-RTL/GreenPAK/fpga-writer/Eclipse/GreenPAKWriter_BSP\libhal_bsp.a(alt_iic.o)
 .debug_info    0x0000000000003a46      0x1f0 c:/Users/ohnaka/work/github/X68k-KeplerX-RTL/GreenPAK/fpga-writer/Eclipse/GreenPAKWriter_BSP\libhal_bsp.a(alt_iic_isr_register.o)
 .debug_info    0x0000000000003c36       0x22 c:/Users/ohnaka/work/github/X68k-KeplerX-RTL/GreenPAK/fpga-writer/Eclipse/GreenPAKWriter_BSP\libhal_bsp.a(alt_irq_entry.o)
 .debug_info    0x0000000000003c58      0x175 c:/Users/ohnaka/work/github/X68k-KeplerX-RTL/GreenPAK/fpga-writer/Eclipse/GreenPAKWriter_BSP\libhal_bsp.a(alt_irq_handler.o)
 .debug_info    0x0000000000003dcd       0x8b c:/Users/ohnaka/work/github/X68k-KeplerX-RTL/GreenPAK/fpga-writer/Eclipse/GreenPAKWriter_BSP\libhal_bsp.a(alt_irq_vars.o)
 .debug_info    0x0000000000003e58      0x14d c:/Users/ohnaka/work/github/X68k-KeplerX-RTL/GreenPAK/fpga-writer/Eclipse/GreenPAKWriter_BSP\libhal_bsp.a(alt_load.o)
 .debug_info    0x0000000000003fa5       0xef c:/Users/ohnaka/work/github/X68k-KeplerX-RTL/GreenPAK/fpga-writer/Eclipse/GreenPAKWriter_BSP\libhal_bsp.a(alt_main.o)
 .debug_info    0x0000000000004094      0x681 c:/Users/ohnaka/work/github/X68k-KeplerX-RTL/GreenPAK/fpga-writer/Eclipse/GreenPAKWriter_BSP\libhal_bsp.a(alt_sys_init.o)
 .debug_info    0x0000000000004715      0x46c c:/Users/ohnaka/work/github/X68k-KeplerX-RTL/GreenPAK/fpga-writer/Eclipse/GreenPAKWriter_BSP\libhal_bsp.a(altera_avalon_fifo_util.o)
 .debug_info    0x0000000000004b81     0x1174 c:/Users/ohnaka/work/github/X68k-KeplerX-RTL/GreenPAK/fpga-writer/Eclipse/GreenPAKWriter_BSP\libhal_bsp.a(altera_avalon_i2c.o)
 .debug_info    0x0000000000005cf5      0x398 c:/Users/ohnaka/work/github/X68k-KeplerX-RTL/GreenPAK/fpga-writer/Eclipse/GreenPAKWriter_BSP\libhal_bsp.a(altera_avalon_jtag_uart_fd.o)
 .debug_info    0x000000000000608d      0x151 c:/Users/ohnaka/work/github/X68k-KeplerX-RTL/GreenPAK/fpga-writer/Eclipse/GreenPAKWriter_BSP\libhal_bsp.a(altera_avalon_jtag_uart_read.o)
 .debug_info    0x00000000000061de      0x132 c:/Users/ohnaka/work/github/X68k-KeplerX-RTL/GreenPAK/fpga-writer/Eclipse/GreenPAKWriter_BSP\libhal_bsp.a(altera_avalon_jtag_uart_write.o)
 .debug_info    0x0000000000006310     0x19c7 c:/Users/ohnaka/work/github/X68k-KeplerX-RTL/GreenPAK/fpga-writer/Eclipse/GreenPAKWriter_BSP\libhal_bsp.a(altera_msgdma.o)
 .debug_info    0x0000000000007cd7       0xd6 c:/Users/ohnaka/work/github/X68k-KeplerX-RTL/GreenPAK/fpga-writer/Eclipse/GreenPAKWriter_BSP\libhal_bsp.a(alt_busy_sleep.o)
 .debug_info    0x0000000000007dad      0x32c c:/Users/ohnaka/work/github/X68k-KeplerX-RTL/GreenPAK/fpga-writer/Eclipse/GreenPAKWriter_BSP\libhal_bsp.a(alt_close.o)
 .debug_info    0x00000000000080d9       0xb9 c:/Users/ohnaka/work/github/X68k-KeplerX-RTL/GreenPAK/fpga-writer/Eclipse/GreenPAKWriter_BSP\libhal_bsp.a(alt_dcache_flush.o)
 .debug_info    0x0000000000008192      0x57d c:/Users/ohnaka/work/github/X68k-KeplerX-RTL/GreenPAK/fpga-writer/Eclipse/GreenPAKWriter_BSP\libhal_bsp.a(alt_dev.o)
 .debug_info    0x000000000000870f      0x1b0 c:/Users/ohnaka/work/github/X68k-KeplerX-RTL/GreenPAK/fpga-writer/Eclipse/GreenPAKWriter_BSP\libhal_bsp.a(alt_dev_llist_insert.o)
 .debug_info    0x00000000000088bf       0x88 c:/Users/ohnaka/work/github/X68k-KeplerX-RTL/GreenPAK/fpga-writer/Eclipse/GreenPAKWriter_BSP\libhal_bsp.a(alt_do_ctors.o)
 .debug_info    0x0000000000008947       0x88 c:/Users/ohnaka/work/github/X68k-KeplerX-RTL/GreenPAK/fpga-writer/Eclipse/GreenPAKWriter_BSP\libhal_bsp.a(alt_do_dtors.o)
 .debug_info    0x00000000000089cf       0x9d c:/Users/ohnaka/work/github/X68k-KeplerX-RTL/GreenPAK/fpga-writer/Eclipse/GreenPAKWriter_BSP\libhal_bsp.a(alt_errno.o)
 .debug_info    0x0000000000008a6c       0x22 c:/Users/ohnaka/work/github/X68k-KeplerX-RTL/GreenPAK/fpga-writer/Eclipse/GreenPAKWriter_BSP\libhal_bsp.a(alt_exception_entry.o)
 .debug_info    0x0000000000008a8e      0x2ee c:/Users/ohnaka/work/github/X68k-KeplerX-RTL/GreenPAK/fpga-writer/Eclipse/GreenPAKWriter_BSP\libhal_bsp.a(alt_find_dev.o)
 .debug_info    0x0000000000008d7c       0x8c c:/Users/ohnaka/work/github/X68k-KeplerX-RTL/GreenPAK/fpga-writer/Eclipse/GreenPAKWriter_BSP\libhal_bsp.a(alt_icache_flush_all.o)
 .debug_info    0x0000000000008e08      0x1f1 c:/Users/ohnaka/work/github/X68k-KeplerX-RTL/GreenPAK/fpga-writer/Eclipse/GreenPAKWriter_BSP\libhal_bsp.a(alt_instruction_exception_entry.o)
 .debug_info    0x0000000000008ff9      0x546 c:/Users/ohnaka/work/github/X68k-KeplerX-RTL/GreenPAK/fpga-writer/Eclipse/GreenPAKWriter_BSP\libhal_bsp.a(alt_io_redirect.o)